<?xml version="1.0" encoding="ISO-8859-1" ?>
<link_info>
   <banner>TI ARM Clang Linker PC v4.0.4.LTS</banner>
   <copyright>Copyright (c) 1996-2018 Texas Instruments Incorporated</copyright>
   <command_line>D:\TI_m0\ccs\tools\compiler\ti-cgt-armllvm_4.0.4.LTS\bin\tiarmlnk -ID:\TI_m0\ccs\tools\compiler\ti-cgt-armllvm_4.0.4.LTS\lib -o test.out -mtest.map -iC:/TI/mspm0_sdk_2_10_00_04/source -iC:/Users/ywt/workspace_ccstheia/test -iC:/Users/ywt/workspace_ccstheia/test/Debug/syscfg -iD:/TI_m0/ccs/tools/compiler/ti-cgt-armllvm_4.0.4.LTS/lib --diag_wrap=off --display_error_number --warn_sections --xml_link_info=test_linkInfo.xml --rom_model ./main.o ./ti_msp_dl_config.o ./startup_mspm0g350x_ticlang.o ./Drivers/MPU6050/inv_mpu.o ./Drivers/MPU6050/inv_mpu_dmp_motion_driver.o ./Drivers/MPU6050/mpu6050.o ./Drivers/MPU6050/mspm0_i2c.o ./Drivers/MSPM0/CCD.o ./Drivers/MSPM0/Delay.o ./Drivers/MSPM0/Key.o ./Drivers/MSPM0/LED.o ./Drivers/MSPM0/Motor.o ./Drivers/MSPM0/PID.o ./Drivers/MSPM0/StepMotor.o ./Drivers/MSPM0/Uart.o ./Drivers/MSPM0/adc.o ./Drivers/MSPM0/clock.o ./Drivers/MSPM0/interrupt.o ./Drivers/MSPM0/work.o ./Drivers/OLED_Hardware_I2C/oled_hardware_i2c.o -l./device_linker.cmd -ldevice.cmd.genlibs -llibc.a -lC:/TI/mspm0_sdk_2_10_00_04/source/ti/driverlib/lib/ticlang/m0p/mspm0g1x0x_g3x0x/driverlib.a --start-group -llibc++.a -llibc++abi.a -llibc.a -llibsys.a -llibsysbm.a -llibclang_rt.builtins.a -llibclang_rt.profile.a --end-group --cg_opt_level=0</command_line>
   <link_time>0x6a1eb8ee</link_time>
   <link_errors>0x0</link_errors>
   <output_file>C:\Users\ywt\workspace_ccstheia\test\Debug\test.out</output_file>
   <entry_point>
      <name>_c_int00_noargs</name>
      <address>0x68d5</address>
   </entry_point>
   <input_file_list>
      <input_file id="fl-1">
         <path>C:\Users\ywt\workspace_ccstheia\test\Debug\.\</path>
         <kind>object</kind>
         <file>main.o</file>
         <name>main.o</name>
      </input_file>
      <input_file id="fl-2">
         <path>C:\Users\ywt\workspace_ccstheia\test\Debug\.\</path>
         <kind>object</kind>
         <file>ti_msp_dl_config.o</file>
         <name>ti_msp_dl_config.o</name>
      </input_file>
      <input_file id="fl-3">
         <path>C:\Users\ywt\workspace_ccstheia\test\Debug\.\</path>
         <kind>object</kind>
         <file>startup_mspm0g350x_ticlang.o</file>
         <name>startup_mspm0g350x_ticlang.o</name>
      </input_file>
      <input_file id="fl-4">
         <path>C:\Users\ywt\workspace_ccstheia\test\Debug\.\Drivers\MPU6050\</path>
         <kind>object</kind>
         <file>inv_mpu.o</file>
         <name>inv_mpu.o</name>
      </input_file>
      <input_file id="fl-5">
         <path>C:\Users\ywt\workspace_ccstheia\test\Debug\.\Drivers\MPU6050\</path>
         <kind>object</kind>
         <file>inv_mpu_dmp_motion_driver.o</file>
         <name>inv_mpu_dmp_motion_driver.o</name>
      </input_file>
      <input_file id="fl-6">
         <path>C:\Users\ywt\workspace_ccstheia\test\Debug\.\Drivers\MPU6050\</path>
         <kind>object</kind>
         <file>mpu6050.o</file>
         <name>mpu6050.o</name>
      </input_file>
      <input_file id="fl-7">
         <path>C:\Users\ywt\workspace_ccstheia\test\Debug\.\Drivers\MPU6050\</path>
         <kind>object</kind>
         <file>mspm0_i2c.o</file>
         <name>mspm0_i2c.o</name>
      </input_file>
      <input_file id="fl-8">
         <path>C:\Users\ywt\workspace_ccstheia\test\Debug\.\Drivers\MSPM0\</path>
         <kind>object</kind>
         <file>CCD.o</file>
         <name>CCD.o</name>
      </input_file>
      <input_file id="fl-9">
         <path>C:\Users\ywt\workspace_ccstheia\test\Debug\.\Drivers\MSPM0\</path>
         <kind>object</kind>
         <file>Delay.o</file>
         <name>Delay.o</name>
      </input_file>
      <input_file id="fl-a">
         <path>C:\Users\ywt\workspace_ccstheia\test\Debug\.\Drivers\MSPM0\</path>
         <kind>object</kind>
         <file>Key.o</file>
         <name>Key.o</name>
      </input_file>
      <input_file id="fl-b">
         <path>C:\Users\ywt\workspace_ccstheia\test\Debug\.\Drivers\MSPM0\</path>
         <kind>object</kind>
         <file>LED.o</file>
         <name>LED.o</name>
      </input_file>
      <input_file id="fl-c">
         <path>C:\Users\ywt\workspace_ccstheia\test\Debug\.\Drivers\MSPM0\</path>
         <kind>object</kind>
         <file>Motor.o</file>
         <name>Motor.o</name>
      </input_file>
      <input_file id="fl-d">
         <path>C:\Users\ywt\workspace_ccstheia\test\Debug\.\Drivers\MSPM0\</path>
         <kind>object</kind>
         <file>PID.o</file>
         <name>PID.o</name>
      </input_file>
      <input_file id="fl-e">
         <path>C:\Users\ywt\workspace_ccstheia\test\Debug\.\Drivers\MSPM0\</path>
         <kind>object</kind>
         <file>StepMotor.o</file>
         <name>StepMotor.o</name>
      </input_file>
      <input_file id="fl-f">
         <path>C:\Users\ywt\workspace_ccstheia\test\Debug\.\Drivers\MSPM0\</path>
         <kind>object</kind>
         <file>Uart.o</file>
         <name>Uart.o</name>
      </input_file>
      <input_file id="fl-10">
         <path>C:\Users\ywt\workspace_ccstheia\test\Debug\.\Drivers\MSPM0\</path>
         <kind>object</kind>
         <file>adc.o</file>
         <name>adc.o</name>
      </input_file>
      <input_file id="fl-11">
         <path>C:\Users\ywt\workspace_ccstheia\test\Debug\.\Drivers\MSPM0\</path>
         <kind>object</kind>
         <file>clock.o</file>
         <name>clock.o</name>
      </input_file>
      <input_file id="fl-12">
         <path>C:\Users\ywt\workspace_ccstheia\test\Debug\.\Drivers\MSPM0\</path>
         <kind>object</kind>
         <file>interrupt.o</file>
         <name>interrupt.o</name>
      </input_file>
      <input_file id="fl-13">
         <path>C:\Users\ywt\workspace_ccstheia\test\Debug\.\Drivers\MSPM0\</path>
         <kind>object</kind>
         <file>work.o</file>
         <name>work.o</name>
      </input_file>
      <input_file id="fl-14">
         <path>C:\Users\ywt\workspace_ccstheia\test\Debug\.\Drivers\OLED_Hardware_I2C\</path>
         <kind>object</kind>
         <file>oled_hardware_i2c.o</file>
         <name>oled_hardware_i2c.o</name>
      </input_file>
      <input_file id="fl-22">
         <path>C:\Users\ywt\workspace_ccstheia\test\Debug\</path>
         <kind>object</kind>
         <file>&lt;internal&gt;</file>
         <name>&lt;internal&gt;</name>
      </input_file>
      <input_file id="fl-23">
         <path>C:\TI\mspm0_sdk_2_10_00_04\source\ti\driverlib\lib\ticlang\m0p\mspm0g1x0x_g3x0x\</path>
         <kind>archive</kind>
         <file>driverlib.a</file>
         <name>dl_adc12.o</name>
      </input_file>
      <input_file id="fl-24">
         <path>C:\TI\mspm0_sdk_2_10_00_04\source\ti\driverlib\lib\ticlang\m0p\mspm0g1x0x_g3x0x\</path>
         <kind>archive</kind>
         <file>driverlib.a</file>
         <name>dl_common.o</name>
      </input_file>
      <input_file id="fl-25">
         <path>C:\TI\mspm0_sdk_2_10_00_04\source\ti\driverlib\lib\ticlang\m0p\mspm0g1x0x_g3x0x\</path>
         <kind>archive</kind>
         <file>driverlib.a</file>
         <name>dl_i2c.o</name>
      </input_file>
      <input_file id="fl-26">
         <path>C:\TI\mspm0_sdk_2_10_00_04\source\ti\driverlib\lib\ticlang\m0p\mspm0g1x0x_g3x0x\</path>
         <kind>archive</kind>
         <file>driverlib.a</file>
         <name>dl_timer.o</name>
      </input_file>
      <input_file id="fl-27">
         <path>C:\TI\mspm0_sdk_2_10_00_04\source\ti\driverlib\lib\ticlang\m0p\mspm0g1x0x_g3x0x\</path>
         <kind>archive</kind>
         <file>driverlib.a</file>
         <name>dl_uart.o</name>
      </input_file>
      <input_file id="fl-28">
         <path>C:\TI\mspm0_sdk_2_10_00_04\source\ti\driverlib\lib\ticlang\m0p\mspm0g1x0x_g3x0x\</path>
         <kind>archive</kind>
         <file>driverlib.a</file>
         <name>dl_sysctl_mspm0g1x0x_g3x0x.o</name>
      </input_file>
      <input_file id="fl-3f">
         <path>D:\TI_m0\ccs\tools\compiler\ti-cgt-armllvm_4.0.4.LTS\lib\armv6m-ti-none-eabi\c\</path>
         <kind>archive</kind>
         <file>libc.a</file>
         <name>e_asin.c.obj</name>
      </input_file>
      <input_file id="fl-40">
         <path>D:\TI_m0\ccs\tools\compiler\ti-cgt-armllvm_4.0.4.LTS\lib\armv6m-ti-none-eabi\c\</path>
         <kind>archive</kind>
         <file>libc.a</file>
         <name>e_atan2.c.obj</name>
      </input_file>
      <input_file id="fl-41">
         <path>D:\TI_m0\ccs\tools\compiler\ti-cgt-armllvm_4.0.4.LTS\lib\armv6m-ti-none-eabi\c\</path>
         <kind>archive</kind>
         <file>libc.a</file>
         <name>e_sqrt.c.obj</name>
      </input_file>
      <input_file id="fl-42">
         <path>D:\TI_m0\ccs\tools\compiler\ti-cgt-armllvm_4.0.4.LTS\lib\armv6m-ti-none-eabi\c\</path>
         <kind>archive</kind>
         <file>libc.a</file>
         <name>s_atan.c.obj</name>
      </input_file>
      <input_file id="fl-43">
         <path>D:\TI_m0\ccs\tools\compiler\ti-cgt-armllvm_4.0.4.LTS\lib\armv6m-ti-none-eabi\c\</path>
         <kind>archive</kind>
         <file>libc.a</file>
         <name>sprintf.c.obj</name>
      </input_file>
      <input_file id="fl-44">
         <path>D:\TI_m0\ccs\tools\compiler\ti-cgt-armllvm_4.0.4.LTS\lib\armv6m-ti-none-eabi\c\</path>
         <kind>archive</kind>
         <file>libc.a</file>
         <name>aeabi_portable.c.obj</name>
      </input_file>
      <input_file id="fl-45">
         <path>D:\TI_m0\ccs\tools\compiler\ti-cgt-armllvm_4.0.4.LTS\lib\armv6m-ti-none-eabi\c\</path>
         <kind>archive</kind>
         <file>libc.a</file>
         <name>assert.c.obj</name>
      </input_file>
      <input_file id="fl-46">
         <path>D:\TI_m0\ccs\tools\compiler\ti-cgt-armllvm_4.0.4.LTS\lib\armv6m-ti-none-eabi\c\</path>
         <kind>archive</kind>
         <file>libc.a</file>
         <name>atoi.c.obj</name>
      </input_file>
      <input_file id="fl-47">
         <path>D:\TI_m0\ccs\tools\compiler\ti-cgt-armllvm_4.0.4.LTS\lib\armv6m-ti-none-eabi\c\</path>
         <kind>archive</kind>
         <file>libc.a</file>
         <name>defs.c.obj</name>
      </input_file>
      <input_file id="fl-48">
         <path>D:\TI_m0\ccs\tools\compiler\ti-cgt-armllvm_4.0.4.LTS\lib\armv6m-ti-none-eabi\c\</path>
         <kind>archive</kind>
         <file>libc.a</file>
         <name>memcmp.c.obj</name>
      </input_file>
      <input_file id="fl-49">
         <path>D:\TI_m0\ccs\tools\compiler\ti-cgt-armllvm_4.0.4.LTS\lib\armv6m-ti-none-eabi\c\</path>
         <kind>archive</kind>
         <file>libc.a</file>
         <name>memory.c.obj</name>
      </input_file>
      <input_file id="fl-4a">
         <path>D:\TI_m0\ccs\tools\compiler\ti-cgt-armllvm_4.0.4.LTS\lib\armv6m-ti-none-eabi\c\</path>
         <kind>archive</kind>
         <file>libc.a</file>
         <name>strlen.c.obj</name>
      </input_file>
      <input_file id="fl-4b">
         <path>D:\TI_m0\ccs\tools\compiler\ti-cgt-armllvm_4.0.4.LTS\lib\armv6m-ti-none-eabi\c\</path>
         <kind>archive</kind>
         <file>libc.a</file>
         <name>strstr.c.obj</name>
      </input_file>
      <input_file id="fl-4c">
         <path>D:\TI_m0\ccs\tools\compiler\ti-cgt-armllvm_4.0.4.LTS\lib\armv6m-ti-none-eabi\c\</path>
         <kind>archive</kind>
         <file>libc.a</file>
         <name>strtok.c.obj</name>
      </input_file>
      <input_file id="fl-4d">
         <path>D:\TI_m0\ccs\tools\compiler\ti-cgt-armllvm_4.0.4.LTS\lib\armv6m-ti-none-eabi\c\</path>
         <kind>archive</kind>
         <file>libc.a</file>
         <name>boot_cortex_m.c.obj</name>
      </input_file>
      <input_file id="fl-4e">
         <path>D:\TI_m0\ccs\tools\compiler\ti-cgt-armllvm_4.0.4.LTS\lib\armv6m-ti-none-eabi\c\</path>
         <kind>archive</kind>
         <file>libc.a</file>
         <name>mathacl_init.c.obj</name>
      </input_file>
      <input_file id="fl-4f">
         <path>D:\TI_m0\ccs\tools\compiler\ti-cgt-armllvm_4.0.4.LTS\lib\armv6m-ti-none-eabi\c\</path>
         <kind>archive</kind>
         <file>libc.a</file>
         <name>autoinit.c.obj</name>
      </input_file>
      <input_file id="fl-50">
         <path>D:\TI_m0\ccs\tools\compiler\ti-cgt-armllvm_4.0.4.LTS\lib\armv6m-ti-none-eabi\c\</path>
         <kind>archive</kind>
         <file>libc.a</file>
         <name>pre_init.c.obj</name>
      </input_file>
      <input_file id="fl-51">
         <path>D:\TI_m0\ccs\tools\compiler\ti-cgt-armllvm_4.0.4.LTS\lib\armv6m-ti-none-eabi\c\</path>
         <kind>archive</kind>
         <file>libc.a</file>
         <name>cpy_tbl.c.obj</name>
      </input_file>
      <input_file id="fl-52">
         <path>D:\TI_m0\ccs\tools\compiler\ti-cgt-armllvm_4.0.4.LTS\lib\armv6m-ti-none-eabi\c\</path>
         <kind>archive</kind>
         <file>libc.a</file>
         <name>copy_zero_init.c.obj</name>
      </input_file>
      <input_file id="fl-53">
         <path>D:\TI_m0\ccs\tools\compiler\ti-cgt-armllvm_4.0.4.LTS\lib\armv6m-ti-none-eabi\c\</path>
         <kind>archive</kind>
         <file>libc.a</file>
         <name>copy_decompress_none.c.obj</name>
      </input_file>
      <input_file id="fl-54">
         <path>D:\TI_m0\ccs\tools\compiler\ti-cgt-armllvm_4.0.4.LTS\lib\armv6m-ti-none-eabi\c\</path>
         <kind>archive</kind>
         <file>libc.a</file>
         <name>copy_decompress_lzss.c.obj</name>
      </input_file>
      <input_file id="fl-55">
         <path>D:\TI_m0\ccs\tools\compiler\ti-cgt-armllvm_4.0.4.LTS\lib\armv6m-ti-none-eabi\c\</path>
         <kind>archive</kind>
         <file>libc.a</file>
         <name>_printfi.c.obj</name>
      </input_file>
      <input_file id="fl-56">
         <path>D:\TI_m0\ccs\tools\compiler\ti-cgt-armllvm_4.0.4.LTS\lib\armv6m-ti-none-eabi\c\</path>
         <kind>archive</kind>
         <file>libc.a</file>
         <name>fflush.c.obj</name>
      </input_file>
      <input_file id="fl-57">
         <path>D:\TI_m0\ccs\tools\compiler\ti-cgt-armllvm_4.0.4.LTS\lib\armv6m-ti-none-eabi\c\</path>
         <kind>archive</kind>
         <file>libc.a</file>
         <name>aeabi_ctype.S.obj</name>
      </input_file>
      <input_file id="fl-58">
         <path>D:\TI_m0\ccs\tools\compiler\ti-cgt-armllvm_4.0.4.LTS\lib\armv6m-ti-none-eabi\c\</path>
         <kind>archive</kind>
         <file>libc.a</file>
         <name>exit.c.obj</name>
      </input_file>
      <input_file id="fl-59">
         <path>D:\TI_m0\ccs\tools\compiler\ti-cgt-armllvm_4.0.4.LTS\lib\armv6m-ti-none-eabi\c\</path>
         <kind>archive</kind>
         <file>libc.a</file>
         <name>_lock.c.obj</name>
      </input_file>
      <input_file id="fl-5a">
         <path>D:\TI_m0\ccs\tools\compiler\ti-cgt-armllvm_4.0.4.LTS\lib\armv6m-ti-none-eabi\c\</path>
         <kind>archive</kind>
         <file>libc.a</file>
         <name>_ltoa.c.obj</name>
      </input_file>
      <input_file id="fl-5b">
         <path>D:\TI_m0\ccs\tools\compiler\ti-cgt-armllvm_4.0.4.LTS\lib\armv6m-ti-none-eabi\c\</path>
         <kind>archive</kind>
         <file>libc.a</file>
         <name>args_main.c.obj</name>
      </input_file>
      <input_file id="fl-5c">
         <path>D:\TI_m0\ccs\tools\compiler\ti-cgt-armllvm_4.0.4.LTS\lib\armv6m-ti-none-eabi\c\</path>
         <kind>archive</kind>
         <file>libc.a</file>
         <name>memccpy.c.obj</name>
      </input_file>
      <input_file id="fl-5d">
         <path>D:\TI_m0\ccs\tools\compiler\ti-cgt-armllvm_4.0.4.LTS\lib\armv6m-ti-none-eabi\c\</path>
         <kind>archive</kind>
         <file>libc.a</file>
         <name>strcspn.c.obj</name>
      </input_file>
      <input_file id="fl-5e">
         <path>D:\TI_m0\ccs\tools\compiler\ti-cgt-armllvm_4.0.4.LTS\lib\armv6m-ti-none-eabi\c\</path>
         <kind>archive</kind>
         <file>libc.a</file>
         <name>strspn.c.obj</name>
      </input_file>
      <input_file id="fl-5f">
         <path>D:\TI_m0\ccs\tools\compiler\ti-cgt-armllvm_4.0.4.LTS\lib\armv6m-ti-none-eabi\c\</path>
         <kind>archive</kind>
         <file>libc.a</file>
         <name>s_frexp.c.obj</name>
      </input_file>
      <input_file id="fl-60">
         <path>D:\TI_m0\ccs\tools\compiler\ti-cgt-armllvm_4.0.4.LTS\lib\armv6m-ti-none-eabi\c\</path>
         <kind>archive</kind>
         <file>libc.a</file>
         <name>s_scalbn.c.obj</name>
      </input_file>
      <input_file id="fl-61">
         <path>D:\TI_m0\ccs\tools\compiler\ti-cgt-armllvm_4.0.4.LTS\lib\armv6m-ti-none-eabi\c\</path>
         <kind>archive</kind>
         <file>libc.a</file>
         <name>wcslen.c.obj</name>
      </input_file>
      <input_file id="fl-101">
         <path>D:\TI_m0\ccs\tools\compiler\ti-cgt-armllvm_4.0.4.LTS\lib\armv6m-ti-none-eabi\c\</path>
         <kind>archive</kind>
         <file>libsysbm.a</file>
         <name>hostexit.c.obj</name>
      </input_file>
      <input_file id="fl-102">
         <path>D:\TI_m0\ccs\tools\compiler\ti-cgt-armllvm_4.0.4.LTS\lib\armv6m-ti-none-eabi\c\</path>
         <kind>archive</kind>
         <file>libsysbm.a</file>
         <name>write.c.obj</name>
      </input_file>
      <input_file id="fl-103">
         <path>D:\TI_m0\ccs\tools\compiler\ti-cgt-armllvm_4.0.4.LTS\lib\armv6m-ti-none-eabi\c\</path>
         <kind>archive</kind>
         <file>libsysbm.a</file>
         <name>host_device.c.obj</name>
      </input_file>
      <input_file id="fl-104">
         <path>D:\TI_m0\ccs\tools\compiler\ti-cgt-armllvm_4.0.4.LTS\lib\armv6m-ti-none-eabi\c\</path>
         <kind>archive</kind>
         <file>libsysbm.a</file>
         <name>hostclose.c.obj</name>
      </input_file>
      <input_file id="fl-105">
         <path>D:\TI_m0\ccs\tools\compiler\ti-cgt-armllvm_4.0.4.LTS\lib\armv6m-ti-none-eabi\c\</path>
         <kind>archive</kind>
         <file>libsysbm.a</file>
         <name>hostlseek.c.obj</name>
      </input_file>
      <input_file id="fl-106">
         <path>D:\TI_m0\ccs\tools\compiler\ti-cgt-armllvm_4.0.4.LTS\lib\armv6m-ti-none-eabi\c\</path>
         <kind>archive</kind>
         <file>libsysbm.a</file>
         <name>hostopen.c.obj</name>
      </input_file>
      <input_file id="fl-107">
         <path>D:\TI_m0\ccs\tools\compiler\ti-cgt-armllvm_4.0.4.LTS\lib\armv6m-ti-none-eabi\c\</path>
         <kind>archive</kind>
         <file>libsysbm.a</file>
         <name>hostread.c.obj</name>
      </input_file>
      <input_file id="fl-108">
         <path>D:\TI_m0\ccs\tools\compiler\ti-cgt-armllvm_4.0.4.LTS\lib\armv6m-ti-none-eabi\c\</path>
         <kind>archive</kind>
         <file>libsysbm.a</file>
         <name>hostrename.c.obj</name>
      </input_file>
      <input_file id="fl-109">
         <path>D:\TI_m0\ccs\tools\compiler\ti-cgt-armllvm_4.0.4.LTS\lib\armv6m-ti-none-eabi\c\</path>
         <kind>archive</kind>
         <file>libsysbm.a</file>
         <name>hostunlink.c.obj</name>
      </input_file>
      <input_file id="fl-10a">
         <path>D:\TI_m0\ccs\tools\compiler\ti-cgt-armllvm_4.0.4.LTS\lib\armv6m-ti-none-eabi\c\</path>
         <kind>archive</kind>
         <file>libsysbm.a</file>
         <name>hostwrite.c.obj</name>
      </input_file>
      <input_file id="fl-10b">
         <path>D:\TI_m0\ccs\tools\compiler\ti-cgt-armllvm_4.0.4.LTS\lib\armv6m-ti-none-eabi\c\</path>
         <kind>archive</kind>
         <file>libsysbm.a</file>
         <name>trgmsg.c.obj</name>
      </input_file>
      <input_file id="fl-10c">
         <path>D:\TI_m0\ccs\tools\compiler\ti-cgt-armllvm_4.0.4.LTS\lib\armv6m-ti-none-eabi\</path>
         <kind>archive</kind>
         <file>libclang_rt.builtins.a</file>
         <name>addsf3.S.obj</name>
      </input_file>
      <input_file id="fl-10d">
         <path>D:\TI_m0\ccs\tools\compiler\ti-cgt-armllvm_4.0.4.LTS\lib\armv6m-ti-none-eabi\</path>
         <kind>archive</kind>
         <file>libclang_rt.builtins.a</file>
         <name>adddf3.S.obj</name>
      </input_file>
      <input_file id="fl-10e">
         <path>D:\TI_m0\ccs\tools\compiler\ti-cgt-armllvm_4.0.4.LTS\lib\armv6m-ti-none-eabi\</path>
         <kind>archive</kind>
         <file>libclang_rt.builtins.a</file>
         <name>muldf3.S.obj</name>
      </input_file>
      <input_file id="fl-10f">
         <path>D:\TI_m0\ccs\tools\compiler\ti-cgt-armllvm_4.0.4.LTS\lib\armv6m-ti-none-eabi\</path>
         <kind>archive</kind>
         <file>libclang_rt.builtins.a</file>
         <name>muldsi3.S.obj</name>
      </input_file>
      <input_file id="fl-110">
         <path>D:\TI_m0\ccs\tools\compiler\ti-cgt-armllvm_4.0.4.LTS\lib\armv6m-ti-none-eabi\</path>
         <kind>archive</kind>
         <file>libclang_rt.builtins.a</file>
         <name>mulsf3.S.obj</name>
      </input_file>
      <input_file id="fl-111">
         <path>D:\TI_m0\ccs\tools\compiler\ti-cgt-armllvm_4.0.4.LTS\lib\armv6m-ti-none-eabi\</path>
         <kind>archive</kind>
         <file>libclang_rt.builtins.a</file>
         <name>divsf3.S.obj</name>
      </input_file>
      <input_file id="fl-112">
         <path>D:\TI_m0\ccs\tools\compiler\ti-cgt-armllvm_4.0.4.LTS\lib\armv6m-ti-none-eabi\</path>
         <kind>archive</kind>
         <file>libclang_rt.builtins.a</file>
         <name>divdf3.S.obj</name>
      </input_file>
      <input_file id="fl-113">
         <path>D:\TI_m0\ccs\tools\compiler\ti-cgt-armllvm_4.0.4.LTS\lib\armv6m-ti-none-eabi\</path>
         <kind>archive</kind>
         <file>libclang_rt.builtins.a</file>
         <name>extendsfdf2.S.obj</name>
      </input_file>
      <input_file id="fl-114">
         <path>D:\TI_m0\ccs\tools\compiler\ti-cgt-armllvm_4.0.4.LTS\lib\armv6m-ti-none-eabi\</path>
         <kind>archive</kind>
         <file>libclang_rt.builtins.a</file>
         <name>fixdfsi.S.obj</name>
      </input_file>
      <input_file id="fl-115">
         <path>D:\TI_m0\ccs\tools\compiler\ti-cgt-armllvm_4.0.4.LTS\lib\armv6m-ti-none-eabi\</path>
         <kind>archive</kind>
         <file>libclang_rt.builtins.a</file>
         <name>fixsfsi.S.obj</name>
      </input_file>
      <input_file id="fl-116">
         <path>D:\TI_m0\ccs\tools\compiler\ti-cgt-armllvm_4.0.4.LTS\lib\armv6m-ti-none-eabi\</path>
         <kind>archive</kind>
         <file>libclang_rt.builtins.a</file>
         <name>fixunsdfsi.S.obj</name>
      </input_file>
      <input_file id="fl-117">
         <path>D:\TI_m0\ccs\tools\compiler\ti-cgt-armllvm_4.0.4.LTS\lib\armv6m-ti-none-eabi\</path>
         <kind>archive</kind>
         <file>libclang_rt.builtins.a</file>
         <name>floatsidf.S.obj</name>
      </input_file>
      <input_file id="fl-118">
         <path>D:\TI_m0\ccs\tools\compiler\ti-cgt-armllvm_4.0.4.LTS\lib\armv6m-ti-none-eabi\</path>
         <kind>archive</kind>
         <file>libclang_rt.builtins.a</file>
         <name>floatsisf.S.obj</name>
      </input_file>
      <input_file id="fl-119">
         <path>D:\TI_m0\ccs\tools\compiler\ti-cgt-armllvm_4.0.4.LTS\lib\armv6m-ti-none-eabi\</path>
         <kind>archive</kind>
         <file>libclang_rt.builtins.a</file>
         <name>floatunsidf.S.obj</name>
      </input_file>
      <input_file id="fl-11a">
         <path>D:\TI_m0\ccs\tools\compiler\ti-cgt-armllvm_4.0.4.LTS\lib\armv6m-ti-none-eabi\</path>
         <kind>archive</kind>
         <file>libclang_rt.builtins.a</file>
         <name>floatunsisf.S.obj</name>
      </input_file>
      <input_file id="fl-11b">
         <path>D:\TI_m0\ccs\tools\compiler\ti-cgt-armllvm_4.0.4.LTS\lib\armv6m-ti-none-eabi\</path>
         <kind>archive</kind>
         <file>libclang_rt.builtins.a</file>
         <name>muldi3.S.obj</name>
      </input_file>
      <input_file id="fl-11c">
         <path>D:\TI_m0\ccs\tools\compiler\ti-cgt-armllvm_4.0.4.LTS\lib\armv6m-ti-none-eabi\</path>
         <kind>archive</kind>
         <file>libclang_rt.builtins.a</file>
         <name>truncdfsf2.S.obj</name>
      </input_file>
      <input_file id="fl-11d">
         <path>D:\TI_m0\ccs\tools\compiler\ti-cgt-armllvm_4.0.4.LTS\lib\armv6m-ti-none-eabi\</path>
         <kind>archive</kind>
         <file>libclang_rt.builtins.a</file>
         <name>aeabi_dcmp.S.obj</name>
      </input_file>
      <input_file id="fl-11e">
         <path>D:\TI_m0\ccs\tools\compiler\ti-cgt-armllvm_4.0.4.LTS\lib\armv6m-ti-none-eabi\</path>
         <kind>archive</kind>
         <file>libclang_rt.builtins.a</file>
         <name>aeabi_fcmp.S.obj</name>
      </input_file>
      <input_file id="fl-11f">
         <path>D:\TI_m0\ccs\tools\compiler\ti-cgt-armllvm_4.0.4.LTS\lib\armv6m-ti-none-eabi\</path>
         <kind>archive</kind>
         <file>libclang_rt.builtins.a</file>
         <name>aeabi_idivmod.S.obj</name>
      </input_file>
      <input_file id="fl-120">
         <path>D:\TI_m0\ccs\tools\compiler\ti-cgt-armllvm_4.0.4.LTS\lib\armv6m-ti-none-eabi\</path>
         <kind>archive</kind>
         <file>libclang_rt.builtins.a</file>
         <name>aeabi_ldivmod.S.obj</name>
      </input_file>
      <input_file id="fl-121">
         <path>D:\TI_m0\ccs\tools\compiler\ti-cgt-armllvm_4.0.4.LTS\lib\armv6m-ti-none-eabi\</path>
         <kind>archive</kind>
         <file>libclang_rt.builtins.a</file>
         <name>aeabi_memcpy.S.obj</name>
      </input_file>
      <input_file id="fl-122">
         <path>D:\TI_m0\ccs\tools\compiler\ti-cgt-armllvm_4.0.4.LTS\lib\armv6m-ti-none-eabi\</path>
         <kind>archive</kind>
         <file>libclang_rt.builtins.a</file>
         <name>aeabi_memset.S.obj</name>
      </input_file>
      <input_file id="fl-123">
         <path>D:\TI_m0\ccs\tools\compiler\ti-cgt-armllvm_4.0.4.LTS\lib\armv6m-ti-none-eabi\</path>
         <kind>archive</kind>
         <file>libclang_rt.builtins.a</file>
         <name>aeabi_uidivmod.S.obj</name>
      </input_file>
      <input_file id="fl-124">
         <path>D:\TI_m0\ccs\tools\compiler\ti-cgt-armllvm_4.0.4.LTS\lib\armv6m-ti-none-eabi\</path>
         <kind>archive</kind>
         <file>libclang_rt.builtins.a</file>
         <name>aeabi_uldivmod.S.obj</name>
      </input_file>
      <input_file id="fl-125">
         <path>D:\TI_m0\ccs\tools\compiler\ti-cgt-armllvm_4.0.4.LTS\lib\armv6m-ti-none-eabi\</path>
         <kind>archive</kind>
         <file>libclang_rt.builtins.a</file>
         <name>comparesf2.S.obj</name>
      </input_file>
      <input_file id="fl-126">
         <path>D:\TI_m0\ccs\tools\compiler\ti-cgt-armllvm_4.0.4.LTS\lib\armv6m-ti-none-eabi\</path>
         <kind>archive</kind>
         <file>libclang_rt.builtins.a</file>
         <name>udivmoddi4.S.obj</name>
      </input_file>
      <input_file id="fl-127">
         <path>D:\TI_m0\ccs\tools\compiler\ti-cgt-armllvm_4.0.4.LTS\lib\armv6m-ti-none-eabi\</path>
         <kind>archive</kind>
         <file>libclang_rt.builtins.a</file>
         <name>ashldi3.S.obj</name>
      </input_file>
      <input_file id="fl-128">
         <path>D:\TI_m0\ccs\tools\compiler\ti-cgt-armllvm_4.0.4.LTS\lib\armv6m-ti-none-eabi\</path>
         <kind>archive</kind>
         <file>libclang_rt.builtins.a</file>
         <name>comparedf2.c.obj</name>
      </input_file>
      <input_file id="fl-129">
         <path>D:\TI_m0\ccs\tools\compiler\ti-cgt-armllvm_4.0.4.LTS\lib\armv6m-ti-none-eabi\</path>
         <kind>archive</kind>
         <file>libclang_rt.builtins.a</file>
         <name>divmoddi4.c.obj</name>
      </input_file>
      <input_file id="fl-12a">
         <path>D:\TI_m0\ccs\tools\compiler\ti-cgt-armllvm_4.0.4.LTS\lib\armv6m-ti-none-eabi\</path>
         <kind>archive</kind>
         <file>libclang_rt.builtins.a</file>
         <name>aeabi_div0.c.obj</name>
      </input_file>
      <input_file id="fl-12b">
         <path>D:\TI_m0\ccs\tools\compiler\ti-cgt-armllvm_4.0.4.LTS\lib\armv6m-ti-none-eabi\c\</path>
         <kind>archive</kind>
         <file>libc.a</file>
         <name>memcpy16.S.obj</name>
      </input_file>
      <input_file id="fl-12c">
         <path>D:\TI_m0\ccs\tools\compiler\ti-cgt-armllvm_4.0.4.LTS\lib\armv6m-ti-none-eabi\c\</path>
         <kind>archive</kind>
         <file>libc.a</file>
         <name>memset16.S.obj</name>
      </input_file>
   </input_file_list>
   <object_component_list>
      <object_component id="oc-18">
         <name>.intvecs</name>
         <load_address>0x0</load_address>
         <readonly>true</readonly>
         <run_address>0x0</run_address>
         <size>0xc0</size>
         <alignment>0x4</alignment>
         <input_file_ref idref="fl-3"/>
      </object_component>
      <object_component id="oc-2f3">
         <name>.text:__TI_printfi</name>
         <load_address>0xc0</load_address>
         <readonly>true</readonly>
         <executable>true</executable>
         <run_address>0xc0</run_address>
         <size>0x9d0</size>
         <alignment>0x4</alignment>
         <input_file_ref idref="fl-55"/>
      </object_component>
      <object_component id="oc-174">
         <name>.text.SYSCFG_DL_GPIO_init</name>
         <load_address>0xa90</load_address>
         <readonly>true</readonly>
         <executable>true</executable>
         <run_address>0xa90</run_address>
         <size>0x280</size>
         <alignment>0x4</alignment>
         <input_file_ref idref="fl-2"/>
      </object_component>
      <object_component id="oc-1a0">
         <name>.text.dmp_enable_feature</name>
         <load_address>0xd10</load_address>
         <readonly>true</readonly>
         <executable>true</executable>
         <run_address>0xd10</run_address>
         <size>0x278</size>
         <alignment>0x4</alignment>
         <input_file_ref idref="fl-5"/>
      </object_component>
      <object_component id="oc-120">
         <name>.text.renwu</name>
         <load_address>0xf88</load_address>
         <readonly>true</readonly>
         <executable>true</executable>
         <run_address>0xf88</run_address>
         <size>0x250</size>
         <alignment>0x4</alignment>
         <input_file_ref idref="fl-1"/>
      </object_component>
      <object_component id="oc-274">
         <name>.text.dmp_set_tap_thresh</name>
         <load_address>0x11d8</load_address>
         <readonly>true</readonly>
         <executable>true</executable>
         <run_address>0x11d8</run_address>
         <size>0x238</size>
         <alignment>0x4</alignment>
         <input_file_ref idref="fl-5"/>
      </object_component>
      <object_component id="oc-266">
         <name>.text.mpu_reset_fifo</name>
         <load_address>0x1410</load_address>
         <readonly>true</readonly>
         <executable>true</executable>
         <run_address>0x1410</run_address>
         <size>0x22c</size>
         <alignment>0x4</alignment>
         <input_file_ref idref="fl-4"/>
      </object_component>
      <object_component id="oc-321">
         <name>.text._pconv_a</name>
         <load_address>0x163c</load_address>
         <readonly>true</readonly>
         <executable>true</executable>
         <run_address>0x163c</run_address>
         <size>0x220</size>
         <alignment>0x4</alignment>
         <input_file_ref idref="fl-55"/>
      </object_component>
      <object_component id="oc-4e">
         <name>.text.TIMG0_IRQHandler</name>
         <load_address>0x185c</load_address>
         <readonly>true</readonly>
         <executable>true</executable>
         <run_address>0x185c</run_address>
         <size>0x210</size>
         <alignment>0x4</alignment>
         <input_file_ref idref="fl-1"/>
      </object_component>
      <object_component id="oc-322">
         <name>.text._pconv_g</name>
         <load_address>0x1a6c</load_address>
         <readonly>true</readonly>
         <executable>true</executable>
         <run_address>0x1a6c</run_address>
         <size>0x1dc</size>
         <alignment>0x4</alignment>
         <input_file_ref idref="fl-55"/>
      </object_component>
      <object_component id="oc-260">
         <name>.text.mpu_set_bypass</name>
         <load_address>0x1c48</load_address>
         <readonly>true</readonly>
         <executable>true</executable>
         <run_address>0x1c48</run_address>
         <size>0x1a0</size>
         <alignment>0x4</alignment>
         <input_file_ref idref="fl-4"/>
      </object_component>
      <object_component id="oc-d6">
         <name>.text.adddf3_subdf3</name>
         <load_address>0x1de8</load_address>
         <readonly>true</readonly>
         <executable>true</executable>
         <run_address>0x1de8</run_address>
         <size>0x192</size>
         <alignment>0x4</alignment>
         <input_file_ref idref="fl-10d"/>
      </object_component>
      <object_component id="oc-2c4">
         <name>.text.__aeabi_idiv0</name>
         <load_address>0x1f7a</load_address>
         <readonly>true</readonly>
         <executable>true</executable>
         <run_address>0x1f7a</run_address>
         <size>0x2</size>
         <alignment>0x2</alignment>
         <input_file_ref idref="fl-12a"/>
      </object_component>
      <object_component id="oc-be">
         <name>.text.main</name>
         <load_address>0x1f7c</load_address>
         <readonly>true</readonly>
         <executable>true</executable>
         <run_address>0x1f7c</run_address>
         <size>0x188</size>
         <alignment>0x4</alignment>
         <input_file_ref idref="fl-1"/>
      </object_component>
      <object_component id="oc-19d">
         <name>.text.dmp_set_orientation</name>
         <load_address>0x2104</load_address>
         <readonly>true</readonly>
         <executable>true</executable>
         <run_address>0x2104</run_address>
         <size>0x178</size>
         <alignment>0x4</alignment>
         <input_file_ref idref="fl-5"/>
      </object_component>
      <object_component id="oc-98">
         <name>.text.Car_Move</name>
         <load_address>0x227c</load_address>
         <readonly>true</readonly>
         <executable>true</executable>
         <run_address>0x227c</run_address>
         <size>0x14c</size>
         <alignment>0x4</alignment>
         <input_file_ref idref="fl-c"/>
      </object_component>
      <object_component id="oc-10a">
         <name>.text.MPU6050_Init</name>
         <load_address>0x23c8</load_address>
         <readonly>true</readonly>
         <executable>true</executable>
         <run_address>0x23c8</run_address>
         <size>0x148</size>
         <alignment>0x4</alignment>
         <input_file_ref idref="fl-6"/>
      </object_component>
      <object_component id="oc-34e">
         <name>.text.fcvt</name>
         <load_address>0x2510</load_address>
         <readonly>true</readonly>
         <executable>true</executable>
         <run_address>0x2510</run_address>
         <size>0x13c</size>
         <alignment>0x4</alignment>
         <input_file_ref idref="fl-55"/>
      </object_component>
      <object_component id="oc-2c0">
         <name>.text.mspm0_i2c_read</name>
         <load_address>0x264c</load_address>
         <readonly>true</readonly>
         <executable>true</executable>
         <run_address>0x264c</run_address>
         <size>0x134</size>
         <alignment>0x4</alignment>
         <input_file_ref idref="fl-7"/>
      </object_component>
      <object_component id="oc-191">
         <name>.text.mpu_set_sensors</name>
         <load_address>0x2780</load_address>
         <readonly>true</readonly>
         <executable>true</executable>
         <run_address>0x2780</run_address>
         <size>0x130</size>
         <alignment>0x4</alignment>
         <input_file_ref idref="fl-4"/>
      </object_component>
      <object_component id="oc-18b">
         <name>.text.mpu_init</name>
         <load_address>0x28b0</load_address>
         <readonly>true</readonly>
         <executable>true</executable>
         <run_address>0x28b0</run_address>
         <size>0x128</size>
         <alignment>0x4</alignment>
         <input_file_ref idref="fl-4"/>
      </object_component>
      <object_component id="oc-26c">
         <name>.text.mpu_load_firmware</name>
         <load_address>0x29d8</load_address>
         <readonly>true</readonly>
         <executable>true</executable>
         <run_address>0x29d8</run_address>
         <size>0x124</size>
         <alignment>0x4</alignment>
         <input_file_ref idref="fl-4"/>
      </object_component>
      <object_component id="oc-324">
         <name>.text._pconv_e</name>
         <load_address>0x2afc</load_address>
         <readonly>true</readonly>
         <executable>true</executable>
         <run_address>0x2afc</run_address>
         <size>0x120</size>
         <alignment>0x4</alignment>
         <input_file_ref idref="fl-55"/>
      </object_component>
      <object_component id="oc-291">
         <name>.text.OLED_ShowChar</name>
         <load_address>0x2c1c</load_address>
         <readonly>true</readonly>
         <executable>true</executable>
         <run_address>0x2c1c</run_address>
         <size>0x118</size>
         <alignment>0x4</alignment>
         <input_file_ref idref="fl-14"/>
      </object_component>
      <object_component id="oc-10f">
         <name>.text.OLED_Init</name>
         <load_address>0x2d34</load_address>
         <readonly>true</readonly>
         <executable>true</executable>
         <run_address>0x2d34</run_address>
         <size>0x110</size>
         <alignment>0x4</alignment>
         <input_file_ref idref="fl-14"/>
      </object_component>
      <object_component id="oc-34a">
         <name>.text.__divdf3</name>
         <load_address>0x2e44</load_address>
         <readonly>true</readonly>
         <executable>true</executable>
         <run_address>0x2e44</run_address>
         <size>0x10c</size>
         <alignment>0x4</alignment>
         <input_file_ref idref="fl-112"/>
      </object_component>
      <object_component id="oc-216">
         <name>.text.DL_Timer_initFourCCPWMMode</name>
         <load_address>0x2f50</load_address>
         <readonly>true</readonly>
         <executable>true</executable>
         <run_address>0x2f50</run_address>
         <size>0x104</size>
         <alignment>0x4</alignment>
         <input_file_ref idref="fl-26"/>
      </object_component>
      <object_component id="oc-267">
         <name>.text.mpu_lp_accel_mode</name>
         <load_address>0x3054</load_address>
         <readonly>true</readonly>
         <executable>true</executable>
         <run_address>0x3054</run_address>
         <size>0x100</size>
         <alignment>0x4</alignment>
         <input_file_ref idref="fl-4"/>
      </object_component>
      <object_component id="oc-220">
         <name>.text.DL_Timer_initTimerMode</name>
         <load_address>0x3154</load_address>
         <readonly>true</readonly>
         <executable>true</executable>
         <run_address>0x3154</run_address>
         <size>0xfc</size>
         <alignment>0x4</alignment>
         <input_file_ref idref="fl-26"/>
      </object_component>
      <object_component id="oc-8d">
         <name>.text.xunji_pid</name>
         <load_address>0x3250</load_address>
         <readonly>true</readonly>
         <executable>true</executable>
         <run_address>0x3250</run_address>
         <size>0xfc</size>
         <alignment>0x4</alignment>
         <input_file_ref idref="fl-c"/>
      </object_component>
      <object_component id="oc-1b9">
         <name>.text.Key_GetNum</name>
         <load_address>0x334c</load_address>
         <readonly>true</readonly>
         <executable>true</executable>
         <run_address>0x334c</run_address>
         <size>0xf4</size>
         <alignment>0x4</alignment>
         <input_file_ref idref="fl-a"/>
      </object_component>
      <object_component id="oc-20e">
         <name>.text.SYSCFG_DL_SYSCTL_SYSPLL_init</name>
         <load_address>0x3440</load_address>
         <readonly>true</readonly>
         <executable>true</executable>
         <run_address>0x3440</run_address>
         <size>0xec</size>
         <alignment>0x4</alignment>
         <input_file_ref idref="fl-2"/>
      </object_component>
      <object_component id="oc-193">
         <name>.text.mpu_set_sample_rate</name>
         <load_address>0x352c</load_address>
         <readonly>true</readonly>
         <executable>true</executable>
         <run_address>0x352c</run_address>
         <size>0xec</size>
         <alignment>0x4</alignment>
         <input_file_ref idref="fl-4"/>
      </object_component>
      <object_component id="oc-e1">
         <name>.text.__muldf3</name>
         <load_address>0x3618</load_address>
         <readonly>true</readonly>
         <executable>true</executable>
         <run_address>0x3618</run_address>
         <size>0xe4</size>
         <alignment>0x4</alignment>
         <input_file_ref idref="fl-10e"/>
      </object_component>
      <object_component id="oc-25e">
         <name>.text.mpu_set_accel_fsr</name>
         <load_address>0x36fc</load_address>
         <readonly>true</readonly>
         <executable>true</executable>
         <run_address>0x36fc</run_address>
         <size>0xe4</size>
         <alignment>0x4</alignment>
         <input_file_ref idref="fl-4"/>
      </object_component>
      <object_component id="oc-141">
         <name>.text.xun</name>
         <load_address>0x37e0</load_address>
         <readonly>true</readonly>
         <executable>true</executable>
         <run_address>0x37e0</run_address>
         <size>0xe4</size>
         <alignment>0x4</alignment>
         <input_file_ref idref="fl-c"/>
      </object_component>
      <object_component id="oc-208">
         <name>.text.DL_SYSCTL_configSYSPLL</name>
         <load_address>0x38c4</load_address>
         <readonly>true</readonly>
         <executable>true</executable>
         <run_address>0x38c4</run_address>
         <size>0xdc</size>
         <alignment>0x4</alignment>
         <input_file_ref idref="fl-28"/>
      </object_component>
      <object_component id="oc-92">
         <name>.text.PID_caculate</name>
         <load_address>0x39a0</load_address>
         <readonly>true</readonly>
         <executable>true</executable>
         <run_address>0x39a0</run_address>
         <size>0xdc</size>
         <alignment>0x2</alignment>
         <input_file_ref idref="fl-d"/>
      </object_component>
      <object_component id="oc-176">
         <name>.text.SYSCFG_DL_PWM_ALL_init</name>
         <load_address>0x3a7c</load_address>
         <readonly>true</readonly>
         <executable>true</executable>
         <run_address>0x3a7c</run_address>
         <size>0xdc</size>
         <alignment>0x4</alignment>
         <input_file_ref idref="fl-2"/>
      </object_component>
      <object_component id="oc-33d">
         <name>.text.scalbn</name>
         <load_address>0x3b58</load_address>
         <readonly>true</readonly>
         <executable>true</executable>
         <run_address>0x3b58</run_address>
         <size>0xd8</size>
         <alignment>0x4</alignment>
         <input_file_ref idref="fl-60"/>
      </object_component>
      <object_component id="oc-9d">
         <name>.text</name>
         <load_address>0x3c30</load_address>
         <readonly>true</readonly>
         <executable>true</executable>
         <run_address>0x3c30</run_address>
         <size>0xd8</size>
         <alignment>0x4</alignment>
         <input_file_ref idref="fl-10c"/>
      </object_component>
      <object_component id="oc-173">
         <name>.text.SYSCFG_DL_initPower</name>
         <load_address>0x3d08</load_address>
         <readonly>true</readonly>
         <executable>true</executable>
         <run_address>0x3d08</run_address>
         <size>0xd4</size>
         <alignment>0x4</alignment>
         <input_file_ref idref="fl-2"/>
      </object_component>
      <object_component id="oc-265">
         <name>.text.set_int_enable</name>
         <load_address>0x3ddc</load_address>
         <readonly>true</readonly>
         <executable>true</executable>
         <run_address>0x3ddc</run_address>
         <size>0xd4</size>
         <alignment>0x4</alignment>
         <input_file_ref idref="fl-4"/>
      </object_component>
      <object_component id="oc-25f">
         <name>.text.mpu_set_lpf</name>
         <load_address>0x3eb0</load_address>
         <readonly>true</readonly>
         <executable>true</executable>
         <run_address>0x3eb0</run_address>
         <size>0xd0</size>
         <alignment>0x4</alignment>
         <input_file_ref idref="fl-4"/>
      </object_component>
      <object_component id="oc-11f">
         <name>.text.oled_show</name>
         <load_address>0x3f80</load_address>
         <readonly>true</readonly>
         <executable>true</executable>
         <run_address>0x3f80</run_address>
         <size>0xcc</size>
         <alignment>0x4</alignment>
         <input_file_ref idref="fl-13"/>
      </object_component>
      <object_component id="oc-4d">
         <name>.text.UART0_IRQHandler</name>
         <load_address>0x404c</load_address>
         <readonly>true</readonly>
         <executable>true</executable>
         <run_address>0x404c</run_address>
         <size>0xc4</size>
         <alignment>0x4</alignment>
         <input_file_ref idref="fl-f"/>
      </object_component>
      <object_component id="oc-48">
         <name>.text.UART1_IRQHandler</name>
         <load_address>0x4110</load_address>
         <readonly>true</readonly>
         <executable>true</executable>
         <run_address>0x4110</run_address>
         <size>0xc4</size>
         <alignment>0x4</alignment>
         <input_file_ref idref="fl-f"/>
      </object_component>
      <object_component id="oc-25d">
         <name>.text.mpu_set_gyro_fsr</name>
         <load_address>0x41d4</load_address>
         <readonly>true</readonly>
         <executable>true</executable>
         <run_address>0x41d4</run_address>
         <size>0xc4</size>
         <alignment>0x4</alignment>
         <input_file_ref idref="fl-4"/>
      </object_component>
      <object_component id="oc-25c">
         <name>.text.mspm0_i2c_write</name>
         <load_address>0x4298</load_address>
         <readonly>true</readonly>
         <executable>true</executable>
         <run_address>0x4298</run_address>
         <size>0xc4</size>
         <alignment>0x4</alignment>
         <input_file_ref idref="fl-7"/>
      </object_component>
      <object_component id="oc-192">
         <name>.text.mpu_configure_fifo</name>
         <load_address>0x435c</load_address>
         <readonly>true</readonly>
         <executable>true</executable>
         <run_address>0x435c</run_address>
         <size>0xbc</size>
         <alignment>0x4</alignment>
         <input_file_ref idref="fl-4"/>
      </object_component>
      <object_component id="oc-1a2">
         <name>.text.mpu_set_dmp_state</name>
         <load_address>0x4418</load_address>
         <readonly>true</readonly>
         <executable>true</executable>
         <run_address>0x4418</run_address>
         <size>0xb8</size>
         <alignment>0x4</alignment>
         <input_file_ref idref="fl-4"/>
      </object_component>
      <object_component id="oc-39">
         <name>.text.GROUP1_IRQHandler</name>
         <load_address>0x44d0</load_address>
         <readonly>true</readonly>
         <executable>true</executable>
         <run_address>0x44d0</run_address>
         <size>0xac</size>
         <alignment>0x4</alignment>
         <input_file_ref idref="fl-c"/>
      </object_component>
      <object_component id="oc-2ca">
         <name>.text.mpu_read_mem</name>
         <load_address>0x457c</load_address>
         <readonly>true</readonly>
         <executable>true</executable>
         <run_address>0x457c</run_address>
         <size>0xac</size>
         <alignment>0x4</alignment>
         <input_file_ref idref="fl-4"/>
      </object_component>
      <object_component id="oc-271">
         <name>.text.mpu_write_mem</name>
         <load_address>0x4628</load_address>
         <readonly>true</readonly>
         <executable>true</executable>
         <run_address>0x4628</run_address>
         <size>0xac</size>
         <alignment>0x4</alignment>
         <input_file_ref idref="fl-4"/>
      </object_component>
      <object_component id="oc-334">
         <name>.text</name>
         <load_address>0x46d4</load_address>
         <readonly>true</readonly>
         <executable>true</executable>
         <run_address>0x46d4</run_address>
         <size>0xa2</size>
         <alignment>0x4</alignment>
         <input_file_ref idref="fl-126"/>
      </object_component>
      <object_component id="oc-350">
         <name>.text.__aeabi_ldiv0</name>
         <load_address>0x4776</load_address>
         <readonly>true</readonly>
         <executable>true</executable>
         <run_address>0x4776</run_address>
         <size>0x2</size>
         <alignment>0x2</alignment>
         <input_file_ref idref="fl-12a"/>
      </object_component>
      <object_component id="oc-cd">
         <name>.text.get_sensor_actual</name>
         <load_address>0x4778</load_address>
         <readonly>true</readonly>
         <executable>true</executable>
         <run_address>0x4778</run_address>
         <size>0xa0</size>
         <alignment>0x4</alignment>
         <input_file_ref idref="fl-c"/>
      </object_component>
      <object_component id="oc-264">
         <name>.text.mpu_set_int_latched</name>
         <load_address>0x4818</load_address>
         <readonly>true</readonly>
         <executable>true</executable>
         <run_address>0x4818</run_address>
         <size>0x9c</size>
         <alignment>0x4</alignment>
         <input_file_ref idref="fl-4"/>
      </object_component>
      <object_component id="oc-1ad">
         <name>.text.OLED_WR_Byte</name>
         <load_address>0x48b4</load_address>
         <readonly>true</readonly>
         <executable>true</executable>
         <run_address>0x48b4</run_address>
         <size>0x98</size>
         <alignment>0x4</alignment>
         <input_file_ref idref="fl-14"/>
      </object_component>
      <object_component id="oc-1a1">
         <name>.text.dmp_set_fifo_rate</name>
         <load_address>0x494c</load_address>
         <readonly>true</readonly>
         <executable>true</executable>
         <run_address>0x494c</run_address>
         <size>0x98</size>
         <alignment>0x4</alignment>
         <input_file_ref idref="fl-5"/>
      </object_component>
      <object_component id="oc-270">
         <name>.text.inv_row_2_scale</name>
         <load_address>0x49e4</load_address>
         <readonly>true</readonly>
         <executable>true</executable>
         <run_address>0x49e4</run_address>
         <size>0x96</size>
         <alignment>0x2</alignment>
         <input_file_ref idref="fl-6"/>
      </object_component>
      <object_component id="oc-177">
         <name>.text.SYSCFG_DL_PWM_SERVO_init</name>
         <load_address>0x4a7c</load_address>
         <readonly>true</readonly>
         <executable>true</executable>
         <run_address>0x4a7c</run_address>
         <size>0x90</size>
         <alignment>0x4</alignment>
         <input_file_ref idref="fl-2"/>
      </object_component>
      <object_component id="oc-2d3">
         <name>.text.__mulsf3</name>
         <load_address>0x4b0c</load_address>
         <readonly>true</readonly>
         <executable>true</executable>
         <run_address>0x4b0c</run_address>
         <size>0x8c</size>
         <alignment>0x4</alignment>
         <input_file_ref idref="fl-110"/>
      </object_component>
      <object_component id="oc-184">
         <name>.text.__NVIC_SetPriority</name>
         <load_address>0x4b98</load_address>
         <readonly>true</readonly>
         <executable>true</executable>
         <run_address>0x4b98</run_address>
         <size>0x84</size>
         <alignment>0x4</alignment>
         <input_file_ref idref="fl-11"/>
      </object_component>
      <object_component id="oc-213">
         <name>.text.__NVIC_SetPriority</name>
         <load_address>0x4c1c</load_address>
         <readonly>true</readonly>
         <executable>true</executable>
         <run_address>0x4c1c</run_address>
         <size>0x84</size>
         <alignment>0x4</alignment>
         <input_file_ref idref="fl-2"/>
      </object_component>
      <object_component id="oc-146">
         <name>.text.__divsf3</name>
         <load_address>0x4ca0</load_address>
         <readonly>true</readonly>
         <executable>true</executable>
         <run_address>0x4ca0</run_address>
         <size>0x82</size>
         <alignment>0x4</alignment>
         <input_file_ref idref="fl-111"/>
      </object_component>
      <object_component id="oc-11c">
         <name>.text.Timer_work</name>
         <load_address>0x4d24</load_address>
         <readonly>true</readonly>
         <executable>true</executable>
         <run_address>0x4d24</run_address>
         <size>0x80</size>
         <alignment>0x4</alignment>
         <input_file_ref idref="fl-13"/>
      </object_component>
      <object_component id="oc-1c">
         <name>.text:decompress:lzss</name>
         <load_address>0x4da4</load_address>
         <readonly>true</readonly>
         <executable>true</executable>
         <run_address>0x4da4</run_address>
         <size>0x7c</size>
         <alignment>0x4</alignment>
         <input_file_ref idref="fl-54"/>
      </object_component>
      <object_component id="oc-11e">
         <name>.text.key_work</name>
         <load_address>0x4e20</load_address>
         <readonly>true</readonly>
         <executable>true</executable>
         <run_address>0x4e20</run_address>
         <size>0x78</size>
         <alignment>0x4</alignment>
         <input_file_ref idref="fl-13"/>
      </object_component>
      <object_component id="oc-154">
         <name>.text.__gedf2</name>
         <load_address>0x4e98</load_address>
         <readonly>true</readonly>
         <executable>true</executable>
         <run_address>0x4e98</run_address>
         <size>0x74</size>
         <alignment>0x4</alignment>
         <input_file_ref idref="fl-128"/>
      </object_component>
      <object_component id="oc-33">
         <name>.text.Default_Handler</name>
         <load_address>0x4f0c</load_address>
         <readonly>true</readonly>
         <executable>true</executable>
         <run_address>0x4f0c</run_address>
         <size>0x4</size>
         <alignment>0x2</alignment>
         <input_file_ref idref="fl-3"/>
      </object_component>
      <object_component id="oc-142">
         <name>.text.__truncdfsf2</name>
         <load_address>0x4f10</load_address>
         <readonly>true</readonly>
         <executable>true</executable>
         <run_address>0x4f10</run_address>
         <size>0x74</size>
         <alignment>0x10</alignment>
         <input_file_ref idref="fl-11c"/>
      </object_component>
      <object_component id="oc-196">
         <name>.text.mpu_get_accel_fsr</name>
         <load_address>0x4f84</load_address>
         <readonly>true</readonly>
         <executable>true</executable>
         <run_address>0x4f84</run_address>
         <size>0x74</size>
         <alignment>0x4</alignment>
         <input_file_ref idref="fl-4"/>
      </object_component>
      <object_component id="oc-1be">
         <name>.text.OLED_ShowString</name>
         <load_address>0x4ff8</load_address>
         <readonly>true</readonly>
         <executable>true</executable>
         <run_address>0x4ff8</run_address>
         <size>0x70</size>
         <alignment>0x2</alignment>
         <input_file_ref idref="fl-14"/>
      </object_component>
      <object_component id="oc-175">
         <name>.text.SYSCFG_DL_SYSCTL_init</name>
         <load_address>0x5068</load_address>
         <readonly>true</readonly>
         <executable>true</executable>
         <run_address>0x5068</run_address>
         <size>0x70</size>
         <alignment>0x4</alignment>
         <input_file_ref idref="fl-2"/>
      </object_component>
      <object_component id="oc-97">
         <name>.text.constrain_double</name>
         <load_address>0x50d8</load_address>
         <readonly>true</readonly>
         <executable>true</executable>
         <run_address>0x50d8</run_address>
         <size>0x70</size>
         <alignment>0x2</alignment>
         <input_file_ref idref="fl-d"/>
      </object_component>
      <object_component id="oc-1ae">
         <name>.text.OLED_Clear</name>
         <load_address>0x5148</load_address>
         <readonly>true</readonly>
         <executable>true</executable>
         <run_address>0x5148</run_address>
         <size>0x6a</size>
         <alignment>0x2</alignment>
         <input_file_ref idref="fl-14"/>
      </object_component>
      <object_component id="oc-17d">
         <name>.text.SYSCFG_DL_ADC12_CCD_init</name>
         <load_address>0x51b4</load_address>
         <readonly>true</readonly>
         <executable>true</executable>
         <run_address>0x51b4</run_address>
         <size>0x68</size>
         <alignment>0x4</alignment>
         <input_file_ref idref="fl-2"/>
      </object_component>
      <object_component id="oc-17e">
         <name>.text.SYSCFG_DL_ADC12_VOLTAGE_init</name>
         <load_address>0x521c</load_address>
         <readonly>true</readonly>
         <executable>true</executable>
         <run_address>0x521c</run_address>
         <size>0x68</size>
         <alignment>0x4</alignment>
         <input_file_ref idref="fl-2"/>
      </object_component>
      <object_component id="oc-14e">
         <name>.text.__ledf2</name>
         <load_address>0x5284</load_address>
         <readonly>true</readonly>
         <executable>true</executable>
         <run_address>0x5284</run_address>
         <size>0x68</size>
         <alignment>0x4</alignment>
         <input_file_ref idref="fl-128"/>
      </object_component>
      <object_component id="oc-349">
         <name>.text._mcpy</name>
         <load_address>0x52ec</load_address>
         <readonly>true</readonly>
         <executable>true</executable>
         <run_address>0x52ec</run_address>
         <size>0x66</size>
         <alignment>0x2</alignment>
         <input_file_ref idref="fl-55"/>
      </object_component>
      <object_component id="oc-275">
         <name>.text.dmp_set_tap_axes</name>
         <load_address>0x5352</load_address>
         <readonly>true</readonly>
         <executable>true</executable>
         <run_address>0x5352</run_address>
         <size>0x66</size>
         <alignment>0x2</alignment>
         <input_file_ref idref="fl-5"/>
      </object_component>
      <object_component id="oc-24c">
         <name>.text.DL_ADC12_initSingleSample</name>
         <load_address>0x53b8</load_address>
         <readonly>true</readonly>
         <executable>true</executable>
         <run_address>0x53b8</run_address>
         <size>0x64</size>
         <alignment>0x4</alignment>
         <input_file_ref idref="fl-2"/>
      </object_component>
      <object_component id="oc-1ab">
         <name>.text.oled_i2c_sda_unlock</name>
         <load_address>0x541c</load_address>
         <readonly>true</readonly>
         <executable>true</executable>
         <run_address>0x541c</run_address>
         <size>0x64</size>
         <alignment>0x4</alignment>
         <input_file_ref idref="fl-14"/>
      </object_component>
      <object_component id="oc-d2">
         <name>.text.__aeabi_dcmp</name>
         <load_address>0x5480</load_address>
         <readonly>true</readonly>
         <executable>true</executable>
         <run_address>0x5480</run_address>
         <size>0x62</size>
         <alignment>0x4</alignment>
         <input_file_ref idref="fl-11d"/>
      </object_component>
      <object_component id="oc-99">
         <name>.text.__aeabi_fcmp</name>
         <load_address>0x54e4</load_address>
         <readonly>true</readonly>
         <executable>true</executable>
         <run_address>0x54e4</run_address>
         <size>0x62</size>
         <alignment>0x4</alignment>
         <input_file_ref idref="fl-11e"/>
      </object_component>
      <object_component id="oc-17b">
         <name>.text.SYSCFG_DL_UART_0_init</name>
         <load_address>0x5548</load_address>
         <readonly>true</readonly>
         <executable>true</executable>
         <run_address>0x5548</run_address>
         <size>0x60</size>
         <alignment>0x4</alignment>
         <input_file_ref idref="fl-2"/>
      </object_component>
      <object_component id="oc-17c">
         <name>.text.SYSCFG_DL_UART_1_init</name>
         <load_address>0x55a8</load_address>
         <readonly>true</readonly>
         <executable>true</executable>
         <run_address>0x55a8</run_address>
         <size>0x60</size>
         <alignment>0x4</alignment>
         <input_file_ref idref="fl-2"/>
      </object_component>
      <object_component id="oc-273">
         <name>.text.dmp_enable_gyro_cal</name>
         <load_address>0x5608</load_address>
         <readonly>true</readonly>
         <executable>true</executable>
         <run_address>0x5608</run_address>
         <size>0x60</size>
         <alignment>0x4</alignment>
         <input_file_ref idref="fl-5"/>
      </object_component>
      <object_component id="oc-186">
         <name>.text.mpu6050_i2c_sda_unlock</name>
         <load_address>0x5668</load_address>
         <readonly>true</readonly>
         <executable>true</executable>
         <run_address>0x5668</run_address>
         <size>0x60</size>
         <alignment>0x4</alignment>
         <input_file_ref idref="fl-7"/>
      </object_component>
      <object_component id="oc-195">
         <name>.text.mpu_get_gyro_fsr</name>
         <load_address>0x56c8</load_address>
         <readonly>true</readonly>
         <executable>true</executable>
         <run_address>0x56c8</run_address>
         <size>0x60</size>
         <alignment>0x4</alignment>
         <input_file_ref idref="fl-4"/>
      </object_component>
      <object_component id="oc-284">
         <name>.text.DL_I2C_fillControllerTXFIFO</name>
         <load_address>0x5728</load_address>
         <readonly>true</readonly>
         <executable>true</executable>
         <run_address>0x5728</run_address>
         <size>0x5e</size>
         <alignment>0x2</alignment>
         <input_file_ref idref="fl-25"/>
      </object_component>
      <object_component id="oc-339">
         <name>.text.frexp</name>
         <load_address>0x5788</load_address>
         <readonly>true</readonly>
         <executable>true</executable>
         <run_address>0x5788</run_address>
         <size>0x5c</size>
         <alignment>0x4</alignment>
         <input_file_ref idref="fl-5f"/>
      </object_component>
      <object_component id="oc-259">
         <name>.text.mspm0_i2c_enable</name>
         <load_address>0x57e4</load_address>
         <readonly>true</readonly>
         <executable>true</executable>
         <run_address>0x57e4</run_address>
         <size>0x5c</size>
         <alignment>0x4</alignment>
         <input_file_ref idref="fl-7"/>
      </object_component>
      <object_component id="oc-282">
         <name>.text.mspm0_i2c_enable</name>
         <load_address>0x5840</load_address>
         <readonly>true</readonly>
         <executable>true</executable>
         <run_address>0x5840</run_address>
         <size>0x5c</size>
         <alignment>0x4</alignment>
         <input_file_ref idref="fl-14"/>
      </object_component>
      <object_component id="oc-114">
         <name>.text.Pid_Init</name>
         <load_address>0x589c</load_address>
         <readonly>true</readonly>
         <executable>true</executable>
         <run_address>0x589c</run_address>
         <size>0x58</size>
         <alignment>0x4</alignment>
         <input_file_ref idref="fl-d"/>
      </object_component>
      <object_component id="oc-17a">
         <name>.text.SYSCFG_DL_I2C_MPU6050_init</name>
         <load_address>0x58f4</load_address>
         <readonly>true</readonly>
         <executable>true</executable>
         <run_address>0x58f4</run_address>
         <size>0x58</size>
         <alignment>0x4</alignment>
         <input_file_ref idref="fl-2"/>
      </object_component>
      <object_component id="oc-179">
         <name>.text.SYSCFG_DL_I2C_OLED_init</name>
         <load_address>0x594c</load_address>
         <readonly>true</readonly>
         <executable>true</executable>
         <run_address>0x594c</run_address>
         <size>0x58</size>
         <alignment>0x4</alignment>
         <input_file_ref idref="fl-2"/>
      </object_component>
      <object_component id="oc-341">
         <name>.text.__TI_ltoa</name>
         <load_address>0x59a4</load_address>
         <readonly>true</readonly>
         <executable>true</executable>
         <run_address>0x59a4</run_address>
         <size>0x58</size>
         <alignment>0x2</alignment>
         <input_file_ref idref="fl-5a"/>
      </object_component>
      <object_component id="oc-323">
         <name>.text._pconv_f</name>
         <load_address>0x59fc</load_address>
         <readonly>true</readonly>
         <executable>true</executable>
         <run_address>0x59fc</run_address>
         <size>0x58</size>
         <alignment>0x2</alignment>
         <input_file_ref idref="fl-55"/>
      </object_component>
      <object_component id="oc-2db">
         <name>.text.__aeabi_idivmod</name>
         <load_address>0x5a54</load_address>
         <readonly>true</readonly>
         <executable>true</executable>
         <run_address>0x5a54</run_address>
         <size>0x56</size>
         <alignment>0x4</alignment>
         <input_file_ref idref="fl-11f"/>
      </object_component>
      <object_component id="oc-347">
         <name>.text._ecpy</name>
         <load_address>0x5aaa</load_address>
         <readonly>true</readonly>
         <executable>true</executable>
         <run_address>0x5aaa</run_address>
         <size>0x52</size>
         <alignment>0x2</alignment>
         <input_file_ref idref="fl-55"/>
      </object_component>
      <object_component id="oc-2b8">
         <name>.text.DL_GPIO_initPeripheralInputFunctionFeatures</name>
         <load_address>0x5afc</load_address>
         <readonly>true</readonly>
         <executable>true</executable>
         <run_address>0x5afc</run_address>
         <size>0x50</size>
         <alignment>0x4</alignment>
         <input_file_ref idref="fl-7"/>
      </object_component>
      <object_component id="oc-2e3">
         <name>.text.DL_GPIO_initPeripheralInputFunctionFeatures</name>
         <load_address>0x5b4c</load_address>
         <readonly>true</readonly>
         <executable>true</executable>
         <run_address>0x5b4c</run_address>
         <size>0x50</size>
         <alignment>0x4</alignment>
         <input_file_ref idref="fl-14"/>
      </object_component>
      <object_component id="oc-1f9">
         <name>.text.DL_GPIO_initPeripheralInputFunctionFeatures</name>
         <load_address>0x5b9c</load_address>
         <readonly>true</readonly>
         <executable>true</executable>
         <run_address>0x5b9c</run_address>
         <size>0x50</size>
         <alignment>0x4</alignment>
         <input_file_ref idref="fl-2"/>
      </object_component>
      <object_component id="oc-2be">
         <name>.text.DL_I2C_startControllerTransfer</name>
         <load_address>0x5bec</load_address>
         <readonly>true</readonly>
         <executable>true</executable>
         <run_address>0x5bec</run_address>
         <size>0x50</size>
         <alignment>0x4</alignment>
         <input_file_ref idref="fl-7"/>
      </object_component>
      <object_component id="oc-287">
         <name>.text.DL_I2C_startControllerTransfer</name>
         <load_address>0x5c3c</load_address>
         <readonly>true</readonly>
         <executable>true</executable>
         <run_address>0x5c3c</run_address>
         <size>0x50</size>
         <alignment>0x4</alignment>
         <input_file_ref idref="fl-14"/>
      </object_component>
      <object_component id="oc-183">
         <name>.text.SysTick_Config</name>
         <load_address>0x5c8c</load_address>
         <readonly>true</readonly>
         <executable>true</executable>
         <run_address>0x5c8c</run_address>
         <size>0x50</size>
         <alignment>0x4</alignment>
         <input_file_ref idref="fl-11"/>
      </object_component>
      <object_component id="oc-2b5">
         <name>.text.DL_GPIO_initDigitalInputFeatures</name>
         <load_address>0x5cdc</load_address>
         <readonly>true</readonly>
         <executable>true</executable>
         <run_address>0x5cdc</run_address>
         <size>0x4c</size>
         <alignment>0x4</alignment>
         <input_file_ref idref="fl-7"/>
      </object_component>
      <object_component id="oc-2e1">
         <name>.text.DL_GPIO_initDigitalInputFeatures</name>
         <load_address>0x5d28</load_address>
         <readonly>true</readonly>
         <executable>true</executable>
         <run_address>0x5d28</run_address>
         <size>0x4c</size>
         <alignment>0x4</alignment>
         <input_file_ref idref="fl-14"/>
      </object_component>
      <object_component id="oc-1fc">
         <name>.text.DL_GPIO_initDigitalInputFeatures</name>
         <load_address>0x5d74</load_address>
         <readonly>true</readonly>
         <executable>true</executable>
         <run_address>0x5d74</run_address>
         <size>0x4c</size>
         <alignment>0x4</alignment>
         <input_file_ref idref="fl-2"/>
      </object_component>
      <object_component id="oc-23c">
         <name>.text.DL_UART_setBaudRateDivisor</name>
         <load_address>0x5dc0</load_address>
         <readonly>true</readonly>
         <executable>true</executable>
         <run_address>0x5dc0</run_address>
         <size>0x4c</size>
         <alignment>0x4</alignment>
         <input_file_ref idref="fl-2"/>
      </object_component>
      <object_component id="oc-101">
         <name>.text.SYSCFG_DL_init</name>
         <load_address>0x5e0c</load_address>
         <readonly>true</readonly>
         <executable>true</executable>
         <run_address>0x5e0c</run_address>
         <size>0x4c</size>
         <alignment>0x4</alignment>
         <input_file_ref idref="fl-2"/>
      </object_component>
      <object_component id="oc-24d">
         <name>.text.DL_ADC12_configConversionMem</name>
         <load_address>0x5e58</load_address>
         <readonly>true</readonly>
         <executable>true</executable>
         <run_address>0x5e58</run_address>
         <size>0x4a</size>
         <alignment>0x2</alignment>
         <input_file_ref idref="fl-2"/>
      </object_component>
      <object_component id="oc-da">
         <name>.text.__fixdfsi</name>
         <load_address>0x5ea4</load_address>
         <readonly>true</readonly>
         <executable>true</executable>
         <run_address>0x5ea4</run_address>
         <size>0x4a</size>
         <alignment>0x4</alignment>
         <input_file_ref idref="fl-114"/>
      </object_component>
      <object_component id="oc-23a">
         <name>.text.DL_UART_init</name>
         <load_address>0x5ef0</load_address>
         <readonly>true</readonly>
         <executable>true</executable>
         <run_address>0x5ef0</run_address>
         <size>0x48</size>
         <alignment>0x4</alignment>
         <input_file_ref idref="fl-27"/>
      </object_component>
      <object_component id="oc-27d">
         <name>.text.dmp_enable_6x_lp_quat</name>
         <load_address>0x5f38</load_address>
         <readonly>true</readonly>
         <executable>true</executable>
         <run_address>0x5f38</run_address>
         <size>0x48</size>
         <alignment>0x4</alignment>
         <input_file_ref idref="fl-5"/>
      </object_component>
      <object_component id="oc-27c">
         <name>.text.dmp_enable_lp_quat</name>
         <load_address>0x5f80</load_address>
         <readonly>true</readonly>
         <executable>true</executable>
         <run_address>0x5f80</run_address>
         <size>0x48</size>
         <alignment>0x4</alignment>
         <input_file_ref idref="fl-5"/>
      </object_component>
      <object_component id="oc-27e">
         <name>.text.mspm0_i2c_disable</name>
         <load_address>0x5fc8</load_address>
         <readonly>true</readonly>
         <executable>true</executable>
         <run_address>0x5fc8</run_address>
         <size>0x48</size>
         <alignment>0x4</alignment>
         <input_file_ref idref="fl-14"/>
      </object_component>
      <object_component id="oc-212">
         <name>.text.DL_SYSCTL_switchMCLKfromSYSOSCtoHSCLK</name>
         <load_address>0x6010</load_address>
         <readonly>true</readonly>
         <executable>true</executable>
         <run_address>0x6010</run_address>
         <size>0x44</size>
         <alignment>0x4</alignment>
         <input_file_ref idref="fl-28"/>
      </object_component>
      <object_component id="oc-279">
         <name>.text.dmp_set_shake_reject_thresh</name>
         <load_address>0x6054</load_address>
         <readonly>true</readonly>
         <executable>true</executable>
         <run_address>0x6054</run_address>
         <size>0x44</size>
         <alignment>0x2</alignment>
         <input_file_ref idref="fl-5"/>
      </object_component>
      <object_component id="oc-276">
         <name>.text.dmp_set_tap_count</name>
         <load_address>0x6098</load_address>
         <readonly>true</readonly>
         <executable>true</executable>
         <run_address>0x6098</run_address>
         <size>0x44</size>
         <alignment>0x2</alignment>
         <input_file_ref idref="fl-5"/>
      </object_component>
      <object_component id="oc-254">
         <name>.text.mspm0_i2c_disable</name>
         <load_address>0x60dc</load_address>
         <readonly>true</readonly>
         <executable>true</executable>
         <run_address>0x60dc</run_address>
         <size>0x44</size>
         <alignment>0x4</alignment>
         <input_file_ref idref="fl-7"/>
      </object_component>
      <object_component id="oc-161">
         <name>.text.__fixunsdfsi</name>
         <load_address>0x6120</load_address>
         <readonly>true</readonly>
         <executable>true</executable>
         <run_address>0x6120</run_address>
         <size>0x42</size>
         <alignment>0x4</alignment>
         <input_file_ref idref="fl-116"/>
      </object_component>
      <object_component id="oc-de">
         <name>.text.Car_setspeed</name>
         <load_address>0x6164</load_address>
         <readonly>true</readonly>
         <executable>true</executable>
         <run_address>0x6164</run_address>
         <size>0x40</size>
         <alignment>0x4</alignment>
         <input_file_ref idref="fl-c"/>
      </object_component>
      <object_component id="oc-246">
         <name>.text.DL_ADC12_setClockConfig</name>
         <load_address>0x61a4</load_address>
         <readonly>true</readonly>
         <executable>true</executable>
         <run_address>0x61a4</run_address>
         <size>0x40</size>
         <alignment>0x4</alignment>
         <input_file_ref idref="fl-23"/>
      </object_component>
      <object_component id="oc-268">
         <name>.text.__aeabi_uidivmod</name>
         <load_address>0x61e4</load_address>
         <readonly>true</readonly>
         <executable>true</executable>
         <run_address>0x61e4</run_address>
         <size>0x40</size>
         <alignment>0x4</alignment>
         <input_file_ref idref="fl-123"/>
      </object_component>
      <object_component id="oc-ce">
         <name>.text.__extendsfdf2</name>
         <load_address>0x6224</load_address>
         <readonly>true</readonly>
         <executable>true</executable>
         <run_address>0x6224</run_address>
         <size>0x40</size>
         <alignment>0x4</alignment>
         <input_file_ref idref="fl-113"/>
      </object_component>
      <object_component id="oc-30b">
         <name>.text.atoi</name>
         <load_address>0x6264</load_address>
         <readonly>true</readonly>
         <executable>true</executable>
         <run_address>0x6264</run_address>
         <size>0x40</size>
         <alignment>0x4</alignment>
         <input_file_ref idref="fl-46"/>
      </object_component>
      <object_component id="oc-19c">
         <name>.text.inv_orientation_matrix_to_scalar</name>
         <load_address>0x62a4</load_address>
         <readonly>true</readonly>
         <executable>true</executable>
         <run_address>0x62a4</run_address>
         <size>0x3e</size>
         <alignment>0x2</alignment>
         <input_file_ref idref="fl-6"/>
      </object_component>
      <object_component id="oc-2f7">
         <name>.text.DL_I2C_flushControllerTXFIFO</name>
         <load_address>0x62e4</load_address>
         <readonly>true</readonly>
         <executable>true</executable>
         <run_address>0x62e4</run_address>
         <size>0x3c</size>
         <alignment>0x4</alignment>
         <input_file_ref idref="fl-25"/>
      </object_component>
      <object_component id="oc-217">
         <name>.text.DL_Timer_setCounterControl</name>
         <load_address>0x6320</load_address>
         <readonly>true</readonly>
         <executable>true</executable>
         <run_address>0x6320</run_address>
         <size>0x3c</size>
         <alignment>0x4</alignment>
         <input_file_ref idref="fl-2"/>
      </object_component>
      <object_component id="oc-2e9">
         <name>.text.OLED_Set_Pos</name>
         <load_address>0x635c</load_address>
         <readonly>true</readonly>
         <executable>true</executable>
         <run_address>0x635c</run_address>
         <size>0x3c</size>
         <alignment>0x2</alignment>
         <input_file_ref idref="fl-14"/>
      </object_component>
      <object_component id="oc-f0">
         <name>.text.__gtsf2</name>
         <load_address>0x6398</load_address>
         <readonly>true</readonly>
         <executable>true</executable>
         <run_address>0x6398</run_address>
         <size>0x3c</size>
         <alignment>0x4</alignment>
         <input_file_ref idref="fl-125"/>
      </object_component>
      <object_component id="oc-12f">
         <name>.text:__TI_auto_init_nobinit_nopinit</name>
         <load_address>0x63d4</load_address>
         <readonly>true</readonly>
         <executable>true</executable>
         <run_address>0x63d4</run_address>
         <size>0x3c</size>
         <alignment>0x4</alignment>
         <input_file_ref idref="fl-4f"/>
      </object_component>
      <object_component id="oc-eb">
         <name>.text.__eqsf2</name>
         <load_address>0x6410</load_address>
         <readonly>true</readonly>
         <executable>true</executable>
         <run_address>0x6410</run_address>
         <size>0x3a</size>
         <alignment>0x4</alignment>
         <input_file_ref idref="fl-125"/>
      </object_component>
      <object_component id="oc-15c">
         <name>.text.__muldsi3</name>
         <load_address>0x644c</load_address>
         <readonly>true</readonly>
         <executable>true</executable>
         <run_address>0x644c</run_address>
         <size>0x3a</size>
         <alignment>0x4</alignment>
         <input_file_ref idref="fl-10f"/>
      </object_component>
      <object_component id="oc-2d7">
         <name>.text.__fixsfsi</name>
         <load_address>0x6488</load_address>
         <readonly>true</readonly>
         <executable>true</executable>
         <run_address>0x6488</run_address>
         <size>0x38</size>
         <alignment>0x4</alignment>
         <input_file_ref idref="fl-115"/>
      </object_component>
      <object_component id="oc-1bf">
         <name>.text.sprintf</name>
         <load_address>0x64c0</load_address>
         <readonly>true</readonly>
         <executable>true</executable>
         <run_address>0x64c0</run_address>
         <size>0x38</size>
[...]
         <value>0x0</value>
      </symbol>
      <symbol id="sm-464">
         <name>__TI_ATRegion1_trg_addr</name>
         <value>0x0</value>
      </symbol>
      <symbol id="sm-465">
         <name>__TI_ATRegion1_region_sz</name>
         <value>0x0</value>
      </symbol>
      <symbol id="sm-466">
         <name>__TI_ATRegion2_src_addr</name>
         <value>0x0</value>
      </symbol>
      <symbol id="sm-467">
         <name>__TI_ATRegion2_trg_addr</name>
         <value>0x0</value>
      </symbol>
      <symbol id="sm-468">
         <name>__TI_ATRegion2_region_sz</name>
         <value>0x0</value>
      </symbol>
      <symbol id="sm-473">
         <name>DL_ADC12_setClockConfig</name>
         <value>0x61a5</value>
         <object_component_ref idref="oc-246"/>
      </symbol>
      <symbol id="sm-47c">
         <name>DL_Common_delayCycles</name>
         <value>0x74d1</value>
         <object_component_ref idref="oc-1f3"/>
      </symbol>
      <symbol id="sm-48b">
         <name>DL_I2C_setClockConfig</name>
         <value>0x6923</value>
         <object_component_ref idref="oc-224"/>
      </symbol>
      <symbol id="sm-48c">
         <name>DL_I2C_fillControllerTXFIFO</name>
         <value>0x5729</value>
         <object_component_ref idref="oc-284"/>
      </symbol>
      <symbol id="sm-48d">
         <name>DL_I2C_flushControllerTXFIFO</name>
         <value>0x62e5</value>
         <object_component_ref idref="oc-2f7"/>
      </symbol>
      <symbol id="sm-4a9">
         <name>DL_Timer_setClockConfig</name>
         <value>0x6cf1</value>
         <object_component_ref idref="oc-215"/>
      </symbol>
      <symbol id="sm-4aa">
         <name>DL_Timer_initTimerMode</name>
         <value>0x3155</value>
         <object_component_ref idref="oc-220"/>
      </symbol>
      <symbol id="sm-4ab">
         <name>DL_Timer_setCaptureCompareValue</name>
         <value>0x7441</value>
         <object_component_ref idref="oc-165"/>
      </symbol>
      <symbol id="sm-4ac">
         <name>DL_Timer_setCaptCompUpdateMethod</name>
         <value>0x6cd5</value>
         <object_component_ref idref="oc-219"/>
      </symbol>
      <symbol id="sm-4ad">
         <name>DL_Timer_setCaptureCompareOutCtl</name>
         <value>0x7091</value>
         <object_component_ref idref="oc-218"/>
      </symbol>
      <symbol id="sm-4ae">
         <name>DL_Timer_initFourCCPWMMode</name>
         <value>0x2f51</value>
         <object_component_ref idref="oc-216"/>
      </symbol>
      <symbol id="sm-4bb">
         <name>DL_UART_init</name>
         <value>0x5ef1</value>
         <object_component_ref idref="oc-23a"/>
      </symbol>
      <symbol id="sm-4bc">
         <name>DL_UART_setClockConfig</name>
         <value>0x73db</value>
         <object_component_ref idref="oc-234"/>
      </symbol>
      <symbol id="sm-4cd">
         <name>DL_SYSCTL_configSYSPLL</name>
         <value>0x38c5</value>
         <object_component_ref idref="oc-208"/>
      </symbol>
      <symbol id="sm-4ce">
         <name>DL_SYSCTL_switchMCLKfromSYSOSCtoHSCLK</name>
         <value>0x6011</value>
         <object_component_ref idref="oc-212"/>
      </symbol>
      <symbol id="sm-4cf">
         <name>DL_SYSCTL_configFCC</name>
         <value>0x6c49</value>
         <object_component_ref idref="oc-2a9"/>
      </symbol>
      <symbol id="sm-4e4">
         <name>sprintf</name>
         <value>0x64c1</value>
         <object_component_ref idref="oc-1bf"/>
      </symbol>
      <symbol id="sm-4ef">
         <name>__aeabi_errno_addr</name>
         <value>0x7515</value>
         <object_component_ref idref="oc-313"/>
      </symbol>
      <symbol id="sm-4f0">
         <name>__aeabi_errno</name>
         <value>0x2020044c</value>
         <object_component_ref idref="oc-32f"/>
      </symbol>
      <symbol id="sm-4fb">
         <name>atoi</name>
         <value>0x6265</value>
         <object_component_ref idref="oc-30b"/>
      </symbol>
      <symbol id="sm-505">
         <name>memcmp</name>
         <value>0x6a7d</value>
         <object_component_ref idref="oc-2cb"/>
      </symbol>
      <symbol id="sm-514">
         <name>_c_int00_noargs</name>
         <value>0x68d5</value>
         <object_component_ref idref="oc-6a"/>
      </symbol>
      <symbol id="sm-515">
         <name>__stack</name>
         <value>0x20207e00</value>
         <object_component_ref idref="oc-1a"/>
      </symbol>
      <symbol id="sm-524">
         <name>__TI_auto_init_nobinit_nopinit</name>
         <value>0x63d5</value>
         <object_component_ref idref="oc-12f"/>
      </symbol>
      <symbol id="sm-52c">
         <name>_system_pre_init</name>
         <value>0x7545</value>
         <object_component_ref idref="oc-ba"/>
      </symbol>
      <symbol id="sm-537">
         <name>__TI_zero_init_nomemset</name>
         <value>0x71eb</value>
         <object_component_ref idref="oc-61"/>
      </symbol>
      <symbol id="sm-540">
         <name>__TI_decompress_none</name>
         <value>0x73ff</value>
         <object_component_ref idref="oc-20"/>
      </symbol>
      <symbol id="sm-54b">
         <name>__TI_decompress_lzss</name>
         <value>0x4da5</value>
         <object_component_ref idref="oc-1c"/>
      </symbol>
      <symbol id="sm-594">
         <name>__TI_printfi</name>
         <value>0xc1</value>
         <object_component_ref idref="oc-2f3"/>
      </symbol>
      <symbol id="sm-596">
         <name>__aeabi_ctype_table_</name>
         <value>0x8960</value>
         <object_component_ref idref="oc-328"/>
      </symbol>
      <symbol id="sm-597">
         <name>__aeabi_ctype_table_C</name>
         <value>0x8960</value>
         <object_component_ref idref="oc-328"/>
      </symbol>
      <symbol id="sm-5a1">
         <name>abort</name>
         <value>0x7525</value>
         <object_component_ref idref="oc-128"/>
      </symbol>
      <symbol id="sm-5ab">
         <name>__TI_ltoa</name>
         <value>0x59a5</value>
         <object_component_ref idref="oc-341"/>
      </symbol>
      <symbol id="sm-5b5">
         <name>memccpy</name>
         <value>0x69d9</value>
         <object_component_ref idref="oc-304"/>
      </symbol>
      <symbol id="sm-5c1">
         <name>frexp</name>
         <value>0x5789</value>
         <object_component_ref idref="oc-339"/>
      </symbol>
      <symbol id="sm-5c2">
         <name>frexpl</name>
         <value>0x5789</value>
         <object_component_ref idref="oc-339"/>
      </symbol>
      <symbol id="sm-5cc">
         <name>scalbn</name>
         <value>0x3b59</value>
         <object_component_ref idref="oc-33d"/>
      </symbol>
      <symbol id="sm-5cd">
         <name>ldexp</name>
         <value>0x3b59</value>
         <object_component_ref idref="oc-33d"/>
      </symbol>
      <symbol id="sm-5ce">
         <name>scalbnl</name>
         <value>0x3b59</value>
         <object_component_ref idref="oc-33d"/>
      </symbol>
      <symbol id="sm-5cf">
         <name>ldexpl</name>
         <value>0x3b59</value>
         <object_component_ref idref="oc-33d"/>
      </symbol>
      <symbol id="sm-5d8">
         <name>wcslen</name>
         <value>0x7471</value>
         <object_component_ref idref="oc-30f"/>
      </symbol>
      <symbol id="sm-5e0">
         <name>HOSTexit</name>
         <value>0x752b</value>
         <object_component_ref idref="oc-1cb"/>
      </symbol>
      <symbol id="sm-5e1">
         <name>C$$EXIT</name>
         <value>0x752a</value>
         <object_component_ref idref="oc-1cb"/>
      </symbol>
      <symbol id="sm-5f1">
         <name>__aeabi_fadd</name>
         <value>0x3c3b</value>
         <object_component_ref idref="oc-9d"/>
      </symbol>
      <symbol id="sm-5f2">
         <name>__addsf3</name>
         <value>0x3c3b</value>
         <object_component_ref idref="oc-9d"/>
      </symbol>
      <symbol id="sm-5f3">
         <name>__aeabi_fsub</name>
         <value>0x3c31</value>
         <object_component_ref idref="oc-9d"/>
      </symbol>
      <symbol id="sm-5f4">
         <name>__subsf3</name>
         <value>0x3c31</value>
         <object_component_ref idref="oc-9d"/>
      </symbol>
      <symbol id="sm-5fa">
         <name>__aeabi_dadd</name>
         <value>0x1df3</value>
         <object_component_ref idref="oc-d6"/>
      </symbol>
      <symbol id="sm-5fb">
         <name>__adddf3</name>
         <value>0x1df3</value>
         <object_component_ref idref="oc-d6"/>
      </symbol>
      <symbol id="sm-5fc">
         <name>__aeabi_dsub</name>
         <value>0x1de9</value>
         <object_component_ref idref="oc-d6"/>
      </symbol>
      <symbol id="sm-5fd">
         <name>__subdf3</name>
         <value>0x1de9</value>
         <object_component_ref idref="oc-d6"/>
      </symbol>
      <symbol id="sm-606">
         <name>__aeabi_dmul</name>
         <value>0x3619</value>
         <object_component_ref idref="oc-e1"/>
      </symbol>
      <symbol id="sm-607">
         <name>__muldf3</name>
         <value>0x3619</value>
         <object_component_ref idref="oc-e1"/>
      </symbol>
      <symbol id="sm-60d">
         <name>__muldsi3</name>
         <value>0x644d</value>
         <object_component_ref idref="oc-15c"/>
      </symbol>
      <symbol id="sm-613">
         <name>__aeabi_fmul</name>
         <value>0x4b0d</value>
         <object_component_ref idref="oc-2d3"/>
      </symbol>
      <symbol id="sm-614">
         <name>__mulsf3</name>
         <value>0x4b0d</value>
         <object_component_ref idref="oc-2d3"/>
      </symbol>
      <symbol id="sm-61a">
         <name>__aeabi_fdiv</name>
         <value>0x4ca1</value>
         <object_component_ref idref="oc-146"/>
      </symbol>
      <symbol id="sm-61b">
         <name>__divsf3</name>
         <value>0x4ca1</value>
         <object_component_ref idref="oc-146"/>
      </symbol>
      <symbol id="sm-621">
         <name>__aeabi_ddiv</name>
         <value>0x2e45</value>
         <object_component_ref idref="oc-34a"/>
      </symbol>
      <symbol id="sm-622">
         <name>__divdf3</name>
         <value>0x2e45</value>
         <object_component_ref idref="oc-34a"/>
      </symbol>
      <symbol id="sm-628">
         <name>__aeabi_f2d</name>
         <value>0x6225</value>
         <object_component_ref idref="oc-ce"/>
      </symbol>
      <symbol id="sm-629">
         <name>__extendsfdf2</name>
         <value>0x6225</value>
         <object_component_ref idref="oc-ce"/>
      </symbol>
      <symbol id="sm-62f">
         <name>__aeabi_d2iz</name>
         <value>0x5ea5</value>
         <object_component_ref idref="oc-da"/>
      </symbol>
      <symbol id="sm-630">
         <name>__fixdfsi</name>
         <value>0x5ea5</value>
         <object_component_ref idref="oc-da"/>
      </symbol>
      <symbol id="sm-636">
         <name>__aeabi_f2iz</name>
         <value>0x6489</value>
         <object_component_ref idref="oc-2d7"/>
      </symbol>
      <symbol id="sm-637">
         <name>__fixsfsi</name>
         <value>0x6489</value>
         <object_component_ref idref="oc-2d7"/>
      </symbol>
      <symbol id="sm-63d">
         <name>__aeabi_d2uiz</name>
         <value>0x6121</value>
         <object_component_ref idref="oc-161"/>
      </symbol>
      <symbol id="sm-63e">
         <name>__fixunsdfsi</name>
         <value>0x6121</value>
         <object_component_ref idref="oc-161"/>
      </symbol>
      <symbol id="sm-644">
         <name>__aeabi_i2d</name>
         <value>0x673d</value>
         <object_component_ref idref="oc-8e"/>
      </symbol>
      <symbol id="sm-645">
         <name>__floatsidf</name>
         <value>0x673d</value>
         <object_component_ref idref="oc-8e"/>
      </symbol>
      <symbol id="sm-64b">
         <name>__aeabi_ui2d</name>
         <value>0x6991</value>
         <object_component_ref idref="oc-158"/>
      </symbol>
      <symbol id="sm-64c">
         <name>__floatunsidf</name>
         <value>0x6991</value>
         <object_component_ref idref="oc-158"/>
      </symbol>
      <symbol id="sm-652">
         <name>__aeabi_ui2f</name>
         <value>0x68ad</value>
         <object_component_ref idref="oc-2cf"/>
      </symbol>
      <symbol id="sm-653">
         <name>__floatunsisf</name>
         <value>0x68ad</value>
         <object_component_ref idref="oc-2cf"/>
      </symbol>
      <symbol id="sm-659">
         <name>__aeabi_lmul</name>
         <value>0x69b5</value>
         <object_component_ref idref="oc-318"/>
      </symbol>
      <symbol id="sm-65a">
         <name>__muldi3</name>
         <value>0x69b5</value>
         <object_component_ref idref="oc-318"/>
      </symbol>
      <symbol id="sm-661">
         <name>__aeabi_d2f</name>
         <value>0x4f11</value>
         <object_component_ref idref="oc-142"/>
      </symbol>
      <symbol id="sm-662">
         <name>__truncdfsf2</name>
         <value>0x4f11</value>
         <object_component_ref idref="oc-142"/>
      </symbol>
      <symbol id="sm-668">
         <name>__aeabi_dcmpeq</name>
         <value>0x5481</value>
         <object_component_ref idref="oc-d2"/>
      </symbol>
      <symbol id="sm-669">
         <name>__aeabi_dcmplt</name>
         <value>0x5495</value>
         <object_component_ref idref="oc-d2"/>
      </symbol>
      <symbol id="sm-66a">
         <name>__aeabi_dcmple</name>
         <value>0x54a9</value>
         <object_component_ref idref="oc-d2"/>
      </symbol>
      <symbol id="sm-66b">
         <name>__aeabi_dcmpge</name>
         <value>0x54bd</value>
         <object_component_ref idref="oc-d2"/>
      </symbol>
      <symbol id="sm-66c">
         <name>__aeabi_dcmpgt</name>
         <value>0x54d1</value>
         <object_component_ref idref="oc-d2"/>
      </symbol>
      <symbol id="sm-672">
         <name>__aeabi_fcmpeq</name>
         <value>0x54e5</value>
         <object_component_ref idref="oc-99"/>
      </symbol>
      <symbol id="sm-673">
         <name>__aeabi_fcmplt</name>
         <value>0x54f9</value>
         <object_component_ref idref="oc-99"/>
      </symbol>
      <symbol id="sm-674">
         <name>__aeabi_fcmple</name>
         <value>0x550d</value>
         <object_component_ref idref="oc-99"/>
      </symbol>
      <symbol id="sm-675">
         <name>__aeabi_fcmpge</name>
         <value>0x5521</value>
         <object_component_ref idref="oc-99"/>
      </symbol>
      <symbol id="sm-676">
         <name>__aeabi_fcmpgt</name>
         <value>0x5535</value>
         <object_component_ref idref="oc-99"/>
      </symbol>
      <symbol id="sm-67c">
         <name>__aeabi_idiv</name>
         <value>0x5a55</value>
         <object_component_ref idref="oc-2db"/>
      </symbol>
      <symbol id="sm-67d">
         <name>__aeabi_idivmod</name>
         <value>0x5a55</value>
         <object_component_ref idref="oc-2db"/>
      </symbol>
      <symbol id="sm-683">
         <name>__aeabi_memcpy</name>
         <value>0x751d</value>
         <object_component_ref idref="oc-5a"/>
      </symbol>
      <symbol id="sm-684">
         <name>__aeabi_memcpy4</name>
         <value>0x751d</value>
         <object_component_ref idref="oc-5a"/>
      </symbol>
      <symbol id="sm-685">
         <name>__aeabi_memcpy8</name>
         <value>0x751d</value>
         <object_component_ref idref="oc-5a"/>
      </symbol>
      <symbol id="sm-68c">
         <name>__aeabi_memset</name>
         <value>0x7481</value>
         <object_component_ref idref="oc-303"/>
      </symbol>
      <symbol id="sm-68d">
         <name>__aeabi_memset4</name>
         <value>0x7481</value>
         <object_component_ref idref="oc-303"/>
      </symbol>
      <symbol id="sm-68e">
         <name>__aeabi_memset8</name>
         <value>0x7481</value>
         <object_component_ref idref="oc-303"/>
      </symbol>
      <symbol id="sm-694">
         <name>__aeabi_uidiv</name>
         <value>0x61e5</value>
         <object_component_ref idref="oc-268"/>
      </symbol>
      <symbol id="sm-695">
         <name>__aeabi_uidivmod</name>
         <value>0x61e5</value>
         <object_component_ref idref="oc-268"/>
      </symbol>
      <symbol id="sm-69b">
         <name>__aeabi_uldivmod</name>
         <value>0x7355</value>
         <object_component_ref idref="oc-31d"/>
      </symbol>
      <symbol id="sm-6a4">
         <name>__eqsf2</name>
         <value>0x6411</value>
         <object_component_ref idref="oc-eb"/>
      </symbol>
      <symbol id="sm-6a5">
         <name>__lesf2</name>
         <value>0x6411</value>
         <object_component_ref idref="oc-eb"/>
      </symbol>
      <symbol id="sm-6a6">
         <name>__ltsf2</name>
         <value>0x6411</value>
         <object_component_ref idref="oc-eb"/>
      </symbol>
      <symbol id="sm-6a7">
         <name>__nesf2</name>
         <value>0x6411</value>
         <object_component_ref idref="oc-eb"/>
      </symbol>
      <symbol id="sm-6a8">
         <name>__cmpsf2</name>
         <value>0x6411</value>
         <object_component_ref idref="oc-eb"/>
      </symbol>
      <symbol id="sm-6a9">
         <name>__gtsf2</name>
         <value>0x6399</value>
         <object_component_ref idref="oc-f0"/>
      </symbol>
      <symbol id="sm-6aa">
         <name>__gesf2</name>
         <value>0x6399</value>
         <object_component_ref idref="oc-f0"/>
      </symbol>
      <symbol id="sm-6b0">
         <name>__udivmoddi4</name>
         <value>0x46d5</value>
         <object_component_ref idref="oc-334"/>
      </symbol>
      <symbol id="sm-6b6">
         <name>__aeabi_llsl</name>
         <value>0x6abd</value>
         <object_component_ref idref="oc-351"/>
      </symbol>
      <symbol id="sm-6b7">
         <name>__ashldi3</name>
         <value>0x6abd</value>
         <object_component_ref idref="oc-351"/>
      </symbol>
      <symbol id="sm-6c5">
         <name>__ledf2</name>
         <value>0x5285</value>
         <object_component_ref idref="oc-14e"/>
      </symbol>
      <symbol id="sm-6c6">
         <name>__gedf2</name>
         <value>0x4e99</value>
         <object_component_ref idref="oc-154"/>
      </symbol>
      <symbol id="sm-6c7">
         <name>__cmpdf2</name>
         <value>0x5285</value>
         <object_component_ref idref="oc-14e"/>
      </symbol>
      <symbol id="sm-6c8">
         <name>__eqdf2</name>
         <value>0x5285</value>
         <object_component_ref idref="oc-14e"/>
      </symbol>
      <symbol id="sm-6c9">
         <name>__ltdf2</name>
         <value>0x5285</value>
         <object_component_ref idref="oc-14e"/>
      </symbol>
      <symbol id="sm-6ca">
         <name>__nedf2</name>
         <value>0x5285</value>
         <object_component_ref idref="oc-14e"/>
      </symbol>
      <symbol id="sm-6cb">
         <name>__gtdf2</name>
         <value>0x4e99</value>
         <object_component_ref idref="oc-154"/>
      </symbol>
      <symbol id="sm-6d8">
         <name>__aeabi_idiv0</name>
         <value>0x1f7b</value>
         <object_component_ref idref="oc-2c4"/>
      </symbol>
      <symbol id="sm-6d9">
         <name>__aeabi_ldiv0</name>
         <value>0x4777</value>
         <object_component_ref idref="oc-350"/>
      </symbol>
      <symbol id="sm-6e2">
         <name>TI_memcpy_small</name>
         <value>0x73ed</value>
         <object_component_ref idref="oc-f7"/>
      </symbol>
      <symbol id="sm-6eb">
         <name>TI_memset_small</name>
         <value>0x74ab</value>
         <object_component_ref idref="oc-16d"/>
      </symbol>
      <symbol id="sm-6ec">
         <name>__TI_static_base__</name>
         <value>0x0</value>
      </symbol>
      <symbol id="sm-6f0">
         <name>__mpu_init</name>
         <value>0x0</value>
      </symbol>
      <symbol id="sm-6f1">
         <name>_system_post_cinit</name>
         <value>0x0</value>
      </symbol>
   </symbol_table>
   <title>Link successful</title>
</link_info>
