******************************************************************************
            TI ARM Clang Linker PC v4.0.4                      
******************************************************************************
>> Linked Tue Jun  2 19:05:18 2026

OUTPUT FILE NAME:   <test.out>
ENTRY POINT SYMBOL: "_c_int00_noargs"  address: 000068d5


MEMORY CONFIGURATION

         name            origin    length      used     unused   attr    fill
----------------------  --------  ---------  --------  --------  ----  --------
  FLASH                 00000000   00020000  00008bc8  00017438  R  X
  SRAM                  20200000   00008000  0000065a  000079a6  RW X
  BCR_CONFIG            41c00000   000000ff  00000000  000000ff  R   
  BSL_CONFIG            41c00100   00000080  00000000  00000080  R   


SEGMENT ALLOCATION MAP

run origin  load origin   length   init length attrs members
----------  ----------- ---------- ----------- ----- -------
00000000    00000000    00008bc8   00008bc8    r-x
  00000000    00000000    000000c0   000000c0    r-- .intvecs
  000000c0    000000c0    00007490   00007490    r-x .text
  00007550    00007550    00001620   00001620    r-- .rodata
  00008b70    00008b70    00000058   00000058    r-- .cinit
20200000    20200000    0000045b   00000000    rw-
  20200000    20200000    000003c7   00000000    rw- .bss
  202003c8    202003c8    00000093   00000000    rw- .data
20207e00    20207e00    00000200   00000000    rw-
  20207e00    20207e00    00000200   00000000    rw- .stack


SECTION ALLOCATION MAP

 output                                  attributes/
section   page    origin      length       input sections
--------  ----  ----------  ----------   ----------------
.intvecs   0    00000000    000000c0     
                  00000000    000000c0     startup_mspm0g350x_ticlang.o (.intvecs)

.text      0    000000c0    00007490     
                  000000c0    000009d0     libc.a : _printfi.c.obj (.text:__TI_printfi)
                  00000a90    00000280     ti_msp_dl_config.o (.text.SYSCFG_DL_GPIO_init)
                  00000d10    00000278     inv_mpu_dmp_motion_driver.o (.text.dmp_enable_feature)
                  00000f88    00000250     main.o (.text.renwu)
                  000011d8    00000238     inv_mpu_dmp_motion_driver.o (.text.dmp_set_tap_thresh)
                  00001410    0000022c     inv_mpu.o (.text.mpu_reset_fifo)
                  0000163c    00000220     libc.a : _printfi.c.obj (.text._pconv_a)
                  0000185c    00000210     main.o (.text.TIMG0_IRQHandler)
                  00001a6c    000001dc     libc.a : _printfi.c.obj (.text._pconv_g)
                  00001c48    000001a0     inv_mpu.o (.text.mpu_set_bypass)
                  00001de8    00000192     libclang_rt.builtins.a : adddf3.S.obj (.text.adddf3_subdf3)
                  00001f7a    00000002                            : aeabi_div0.c.obj (.text.__aeabi_idiv0)
                  00001f7c    00000188     main.o (.text.main)
                  00002104    00000178     inv_mpu_dmp_motion_driver.o (.text.dmp_set_orientation)
                  0000227c    0000014c     Motor.o (.text.Car_Move)
                  000023c8    00000148     mpu6050.o (.text.MPU6050_Init)
                  00002510    0000013c     libc.a : _printfi.c.obj (.text.fcvt)
                  0000264c    00000134     mspm0_i2c.o (.text.mspm0_i2c_read)
                  00002780    00000130     inv_mpu.o (.text.mpu_set_sensors)
                  000028b0    00000128     inv_mpu.o (.text.mpu_init)
                  000029d8    00000124     inv_mpu.o (.text.mpu_load_firmware)
                  00002afc    00000120     libc.a : _printfi.c.obj (.text._pconv_e)
                  00002c1c    00000118     oled_hardware_i2c.o (.text.OLED_ShowChar)
                  00002d34    00000110     oled_hardware_i2c.o (.text.OLED_Init)
                  00002e44    0000010c     libclang_rt.builtins.a : divdf3.S.obj (.text.__divdf3)
                  00002f50    00000104     driverlib.a : dl_timer.o (.text.DL_Timer_initFourCCPWMMode)
                  00003054    00000100     inv_mpu.o (.text.mpu_lp_accel_mode)
                  00003154    000000fc     driverlib.a : dl_timer.o (.text.DL_Timer_initTimerMode)
                  00003250    000000fc     Motor.o (.text.xunji_pid)
                  0000334c    000000f4     Key.o (.text.Key_GetNum)
                  00003440    000000ec     ti_msp_dl_config.o (.text.SYSCFG_DL_SYSCTL_SYSPLL_init)
                  0000352c    000000ec     inv_mpu.o (.text.mpu_set_sample_rate)
                  00003618    000000e4     libclang_rt.builtins.a : muldf3.S.obj (.text.__muldf3)
                  000036fc    000000e4     inv_mpu.o (.text.mpu_set_accel_fsr)
                  000037e0    000000e4     Motor.o (.text.xun)
                  000038c4    000000dc     driverlib.a : dl_sysctl_mspm0g1x0x_g3x0x.o (.text.DL_SYSCTL_configSYSPLL)
                  000039a0    000000dc     PID.o (.text.PID_caculate)
                  00003a7c    000000dc     ti_msp_dl_config.o (.text.SYSCFG_DL_PWM_ALL_init)
                  00003b58    000000d8     libc.a : s_scalbn.c.obj (.text.scalbn)
                  00003c30    000000d8     libclang_rt.builtins.a : addsf3.S.obj (.text)
                  00003d08    000000d4     ti_msp_dl_config.o (.text.SYSCFG_DL_initPower)
                  00003ddc    000000d4     inv_mpu.o (.text.set_int_enable)
                  00003eb0    000000d0     inv_mpu.o (.text.mpu_set_lpf)
                  00003f80    000000cc     work.o (.text.oled_show)
                  0000404c    000000c4     Uart.o (.text.UART0_IRQHandler)
                  00004110    000000c4     Uart.o (.text.UART1_IRQHandler)
                  000041d4    000000c4     inv_mpu.o (.text.mpu_set_gyro_fsr)
                  00004298    000000c4     mspm0_i2c.o (.text.mspm0_i2c_write)
                  0000435c    000000bc     inv_mpu.o (.text.mpu_configure_fifo)
                  00004418    000000b8     inv_mpu.o (.text.mpu_set_dmp_state)
                  000044d0    000000ac     Motor.o (.text.GROUP1_IRQHandler)
                  0000457c    000000ac     inv_mpu.o (.text.mpu_read_mem)
                  00004628    000000ac     inv_mpu.o (.text.mpu_write_mem)
                  000046d4    000000a2     libclang_rt.builtins.a : udivmoddi4.S.obj (.text)
                  00004776    00000002                            : aeabi_div0.c.obj (.text.__aeabi_ldiv0)
                  00004778    000000a0     Motor.o (.text.get_sensor_actual)
                  00004818    0000009c     inv_mpu.o (.text.mpu_set_int_latched)
                  000048b4    00000098     oled_hardware_i2c.o (.text.OLED_WR_Byte)
                  0000494c    00000098     inv_mpu_dmp_motion_driver.o (.text.dmp_set_fifo_rate)
                  000049e4    00000096     mpu6050.o (.text.inv_row_2_scale)
                  00004a7a    00000002     --HOLE-- [fill = 0]
                  00004a7c    00000090     ti_msp_dl_config.o (.text.SYSCFG_DL_PWM_SERVO_init)
                  00004b0c    0000008c     libclang_rt.builtins.a : mulsf3.S.obj (.text.__mulsf3)
                  00004b98    00000084     clock.o (.text.__NVIC_SetPriority)
                  00004c1c    00000084     ti_msp_dl_config.o (.text.__NVIC_SetPriority)
                  00004ca0    00000082     libclang_rt.builtins.a : divsf3.S.obj (.text.__divsf3)
                  00004d22    00000002     --HOLE-- [fill = 0]
                  00004d24    00000080     work.o (.text.Timer_work)
                  00004da4    0000007c     libc.a : copy_decompress_lzss.c.obj (.text:decompress:lzss)
                  00004e20    00000078     work.o (.text.key_work)
                  00004e98    00000074     libclang_rt.builtins.a : comparedf2.c.obj (.text.__gedf2)
                  00004f0c    00000004     startup_mspm0g350x_ticlang.o (.text.Default_Handler)
                  00004f10    00000074     libclang_rt.builtins.a : truncdfsf2.S.obj (.text.__truncdfsf2)
                  00004f84    00000074     inv_mpu.o (.text.mpu_get_accel_fsr)
                  00004ff8    00000070     oled_hardware_i2c.o (.text.OLED_ShowString)
                  00005068    00000070     ti_msp_dl_config.o (.text.SYSCFG_DL_SYSCTL_init)
                  000050d8    00000070     PID.o (.text.constrain_double)
                  00005148    0000006a     oled_hardware_i2c.o (.text.OLED_Clear)
                  000051b2    00000002     --HOLE-- [fill = 0]
                  000051b4    00000068     ti_msp_dl_config.o (.text.SYSCFG_DL_ADC12_CCD_init)
                  0000521c    00000068     ti_msp_dl_config.o (.text.SYSCFG_DL_ADC12_VOLTAGE_init)
                  00005284    00000068     libclang_rt.builtins.a : comparedf2.c.obj (.text.__ledf2)
                  000052ec    00000066     libc.a : _printfi.c.obj (.text._mcpy)
                  00005352    00000066     inv_mpu_dmp_motion_driver.o (.text.dmp_set_tap_axes)
                  000053b8    00000064     ti_msp_dl_config.o (.text.DL_ADC12_initSingleSample)
                  0000541c    00000064     oled_hardware_i2c.o (.text.oled_i2c_sda_unlock)
                  00005480    00000062     libclang_rt.builtins.a : aeabi_dcmp.S.obj (.text.__aeabi_dcmp)
                  000054e2    00000002     --HOLE-- [fill = 0]
                  000054e4    00000062                            : aeabi_fcmp.S.obj (.text.__aeabi_fcmp)
                  00005546    00000002     --HOLE-- [fill = 0]
                  00005548    00000060     ti_msp_dl_config.o (.text.SYSCFG_DL_UART_0_init)
                  000055a8    00000060     ti_msp_dl_config.o (.text.SYSCFG_DL_UART_1_init)
                  00005608    00000060     inv_mpu_dmp_motion_driver.o (.text.dmp_enable_gyro_cal)
                  00005668    00000060     mspm0_i2c.o (.text.mpu6050_i2c_sda_unlock)
                  000056c8    00000060     inv_mpu.o (.text.mpu_get_gyro_fsr)
                  00005728    0000005e     driverlib.a : dl_i2c.o (.text.DL_I2C_fillControllerTXFIFO)
                  00005786    00000002     --HOLE-- [fill = 0]
                  00005788    0000005c     libc.a : s_frexp.c.obj (.text.frexp)
                  000057e4    0000005c     mspm0_i2c.o (.text.mspm0_i2c_enable)
                  00005840    0000005c     oled_hardware_i2c.o (.text.mspm0_i2c_enable)
                  0000589c    00000058     PID.o (.text.Pid_Init)
                  000058f4    00000058     ti_msp_dl_config.o (.text.SYSCFG_DL_I2C_MPU6050_init)
                  0000594c    00000058     ti_msp_dl_config.o (.text.SYSCFG_DL_I2C_OLED_init)
                  000059a4    00000058     libc.a : _ltoa.c.obj (.text.__TI_ltoa)
                  000059fc    00000058            : _printfi.c.obj (.text._pconv_f)
                  00005a54    00000056     libclang_rt.builtins.a : aeabi_idivmod.S.obj (.text.__aeabi_idivmod)
                  00005aaa    00000052     libc.a : _printfi.c.obj (.text._ecpy)
                  00005afc    00000050     mspm0_i2c.o (.text.DL_GPIO_initPeripheralInputFunctionFeatures)
                  00005b4c    00000050     oled_hardware_i2c.o (.text.DL_GPIO_initPeripheralInputFunctionFeatures)
                  00005b9c    00000050     ti_msp_dl_config.o (.text.DL_GPIO_initPeripheralInputFunctionFeatures)
                  00005bec    00000050     mspm0_i2c.o (.text.DL_I2C_startControllerTransfer)
                  00005c3c    00000050     oled_hardware_i2c.o (.text.DL_I2C_startControllerTransfer)
                  00005c8c    00000050     clock.o (.text.SysTick_Config)
                  00005cdc    0000004c     mspm0_i2c.o (.text.DL_GPIO_initDigitalInputFeatures)
                  00005d28    0000004c     oled_hardware_i2c.o (.text.DL_GPIO_initDigitalInputFeatures)
                  00005d74    0000004c     ti_msp_dl_config.o (.text.DL_GPIO_initDigitalInputFeatures)
                  00005dc0    0000004c     ti_msp_dl_config.o (.text.DL_UART_setBaudRateDivisor)
                  00005e0c    0000004c     ti_msp_dl_config.o (.text.SYSCFG_DL_init)
                  00005e58    0000004a     ti_msp_dl_config.o (.text.DL_ADC12_configConversionMem)
                  00005ea2    00000002     --HOLE-- [fill = 0]
                  00005ea4    0000004a     libclang_rt.builtins.a : fixdfsi.S.obj (.text.__fixdfsi)
                  00005eee    00000002     --HOLE-- [fill = 0]
                  00005ef0    00000048     driverlib.a : dl_uart.o (.text.DL_UART_init)
                  00005f38    00000048     inv_mpu_dmp_motion_driver.o (.text.dmp_enable_6x_lp_quat)
                  00005f80    00000048     inv_mpu_dmp_motion_driver.o (.text.dmp_enable_lp_quat)
                  00005fc8    00000048     oled_hardware_i2c.o (.text.mspm0_i2c_disable)
                  00006010    00000044     driverlib.a : dl_sysctl_mspm0g1x0x_g3x0x.o (.text.DL_SYSCTL_switchMCLKfromSYSOSCtoHSCLK)
                  00006054    00000044     inv_mpu_dmp_motion_driver.o (.text.dmp_set_shake_reject_thresh)
                  00006098    00000044     inv_mpu_dmp_motion_driver.o (.text.dmp_set_tap_count)
                  000060dc    00000044     mspm0_i2c.o (.text.mspm0_i2c_disable)
                  00006120    00000042     libclang_rt.builtins.a : fixunsdfsi.S.obj (.text.__fixunsdfsi)
                  00006162    00000002     --HOLE-- [fill = 0]
                  00006164    00000040     Motor.o (.text.Car_setspeed)
                  000061a4    00000040     driverlib.a : dl_adc12.o (.text.DL_ADC12_setClockConfig)
                  000061e4    00000040     libclang_rt.builtins.a : aeabi_uidivmod.S.obj (.text.__aeabi_uidivmod)
                  00006224    00000040                            : extendsfdf2.S.obj (.text.__extendsfdf2)
                  00006264    00000040     libc.a : atoi.c.obj (.text.atoi)
                  000062a4    0000003e     mpu6050.o (.text.inv_orientation_matrix_to_scalar)
                  000062e2    00000002     --HOLE-- [fill = 0]
                  000062e4    0000003c     driverlib.a : dl_i2c.o (.text.DL_I2C_flushControllerTXFIFO)
                  00006320    0000003c     ti_msp_dl_config.o (.text.DL_Timer_setCounterControl)
                  0000635c    0000003c     oled_hardware_i2c.o (.text.OLED_Set_Pos)
                  00006398    0000003c     libclang_rt.builtins.a : comparesf2.S.obj (.text.__gtsf2)
                  000063d4    0000003c     libc.a : autoinit.c.obj (.text:__TI_auto_init_nobinit_nopinit)
                  00006410    0000003a     libclang_rt.builtins.a : comparesf2.S.obj (.text.__eqsf2)
                  0000644a    00000002     --HOLE-- [fill = 0]
                  0000644c    0000003a                            : muldsi3.S.obj (.text.__muldsi3)
                  00006486    00000002     --HOLE-- [fill = 0]
                  00006488    00000038                            : fixsfsi.S.obj (.text.__fixsfsi)
                  000064c0    00000038     libc.a : sprintf.c.obj (.text.sprintf)
                  000064f8    00000034     ti_msp_dl_config.o (.text.SYSCFG_DL_TIMER_0_init)
                  0000652c    00000034     inv_mpu.o (.text.mpu_get_sample_rate)
                  00006560    00000032     inv_mpu_dmp_motion_driver.o (.text.dmp_set_shake_reject_time)
                  00006592    00000032     inv_mpu_dmp_motion_driver.o (.text.dmp_set_shake_reject_timeout)
                  000065c4    00000030     Motor.o (.text.PWM_D0)
                  000065f4    00000030     Motor.o (.text.PWM_D1)
                  00006624    00000030     libc.a : _printfi.c.obj (.text._fcpy)
                  00006654    00000030     inv_mpu_dmp_motion_driver.o (.text.dmp_set_tap_time)
                  00006684    00000030     inv_mpu_dmp_motion_driver.o (.text.dmp_set_tap_time_multi)
                  000066b4    00000030     clock.o (.text.mspm0_delay_ms)
                  000066e4    0000002c     main.o (.text.__NVIC_EnableIRQ)
                  00006710    0000002c     mpu6050.o (.text.__NVIC_EnableIRQ)
                  0000673c    0000002c     libclang_rt.builtins.a : floatsidf.S.obj (.text.__floatsidf)
                  00006768    0000002c     clock.o (.text.mspm0_get_clock_ms)
                  00006794    00000028     mspm0_i2c.o (.text.DL_Common_updateReg)
                  000067bc    00000028     oled_hardware_i2c.o (.text.DL_Common_updateReg)
                  000067e4    00000028     ti_msp_dl_config.o (.text.DL_Common_updateReg)
                  0000680c    00000028     ti_msp_dl_config.o (.text.DL_I2C_setControllerRXFIFOThreshold)
                  00006834    00000028     ti_msp_dl_config.o (.text.DL_I2C_setControllerTXFIFOThreshold)
                  0000685c    00000028     ti_msp_dl_config.o (.text.DL_UART_setRXFIFOThreshold)
                  00006884    00000028     ti_msp_dl_config.o (.text.DL_UART_setTXFIFOThreshold)
                  000068ac    00000028     libclang_rt.builtins.a : floatunsisf.S.obj (.text.__floatunsisf)
                  000068d4    00000028     libc.a : boot_cortex_m.c.obj (.text:_c_int00_noargs)
                  000068fc    00000026     ti_msp_dl_config.o (.text.DL_I2C_setAnalogGlitchFilterPulseWidth)
                  00006922    00000026     driverlib.a : dl_i2c.o (.text.DL_I2C_setClockConfig)
                  00006948    00000024     adc.o (.text.ADC1_IRQHandler)
                  0000696c    00000024     Delay.o (.text.Delay_ms)
                  00006990    00000024     libclang_rt.builtins.a : floatunsidf.S.obj (.text.__floatunsidf)
                  000069b4    00000024                            : muldi3.S.obj (.text.__muldi3)
                  000069d8    00000022     libc.a : memccpy.c.obj (.text.memccpy)
                  000069fa    00000002     --HOLE-- [fill = 0]
                  000069fc    00000020     CCD.o (.text.ADC0_IRQHandler)
                  00006a1c    00000020     ti_msp_dl_config.o (.text.DL_GPIO_initPeripheralInputFunction)
                  00006a3c    00000020     mpu6050.o (.text.DL_SYSCTL_resetDevice)
                  00006a5c    00000020     ti_msp_dl_config.o (.text.DL_SYSCTL_setFlashWaitState)
                  00006a7c    00000020     libc.a : memcmp.c.obj (.text.memcmp)
                  00006a9c    0000001e     ti_msp_dl_config.o (.text.DL_UART_setOversampling)
                  00006aba    00000002     --HOLE-- [fill = 0]
                  00006abc    0000001e     libclang_rt.builtins.a : ashldi3.S.obj (.text.__ashldi3)
                  00006ada    00000002     --HOLE-- [fill = 0]
                  00006adc    0000001c     ti_msp_dl_config.o (.text.DL_ADC12_clearInterruptStatus)
                  00006af8    0000001c     ti_msp_dl_config.o (.text.DL_ADC12_enableInterrupt)
                  00006b14    0000001c     Motor.o (.text.DL_GPIO_clearInterruptStatus)
                  00006b30    0000001c     ti_msp_dl_config.o (.text.DL_GPIO_clearInterruptStatus)
                  00006b4c    0000001c     mspm0_i2c.o (.text.DL_GPIO_enableHiZ)
                  00006b68    0000001c     oled_hardware_i2c.o (.text.DL_GPIO_enableHiZ)
                  00006b84    0000001c     ti_msp_dl_config.o (.text.DL_GPIO_enableHiZ)
                  00006ba0    0000001c     ti_msp_dl_config.o (.text.DL_GPIO_enableInterrupt)
                  00006bbc    0000001c     ti_msp_dl_config.o (.text.DL_GPIO_initPeripheralOutputFunction)
                  00006bd8    0000001c     ti_msp_dl_config.o (.text.DL_GPIO_setLowerPinsPolarity)
                  00006bf4    0000001c     mpu6050.o (.text.DL_I2C_getSDAStatus)
                  00006c10    0000001c     oled_hardware_i2c.o (.text.DL_I2C_getSDAStatus)
                  00006c2c    0000001c     mspm0_i2c.o (.text.DL_I2C_isControllerRXFIFOEmpty)
                  00006c48    0000001c     driverlib.a : dl_sysctl_mspm0g1x0x_g3x0x.o (.text.DL_SYSCTL_configFCC)
                  00006c64    0000001c     ti_msp_dl_config.o (.text.DL_SYSCTL_setFCCPeriods)
                  00006c80    0000001c     ti_msp_dl_config.o (.text.DL_SYSCTL_setSYSOSCFreq)
                  00006c9c    0000001c     ti_msp_dl_config.o (.text.DL_SYSCTL_setULPCLKDivider)
                  00006cb8    0000001c     ti_msp_dl_config.o (.text.DL_Timer_enableInterrupt)
                  00006cd4    0000001c     driverlib.a : dl_timer.o (.text.DL_Timer_setCaptCompUpdateMethod)
                  00006cf0    0000001c                 : dl_timer.o (.text.DL_Timer_setClockConfig)
                  00006d0c    0000001c     ti_msp_dl_config.o (.text.DL_UART_enableInterrupt)
                  00006d28    0000001c     Motor.o (.text.Encoder1_Get)
                  00006d44    0000001c     inv_mpu_dmp_motion_driver.o (.text.dmp_load_motion_driver_firmware)
                  00006d60    00000018     ti_msp_dl_config.o (.text.DL_ADC12_enablePower)
                  00006d78    00000018     ti_msp_dl_config.o (.text.DL_ADC12_reset)
                  00006d90    00000018     ti_msp_dl_config.o (.text.DL_ADC12_setSampleTime0)
                  00006da8    00000018     mspm0_i2c.o (.text.DL_GPIO_enableOutput)
                  00006dc0    00000018     oled_hardware_i2c.o (.text.DL_GPIO_enableOutput)
                  00006dd8    00000018     ti_msp_dl_config.o (.text.DL_GPIO_enableOutput)
                  00006df0    00000018     ti_msp_dl_config.o (.text.DL_GPIO_enablePower)
                  00006e08    00000018     Motor.o (.text.DL_GPIO_getEnabledInterruptStatus)
                  00006e20    00000018     mspm0_i2c.o (.text.DL_GPIO_initDigitalOutput)
                  00006e38    00000018     oled_hardware_i2c.o (.text.DL_GPIO_initDigitalOutput)
                  00006e50    00000018     ti_msp_dl_config.o (.text.DL_GPIO_initDigitalOutput)
                  00006e68    00000018     ti_msp_dl_config.o (.text.DL_GPIO_reset)
                  00006e80    00000018     LED.o (.text.DL_GPIO_setPins)
                  00006e98    00000018     Motor.o (.text.DL_GPIO_setPins)
                  00006eb0    00000018     mspm0_i2c.o (.text.DL_GPIO_setPins)
                  00006ec8    00000018     oled_hardware_i2c.o (.text.DL_GPIO_setPins)
                  00006ee0    00000018     ti_msp_dl_config.o (.text.DL_GPIO_setUpperPinsPolarity)
                  00006ef8    00000018     mspm0_i2c.o (.text.DL_I2C_clearInterruptStatus)
                  00006f10    00000018     oled_hardware_i2c.o (.text.DL_I2C_clearInterruptStatus)
                  00006f28    00000018     ti_msp_dl_config.o (.text.DL_I2C_enableAnalogGlitchFilter)
                  00006f40    00000018     ti_msp_dl_config.o (.text.DL_I2C_enableController)
                  00006f58    00000018     ti_msp_dl_config.o (.text.DL_I2C_enableControllerClockStretching)
                  00006f70    00000018     mspm0_i2c.o (.text.DL_I2C_enablePower)
                  00006f88    00000018     oled_hardware_i2c.o (.text.DL_I2C_enablePower)
                  00006fa0    00000018     ti_msp_dl_config.o (.text.DL_I2C_enablePower)
                  00006fb8    00000018     mspm0_i2c.o (.text.DL_I2C_getRawInterruptStatus)
                  00006fd0    00000018     oled_hardware_i2c.o (.text.DL_I2C_getRawInterruptStatus)
                  00006fe8    00000018     mspm0_i2c.o (.text.DL_I2C_reset)
                  00007000    00000018     oled_hardware_i2c.o (.text.DL_I2C_reset)
                  00007018    00000018     ti_msp_dl_config.o (.text.DL_I2C_reset)
                  00007030    00000018     ti_msp_dl_config.o (.text.DL_I2C_setTimerPeriod)
                  00007048    00000018     ti_msp_dl_config.o (.text.DL_SYSCTL_setBORThreshold)
                  00007060    00000018     ti_msp_dl_config.o (.text.DL_Timer_enablePower)
                  00007078    00000018     ti_msp_dl_config.o (.text.DL_Timer_reset)
                  00007090    00000018     driverlib.a : dl_timer.o (.text.DL_Timer_setCaptureCompareOutCtl)
                  000070a8    00000018     main.o (.text.DL_Timer_startCounter)
                  000070c0    00000018     ti_msp_dl_config.o (.text.DL_UART_enableFIFOs)
                  000070d8    00000018     ti_msp_dl_config.o (.text.DL_UART_enablePower)
                  000070f0    00000018     ti_msp_dl_config.o (.text.DL_UART_reset)
                  00007108    00000018     Motor.o (.text.Encoder2_Get)
                  00007120    00000018     clock.o (.text.SysTick_Init)
                  00007138    00000018     libc.a : sprintf.c.obj (.text._outs)
                  00007150    00000016     ti_msp_dl_config.o (.text.DL_ADC12_enableConversions)
                  00007166    00000016     Key.o (.text.DL_GPIO_readPins)
                  0000717c    00000016     Motor.o (.text.DL_GPIO_readPins)
                  00007192    00000016     mspm0_i2c.o (.text.DL_GPIO_readPins)
                  000071a8    00000016     oled_hardware_i2c.o (.text.DL_GPIO_readPins)
                  000071be    00000016     mspm0_i2c.o (.text.DL_I2C_transmitControllerData)
                  000071d4    00000016     ti_msp_dl_config.o (.text.DL_UART_enable)
                  000071ea    00000016     libc.a : copy_zero_init.c.obj (.text:decompress:ZI:__TI_zero_init_nomemset)
                  00007200    00000014     LED.o (.text.BUZZER_OFF)
                  00007214    00000014     LED.o (.text.DL_GPIO_clearPins)
                  00007228    00000014     Motor.o (.text.DL_GPIO_clearPins)
                  0000723c    00000014     mspm0_i2c.o (.text.DL_GPIO_clearPins)
                  00007250    00000014     oled_hardware_i2c.o (.text.DL_GPIO_clearPins)
                  00007264    00000014     ti_msp_dl_config.o (.text.DL_GPIO_clearPins)
                  00007278    00000014     mspm0_i2c.o (.text.DL_I2C_getControllerStatus)
                  0000728c    00000014     oled_hardware_i2c.o (.text.DL_I2C_getControllerStatus)
                  000072a0    00000014     mspm0_i2c.o (.text.DL_I2C_receiveControllerData)
                  000072b4    00000014     ti_msp_dl_config.o (.text.DL_I2C_resetControllerTransfer)
                  000072c8    00000014     ti_msp_dl_config.o (.text.DL_SYSCTL_disableSYSPLL)
                  000072dc    00000014     ti_msp_dl_config.o (.text.DL_SYSCTL_enableSYSPLL)
                  000072f0    00000014     ti_msp_dl_config.o (.text.DL_Timer_enableClock)
                  00007304    00000014     ti_msp_dl_config.o (.text.DL_Timer_setCCPDirection)
                  00007318    00000014     Uart.o (.text.DL_UART_receiveData)
                  0000732c    00000014     LED.o (.text.LED1_OFF)
                  00007340    00000014     LED.o (.text.LED2_OFF)
                  00007354    00000014     libclang_rt.builtins.a : aeabi_uldivmod.S.obj (.text.__aeabi_uldivmod)
                  00007368    00000014     inv_mpu_dmp_motion_driver.o (.text.dmp_register_android_orient_cb)
                  0000737c    00000014     inv_mpu_dmp_motion_driver.o (.text.dmp_register_tap_cb)
                  00007390    00000014     libc.a : _printfi.c.obj (.text.strchr)
                  000073a4    00000012     CCD.o (.text.DL_ADC12_getPendingInterrupt)
                  000073b6    00000012     adc.o (.text.DL_ADC12_getPendingInterrupt)
                  000073c8    00000012     Uart.o (.text.DL_UART_getPendingInterrupt)
                  000073da    00000012     driverlib.a : dl_uart.o (.text.DL_UART_setClockConfig)
                  000073ec    00000012     libc.a : memcpy16.S.obj (.text:TI_memcpy_small)
                  000073fe    00000012            : copy_decompress_none.c.obj (.text:decompress:none)
                  00007410    00000010     ti_msp_dl_config.o (.text.DL_SYSCTL_disableHFXT)
                  00007420    00000010     ti_msp_dl_config.o (.text.DL_SYSCTL_isFCCDone)
                  00007430    00000010     ti_msp_dl_config.o (.text.DL_SYSCTL_startFCC)
                  00007440    00000010     driverlib.a : dl_timer.o (.text.DL_Timer_setCaptureCompareValue)
                  00007450    00000010     main.o (.text.SysTick_Handler)
                  00007460    00000010     oled_hardware_i2c.o (.text.delay_ms)
                  00007470    00000010     libc.a : wcslen.c.obj (.text.wcslen)
                  00007480    0000000e     libclang_rt.builtins.a : aeabi_memset.S.obj (.text.__aeabi_memset)
                  0000748e    0000000e     libc.a : _printfi.c.obj (.text.strlen)
                  0000749c    0000000e     mpu6050.o (.text.tap_cb)
                  000074aa    0000000e     libc.a : memset16.S.obj (.text:TI_memset_small)
                  000074b8    0000000c     ti_msp_dl_config.o (.text.DL_SYSCTL_getClockStatus)
                  000074c4    0000000c     ti_msp_dl_config.o (.text.DL_SYSCTL_readFCC)
                  000074d0    0000000a     driverlib.a : dl_common.o (.text.DL_Common_delayCycles)
                  000074da    0000000a     libc.a : _printfi.c.obj (.text.OUTLINED_FUNCTION_0)
                  000074e4    00000010     libclang_rt.builtins.a : adddf3.S.obj (.tramp.__aeabi_dsub.1)
                  000074f4    0000000a     libc.a : _printfi.c.obj (.text.OUTLINED_FUNCTION_1)
                  000074fe    0000000a            : sprintf.c.obj (.text._outc)
                  00007508    0000000a     mpu6050.o (.text.android_orient_cb)
                  00007512    00000002     --HOLE-- [fill = 0]
                  00007514    00000008     libc.a : aeabi_portable.c.obj (.text.__aeabi_errno_addr)
                  0000751c    00000008     libclang_rt.builtins.a : aeabi_memcpy.S.obj (.text.__aeabi_memcpy)
                  00007524    00000006     libc.a : exit.c.obj (.text:abort)
                  0000752a    00000004     libsysbm.a : hostexit.c.obj (.text.HOSTexit)
                  0000752e    00000004     startup_mspm0g350x_ticlang.o (.text.Reset_Handler)
                  00007532    00000002     --HOLE-- [fill = 0]
                  00007534    00000010     libc.a : boot_cortex_m.c.obj (.tramp._c_int00_noargs.1)
                  00007544    00000004            : pre_init.c.obj (.text._system_pre_init)
                  00007548    00000008     --HOLE-- [fill = 0]

.cinit     0    00008b70    00000058     
                  00008b70    00000031     (.cinit..data.load) [load image, compression = lzss]
                  00008ba1    00000003     --HOLE-- [fill = 0]
                  00008ba4    0000000c     (__TI_handler_table)
                  00008bb0    00000008     (.cinit..bss.load) [load image, compression = zero_init]
                  00008bb8    00000010     (__TI_cinit_table)

.rodata    0    00007550    00001620     
                  00007550    00000bf6     inv_mpu_dmp_motion_driver.o (.rodata.dmp_memory)
                  00008146    000005f0     oled_hardware_i2c.o (.rodata.asc2_1608)
                  00008736    00000228     oled_hardware_i2c.o (.rodata.asc2_0806)
                  0000895e    00000002     ti_msp_dl_config.o (.rodata.gI2C_MPU6050ClockConfig)
                  00008960    00000101     libc.a : aeabi_ctype.S.obj (.rodata:__aeabi_ctype_table_)
                  00008a61    00000003     ti_msp_dl_config.o (.rodata.gPWM_ALLClockConfig)
                  00008a64    00000028     ti_msp_dl_config.o (.rodata.gSYSPLLConfig)
                  00008a8c    00000028     inv_mpu.o (.rodata.test)
                  00008ab4    0000001e     inv_mpu.o (.rodata.reg)
                  00008ad2    00000002     ti_msp_dl_config.o (.rodata.gI2C_OLEDClockConfig)
                  00008ad4    00000014     ti_msp_dl_config.o (.rodata.gTIMER_0TimerConfig)
                  00008ae8    00000011     libc.a : _printfi.c.obj (.rodata.str1.10348868589481759720.1)
                  00008af9    00000011            : _printfi.c.obj (.rodata.str1.15363888844622738466.1)
                  00008b0a    0000000c     inv_mpu.o (.rodata.hw)
                  00008b16    0000000a     ti_msp_dl_config.o (.rodata.gUART_0Config)
                  00008b20    0000000a     ti_msp_dl_config.o (.rodata.gUART_1Config)
                  00008b2a    00000002     ti_msp_dl_config.o (.rodata.gUART_0ClockConfig)
                  00008b2c    00000008     ti_msp_dl_config.o (.rodata.gADC12_CCDClockConfig)
                  00008b34    00000008     ti_msp_dl_config.o (.rodata.gADC12_VOLTAGEClockConfig)
                  00008b3c    00000008     ti_msp_dl_config.o (.rodata.gPWM_ALLConfig)
                  00008b44    00000008     ti_msp_dl_config.o (.rodata.gPWM_SERVOConfig)
                  00008b4c    00000007     work.o (.rodata.str1.3875483386851652227.1)
                  00008b53    00000006     work.o (.rodata.str1.6526123029652748083.1)
                  00008b59    00000004     work.o (.rodata.str1.15831809244841268870.1)
                  00008b5d    00000004     work.o (.rodata.str1.3688673737632279305.1)
                  00008b61    00000003     ti_msp_dl_config.o (.rodata.gPWM_SERVOClockConfig)
                  00008b64    00000003     ti_msp_dl_config.o (.rodata.gTIMER_0ClockConfig)
                  00008b67    00000002     ti_msp_dl_config.o (.rodata.gUART_1ClockConfig)
                  00008b69    00000007     --HOLE-- [fill = 0]

.init_array 
*          0    00000000    00000000     UNINITIALIZED

.binit     0    00000000    00000000     

.bss       0    20200000    000003c7     UNINITIALIZED
                  20200000    000000bc     (.common:gPWM_ALLBackup)
                  202000bc    000000a0     (.common:gPWM_SERVOBackup)
                  2020015c    00000064     (.common:Serial_RxPacket)
                  202001c0    00000048     (.common:EncoderLPid)
                  20200208    00000048     (.common:EncoderRPid)
                  20200250    00000048     (.common:GxPid)
                  20200298    00000048     (.common:TurnErrorPid)
                  202002e0    00000048     (.common:jiaoduPid)
                  20200328    00000040     (.common:Motor)
                  20200368    00000020     (.common:oled_buffer)
                  20200388    00000010     (.common:Tick)
                  20200398    00000004     (.common:Encoder)
                  2020039c    00000004     (.common:new_yaw)
                  202003a0    00000004     (.common:start_time)
                  202003a4    00000004     (.common:t_200ms)
                  202003a8    00000004     (.common:tick_ms)
                  202003ac    00000004     (.common:time_2s)
                  202003b0    00000004     (.common:time_3s)
                  202003b4    00000001     (.common:L1)
                  202003b5    00000001     (.common:L2)
                  202003b6    00000001     (.common:M0)
                  202003b7    00000001     (.common:R1)
                  202003b8    00000001     (.common:R2)
                  202003b9    00000001     (.common:Serial_RxFlag)
                  202003ba    00000001     (.common:baohu_flag)
                  202003bb    00000001     (.common:biansu_flag)
                  202003bc    00000001     (.common:gCheckADC)
                  202003bd    00000001     (.common:kaishi_flag)
                  202003be    00000001     (.common:keycnt)
                  202003bf    00000001     (.common:keynum)
                  202003c0    00000001     (.common:keyquan)
                  202003c1    00000001     (.common:m0)
                  202003c2    00000001     (.common:quanshu)
                  202003c3    00000001     (.common:start_flag)
                  202003c4    00000001     (.common:xia_flag)
                  202003c5    00000001     (.common:xunji_flag)
                  202003c6    00000001     (.common:yizhi_flag)

.data      0    202003c8    00000093     UNINITIALIZED
                  202003c8    0000002c     inv_mpu.o (.data.st)
                  202003f4    00000014     Motor.o (.data.sensor)
                  20200408    00000014     Motor.o (.data.sensor_weight)
                  2020041c    00000010     inv_mpu_dmp_motion_driver.o (.data.dmp)
                  2020042c    0000000e     mpu6050.o (.data.hal)
                  2020043a    00000009     mpu6050.o (.data.gyro_orientation)
                  20200443    00000001     Uart.o (.data.UART0_IRQHandler.RxState)
                  20200444    00000004     Motor.o (.data.Front_Left_Count)
                  20200448    00000004     Motor.o (.data.Front_Right_Count)
                  2020044c    00000004     libc.a : aeabi_portable.c.obj (.data.__aeabi_errno)
                  20200450    00000004     Motor.o (.data.base_speed)
                  20200454    00000004     Motor.o (.data.last_valid_bias)
                  20200458    00000001     Uart.o (.data.UART0_IRQHandler.pRxPacket)
                  20200459    00000001     Uart.o (.data.UART1_IRQHandler.RxState)
                  2020045a    00000001     Uart.o (.data.UART1_IRQHandler.pRxPacket)

.stack     0    20207e00    00000200     UNINITIALIZED
                  20207e00    00000004     libc.a : boot_cortex_m.c.obj (.stack)
                  20207e04    000001fc     --HOLE--

__llvm_prf_cnts 
*          0    20200000    00000000     UNINITIALIZED

__llvm_prf_bits 
*          0    20200000    00000000     UNINITIALIZED

MODULE SUMMARY

       Module                         code    ro data   rw data
       ------                         ----    -------   -------
    .\
       ti_msp_dl_config.o             4250    129       348    
       main.o                         1596    0         509    
       startup_mspm0g350x_ticlang.o   8       192       0      
    +--+------------------------------+-------+---------+---------+
       Total:                         5854    321       857    
                                                               
    .\Drivers\MPU6050\
       inv_mpu_dmp_motion_driver.o    2470    3062      16     
       inv_mpu.o                      4336    82        44     
       mspm0_i2c.o                    1364    0         0      
       mpu6050.o                      668     0         23     
    +--+------------------------------+-------+---------+---------+
       Total:                         8838    3144      83     
                                                               
    .\Drivers\MSPM0\
       Motor.o                        1474    0         56     
       Uart.o                         430     0         105    
       work.o                         452     21        0      
       PID.o                          420     0         0      
       clock.o                        328     0         8      
       Key.o                          266     0         0      
       LED.o                          104     0         0      
       adc.o                          54      0         0      
       CCD.o                          50      0         1      
       Delay.o                        36      0         0      
    +--+------------------------------+-------+---------+---------+
       Total:                         3614    21        170    
                                                               
    .\Drivers\OLED_Hardware_I2C\
       oled_hardware_i2c.o            1824    2072      0      
    +--+------------------------------+-------+---------+---------+
       Total:                         1824    2072      0      
                                                               
    C:/TI/mspm0_sdk_2_10_00_04/source/ti/driverlib/lib/ticlang/m0p/mspm0g1x0x_g3x0x/driverlib.a
       dl_timer.o                     608     0         0      
       dl_sysctl_mspm0g1x0x_g3x0x.o   316     0         0      
       dl_i2c.o                       192     0         0      
       dl_uart.o                      90      0         0      
       dl_adc12.o                     64      0         0      
       dl_common.o                    10      0         0      
    +--+------------------------------+-------+---------+---------+
       Total:                         1280    0         0      
                                                               
    D:\TI_m0\ccs\tools\compiler\ti-cgt-armllvm_4.0.4.LTS\lib\armv6m-ti-none-eabi/c/libc.a
       _printfi.c.obj                 4510    34        0      
       aeabi_ctype.S.obj              0       257       0      
       s_scalbn.c.obj                 216     0         0      
       copy_decompress_lzss.c.obj     124     0         0      
       s_frexp.c.obj                  92      0         0      
       sprintf.c.obj                  90      0         0      
       _ltoa.c.obj                    88      0         0      
       atoi.c.obj                     64      0         0      
       autoinit.c.obj                 60      0         0      
       boot_cortex_m.c.obj            56      0         0      
       memccpy.c.obj                  34      0         0      
       memcmp.c.obj                   32      0         0      
       copy_zero_init.c.obj           22      0         0      
       copy_decompress_none.c.obj     18      0         0      
       memcpy16.S.obj                 18      0         0      
       wcslen.c.obj                   16      0         0      
       memset16.S.obj                 14      0         0      
       aeabi_portable.c.obj           8       0         4      
       exit.c.obj                     6       0         0      
       pre_init.c.obj                 4       0         0      
    +--+------------------------------+-------+---------+---------+
       Total:                         5472    291       4      
                                                               
    D:\TI_m0\ccs\tools\compiler\ti-cgt-armllvm_4.0.4.LTS\lib\armv6m-ti-none-eabi/c/libsysbm.a
       hostexit.c.obj                 4       0         0      
    +--+------------------------------+-------+---------+---------+
       Total:                         4       0         0      
                                                               
    D:\TI_m0\ccs\tools\compiler\ti-cgt-armllvm_4.0.4.LTS\lib\armv6m-ti-none-eabi/libclang_rt.builtins.a
       adddf3.S.obj                   418     0         0      
       divdf3.S.obj                   268     0         0      
       muldf3.S.obj                   228     0         0      
       comparedf2.c.obj               220     0         0      
       addsf3.S.obj                   216     0         0      
       udivmoddi4.S.obj               162     0         0      
       mulsf3.S.obj                   140     0         0      
       divsf3.S.obj                   130     0         0      
       comparesf2.S.obj               118     0         0      
       truncdfsf2.S.obj               116     0         0      
       aeabi_dcmp.S.obj               98      0         0      
       aeabi_fcmp.S.obj               98      0         0      
       aeabi_idivmod.S.obj            86      0         0      
       fixdfsi.S.obj                  74      0         0      
       fixunsdfsi.S.obj               66      0         0      
       aeabi_uidivmod.S.obj           64      0         0      
       extendsfdf2.S.obj              64      0         0      
       muldsi3.S.obj                  58      0         0      
       fixsfsi.S.obj                  56      0         0      
       floatsidf.S.obj                44      0         0      
       floatunsisf.S.obj              40      0         0      
       floatunsidf.S.obj              36      0         0      
       muldi3.S.obj                   36      0         0      
       ashldi3.S.obj                  30      0         0      
       aeabi_uldivmod.S.obj           20      0         0      
       aeabi_memset.S.obj             14      0         0      
       aeabi_memcpy.S.obj             8       0         0      
       aeabi_div0.c.obj               4       0         0      
    +--+------------------------------+-------+---------+---------+
       Total:                         2912    0         0      
                                                               
       Stack:                         0       0         512    
       Linker Generated:              0       85        0      
    +--+------------------------------+-------+---------+---------+
       Grand Total:                   29798   5934      1626   


LINKER GENERATED COPY TABLES

__TI_cinit_table @ 00008bb8 records: 2, size/record: 8, table size: 16
	.data: load addr=00008b70, load size=00000031 bytes, run addr=202003c8, run size=00000093 bytes, compression=lzss
	.bss: load addr=00008bb0, load size=00000008 bytes, run addr=20200000, run size=000003c7 bytes, compression=zero_init


LINKER GENERATED HANDLER TABLE

__TI_handler_table @ 00008ba4 records: 3, size/record: 4, table size: 12
	index: 0, handler: __TI_decompress_lzss
	index: 1, handler: __TI_decompress_none
	index: 2, handler: __TI_zero_init


FAR CALL TRAMPOLINES

callee name               trampoline name
   callee addr  tramp addr   call addr  call info
--------------  -----------  ---------  ----------------
__aeabi_dsub              $Tramp$TT$L$PI$$__aeabi_dsub
   00001de9     000074e4     000074e2   libc.a : _printfi.c.obj (.text.OUTLINED_FUNCTION_0)
_c_int00_noargs           $Tramp$TT$L$PI$$_c_int00_noargs
   000068d5     00007534     0000752e   startup_mspm0g350x_ticlang.o (.text.Reset_Handler)

[2 trampolines]
[2 trampoline calls]


GLOBAL SYMBOLS: SORTED ALPHABETICALLY BY Name 

address   name                                 
-------   ----                                 
000069fd  ADC0_IRQHandler                      
00006949  ADC1_IRQHandler                      
00004f0d  AES_IRQHandler                       
00007201  BUZZER_OFF                           
0000752a  C$$EXIT                              
00004f0d  CANFD0_IRQHandler                    
0000227d  Car_Move                             
00006165  Car_setspeed                         
00004f0d  DAC0_IRQHandler                      
000061a5  DL_ADC12_setClockConfig              
000074d1  DL_Common_delayCycles                
00005729  DL_I2C_fillControllerTXFIFO          
000062e5  DL_I2C_flushControllerTXFIFO         
00006923  DL_I2C_setClockConfig                
00006c49  DL_SYSCTL_configFCC                  
000038c5  DL_SYSCTL_configSYSPLL               
00006011  DL_SYSCTL_switchMCLKfromSYSOSCtoHSCLK
00002f51  DL_Timer_initFourCCPWMMode           
00003155  DL_Timer_initTimerMode               
00006cd5  DL_Timer_setCaptCompUpdateMethod     
00007091  DL_Timer_setCaptureCompareOutCtl     
00007441  DL_Timer_setCaptureCompareValue      
00006cf1  DL_Timer_setClockConfig              
00005ef1  DL_UART_init                         
000073db  DL_UART_setClockConfig               
00004f0d  DMA_IRQHandler                       
00004f0d  Default_Handler                      
0000696d  Delay_ms                             
20200398  Encoder                              
00006d29  Encoder1_Get                         
00007109  Encoder2_Get                         
202001c0  EncoderLPid                          
20200208  EncoderRPid                          
20200444  Front_Left_Count                     
20200448  Front_Right_Count                    
00004f0d  GROUP0_IRQHandler                    
000044d1  GROUP1_IRQHandler                    
20200250  GxPid                                
0000752b  HOSTexit                             
00004f0d  HardFault_Handler                    
00004f0d  I2C0_IRQHandler                      
00004f0d  I2C1_IRQHandler                      
0000334d  Key_GetNum                           
202003b4  L1                                   
202003b5  L2                                   
0000732d  LED1_OFF                             
00007341  LED2_OFF                             
202003b6  M0                                   
000023c9  MPU6050_Init                         
20200328  Motor                                
00004f0d  NMI_Handler                          
00005149  OLED_Clear                           
00002d35  OLED_Init                            
0000635d  OLED_Set_Pos                         
00002c1d  OLED_ShowChar                        
00004ff9  OLED_ShowString                      
000048b5  OLED_WR_Byte                         
000039a1  PID_caculate                         
000065c5  PWM_D0                               
000065f5  PWM_D1                               
00004f0d  PendSV_Handler                       
0000589d  Pid_Init                             
202003b7  R1                                   
202003b8  R2                                   
00004f0d  RTC_IRQHandler                       
0000752f  Reset_Handler                        
00004f0d  SPI0_IRQHandler                      
00004f0d  SPI1_IRQHandler                      
00004f0d  SVC_Handler                          
000051b5  SYSCFG_DL_ADC12_CCD_init             
0000521d  SYSCFG_DL_ADC12_VOLTAGE_init         
00000a91  SYSCFG_DL_GPIO_init                  
000058f5  SYSCFG_DL_I2C_MPU6050_init           
0000594d  SYSCFG_DL_I2C_OLED_init              
00003a7d  SYSCFG_DL_PWM_ALL_init               
00004a7d  SYSCFG_DL_PWM_SERVO_init             
00003441  SYSCFG_DL_SYSCTL_SYSPLL_init         
00005069  SYSCFG_DL_SYSCTL_init                
000064f9  SYSCFG_DL_TIMER_0_init               
00005549  SYSCFG_DL_UART_0_init                
000055a9  SYSCFG_DL_UART_1_init                
00005e0d  SYSCFG_DL_init                       
00003d09  SYSCFG_DL_initPower                  
202003b9  Serial_RxFlag                        
2020015c  Serial_RxPacket                      
00007451  SysTick_Handler                      
00007121  SysTick_Init                         
00004f0d  TIMA0_IRQHandler                     
00004f0d  TIMA1_IRQHandler                     
0000185d  TIMG0_IRQHandler                     
00004f0d  TIMG12_IRQHandler                    
00004f0d  TIMG6_IRQHandler                     
00004f0d  TIMG7_IRQHandler                     
00004f0d  TIMG8_IRQHandler                     
000073ed  TI_memcpy_small                      
000074ab  TI_memset_small                      
20200388  Tick                                 
00004d25  Timer_work                           
20200298  TurnErrorPid                         
0000404d  UART0_IRQHandler                     
00004111  UART1_IRQHandler                     
00004f0d  UART2_IRQHandler                     
00004f0d  UART3_IRQHandler                     
20208000  __STACK_END                          
00000200  __STACK_SIZE                         
00000000  __TI_ATRegion0_region_sz             
00000000  __TI_ATRegion0_src_addr              
00000000  __TI_ATRegion0_trg_addr              
00000000  __TI_ATRegion1_region_sz             
00000000  __TI_ATRegion1_src_addr              
00000000  __TI_ATRegion1_trg_addr              
00000000  __TI_ATRegion2_region_sz             
00000000  __TI_ATRegion2_src_addr              
00000000  __TI_ATRegion2_trg_addr              
00008bb8  __TI_CINIT_Base                      
00008bc8  __TI_CINIT_Limit                     
00008bc8  __TI_CINIT_Warm                      
00008ba4  __TI_Handler_Table_Base              
00008bb0  __TI_Handler_Table_Limit             
000063d5  __TI_auto_init_nobinit_nopinit       
00004da5  __TI_decompress_lzss                 
000073ff  __TI_decompress_none                 
000059a5  __TI_ltoa                            
ffffffff  __TI_pprof_out_hndl                  
000000c1  __TI_printfi                         
ffffffff  __TI_prof_data_size                  
ffffffff  __TI_prof_data_start                 
00000000  __TI_static_base__                   
000071eb  __TI_zero_init_nomemset              
00001df3  __adddf3                             
00003c3b  __addsf3                             
00008960  __aeabi_ctype_table_                 
00008960  __aeabi_ctype_table_C                
00004f11  __aeabi_d2f                          
00005ea5  __aeabi_d2iz                         
00006121  __aeabi_d2uiz                        
00001df3  __aeabi_dadd                         
00005481  __aeabi_dcmpeq                       
000054bd  __aeabi_dcmpge                       
000054d1  __aeabi_dcmpgt                       
000054a9  __aeabi_dcmple                       
00005495  __aeabi_dcmplt                       
00002e45  __aeabi_ddiv                         
00003619  __aeabi_dmul                         
00001de9  __aeabi_dsub                         
2020044c  __aeabi_errno                        
00007515  __aeabi_errno_addr                   
00006225  __aeabi_f2d                          
00006489  __aeabi_f2iz                         
00003c3b  __aeabi_fadd                         
000054e5  __aeabi_fcmpeq                       
00005521  __aeabi_fcmpge                       
00005535  __aeabi_fcmpgt                       
0000550d  __aeabi_fcmple                       
000054f9  __aeabi_fcmplt                       
00004ca1  __aeabi_fdiv                         
00004b0d  __aeabi_fmul                         
00003c31  __aeabi_fsub                         
0000673d  __aeabi_i2d                          
00005a55  __aeabi_idiv                         
00001f7b  __aeabi_idiv0                        
00005a55  __aeabi_idivmod                      
00004777  __aeabi_ldiv0                        
00006abd  __aeabi_llsl                         
000069b5  __aeabi_lmul                         
0000751d  __aeabi_memcpy                       
0000751d  __aeabi_memcpy4                      
0000751d  __aeabi_memcpy8                      
00007481  __aeabi_memset                       
00007481  __aeabi_memset4                      
00007481  __aeabi_memset8                      
00006991  __aeabi_ui2d                         
000068ad  __aeabi_ui2f                         
000061e5  __aeabi_uidiv                        
000061e5  __aeabi_uidivmod                     
00007355  __aeabi_uldivmod                     
00006abd  __ashldi3                            
ffffffff  __binit__                            
00005285  __cmpdf2                             
00006411  __cmpsf2                             
00002e45  __divdf3                             
00004ca1  __divsf3                             
00005285  __eqdf2                              
00006411  __eqsf2                              
00006225  __extendsfdf2                        
00005ea5  __fixdfsi                            
00006489  __fixsfsi                            
00006121  __fixunsdfsi                         
0000673d  __floatsidf                          
00006991  __floatunsidf                        
000068ad  __floatunsisf                        
00004e99  __gedf2                              
00006399  __gesf2                              
00004e99  __gtdf2                              
00006399  __gtsf2                              
00005285  __ledf2                              
00006411  __lesf2                              
00005285  __ltdf2                              
00006411  __ltsf2                              
UNDEFED   __mpu_init                           
00003619  __muldf3                             
000069b5  __muldi3                             
0000644d  __muldsi3                            
00004b0d  __mulsf3                             
00005285  __nedf2                              
00006411  __nesf2                              
20207e00  __stack                              
20200000  __start___llvm_prf_bits              
20200000  __start___llvm_prf_cnts              
20200000  __stop___llvm_prf_bits               
20200000  __stop___llvm_prf_cnts               
00001de9  __subdf3                             
00003c31  __subsf3                             
00004f11  __truncdfsf2                         
000046d5  __udivmoddi4                         
000068d5  _c_int00_noargs                      
UNDEFED   _system_post_cinit                   
00007545  _system_pre_init                     
00007525  abort                                
00008736  asc2_0806                            
00008146  asc2_1608                            
00006265  atoi                                 
202003ba  baohu_flag                           
20200450  base_speed                           
202003bb  biansu_flag                          
ffffffff  binit                                
000050d9  constrain_double                     
00007461  delay_ms                             
00005f39  dmp_enable_6x_lp_quat                
00000d11  dmp_enable_feature                   
00005609  dmp_enable_gyro_cal                  
00005f81  dmp_enable_lp_quat                   
00006d45  dmp_load_motion_driver_firmware      
00007369  dmp_register_android_orient_cb       
0000737d  dmp_register_tap_cb                  
0000494d  dmp_set_fifo_rate                    
00002105  dmp_set_orientation                  
00006055  dmp_set_shake_reject_thresh          
00006561  dmp_set_shake_reject_time            
00006593  dmp_set_shake_reject_timeout         
00005353  dmp_set_tap_axes                     
00006099  dmp_set_tap_count                    
000011d9  dmp_set_tap_thresh                   
00006655  dmp_set_tap_time                     
00006685  dmp_set_tap_time_multi               
00005789  frexp                                
00005789  frexpl                               
202003bc  gCheckADC                            
20200000  gPWM_ALLBackup                       
202000bc  gPWM_SERVOBackup                     
00004779  get_sensor_actual                    
00008b0a  hw                                   
00000000  interruptVectors                     
202002e0  jiaoduPid                            
202003bd  kaishi_flag                          
00004e21  key_work                             
202003be  keycnt                               
202003bf  keynum                               
202003c0  keyquan                              
00003b59  ldexp                                
00003b59  ldexpl                               
202003c1  m0                                   
00001f7d  main                                 
000069d9  memccpy                              
00006a7d  memcmp                               
00005669  mpu6050_i2c_sda_unlock               
0000435d  mpu_configure_fifo                   
00004f85  mpu_get_accel_fsr                    
000056c9  mpu_get_gyro_fsr                     
0000652d  mpu_get_sample_rate                  
000028b1  mpu_init                             
000029d9  mpu_load_firmware                    
00003055  mpu_lp_accel_mode                    
0000457d  mpu_read_mem                         
00001411  mpu_reset_fifo                       
000036fd  mpu_set_accel_fsr                    
00001c49  mpu_set_bypass                       
00004419  mpu_set_dmp_state                    
000041d5  mpu_set_gyro_fsr                     
00004819  mpu_set_int_latched                  
00003eb1  mpu_set_lpf                          
0000352d  mpu_set_sample_rate                  
00002781  mpu_set_sensors                      
00004629  mpu_write_mem                        
000066b5  mspm0_delay_ms                       
00006769  mspm0_get_clock_ms                   
0000264d  mspm0_i2c_read                       
00004299  mspm0_i2c_write                      
2020039c  new_yaw                              
20200368  oled_buffer                          
0000541d  oled_i2c_sda_unlock                  
00003f81  oled_show                            
202003c2  quanshu                              
00008ab4  reg                                  
00000f89  renwu                                
00003b59  scalbn                               
00003b59  scalbnl                              
202003f4  sensor                               
20200408  sensor_weight                        
000064c1  sprintf                              
202003c3  start_flag                           
202003a0  start_time                           
202003a4  t_200ms                              
00008a8c  test                                 
202003a8  tick_ms                              
202003ac  time_2s                              
202003b0  time_3s                              
00007471  wcslen                               
202003c4  xia_flag                             
000037e1  xun                                  
202003c5  xunji_flag                           
00003251  xunji_pid                            
202003c6  yizhi_flag                           


GLOBAL SYMBOLS: SORTED BY Symbol Address 

address   name                                 
-------   ----                                 
00000000  __TI_ATRegion0_region_sz             
00000000  __TI_ATRegion0_src_addr              
00000000  __TI_ATRegion0_trg_addr              
00000000  __TI_ATRegion1_region_sz             
00000000  __TI_ATRegion1_src_addr              
00000000  __TI_ATRegion1_trg_addr              
00000000  __TI_ATRegion2_region_sz             
00000000  __TI_ATRegion2_src_addr              
00000000  __TI_ATRegion2_trg_addr              
00000000  __TI_static_base__                   
00000000  interruptVectors                     
000000c1  __TI_printfi                         
00000200  __STACK_SIZE                         
00000a91  SYSCFG_DL_GPIO_init                  
00000d11  dmp_enable_feature                   
00000f89  renwu                                
000011d9  dmp_set_tap_thresh                   
00001411  mpu_reset_fifo                       
0000185d  TIMG0_IRQHandler                     
00001c49  mpu_set_bypass                       
00001de9  __aeabi_dsub                         
00001de9  __subdf3                             
00001df3  __adddf3                             
00001df3  __aeabi_dadd                         
00001f7b  __aeabi_idiv0                        
00001f7d  main                                 
00002105  dmp_set_orientation                  
0000227d  Car_Move                             
000023c9  MPU6050_Init                         
0000264d  mspm0_i2c_read                       
00002781  mpu_set_sensors                      
000028b1  mpu_init                             
000029d9  mpu_load_firmware                    
00002c1d  OLED_ShowChar                        
00002d35  OLED_Init                            
00002e45  __aeabi_ddiv                         
00002e45  __divdf3                             
00002f51  DL_Timer_initFourCCPWMMode           
00003055  mpu_lp_accel_mode                    
00003155  DL_Timer_initTimerMode               
00003251  xunji_pid                            
0000334d  Key_GetNum                           
00003441  SYSCFG_DL_SYSCTL_SYSPLL_init         
0000352d  mpu_set_sample_rate                  
00003619  __aeabi_dmul                         
00003619  __muldf3                             
000036fd  mpu_set_accel_fsr                    
000037e1  xun                                  
000038c5  DL_SYSCTL_configSYSPLL               
000039a1  PID_caculate                         
00003a7d  SYSCFG_DL_PWM_ALL_init               
00003b59  ldexp                                
00003b59  ldexpl                               
00003b59  scalbn                               
00003b59  scalbnl                              
00003c31  __aeabi_fsub                         
00003c31  __subsf3                             
00003c3b  __addsf3                             
00003c3b  __aeabi_fadd                         
00003d09  SYSCFG_DL_initPower                  
00003eb1  mpu_set_lpf                          
00003f81  oled_show                            
0000404d  UART0_IRQHandler                     
00004111  UART1_IRQHandler                     
000041d5  mpu_set_gyro_fsr                     
00004299  mspm0_i2c_write                      
0000435d  mpu_configure_fifo                   
00004419  mpu_set_dmp_state                    
000044d1  GROUP1_IRQHandler                    
0000457d  mpu_read_mem                         
00004629  mpu_write_mem                        
000046d5  __udivmoddi4                         
00004777  __aeabi_ldiv0                        
00004779  get_sensor_actual                    
00004819  mpu_set_int_latched                  
000048b5  OLED_WR_Byte                         
0000494d  dmp_set_fifo_rate                    
00004a7d  SYSCFG_DL_PWM_SERVO_init             
00004b0d  __aeabi_fmul                         
00004b0d  __mulsf3                             
00004ca1  __aeabi_fdiv                         
00004ca1  __divsf3                             
00004d25  Timer_work                           
00004da5  __TI_decompress_lzss                 
00004e21  key_work                             
00004e99  __gedf2                              
00004e99  __gtdf2                              
00004f0d  AES_IRQHandler                       
00004f0d  CANFD0_IRQHandler                    
00004f0d  DAC0_IRQHandler                      
00004f0d  DMA_IRQHandler                       
00004f0d  Default_Handler                      
00004f0d  GROUP0_IRQHandler                    
00004f0d  HardFault_Handler                    
00004f0d  I2C0_IRQHandler                      
00004f0d  I2C1_IRQHandler                      
00004f0d  NMI_Handler                          
00004f0d  PendSV_Handler                       
00004f0d  RTC_IRQHandler                       
00004f0d  SPI0_IRQHandler                      
00004f0d  SPI1_IRQHandler                      
00004f0d  SVC_Handler                          
00004f0d  TIMA0_IRQHandler                     
00004f0d  TIMA1_IRQHandler                     
00004f0d  TIMG12_IRQHandler                    
00004f0d  TIMG6_IRQHandler                     
00004f0d  TIMG7_IRQHandler                     
00004f0d  TIMG8_IRQHandler                     
00004f0d  UART2_IRQHandler                     
00004f0d  UART3_IRQHandler                     
00004f11  __aeabi_d2f                          
00004f11  __truncdfsf2                         
00004f85  mpu_get_accel_fsr                    
00004ff9  OLED_ShowString                      
00005069  SYSCFG_DL_SYSCTL_init                
000050d9  constrain_double                     
00005149  OLED_Clear                           
000051b5  SYSCFG_DL_ADC12_CCD_init             
0000521d  SYSCFG_DL_ADC12_VOLTAGE_init         
00005285  __cmpdf2                             
00005285  __eqdf2                              
00005285  __ledf2                              
00005285  __ltdf2                              
00005285  __nedf2                              
00005353  dmp_set_tap_axes                     
0000541d  oled_i2c_sda_unlock                  
00005481  __aeabi_dcmpeq                       
00005495  __aeabi_dcmplt                       
000054a9  __aeabi_dcmple                       
000054bd  __aeabi_dcmpge                       
000054d1  __aeabi_dcmpgt                       
000054e5  __aeabi_fcmpeq                       
000054f9  __aeabi_fcmplt                       
0000550d  __aeabi_fcmple                       
00005521  __aeabi_fcmpge                       
00005535  __aeabi_fcmpgt                       
00005549  SYSCFG_DL_UART_0_init                
000055a9  SYSCFG_DL_UART_1_init                
00005609  dmp_enable_gyro_cal                  
00005669  mpu6050_i2c_sda_unlock               
000056c9  mpu_get_gyro_fsr                     
00005729  DL_I2C_fillControllerTXFIFO          
00005789  frexp                                
00005789  frexpl                               
0000589d  Pid_Init                             
000058f5  SYSCFG_DL_I2C_MPU6050_init           
0000594d  SYSCFG_DL_I2C_OLED_init              
000059a5  __TI_ltoa                            
00005a55  __aeabi_idiv                         
00005a55  __aeabi_idivmod                      
00005e0d  SYSCFG_DL_init                       
00005ea5  __aeabi_d2iz                         
00005ea5  __fixdfsi                            
00005ef1  DL_UART_init                         
00005f39  dmp_enable_6x_lp_quat                
00005f81  dmp_enable_lp_quat                   
00006011  DL_SYSCTL_switchMCLKfromSYSOSCtoHSCLK
00006055  dmp_set_shake_reject_thresh          
00006099  dmp_set_tap_count                    
00006121  __aeabi_d2uiz                        
00006121  __fixunsdfsi                         
00006165  Car_setspeed                         
000061a5  DL_ADC12_setClockConfig              
000061e5  __aeabi_uidiv                        
000061e5  __aeabi_uidivmod                     
00006225  __aeabi_f2d                          
00006225  __extendsfdf2                        
00006265  atoi                                 
000062e5  DL_I2C_flushControllerTXFIFO         
0000635d  OLED_Set_Pos                         
00006399  __gesf2                              
00006399  __gtsf2                              
000063d5  __TI_auto_init_nobinit_nopinit       
00006411  __cmpsf2                             
00006411  __eqsf2                              
00006411  __lesf2                              
00006411  __ltsf2                              
00006411  __nesf2                              
0000644d  __muldsi3                            
00006489  __aeabi_f2iz                         
00006489  __fixsfsi                            
000064c1  sprintf                              
000064f9  SYSCFG_DL_TIMER_0_init               
0000652d  mpu_get_sample_rate                  
00006561  dmp_set_shake_reject_time            
00006593  dmp_set_shake_reject_timeout         
000065c5  PWM_D0                               
000065f5  PWM_D1                               
00006655  dmp_set_tap_time                     
00006685  dmp_set_tap_time_multi               
000066b5  mspm0_delay_ms                       
0000673d  __aeabi_i2d                          
0000673d  __floatsidf                          
00006769  mspm0_get_clock_ms                   
000068ad  __aeabi_ui2f                         
000068ad  __floatunsisf                        
000068d5  _c_int00_noargs                      
00006923  DL_I2C_setClockConfig                
00006949  ADC1_IRQHandler                      
0000696d  Delay_ms                             
00006991  __aeabi_ui2d                         
00006991  __floatunsidf                        
000069b5  __aeabi_lmul                         
000069b5  __muldi3                             
000069d9  memccpy                              
000069fd  ADC0_IRQHandler                      
00006a7d  memcmp                               
00006abd  __aeabi_llsl                         
00006abd  __ashldi3                            
00006c49  DL_SYSCTL_configFCC                  
00006cd5  DL_Timer_setCaptCompUpdateMethod     
00006cf1  DL_Timer_setClockConfig              
00006d29  Encoder1_Get                         
00006d45  dmp_load_motion_driver_firmware      
00007091  DL_Timer_setCaptureCompareOutCtl     
00007109  Encoder2_Get                         
00007121  SysTick_Init                         
000071eb  __TI_zero_init_nomemset              
00007201  BUZZER_OFF                           
0000732d  LED1_OFF                             
00007341  LED2_OFF                             
00007355  __aeabi_uldivmod                     
00007369  dmp_register_android_orient_cb       
0000737d  dmp_register_tap_cb                  
000073db  DL_UART_setClockConfig               
000073ed  TI_memcpy_small                      
000073ff  __TI_decompress_none                 
00007441  DL_Timer_setCaptureCompareValue      
00007451  SysTick_Handler                      
00007461  delay_ms                             
00007471  wcslen                               
00007481  __aeabi_memset                       
00007481  __aeabi_memset4                      
00007481  __aeabi_memset8                      
000074ab  TI_memset_small                      
000074d1  DL_Common_delayCycles                
00007515  __aeabi_errno_addr                   
0000751d  __aeabi_memcpy                       
0000751d  __aeabi_memcpy4                      
0000751d  __aeabi_memcpy8                      
00007525  abort                                
0000752a  C$$EXIT                              
0000752b  HOSTexit                             
0000752f  Reset_Handler                        
00007545  _system_pre_init                     
00008146  asc2_1608                            
00008736  asc2_0806                            
00008960  __aeabi_ctype_table_                 
00008960  __aeabi_ctype_table_C                
00008a8c  test                                 
00008ab4  reg                                  
00008b0a  hw                                   
00008ba4  __TI_Handler_Table_Base              
00008bb0  __TI_Handler_Table_Limit             
00008bb8  __TI_CINIT_Base                      
00008bc8  __TI_CINIT_Limit                     
00008bc8  __TI_CINIT_Warm                      
20200000  __start___llvm_prf_bits              
20200000  __start___llvm_prf_cnts              
20200000  __stop___llvm_prf_bits               
20200000  __stop___llvm_prf_cnts               
20200000  gPWM_ALLBackup                       
202000bc  gPWM_SERVOBackup                     
2020015c  Serial_RxPacket                      
202001c0  EncoderLPid                          
20200208  EncoderRPid                          
20200250  GxPid                                
20200298  TurnErrorPid                         
202002e0  jiaoduPid                            
20200328  Motor                                
20200368  oled_buffer                          
20200388  Tick                                 
20200398  Encoder                              
2020039c  new_yaw                              
202003a0  start_time                           
202003a4  t_200ms                              
202003a8  tick_ms                              
202003ac  time_2s                              
202003b0  time_3s                              
202003b4  L1                                   
202003b5  L2                                   
202003b6  M0                                   
202003b7  R1                                   
202003b8  R2                                   
202003b9  Serial_RxFlag                        
202003ba  baohu_flag                           
202003bb  biansu_flag                          
202003bc  gCheckADC                            
202003bd  kaishi_flag                          
202003be  keycnt                               
202003bf  keynum                               
202003c0  keyquan                              
202003c1  m0                                   
202003c2  quanshu                              
202003c3  start_flag                           
202003c4  xia_flag                             
202003c5  xunji_flag                           
202003c6  yizhi_flag                           
202003f4  sensor                               
20200408  sensor_weight                        
20200444  Front_Left_Count                     
20200448  Front_Right_Count                    
2020044c  __aeabi_errno                        
20200450  base_speed                           
20207e00  __stack                              
20208000  __STACK_END                          
ffffffff  __TI_pprof_out_hndl                  
ffffffff  __TI_prof_data_size                  
ffffffff  __TI_prof_data_start                 
ffffffff  __binit__                            
ffffffff  binit                                
UNDEFED   __mpu_init                           
UNDEFED   _system_post_cinit                   

[313 symbols]
