Archive member included to satisfy reference by file (symbol)

C:/TI/mspm0_sdk_2_10_00_04/source\ti/driverlib/lib/gcc/m0p/mspm0g1x0x_g3x0x/driverlib.a(dl_common.o)
                              ./ti_msp_dl_config.o (DL_Common_delayCycles)
C:/TI/mspm0_sdk_2_10_00_04/source\ti/driverlib/lib/gcc/m0p/mspm0g1x0x_g3x0x/driverlib.a(dl_timer.o)
                              ./ti_msp_dl_config.o (DL_Timer_setClockConfig)
C:/TI/mspm0_sdk_2_10_00_04/source\ti/driverlib/lib/gcc/m0p/mspm0g1x0x_g3x0x/driverlib.a(dl_uart.o)
                              ./ti_msp_dl_config.o (DL_UART_init)
C:/TI/mspm0_sdk_2_10_00_04/source\ti/driverlib/lib/gcc/m0p/mspm0g1x0x_g3x0x/driverlib.a(dl_sysctl_mspm0g1x0x_g3x0x.o)
                              ./ti_msp_dl_config.o (DL_SYSCTL_configSYSPLL)
c:/ti/gcc_arm_none_eabi_9_2_1/bin/../lib/gcc/arm-none-eabi/9.2.1/thumb/v6-m/nofp\libgcc.a(_udivsi3.o)
                              ./ti_msp_dl_config.o (__aeabi_uidiv)
c:/ti/gcc_arm_none_eabi_9_2_1/bin/../lib/gcc/arm-none-eabi/9.2.1/thumb/v6-m/nofp\libgcc.a(_dvmd_tls.o)
                              c:/ti/gcc_arm_none_eabi_9_2_1/bin/../lib/gcc/arm-none-eabi/9.2.1/thumb/v6-m/nofp\libgcc.a(_udivsi3.o) (__aeabi_idiv0)
c:/ti/gcc_arm_none_eabi_9_2_1/bin/../lib/gcc/arm-none-eabi/9.2.1/thumb/v6-m/nofp\libgcc.a(_arm_cmpsf2.o)
                              ./pid.o (__aeabi_fcmpeq)
c:/ti/gcc_arm_none_eabi_9_2_1/bin/../lib/gcc/arm-none-eabi/9.2.1/thumb/v6-m/nofp\libgcc.a(_fixunssfsi.o)
                              ./gimbal_tracker.o (__aeabi_f2uiz)
c:/ti/gcc_arm_none_eabi_9_2_1/bin/../lib/gcc/arm-none-eabi/9.2.1/thumb/v6-m/nofp\libgcc.a(_fixunsdfsi.o)
                              ./step_motor.o (__aeabi_d2uiz)
c:/ti/gcc_arm_none_eabi_9_2_1/bin/../lib/gcc/arm-none-eabi/9.2.1/thumb/v6-m/nofp\libgcc.a(addsf3.o)
                              ./gimbal_tracker.o (__aeabi_fadd)
c:/ti/gcc_arm_none_eabi_9_2_1/bin/../lib/gcc/arm-none-eabi/9.2.1/thumb/v6-m/nofp\libgcc.a(divsf3.o)
                              ./pid.o (__aeabi_fdiv)
c:/ti/gcc_arm_none_eabi_9_2_1/bin/../lib/gcc/arm-none-eabi/9.2.1/thumb/v6-m/nofp\libgcc.a(eqsf2.o)
                              c:/ti/gcc_arm_none_eabi_9_2_1/bin/../lib/gcc/arm-none-eabi/9.2.1/thumb/v6-m/nofp\libgcc.a(_arm_cmpsf2.o) (__eqsf2)
c:/ti/gcc_arm_none_eabi_9_2_1/bin/../lib/gcc/arm-none-eabi/9.2.1/thumb/v6-m/nofp\libgcc.a(gesf2.o)
                              c:/ti/gcc_arm_none_eabi_9_2_1/bin/../lib/gcc/arm-none-eabi/9.2.1/thumb/v6-m/nofp\libgcc.a(_arm_cmpsf2.o) (__gesf2)
c:/ti/gcc_arm_none_eabi_9_2_1/bin/../lib/gcc/arm-none-eabi/9.2.1/thumb/v6-m/nofp\libgcc.a(lesf2.o)
                              c:/ti/gcc_arm_none_eabi_9_2_1/bin/../lib/gcc/arm-none-eabi/9.2.1/thumb/v6-m/nofp\libgcc.a(_arm_cmpsf2.o) (__lesf2)
c:/ti/gcc_arm_none_eabi_9_2_1/bin/../lib/gcc/arm-none-eabi/9.2.1/thumb/v6-m/nofp\libgcc.a(mulsf3.o)
                              ./pid.o (__aeabi_fmul)
c:/ti/gcc_arm_none_eabi_9_2_1/bin/../lib/gcc/arm-none-eabi/9.2.1/thumb/v6-m/nofp\libgcc.a(subsf3.o)
                              ./gimbal_tracker.o (__aeabi_fsub)
c:/ti/gcc_arm_none_eabi_9_2_1/bin/../lib/gcc/arm-none-eabi/9.2.1/thumb/v6-m/nofp\libgcc.a(fixsfsi.o)
                              c:/ti/gcc_arm_none_eabi_9_2_1/bin/../lib/gcc/arm-none-eabi/9.2.1/thumb/v6-m/nofp\libgcc.a(_fixunssfsi.o) (__aeabi_f2iz)
c:/ti/gcc_arm_none_eabi_9_2_1/bin/../lib/gcc/arm-none-eabi/9.2.1/thumb/v6-m/nofp\libgcc.a(divdf3.o)
                              ./step_motor.o (__aeabi_ddiv)
c:/ti/gcc_arm_none_eabi_9_2_1/bin/../lib/gcc/arm-none-eabi/9.2.1/thumb/v6-m/nofp\libgcc.a(subdf3.o)
                              c:/ti/gcc_arm_none_eabi_9_2_1/bin/../lib/gcc/arm-none-eabi/9.2.1/thumb/v6-m/nofp\libgcc.a(_fixunsdfsi.o) (__aeabi_dsub)
c:/ti/gcc_arm_none_eabi_9_2_1/bin/../lib/gcc/arm-none-eabi/9.2.1/thumb/v6-m/nofp\libgcc.a(fixdfsi.o)
                              c:/ti/gcc_arm_none_eabi_9_2_1/bin/../lib/gcc/arm-none-eabi/9.2.1/thumb/v6-m/nofp\libgcc.a(_fixunsdfsi.o) (__aeabi_d2iz)
c:/ti/gcc_arm_none_eabi_9_2_1/bin/../lib/gcc/arm-none-eabi/9.2.1/thumb/v6-m/nofp\libgcc.a(floatsidf.o)
                              ./step_motor.o (__aeabi_i2d)
c:/ti/gcc_arm_none_eabi_9_2_1/bin/../lib/gcc/arm-none-eabi/9.2.1/thumb/v6-m/nofp\libgcc.a(_arm_cmpdf2.o)
                              c:/ti/gcc_arm_none_eabi_9_2_1/bin/../lib/gcc/arm-none-eabi/9.2.1/thumb/v6-m/nofp\libgcc.a(_fixunsdfsi.o) (__aeabi_dcmpge)
c:/ti/gcc_arm_none_eabi_9_2_1/bin/../lib/gcc/arm-none-eabi/9.2.1/thumb/v6-m/nofp\libgcc.a(_clzsi2.o)
                              c:/ti/gcc_arm_none_eabi_9_2_1/bin/../lib/gcc/arm-none-eabi/9.2.1/thumb/v6-m/nofp\libgcc.a(addsf3.o) (__clzsi2)
c:/ti/gcc_arm_none_eabi_9_2_1/bin/../lib/gcc/arm-none-eabi/9.2.1/thumb/v6-m/nofp\libgcc.a(eqdf2.o)
                              c:/ti/gcc_arm_none_eabi_9_2_1/bin/../lib/gcc/arm-none-eabi/9.2.1/thumb/v6-m/nofp\libgcc.a(_arm_cmpdf2.o) (__eqdf2)
c:/ti/gcc_arm_none_eabi_9_2_1/bin/../lib/gcc/arm-none-eabi/9.2.1/thumb/v6-m/nofp\libgcc.a(gedf2.o)
[...]
Memory Configuration

Name             Origin             Length             Attributes
FLASH            0x00000000         0x00020000         xr
SRAM             0x20200000         0x00008000         xrw
BCR_CONFIG       0x41c00000         0x000000ff         r
BSL_CONFIG       0x41c00100         0x00000080         r
*default*        0x00000000         0xffffffff

Linker script and memory map

LOAD ./empty.o
LOAD ./ti_msp_dl_config.o
LOAD ./startup_mspm0g350x_gcc.o
LOAD ./gimbal_tracker.o
LOAD ./pid.o
LOAD ./step_motor.o
LOAD ./uart.o
                0x00000000                _Min_Heap_Size = 0x0
                0x00000080                _Min_Stack_Size = 0x80
                0x00000000                PROVIDE (_intvecs_base_address = DEFINED (_intvecs_base_address)?_intvecs_base_address:0x0)

.intvecs        0x00000000       0xc0
 *(.intvecs)
 .intvecs       0x00000000       0xc0 ./startup_mspm0g350x_gcc.o
                0x00000000                interruptVectors
                0x20200000                PROVIDE (_vtable_base_address = DEFINED (_vtable_base_address)?_vtable_base_address:0x20200000)

.vtable
 *(.vtable)

.text           0x000000c0     0x4368
 CREATE_OBJECT_SYMBOLS
 *(.text)
 .text          0x000000c0        0x0 ./empty.o
 .text          0x000000c0        0x0 ./ti_msp_dl_config.o
 .text          0x000000c0        0x0 ./startup_mspm0g350x_gcc.o
 .text          0x000000c0        0x0 ./gimbal_tracker.o
 .text          0x000000c0        0x0 ./pid.o
 .text          0x000000c0        0x0 ./step_motor.o
 .text          0x000000c0        0x0 ./uart.o
 .text          0x000000c0        0x0 C:/TI/mspm0_sdk_2_10_00_04/source\ti/driverlib/lib/gcc/m0p/mspm0g1x0x_g3x0x/driverlib.a(dl_common.o)
 .text          0x000000c0        0x0 C:/TI/mspm0_sdk_2_10_00_04/source\ti/driverlib/lib/gcc/m0p/mspm0g1x0x_g3x0x/driverlib.a(dl_timer.o)
 .text          0x000000c0        0x0 C:/TI/mspm0_sdk_2_10_00_04/source\ti/driverlib/lib/gcc/m0p/mspm0g1x0x_g3x0x/driverlib.a(dl_uart.o)
 .text          0x000000c0        0x0 C:/TI/mspm0_sdk_2_10_00_04/source\ti/driverlib/lib/gcc/m0p/mspm0g1x0x_g3x0x/driverlib.a(dl_sysctl_mspm0g1x0x_g3x0x.o)
 .text          0x000000c0      0x114 c:/ti/gcc_arm_none_eabi_9_2_1/bin/../lib/gcc/arm-none-eabi/9.2.1/thumb/v6-m/nofp\libgcc.a(_udivsi3.o)
                0x000000c0                __aeabi_uidiv
                0x000000c0                __udivsi3
                0x000001cc                __aeabi_uidivmod
 .text          0x000001d4        0x4 c:/ti/gcc_arm_none_eabi_9_2_1/bin/../lib/gcc/arm-none-eabi/9.2.1/thumb/v6-m/nofp\libgcc.a(_dvmd_tls.o)
                0x000001d4                __aeabi_idiv0
                0x000001d4                __aeabi_ldiv0
 .text          0x000001d8       0x74 c:/ti/gcc_arm_none_eabi_9_2_1/bin/../lib/gcc/arm-none-eabi/9.2.1/thumb/v6-m/nofp\libgcc.a(_arm_cmpsf2.o)
                0x000001d8                __aeabi_cfrcmple
                0x000001e0                __aeabi_cfcmpeq
                0x000001e0                __aeabi_cfcmple
                0x000001f0                __aeabi_fcmpeq
                0x000001fc                __aeabi_fcmplt
                0x00000210                __aeabi_fcmple
                0x00000224                __aeabi_fcmpgt
                0x00000238                __aeabi_fcmpge
 .text          0x0000024c       0x30 c:/ti/gcc_arm_none_eabi_9_2_1/bin/../lib/gcc/arm-none-eabi/9.2.1/thumb/v6-m/nofp\libgcc.a(_fixunssfsi.o)
                0x0000024c                __fixunssfsi
                0x0000024c                __aeabi_f2uiz
 .text          0x0000027c       0x3c c:/ti/gcc_arm_none_eabi_9_2_1/bin/../lib/gcc/arm-none-eabi/9.2.1/thumb/v6-m/nofp\libgcc.a(_fixunsdfsi.o)
                0x0000027c                __aeabi_d2uiz
                0x0000027c                __fixunsdfsi
 .text          0x000002b8      0x338 c:/ti/gcc_arm_none_eabi_9_2_1/bin/../lib/gcc/arm-none-eabi/9.2.1/thumb/v6-m/nofp\libgcc.a(addsf3.o)
                0x000002b8                __aeabi_fadd
 .text          0x000005f0      0x218 c:/ti/gcc_arm_none_eabi_9_2_1/bin/../lib/gcc/arm-none-eabi/9.2.1/thumb/v6-m/nofp\libgcc.a(divsf3.o)
                0x000005f0                __aeabi_fdiv
 .text          0x00000808       0x50 c:/ti/gcc_arm_none_eabi_9_2_1/bin/../lib/gcc/arm-none-eabi/9.2.1/thumb/v6-m/nofp\libgcc.a(eqsf2.o)
                0x00000808                __eqsf2
                0x00000808                __nesf2
 .text          0x00000858       0x98 c:/ti/gcc_arm_none_eabi_9_2_1/bin/../lib/gcc/arm-none-eabi/9.2.1/thumb/v6-m/nofp\libgcc.a(gesf2.o)
                0x00000858                __gesf2
                0x00000858                __gtsf2
 .text          0x000008f0       0x94 c:/ti/gcc_arm_none_eabi_9_2_1/bin/../lib/gcc/arm-none-eabi/9.2.1/thumb/v6-m/nofp\libgcc.a(lesf2.o)
                0x000008f0                __ltsf2
                0x000008f0                __lesf2
 .text          0x00000984      0x234 c:/ti/gcc_arm_none_eabi_9_2_1/bin/../lib/gcc/arm-none-eabi/9.2.1/thumb/v6-m/nofp\libgcc.a(mulsf3.o)
                0x00000984                __aeabi_fmul
 .text          0x00000bb8      0x390 c:/ti/gcc_arm_none_eabi_9_2_1/bin/../lib/gcc/arm-none-eabi/9.2.1/thumb/v6-m/nofp\libgcc.a(subsf3.o)
                0x00000bb8                __aeabi_fsub
 .text          0x00000f48       0x40 c:/ti/gcc_arm_none_eabi_9_2_1/bin/../lib/gcc/arm-none-eabi/9.2.1/thumb/v6-m/nofp\libgcc.a(fixsfsi.o)
                0x00000f48                __aeabi_f2iz
 .text          0x00000f88      0x5d0 c:/ti/gcc_arm_none_eabi_9_2_1/bin/../lib/gcc/arm-none-eabi/9.2.1/thumb/v6-m/nofp\libgcc.a(divdf3.o)
                0x00000f88                __aeabi_ddiv
 .text          0x00001558      0x724 c:/ti/gcc_arm_none_eabi_9_2_1/bin/../lib/gcc/arm-none-eabi/9.2.1/thumb/v6-m/nofp\libgcc.a(subdf3.o)
                0x00001558                __aeabi_dsub
 .text          0x00001c7c       0x6c c:/ti/gcc_arm_none_eabi_9_2_1/bin/../lib/gcc/arm-none-eabi/9.2.1/thumb/v6-m/nofp\libgcc.a(fixdfsi.o)
                0x00001c7c                __aeabi_d2iz
 .text          0x00001ce8       0x60 c:/ti/gcc_arm_none_eabi_9_2_1/bin/../lib/gcc/arm-none-eabi/9.2.1/thumb/v6-m/nofp\libgcc.a(floatsidf.o)
                0x00001ce8                __aeabi_i2d
 .text          0x00001d48       0x7c c:/ti/gcc_arm_none_eabi_9_2_1/bin/../lib/gcc/arm-none-eabi/9.2.1/thumb/v6-m/nofp\libgcc.a(_arm_cmpdf2.o)
                0x00001d48                __aeabi_cdrcmple
                0x00001d58                __aeabi_cdcmple
                0x00001d58                __aeabi_cdcmpeq
                0x00001d68                __aeabi_dcmpeq
                0x00001d74                __aeabi_dcmplt
                0x00001d88                __aeabi_dcmple
                0x00001d9c                __aeabi_dcmpgt
                0x00001db0                __aeabi_dcmpge
 .text          0x00001dc4       0x3c c:/ti/gcc_arm_none_eabi_9_2_1/bin/../lib/gcc/arm-none-eabi/9.2.1/thumb/v6-m/nofp\libgcc.a(_clzsi2.o)
                0x00001dc4                __clzsi2
 .text          0x00001e00       0x78 c:/ti/gcc_arm_none_eabi_9_2_1/bin/../lib/gcc/arm-none-eabi/9.2.1/thumb/v6-m/nofp\libgcc.a(eqdf2.o)
                0x00001e00                __nedf2
                0x00001e00                __eqdf2
 .text          0x00001e78       0xe4 c:/ti/gcc_arm_none_eabi_9_2_1/bin/../lib/gcc/arm-none-eabi/9.2.1/thumb/v6-m/nofp\libgcc.a(gedf2.o)
                0x00001e78                __gedf2
                0x00001e78                __gtdf2
 .text          0x00001f5c       0xe0 c:/ti/gcc_arm_none_eabi_9_2_1/bin/../lib/gcc/arm-none-eabi/9.2.1/thumb/v6-m/nofp\libgcc.a(ledf2.o)
                0x00001f5c                __ledf2
                0x00001f5c                __ltdf2
 .text          0x0000203c        0x0 C:/TI/gcc_arm_none_eabi_9_2_1/arm-none-eabi/lib/thumb/v6-m/nofp\libc.a(lib_a-init.o)
 .text          0x0000203c        0x0 C:/TI/gcc_arm_none_eabi_9_2_1/arm-none-eabi/lib/thumb/v6-m/nofp\libc.a(lib_a-sscanf.o)
 .text          0x0000203c        0x0 C:/TI/gcc_arm_none_eabi_9_2_1/arm-none-eabi/lib/thumb/v6-m/nofp\libc.a(lib_a-stdio.o)
 .text          0x0000203c        0x0 C:/TI/gcc_arm_none_eabi_9_2_1/arm-none-eabi/lib/thumb/v6-m/nofp\libc.a(lib_a-strchr.o)
 .text          0x0000203c        0x0 C:/TI/gcc_arm_none_eabi_9_2_1/arm-none-eabi/lib/thumb/v6-m/nofp\libc.a(lib_a-strlen-stub.o)
 .text          0x0000203c        0x0 C:/TI/gcc_arm_none_eabi_9_2_1/arm-none-eabi/lib/thumb/v6-m/nofp\libc.a(lib_a-svfscanf.o)
 .text          0x0000203c        0x0 C:/TI/gcc_arm_none_eabi_9_2_1/arm-none-eabi/lib/thumb/v6-m/nofp\libc.a(lib_a-writer.o)
 .text          0x0000203c        0x0 C:/TI/gcc_arm_none_eabi_9_2_1/arm-none-eabi/lib/thumb/v6-m/nofp\libc.a(lib_a-closer.o)
 .text          0x0000203c        0x0 C:/TI/gcc_arm_none_eabi_9_2_1/arm-none-eabi/lib/thumb/v6-m/nofp\libc.a(lib_a-ctype_.o)
 .text          0x0000203c        0x0 C:/TI/gcc_arm_none_eabi_9_2_1/arm-none-eabi/lib/thumb/v6-m/nofp\libc.a(lib_a-impure.o)
 .text          0x0000203c        0x0 C:/TI/gcc_arm_none_eabi_9_2_1/arm-none-eabi/lib/thumb/v6-m/nofp\libc.a(lib_a-iswspace.o)
 .text          0x0000203c        0x0 C:/TI/gcc_arm_none_eabi_9_2_1/arm-none-eabi/lib/thumb/v6-m/nofp\libc.a(lib_a-iswspace_l.o)
 .text          0x0000203c        0x0 C:/TI/gcc_arm_none_eabi_9_2_1/arm-none-eabi/lib/thumb/v6-m/nofp\libc.a(lib_a-locale.o)
 .text          0x0000203c        0x0 C:/TI/gcc_arm_none_eabi_9_2_1/arm-none-eabi/lib/thumb/v6-m/nofp\libc.a(lib_a-localeconv.o)
 .text          0x0000203c        0x0 C:/TI/gcc_arm_none_eabi_9_2_1/arm-none-eabi/lib/thumb/v6-m/nofp\libc.a(lib_a-lseekr.o)
 .text          0x0000203c        0x0 C:/TI/gcc_arm_none_eabi_9_2_1/arm-none-eabi/lib/thumb/v6-m/nofp\libc.a(lib_a-malloc.o)
 .text          0x0000203c        0x0 C:/TI/gcc_arm_none_eabi_9_2_1/arm-none-eabi/lib/thumb/v6-m/nofp\libc.a(lib_a-mallocr.o)
 .text          0x0000203c        0x0 C:/TI/gcc_arm_none_eabi_9_2_1/arm-none-eabi/lib/thumb/v6-m/nofp\libc.a(lib_a-mbrtowc.o)
 .text          0x0000203c        0x0 C:/TI/gcc_arm_none_eabi_9_2_1/arm-none-eabi/lib/thumb/v6-m/nofp\libc.a(lib_a-mbtowc_r.o)
 .text          0x0000203c        0x0 C:/TI/gcc_arm_none_eabi_9_2_1/arm-none-eabi/lib/thumb/v6-m/nofp\libc.a(lib_a-memset.o)
 .text          0x0000203c        0x0 C:/TI/gcc_arm_none_eabi_9_2_1/arm-none-eabi/lib/thumb/v6-m/nofp\libc.a(lib_a-mlock.o)
 .text          0x0000203c        0x0 C:/TI/gcc_arm_none_eabi_9_2_1/arm-none-eabi/lib/thumb/v6-m/nofp\libc.a(lib_a-readr.o)
 .text          0x0000203c        0x0 C:/TI/gcc_arm_none_eabi_9_2_1/arm-none-eabi/lib/thumb/v6-m/nofp\libc.a(lib_a-realloc.o)
 .text          0x0000203c        0x0 C:/TI/gcc_arm_none_eabi_9_2_1/arm-none-eabi/lib/thumb/v6-m/nofp\libc.a(lib_a-reallocr.o)
 .text          0x0000203c        0x0 C:/TI/gcc_arm_none_eabi_9_2_1/arm-none-eabi/lib/thumb/v6-m/nofp\libc.a(lib_a-reent.o)
 .text          0x0000203c        0x0 C:/TI/gcc_arm_none_eabi_9_2_1/arm-none-eabi/lib/thumb/v6-m/nofp\libc.a(lib_a-sbrkr.o)
 .text          0x0000203c        0x0 C:/TI/gcc_arm_none_eabi_9_2_1/arm-none-eabi/lib/thumb/v6-m/nofp\libc.a(lib_a-sccl.o)
 .text          0x0000203c        0x0 C:/TI/gcc_arm_none_eabi_9_2_1/arm-none-eabi/lib/thumb/v6-m/nofp\libc.a(lib_a-sf_nan.o)
 .text          0x0000203c        0x0 C:/TI/gcc_arm_none_eabi_9_2_1/arm-none-eabi/lib/thumb/v6-m/nofp\libc.a(lib_a-sprintf.o)
 .text          0x0000203c       0x88 C:/TI/gcc_arm_none_eabi_9_2_1/arm-none-eabi/lib/thumb/v6-m/nofp\libc.a(lib_a-strcmp.o)
                0x0000203c                strcmp
 .text          0x000020c4        0x0 C:/TI/gcc_arm_none_eabi_9_2_1/arm-none-eabi/lib/thumb/v6-m/nofp\libc.a(lib_a-strtod.o)
 .text          0x000020c4        0x0 C:/TI/gcc_arm_none_eabi_9_2_1/arm-none-eabi/lib/thumb/v6-m/nofp\libc.a(lib_a-strtol.o)
 .text          0x000020c4        0x0 C:/TI/gcc_arm_none_eabi_9_2_1/arm-none-eabi/lib/thumb/v6-m/nofp\libc.a(lib_a-strtoll.o)
 .text          0x000020c4        0x0 C:/TI/gcc_arm_none_eabi_9_2_1/arm-none-eabi/lib/thumb/v6-m/nofp\libc.a(lib_a-strtoul.o)
 .text          0x000020c4        0x0 C:/TI/gcc_arm_none_eabi_9_2_1/arm-none-eabi/lib/thumb/v6-m/nofp\libc.a(lib_a-strtoull.o)
 .text          0x000020c4        0x0 C:/TI/gcc_arm_none_eabi_9_2_1/arm-none-eabi/lib/thumb/v6-m/nofp\libc.a(lib_a-svfiscanf.o)
 .text          0x000020c4        0x0 C:/TI/gcc_arm_none_eabi_9_2_1/arm-none-eabi/lib/thumb/v6-m/nofp\libc.a(lib_a-svfprintf.o)
 .text          0x000020c4        0x0 C:/TI/gcc_arm_none_eabi_9_2_1/arm-none-eabi/lib/thumb/v6-m/nofp\libc.a(lib_a-ungetc.o)
 .text          0x000020c4        0x0 C:/TI/gcc_arm_none_eabi_9_2_1/arm-none-eabi/lib/thumb/v6-m/nofp\libc.a(lib_a-wctomb_r.o)
 .text          0x000020c4        0x0 C:/TI/gcc_arm_none_eabi_9_2_1/arm-none-eabi/lib/thumb/v6-m/nofp\libc.a(lib_a-dtoa.o)
 .text          0x000020c4        0x0 C:/TI/gcc_arm_none_eabi_9_2_1/arm-none-eabi/lib/thumb/v6-m/nofp\libc.a(lib_a-fflush.o)
 .text          0x000020c4        0x0 C:/TI/gcc_arm_none_eabi_9_2_1/arm-none-eabi/lib/thumb/v6-m/nofp\libc.a(lib_a-findfp.o)
 .text          0x000020c4        0x0 C:/TI/gcc_arm_none_eabi_9_2_1/arm-none-eabi/lib/thumb/v6-m/nofp\libc.a(lib_a-freer.o)
 .text          0x000020c4        0x0 C:/TI/gcc_arm_none_eabi_9_2_1/arm-none-eabi/lib/thumb/v6-m/nofp\libc.a(lib_a-fwalk.o)
 .text          0x000020c4        0x0 C:/TI/gcc_arm_none_eabi_9_2_1/arm-none-eabi/lib/thumb/v6-m/nofp\libc.a(lib_a-gdtoa-gethex.o)
 .text          0x000020c4        0x0 C:/TI/gcc_arm_none_eabi_9_2_1/arm-none-eabi/lib/thumb/v6-m/nofp\libc.a(lib_a-gdtoa-hexnan.o)
 .text          0x000020c4        0x0 C:/TI/gcc_arm_none_eabi_9_2_1/arm-none-eabi/lib/thumb/v6-m/nofp\libc.a(lib_a-lnumeric.o)
 .text          0x000020c4        0x0 C:/TI/gcc_arm_none_eabi_9_2_1/arm-none-eabi/lib/thumb/v6-m/nofp\libc.a(lib_a-lock.o)
 .text          0x000020c4        0x0 C:/TI/gcc_arm_none_eabi_9_2_1/arm-none-eabi/lib/thumb/v6-m/nofp\libc.a(lib_a-memchr-stub.o)
 .text          0x000020c4        0x0 C:/TI/gcc_arm_none_eabi_9_2_1/arm-none-eabi/lib/thumb/v6-m/nofp\libc.a(lib_a-memcpy-stub.o)
 .text          0x000020c4        0x0 C:/TI/gcc_arm_none_eabi_9_2_1/arm-none-eabi/lib/thumb/v6-m/nofp\libc.a(lib_a-memmove.o)
 .text          0x000020c4        0x0 C:/TI/gcc_arm_none_eabi_9_2_1/arm-none-eabi/lib/thumb/v6-m/nofp\libc.a(lib_a-mprec.o)
 .text          0x000020c4        0x0 C:/TI/gcc_arm_none_eabi_9_2_1/arm-none-eabi/lib/thumb/v6-m/nofp\libc.a(lib_a-s_frexp.o)
 .text          0x000020c4        0x0 C:/TI/gcc_arm_none_eabi_9_2_1/arm-none-eabi/lib/thumb/v6-m/nofp\libc.a(lib_a-s_nan.o)
 .text          0x000020c4        0x0 C:/TI/gcc_arm_none_eabi_9_2_1/arm-none-eabi/lib/thumb/v6-m/nofp\libc.a(lib_a-strncmp.o)
 .text          0x000020c4        0x0 C:/TI/gcc_arm_none_eabi_9_2_1/arm-none-eabi/lib/thumb/v6-m/nofp\libc.a(lib_a-strncpy.o)
 .text          0x000020c4        0x0 C:/TI/gcc_arm_none_eabi_9_2_1/arm-none-eabi/lib/thumb/v6-m/nofp\libc.a(lib_a-svfiprintf.o)
 .text          0x000020c4        0x0 C:/TI/gcc_arm_none_eabi_9_2_1/arm-none-eabi/lib/thumb/v6-m/nofp\libc.a(lib_a-callocr.o)
 .text          0x000020c4        0x0 C:/TI/gcc_arm_none_eabi_9_2_1/arm-none-eabi/lib/thumb/v6-m/nofp\libc.a(lib_a-fclose.o)
 .text          0x000020c4      0x1d4 c:/ti/gcc_arm_none_eabi_9_2_1/bin/../lib/gcc/arm-none-eabi/9.2.1/thumb/v6-m/nofp\libgcc.a(_divsi3.o)
                0x000020c4                __divsi3
                0x000020c4                __aeabi_idiv
                0x00002290                __aeabi_idivmod
 .text          0x00002298       0x40 c:/ti/gcc_arm_none_eabi_9_2_1/bin/../lib/gcc/arm-none-eabi/9.2.1/thumb/v6-m/nofp\libgcc.a(_aeabi_uldivmod.o)
                0x00002298                __aeabi_uldivmod
 .text          0x000022d8       0x50 c:/ti/gcc_arm_none_eabi_9_2_1/bin/../lib/gcc/arm-none-eabi/9.2.1/thumb/v6-m/nofp\libgcc.a(_muldi3.o)
                0x000022d8                __muldi3
                0x000022d8                __aeabi_lmul
 .text          0x00002328       0x3c c:/ti/gcc_arm_none_eabi_9_2_1/bin/../lib/gcc/arm-none-eabi/9.2.1/thumb/v6-m/nofp\libgcc.a(_fixdfdi.o)
                0x00002328                __fixdfdi
                0x00002328                __aeabi_d2lz
 .text          0x00002364       0x3c c:/ti/gcc_arm_none_eabi_9_2_1/bin/../lib/gcc/arm-none-eabi/9.2.1/thumb/v6-m/nofp\libgcc.a(_fixunsdfdi.o)
                0x00002364                __fixunsdfdi
                0x00002364                __aeabi_d2ulz
 .text          0x000023a0       0x2c c:/ti/gcc_arm_none_eabi_9_2_1/bin/../lib/gcc/arm-none-eabi/9.2.1/thumb/v6-m/nofp\libgcc.a(_floatdidf.o)
                0x000023a0                __aeabi_l2d
                0x000023a0                __floatdidf
 .text          0x000023cc      0x198 c:/ti/gcc_arm_none_eabi_9_2_1/bin/../lib/gcc/arm-none-eabi/9.2.1/thumb/v6-m/nofp\libgcc.a(_udivmoddi4.o)
                0x000023cc                __udivmoddi4
 .text          0x00002564       0x2c c:/ti/gcc_arm_none_eabi_9_2_1/bin/../lib/gcc/arm-none-eabi/9.2.1/thumb/v6-m/nofp\libgcc.a(unordsf2.o)
                0x00002564                __aeabi_fcmpun
 .text          0x00002590      0x6d4 c:/ti/gcc_arm_none_eabi_9_2_1/bin/../lib/gcc/arm-none-eabi/9.2.1/thumb/v6-m/nofp\libgcc.a(adddf3.o)
                0x00002590                __aeabi_dadd
 .text          0x00002c64      0x4d8 c:/ti/gcc_arm_none_eabi_9_2_1/bin/../lib/gcc/arm-none-eabi/9.2.1/thumb/v6-m/nofp\libgcc.a(muldf3.o)
                0x00002c64                __aeabi_dmul
 .text          0x0000313c       0x3c c:/ti/gcc_arm_none_eabi_9_2_1/bin/../lib/gcc/arm-none-eabi/9.2.1/thumb/v6-m/nofp\libgcc.a(unorddf2.o)
                0x0000313c                __aeabi_dcmpun
 .text          0x00003178       0x4c c:/ti/gcc_arm_none_eabi_9_2_1/bin/../lib/gcc/arm-none-eabi/9.2.1/thumb/v6-m/nofp\libgcc.a(floatunsidf.o)
                0x00003178                __aeabi_ui2d
 .text          0x000031c4      0x110 c:/ti/gcc_arm_none_eabi_9_2_1/bin/../lib/gcc/arm-none-eabi/9.2.1/thumb/v6-m/nofp\libgcc.a(truncdfsf2.o)
                0x000031c4                __aeabi_d2f
 .text          0x000032d4       0x18 c:/ti/gcc_arm_none_eabi_9_2_1/bin/../lib/gcc/arm-none-eabi/9.2.1/thumb/v6-m/nofp\libgcc.a(_clzdi2.o)
                0x000032d4                __clzdi2
 .text          0x000032ec        0x0 C:/TI/gcc_arm_none_eabi_9_2_1/arm-none-eabi/lib/thumb/v6-m/nofp\libnosys.a(close.o)
 .text          0x000032ec        0x0 C:/TI/gcc_arm_none_eabi_9_2_1/arm-none-eabi/lib/thumb/v6-m/nofp\libnosys.a(lseek.o)
 .text          0x000032ec        0x0 C:/TI/gcc_arm_none_eabi_9_2_1/arm-none-eabi/lib/thumb/v6-m/nofp\libnosys.a(read.o)
 .text          0x000032ec        0x0 C:/TI/gcc_arm_none_eabi_9_2_1/arm-none-eabi/lib/thumb/v6-m/nofp\libnosys.a(sbrk.o)
 .text          0x000032ec        0x0 C:/TI/gcc_arm_none_eabi_9_2_1/arm-none-eabi/lib/thumb/v6-m/nofp\libnosys.a(write.o)
                0x000032f0                . = ALIGN (0x8)
 *fill*         0x000032ec        0x4 
 *(.text.*)
 .text.main     0x000032f0       0x14 ./empty.o
                0x000032f0                main
 .text.DL_Common_updateReg
                0x00003304       0x32 ./ti_msp_dl_config.o
 *fill*         0x00003336        0x2 
 .text.DL_SYSCTL_setBORThreshold
                0x00003338       0x28 ./ti_msp_dl_config.o
 .text.DL_SYSCTL_setSYSOSCFreq
                0x00003360       0x2c ./ti_msp_dl_config.o
 .text.DL_SYSCTL_getClockStatus
                0x0000338c       0x18 ./ti_msp_dl_config.o
 .text.DL_SYSCTL_enableSYSPLL
                0x000033a4       0x24 ./ti_msp_dl_config.o
 .text.DL_SYSCTL_setULPCLKDivider
                0x000033c8       0x30 ./ti_msp_dl_config.o
 .text.DL_SYSCTL_disableSYSPLL
                0x000033f8       0x28 ./ti_msp_dl_config.o
 .text.DL_SYSCTL_disableHFXT
                0x00003420       0x24 ./ti_msp_dl_config.o
 .text.DL_SYSCTL_setFlashWaitState
                0x00003444       0x30 ./ti_msp_dl_config.o
 .text.DL_SYSCTL_readFCC
                0x00003474       0x18 ./ti_msp_dl_config.o
 .text.DL_SYSCTL_startFCC
                0x0000348c       0x20 ./ti_msp_dl_config.o
 .text.DL_SYSCTL_isFCCDone
                0x000034ac       0x24 ./ti_msp_dl_config.o
 .text.DL_SYSCTL_setFCCPeriods
                0x000034d0       0x2c ./ti_msp_dl_config.o
 .text.DL_GPIO_enablePower
                0x000034fc       0x20 ./ti_msp_dl_config.o
 .text.DL_GPIO_reset
                0x0000351c       0x20 ./ti_msp_dl_config.o
 .text.DL_GPIO_initDigitalOutput
                0x0000353c       0x24 ./ti_msp_dl_config.o
 .text.DL_GPIO_initPeripheralOutputFunction
                0x00003560       0x28 ./ti_msp_dl_config.o
 .text.DL_GPIO_initPeripheralInputFunction
                0x00003588       0x2c ./ti_msp_dl_config.o
 .text.DL_GPIO_initPeripheralAnalogFunction
                0x000035b4       0x24 ./ti_msp_dl_config.o
 .text.DL_GPIO_clearPins
                0x000035d8       0x1c ./ti_msp_dl_config.o
 .text.DL_GPIO_enableOutput
                0x000035f4       0x20 ./ti_msp_dl_config.o
 .text.DL_Timer_enablePower
                0x00003614       0x20 ./ti_msp_dl_config.o
 .text.DL_Timer_reset
                0x00003634       0x20 ./ti_msp_dl_config.o
 .text.DL_Timer_setCCPDirection
                0x00003654       0x1c ./ti_msp_dl_config.o
 .text.DL_Timer_enableClock
                0x00003670       0x1c ./ti_msp_dl_config.o
 .text.DL_Timer_setCounterControl
                0x0000368c       0x58 ./ti_msp_dl_config.o
 .text.DL_Timer_enableInterrupt
                0x000036e4       0x28 ./ti_msp_dl_config.o
 .text.DL_UART_enablePower
                0x0000370c       0x20 ./ti_msp_dl_config.o
 .text.DL_UART_reset
                0x0000372c       0x20 ./ti_msp_dl_config.o
 .text.DL_UART_enable
                0x0000374c       0x26 ./ti_msp_dl_config.o
 .text.DL_UART_setOversampling
                0x00003772       0x28 ./ti_msp_dl_config.o
 *fill*         0x0000379a        0x2 
 .text.DL_UART_setBaudRateDivisor
                0x0000379c       0x60 ./ti_msp_dl_config.o
 .text.DL_UART_enableInterrupt
                0x000037fc       0x28 ./ti_msp_dl_config.o
 .text.SYSCFG_DL_init
                0x00003824       0x3c ./ti_msp_dl_config.o
                0x00003824                SYSCFG_DL_init
 .text.SYSCFG_DL_initPower
                0x00003860       0x74 ./ti_msp_dl_config.o
                0x00003860                SYSCFG_DL_initPower
 .text.SYSCFG_DL_GPIO_init
                0x000038d4       0xa4 ./ti_msp_dl_config.o
                0x000038d4                SYSCFG_DL_GPIO_init
 .text.SYSCFG_DL_SYSCTL_SYSPLL_init
                0x00003978       0xf8 ./ti_msp_dl_config.o
                0x00003978                SYSCFG_DL_SYSCTL_SYSPLL_init
 .text.SYSCFG_DL_SYSCTL_init
                0x00003a70       0x80 ./ti_msp_dl_config.o
                0x00003a70                SYSCFG_DL_SYSCTL_init
 .text.SYSCFG_DL_DCC_100_PWM2_init
                0x00003af0       0x84 ./ti_msp_dl_config.o
                0x00003af0                SYSCFG_DL_DCC_100_PWM2_init
 .text.SYSCFG_DL_DCC_100_PWM1_init
                0x00003b74       0x80 ./ti_msp_dl_config.o
                0x00003b74                SYSCFG_DL_DCC_100_PWM1_init
 .text.SYSCFG_DL_UART_0_init
                0x00003bf4       0x5c ./ti_msp_dl_config.o
                0x00003bf4                SYSCFG_DL_UART_0_init
 .text.initStub
                0x00003c50        0xa ./startup_mspm0g350x_gcc.o
                0x00003c50                initStub
                0x00003c50                _init
 *fill*         0x00003c5a        0x2 
 .text.Reset_Handler
                0x00003c5c       0x9c ./startup_mspm0g350x_gcc.o
                0x00003c5c                Reset_Handler
 .text.Default_Handler
                0x00003cf8        0x6 ./startup_mspm0g350x_gcc.o
                0x00003cf8                TIMG8_IRQHandler
                0x00003cf8                I2C0_IRQHandler
                0x00003cf8                HardFault_Handler
                0x00003cf8                SysTick_Handler
                0x00003cf8                PendSV_Handler
                0x00003cf8                NMI_Handler
                0x00003cf8                I2C1_IRQHandler
                0x00003cf8                UART1_IRQHandler
                0x00003cf8                TIMA1_IRQHandler
                0x00003cf8                UART0_IRQHandler
                0x00003cf8                ADC0_IRQHandler
                0x00003cf8                SPI1_IRQHandler
                0x00003cf8                TIMG0_IRQHandler
                0x00003cf8                ADC1_IRQHandler
                0x00003cf8                GROUP1_IRQHandler
                0x00003cf8                RTC_IRQHandler
                0x00003cf8                GROUP0_IRQHandler
                0x00003cf8                UART2_IRQHandler
                0x00003cf8                Default_Handler
                0x00003cf8                SVC_Handler
                0x00003cf8                TIMG12_IRQHandler
                0x00003cf8                DAC0_IRQHandler
                0x00003cf8                SPI0_IRQHandler
                0x00003cf8                AES_IRQHandler
                0x00003cf8                DMA_IRQHandler
                0x00003cf8                TIMA0_IRQHandler
                0x00003cf8                UART3_IRQHandler
                0x00003cf8                CANFD0_IRQHandler
 *fill*         0x00003cfe        0x2 
 .text.__NVIC_EnableIRQ
                0x00003d00       0x34 ./step_motor.o
 .text.DL_GPIO_setPins
                0x00003d34       0x20 ./step_motor.o
 .text.DL_Timer_startCounter
                0x00003d54       0x24 ./step_motor.o
 .text.DL_Timer_stopCounter
                0x00003d78       0x28 ./step_motor.o
 .text.DL_Timer_getPendingInterrupt
                0x00003da0       0x1a ./step_motor.o
 *fill*         0x00003dba        0x2 
 .text.step_motor_Init
                0x00003dbc       0x8c ./step_motor.o
                0x00003dbc                step_motor_Init
 .text.step_motor_start
                0x00003e48       0x48 ./step_motor.o
                0x00003e48                step_motor_start
 .text.step_motor_stop
                0x00003e90       0x4c ./step_motor.o
                0x00003e90                step_motor_stop
 .text.TIMG7_IRQHandler
                0x00003edc       0x3c ./step_motor.o
                0x00003edc                TIMG7_IRQHandler
 .text.TIMG6_IRQHandler
                0x00003f18       0x3c ./step_motor.o
                0x00003f18                TIMG6_IRQHandler
 .text.DL_Common_delayCycles
                0x00003f54        0xc C:/TI/mspm0_sdk_2_10_00_04/source\ti/driverlib/lib/gcc/m0p/mspm0g1x0x_g3x0x/driverlib.a(dl_common.o)
                0x00003f54                DL_Common_delayCycles
 .text.DL_Timer_setClockConfig
                0x00003f60       0x1c C:/TI/mspm0_sdk_2_10_00_04/source\ti/driverlib/lib/gcc/m0p/mspm0g1x0x_g3x0x/driverlib.a(dl_timer.o)
                0x00003f60                DL_Timer_setClockConfig
 .text.DL_Timer_setCaptureCompareValue
                0x00003f7c       0x14 C:/TI/mspm0_sdk_2_10_00_04/source\ti/driverlib/lib/gcc/m0p/mspm0g1x0x_g3x0x/driverlib.a(dl_timer.o)
                0x00003f7c                DL_Timer_setCaptureCompareValue
 .text.DL_Timer_setCaptCompUpdateMethod
                0x00003f90       0x20 C:/TI/mspm0_sdk_2_10_00_04/source\ti/driverlib/lib/gcc/m0p/mspm0g1x0x_g3x0x/driverlib.a(dl_timer.o)
                0x00003f90                DL_Timer_setCaptCompUpdateMethod
 .text.DL_Timer_setCaptureCompareOutCtl
                0x00003fb0       0x1c C:/TI/mspm0_sdk_2_10_00_04/source\ti/driverlib/lib/gcc/m0p/mspm0g1x0x_g3x0x/driverlib.a(dl_timer.o)
                0x00003fb0                DL_Timer_setCaptureCompareOutCtl
 .text.DL_Timer_initFourCCPWMMode
                0x00003fcc      0x190 C:/TI/mspm0_sdk_2_10_00_04/source\ti/driverlib/lib/gcc/m0p/mspm0g1x0x_g3x0x/driverlib.a(dl_timer.o)
                0x00003fcc                DL_Timer_initFourCCPWMMode
 .text.DL_UART_init
                0x0000415c       0x48 C:/TI/mspm0_sdk_2_10_00_04/source\ti/driverlib/lib/gcc/m0p/mspm0g1x0x_g3x0x/driverlib.a(dl_uart.o)
                0x0000415c                DL_UART_init
 .text.DL_UART_setClockConfig
                0x000041a4       0x14 C:/TI/mspm0_sdk_2_10_00_04/source\ti/driverlib/lib/gcc/m0p/mspm0g1x0x_g3x0x/driverlib.a(dl_uart.o)
                0x000041a4                DL_UART_setClockConfig
 .text.DL_SYSCTL_configSYSPLL
                0x000041b8      0x10c C:/TI/mspm0_sdk_2_10_00_04/source\ti/driverlib/lib/gcc/m0p/mspm0g1x0x_g3x0x/driverlib.a(dl_sysctl_mspm0g1x0x_g3x0x.o)
                0x000041b8                DL_SYSCTL_configSYSPLL
 .text.DL_SYSCTL_switchMCLKfromSYSOSCtoHSCLK
                0x000042c4       0x3c C:/TI/mspm0_sdk_2_10_00_04/source\ti/driverlib/lib/gcc/m0p/mspm0g1x0x_g3x0x/driverlib.a(dl_sysctl_mspm0g1x0x_g3x0x.o)
                0x000042c4                DL_SYSCTL_switchMCLKfromSYSOSCtoHSCLK
 .text.DL_SYSCTL_setHFCLKSourceHFXTParams
                0x00004300       0x80 C:/TI/mspm0_sdk_2_10_00_04/source\ti/driverlib/lib/gcc/m0p/mspm0g1x0x_g3x0x/driverlib.a(dl_sysctl_mspm0g1x0x_g3x0x.o)
                0x00004300                DL_SYSCTL_setHFCLKSourceHFXTParams
 .text.DL_SYSCTL_configFCC
                0x00004380       0x1c C:/TI/mspm0_sdk_2_10_00_04/source\ti/driverlib/lib/gcc/m0p/mspm0g1x0x_g3x0x/driverlib.a(dl_sysctl_mspm0g1x0x_g3x0x.o)
                0x00004380                DL_SYSCTL_configFCC
 .text.__libc_init_array
                0x0000439c       0x44 C:/TI/gcc_arm_none_eabi_9_2_1/arm-none-eabi/lib/thumb/v6-m/nofp\libc.a(lib_a-init.o)
                0x0000439c                __libc_init_array
 .text.__ascii_mbtowc
                0x000043e0       0x2c C:/TI/gcc_arm_none_eabi_9_2_1/arm-none-eabi/lib/thumb/v6-m/nofp\libc.a(lib_a-mbtowc_r.o)
                0x000043e0                __ascii_mbtowc
 .text.__ascii_wctomb
                0x0000440c       0x1c C:/TI/gcc_arm_none_eabi_9_2_1/arm-none-eabi/lib/thumb/v6-m/nofp\libc.a(lib_a-wctomb_r.o)
                0x0000440c                __ascii_wctomb
                0x00004428                . = ALIGN (0x8)
 *(.ctors)
                0x00004428                . = ALIGN (0x8)
 *(.dtors)
                0x00004428                . = ALIGN (0x8)
 *(.init)
                0x00004428                . = ALIGN (0x8)
 *(.fini*)
                0x00004428                . = ALIGN (0x8)

.glue_7         0x00004428        0x0
 .glue_7        0x00004428        0x0 linker stubs

.glue_7t        0x00004428        0x0
 .glue_7t       0x00004428        0x0 linker stubs

.vfp11_veneer   0x00004428        0x0
 .vfp11_veneer  0x00004428        0x0 linker stubs

.v4_bx          0x00004428        0x0
 .v4_bx         0x00004428        0x0 linker stubs

.iplt           0x00004428        0x0
 .iplt          0x00004428        0x0 ./empty.o

.ramfunc        0x20200000        0x0 load address 0x00004428
                0x00004428                __ramfunct_load__ = LOADADDR (.ramfunc)
                0x20200000                __ramfunct_start__ = .
 *(.ramfunc)
                0x20200000                . = ALIGN (0x8)
                0x20200000                __ramfunct_end__ = .

.rodata         0x00004428      0x2a8
 *(.rodata)
 .rodata        0x00004428       0x80 c:/ti/gcc_arm_none_eabi_9_2_1/bin/../lib/gcc/arm-none-eabi/9.2.1/thumb/v6-m/nofp\libgcc.a(divsf3.o)
 .rodata        0x000044a8       0x40 c:/ti/gcc_arm_none_eabi_9_2_1/bin/../lib/gcc/arm-none-eabi/9.2.1/thumb/v6-m/nofp\libgcc.a(mulsf3.o)
 .rodata        0x000044e8       0x40 c:/ti/gcc_arm_none_eabi_9_2_1/bin/../lib/gcc/arm-none-eabi/9.2.1/thumb/v6-m/nofp\libgcc.a(divdf3.o)
 .rodata        0x00004528       0x40 c:/ti/gcc_arm_none_eabi_9_2_1/bin/../lib/gcc/arm-none-eabi/9.2.1/thumb/v6-m/nofp\libgcc.a(muldf3.o)
                0x00004568                . = ALIGN (0x8)
 *(.rodata.*)
 .rodata.gSYSPLLConfig
                0x00004568       0x28 ./ti_msp_dl_config.o
 .rodata.gDCC_100_PWM2ClockConfig
                0x00004590        0x3 ./ti_msp_dl_config.o
 *fill*         0x00004593        0x1 
 .rodata.gDCC_100_PWM2Config
                0x00004594        0x8 ./ti_msp_dl_config.o
 .rodata.gDCC_100_PWM1ClockConfig
                0x0000459c        0x3 ./ti_msp_dl_config.o
 *fill*         0x0000459f        0x1 
 .rodata.gDCC_100_PWM1Config
                0x000045a0        0x8 ./ti_msp_dl_config.o
 .rodata.gUART_0ClockConfig
                0x000045a8        0x2 ./ti_msp_dl_config.o
 *fill*         0x000045aa        0x2 
 .rodata.gUART_0Config
                0x000045ac        0xa ./ti_msp_dl_config.o
 *fill*         0x000045b6        0x2 
 .rodata._ctype_
                0x000045b8      0x101 C:/TI/gcc_arm_none_eabi_9_2_1/arm-none-eabi/lib/thumb/v6-m/nofp\libc.a(lib_a-ctype_.o)
                0x000045b8                _ctype_
 *fill*         0x000046b9        0x3 
 .rodata._setlocale_r.str1.4
                0x000046bc        0xd C:/TI/gcc_arm_none_eabi_9_2_1/arm-none-eabi/lib/thumb/v6-m/nofp\libc.a(lib_a-locale.o)
 *fill*         0x000046c9        0x3 
 .rodata.str1.4
                0x000046cc        0x2 C:/TI/gcc_arm_none_eabi_9_2_1/arm-none-eabi/lib/thumb/v6-m/nofp\libc.a(lib_a-locale.o)
                0x000046d0                . = ALIGN (0x8)
 *fill*         0x000046ce        0x2 

.preinit_array  0x000046d0        0x0
                0x000046d0                PROVIDE (__preinit_array_start = .)
 *(.preinit_array*)
                0x000046d0                PROVIDE (__preinit_array_end = .)

.init_array     0x000046d0        0x0
                0x000046d0                . = ALIGN (0x8)
                0x000046d0                PROVIDE (__init_array_start = .)
 *(SORT_BY_NAME(.init_array.*))
 *(.init_array*)
                0x000046d0                PROVIDE (__init_array_end = .)

.fini_array     0x000046d0        0x0
                0x000046d0                . = ALIGN (0x8)
                [!provide]                PROVIDE (__fini_array_start = .)
 *(SORT_BY_NAME(.fini_array.*))
 *(.fini_array*)
                [!provide]                PROVIDE (__fini_array_end = .)
                0x000046d0                . = ALIGN (0x8)

.ARM.exidx      0x000046d0        0x8
                0x000046d0                __exidx_start = .
 *(.ARM.exidx* .gnu.linkonce.armexidx.*)
 .ARM.exidx     0x000046d0        0x8 c:/ti/gcc_arm_none_eabi_9_2_1/bin/../lib/gcc/arm-none-eabi/9.2.1/thumb/v6-m/nofp\libgcc.a(_udivmoddi4.o)
                0x000046d8                __exidx_end = .

.ARM.extab      0x000046d8        0x0
                0x000046d8                . = ALIGN (0x8)
 *(.ARM.extab* .gnu.linkonce.armextab.*)
 .ARM.extab     0x000046d8        0x0 c:/ti/gcc_arm_none_eabi_9_2_1/bin/../lib/gcc/arm-none-eabi/9.2.1/thumb/v6-m/nofp\libgcc.a(_udivmoddi4.o)
                0x000046d8                . = ALIGN (0x8)
                0x000046d8                __etext = .

.rel.dyn        0x000046d8        0x0
 .rel.iplt      0x000046d8        0x0 ./empty.o

.data           0x20200000      0x9c0 load address 0x000046d8
                0x000046d8                __data_load__ = LOADADDR (.data)
                0x20200000                __data_start__ = .
 *(.data)
 .data          0x20200000        0x0 ./empty.o
 .data          0x20200000        0x0 ./ti_msp_dl_config.o
 .data          0x20200000        0x0 ./startup_mspm0g350x_gcc.o
 .data          0x20200000        0x0 ./gimbal_tracker.o
 .data          0x20200000        0x0 ./pid.o
 .data          0x20200000        0x0 ./step_motor.o
 .data          0x20200000        0x0 ./uart.o
 .data          0x20200000        0x0 C:/TI/mspm0_sdk_2_10_00_04/source\ti/driverlib/lib/gcc/m0p/mspm0g1x0x_g3x0x/driverlib.a(dl_common.o)
 .data          0x20200000        0x0 C:/TI/mspm0_sdk_2_10_00_04/source\ti/driverlib/lib/gcc/m0p/mspm0g1x0x_g3x0x/driverlib.a(dl_timer.o)
 .data          0x20200000        0x0 C:/TI/mspm0_sdk_2_10_00_04/source\ti/driverlib/lib/gcc/m0p/mspm0g1x0x_g3x0x/driverlib.a(dl_uart.o)
 .data          0x20200000        0x0 C:/TI/mspm0_sdk_2_10_00_04/source\ti/driverlib/lib/gcc/m0p/mspm0g1x0x_g3x0x/driverlib.a(dl_sysctl_mspm0g1x0x_g3x0x.o)
 .data          0x20200000        0x0 c:/ti/gcc_arm_none_eabi_9_2_1/bin/../lib/gcc/arm-none-eabi/9.2.1/thumb/v6-m/nofp\libgcc.a(_udivsi3.o)
 .data          0x20200000        0x0 c:/ti/gcc_arm_none_eabi_9_2_1/bin/../lib/gcc/arm-none-eabi/9.2.1/thumb/v6-m/nofp\libgcc.a(_dvmd_tls.o)
 .data          0x20200000        0x0 c:/ti/gcc_arm_none_eabi_9_2_1/bin/../lib/gcc/arm-none-eabi/9.2.1/thumb/v6-m/nofp\libgcc.a(_arm_cmpsf2.o)
 .data          0x20200000        0x0 c:/ti/gcc_arm_none_eabi_9_2_1/bin/../lib/gcc/arm-none-eabi/9.2.1/thumb/v6-m/nofp\libgcc.a(_fixunssfsi.o)
 .data          0x20200000        0x0 c:/ti/gcc_arm_none_eabi_9_2_1/bin/../lib/gcc/arm-none-eabi/9.2.1/thumb/v6-m/nofp\libgcc.a(_fixunsdfsi.o)
 .data          0x20200000        0x0 c:/ti/gcc_arm_none_eabi_9_2_1/bin/../lib/gcc/arm-none-eabi/9.2.1/thumb/v6-m/nofp\libgcc.a(addsf3.o)
 .data          0x20200000        0x0 c:/ti/gcc_arm_none_eabi_9_2_1/bin/../lib/gcc/arm-none-eabi/9.2.1/thumb/v6-m/nofp\libgcc.a(divsf3.o)
 .data          0x20200000        0x0 c:/ti/gcc_arm_none_eabi_9_2_1/bin/../lib/gcc/arm-none-eabi/9.2.1/thumb/v6-m/nofp\libgcc.a(eqsf2.o)
 .data          0x20200000        0x0 c:/ti/gcc_arm_none_eabi_9_2_1/bin/../lib/gcc/arm-none-eabi/9.2.1/thumb/v6-m/nofp\libgcc.a(gesf2.o)
 .data          0x20200000        0x0 c:/ti/gcc_arm_none_eabi_9_2_1/bin/../lib/gcc/arm-none-eabi/9.2.1/thumb/v6-m/nofp\libgcc.a(lesf2.o)
 .data          0x20200000        0x0 c:/ti/gcc_arm_none_eabi_9_2_1/bin/../lib/gcc/arm-none-eabi/9.2.1/thumb/v6-m/nofp\libgcc.a(mulsf3.o)
 .data          0x20200000        0x0 c:/ti/gcc_arm_none_eabi_9_2_1/bin/../lib/gcc/arm-none-eabi/9.2.1/thumb/v6-m/nofp\libgcc.a(subsf3.o)
 .data          0x20200000        0x0 c:/ti/gcc_arm_none_eabi_9_2_1/bin/../lib/gcc/arm-none-eabi/9.2.1/thumb/v6-m/nofp\libgcc.a(fixsfsi.o)
 .data          0x20200000        0x0 c:/ti/gcc_arm_none_eabi_9_2_1/bin/../lib/gcc/arm-none-eabi/9.2.1/thumb/v6-m/nofp\libgcc.a(divdf3.o)
 .data          0x20200000        0x0 c:/ti/gcc_arm_none_eabi_9_2_1/bin/../lib/gcc/arm-none-eabi/9.2.1/thumb/v6-m/nofp\libgcc.a(subdf3.o)
 .data          0x20200000        0x0 c:/ti/gcc_arm_none_eabi_9_2_1/bin/../lib/gcc/arm-none-eabi/9.2.1/thumb/v6-m/nofp\libgcc.a(fixdfsi.o)
 .data          0x20200000        0x0 c:/ti/gcc_arm_none_eabi_9_2_1/bin/../lib/gcc/arm-none-eabi/9.2.1/thumb/v6-m/nofp\libgcc.a(floatsidf.o)
 .data          0x20200000        0x0 c:/ti/gcc_arm_none_eabi_9_2_1/bin/../lib/gcc/arm-none-eabi/9.2.1/thumb/v6-m/nofp\libgcc.a(_arm_cmpdf2.o)
 .data          0x20200000        0x0 c:/ti/gcc_arm_none_eabi_9_2_1/bin/../lib/gcc/arm-none-eabi/9.2.1/thumb/v6-m/nofp\libgcc.a(_clzsi2.o)
 .data          0x20200000        0x0 c:/ti/gcc_arm_none_eabi_9_2_1/bin/../lib/gcc/arm-none-eabi/9.2.1/thumb/v6-m/nofp\libgcc.a(eqdf2.o)
 .data          0x20200000        0x0 c:/ti/gcc_arm_none_eabi_9_2_1/bin/../lib/gcc/arm-none-eabi/9.2.1/thumb/v6-m/nofp\libgcc.a(gedf2.o)
 .data          0x20200000        0x0 c:/ti/gcc_arm_none_eabi_9_2_1/bin/../lib/gcc/arm-none-eabi/9.2.1/thumb/v6-m/nofp\libgcc.a(ledf2.o)
 .data          0x20200000        0x0 C:/TI/gcc_arm_none_eabi_9_2_1/arm-none-eabi/lib/thumb/v6-m/nofp\libc.a(lib_a-init.o)
 .data          0x20200000        0x0 C:/TI/gcc_arm_none_eabi_9_2_1/arm-none-eabi/lib/thumb/v6-m/nofp\libc.a(lib_a-sscanf.o)
 .data          0x20200000        0x0 C:/TI/gcc_arm_none_eabi_9_2_1/arm-none-eabi/lib/thumb/v6-m/nofp\libc.a(lib_a-stdio.o)
 .data          0x20200000        0x0 C:/TI/gcc_arm_none_eabi_9_2_1/arm-none-eabi/lib/thumb/v6-m/nofp\libc.a(lib_a-strchr.o)
 .data          0x20200000        0x0 C:/TI/gcc_arm_none_eabi_9_2_1/arm-none-eabi/lib/thumb/v6-m/nofp\libc.a(lib_a-strlen-stub.o)
 .data          0x20200000        0x0 C:/TI/gcc_arm_none_eabi_9_2_1/arm-none-eabi/lib/thumb/v6-m/nofp\libc.a(lib_a-svfscanf.o)
 .data          0x20200000        0x0 C:/TI/gcc_arm_none_eabi_9_2_1/arm-none-eabi/lib/thumb/v6-m/nofp\libc.a(lib_a-writer.o)
 .data          0x20200000        0x0 C:/TI/gcc_arm_none_eabi_9_2_1/arm-none-eabi/lib/thumb/v6-m/nofp\libc.a(lib_a-closer.o)
 .data          0x20200000        0x0 C:/TI/gcc_arm_none_eabi_9_2_1/arm-none-eabi/lib/thumb/v6-m/nofp\libc.a(lib_a-ctype_.o)
 .data          0x20200000        0x0 C:/TI/gcc_arm_none_eabi_9_2_1/arm-none-eabi/lib/thumb/v6-m/nofp\libc.a(lib_a-impure.o)
 .data          0x20200000        0x0 C:/TI/gcc_arm_none_eabi_9_2_1/arm-none-eabi/lib/thumb/v6-m/nofp\libc.a(lib_a-iswspace.o)
 .data          0x20200000        0x0 C:/TI/gcc_arm_none_eabi_9_2_1/arm-none-eabi/lib/thumb/v6-m/nofp\libc.a(lib_a-iswspace_l.o)
 .data          0x20200000        0x0 C:/TI/gcc_arm_none_eabi_9_2_1/arm-none-eabi/lib/thumb/v6-m/nofp\libc.a(lib_a-locale.o)
 .data          0x20200000        0x0 C:/TI/gcc_arm_none_eabi_9_2_1/arm-none-eabi/lib/thumb/v6-m/nofp\libc.a(lib_a-localeconv.o)
 .data          0x20200000        0x0 C:/TI/gcc_arm_none_eabi_9_2_1/arm-none-eabi/lib/thumb/v6-m/nofp\libc.a(lib_a-lseekr.o)
 .data          0x20200000        0x0 C:/TI/gcc_arm_none_eabi_9_2_1/arm-none-eabi/lib/thumb/v6-m/nofp\libc.a(lib_a-malloc.o)
 .data          0x20200000        0x0 C:/TI/gcc_arm_none_eabi_9_2_1/arm-none-eabi/lib/thumb/v6-m/nofp\libc.a(lib_a-mallocr.o)
 .data          0x20200000        0x0 C:/TI/gcc_arm_none_eabi_9_2_1/arm-none-eabi/lib/thumb/v6-m/nofp\libc.a(lib_a-mbrtowc.o)
 .data          0x20200000        0x0 C:/TI/gcc_arm_none_eabi_9_2_1/arm-none-eabi/lib/thumb/v6-m/nofp\libc.a(lib_a-mbtowc_r.o)
 .data          0x20200000        0x0 C:/TI/gcc_arm_none_eabi_9_2_1/arm-none-eabi/lib/thumb/v6-m/nofp\libc.a(lib_a-memset.o)
 .data          0x20200000        0x0 C:/TI/gcc_arm_none_eabi_9_2_1/arm-none-eabi/lib/thumb/v6-m/nofp\libc.a(lib_a-mlock.o)
 .data          0x20200000        0x0 C:/TI/gcc_arm_none_eabi_9_2_1/arm-none-eabi/lib/thumb/v6-m/nofp\libc.a(lib_a-readr.o)
 .data          0x20200000        0x0 C:/TI/gcc_arm_none_eabi_9_2_1/arm-none-eabi/lib/thumb/v6-m/nofp\libc.a(lib_a-realloc.o)
 .data          0x20200000        0x0 C:/TI/gcc_arm_none_eabi_9_2_1/arm-none-eabi/lib/thumb/v6-m/nofp\libc.a(lib_a-reallocr.o)
 .data          0x20200000        0x0 C:/TI/gcc_arm_none_eabi_9_2_1/arm-none-eabi/lib/thumb/v6-m/nofp\libc.a(lib_a-reent.o)
 .data          0x20200000        0x0 C:/TI/gcc_arm_none_eabi_9_2_1/arm-none-eabi/lib/thumb/v6-m/nofp\libc.a(lib_a-sbrkr.o)
 .data          0x20200000        0x0 C:/TI/gcc_arm_none_eabi_9_2_1/arm-none-eabi/lib/thumb/v6-m/nofp\libc.a(lib_a-sccl.o)
 .data          0x20200000        0x0 C:/TI/gcc_arm_none_eabi_9_2_1/arm-none-eabi/lib/thumb/v6-m/nofp\libc.a(lib_a-sf_nan.o)
 .data          0x20200000        0x0 C:/TI/gcc_arm_none_eabi_9_2_1/arm-none-eabi/lib/thumb/v6-m/nofp\libc.a(lib_a-sprintf.o)
 .data          0x20200000        0x0 C:/TI/gcc_arm_none_eabi_9_2_1/arm-none-eabi/lib/thumb/v6-m/nofp\libc.a(lib_a-strcmp.o)
 .data          0x20200000        0x0 C:/TI/gcc_arm_none_eabi_9_2_1/arm-none-eabi/lib/thumb/v6-m/nofp\libc.a(lib_a-strtod.o)
 .data          0x20200000        0x0 C:/TI/gcc_arm_none_eabi_9_2_1/arm-none-eabi/lib/thumb/v6-m/nofp\libc.a(lib_a-strtol.o)
 .data          0x20200000        0x0 C:/TI/gcc_arm_none_eabi_9_2_1/arm-none-eabi/lib/thumb/v6-m/nofp\libc.a(lib_a-strtoll.o)
 .data          0x20200000        0x0 C:/TI/gcc_arm_none_eabi_9_2_1/arm-none-eabi/lib/thumb/v6-m/nofp\libc.a(lib_a-strtoul.o)
 .data          0x20200000        0x0 C:/TI/gcc_arm_none_eabi_9_2_1/arm-none-eabi/lib/thumb/v6-m/nofp\libc.a(lib_a-strtoull.o)
 .data          0x20200000        0x0 C:/TI/gcc_arm_none_eabi_9_2_1/arm-none-eabi/lib/thumb/v6-m/nofp\libc.a(lib_a-svfiscanf.o)
 .data          0x20200000        0x0 C:/TI/gcc_arm_none_eabi_9_2_1/arm-none-eabi/lib/thumb/v6-m/nofp\libc.a(lib_a-svfprintf.o)
 .data          0x20200000        0x0 C:/TI/gcc_arm_none_eabi_9_2_1/arm-none-eabi/lib/thumb/v6-m/nofp\libc.a(lib_a-ungetc.o)
 .data          0x20200000        0x0 C:/TI/gcc_arm_none_eabi_9_2_1/arm-none-eabi/lib/thumb/v6-m/nofp\libc.a(lib_a-wctomb_r.o)
 .data          0x20200000        0x0 C:/TI/gcc_arm_none_eabi_9_2_1/arm-none-eabi/lib/thumb/v6-m/nofp\libc.a(lib_a-dtoa.o)
 .data          0x20200000        0x0 C:/TI/gcc_arm_none_eabi_9_2_1/arm-none-eabi/lib/thumb/v6-m/nofp\libc.a(lib_a-fflush.o)
 .data          0x20200000        0x0 C:/TI/gcc_arm_none_eabi_9_2_1/arm-none-eabi/lib/thumb/v6-m/nofp\libc.a(lib_a-findfp.o)
 .data          0x20200000        0x0 C:/TI/gcc_arm_none_eabi_9_2_1/arm-none-eabi/lib/thumb/v6-m/nofp\libc.a(lib_a-freer.o)
 .data          0x20200000        0x0 C:/TI/gcc_arm_none_eabi_9_2_1/arm-none-eabi/lib/thumb/v6-m/nofp\libc.a(lib_a-fwalk.o)
 .data          0x20200000        0x0 C:/TI/gcc_arm_none_eabi_9_2_1/arm-none-eabi/lib/thumb/v6-m/nofp\libc.a(lib_a-gdtoa-gethex.o)
 .data          0x20200000        0x0 C:/TI/gcc_arm_none_eabi_9_2_1/arm-none-eabi/lib/thumb/v6-m/nofp\libc.a(lib_a-gdtoa-hexnan.o)
 .data          0x20200000        0x0 C:/TI/gcc_arm_none_eabi_9_2_1/arm-none-eabi/lib/thumb/v6-m/nofp\libc.a(lib_a-lnumeric.o)
 .data          0x20200000        0x0 C:/TI/gcc_arm_none_eabi_9_2_1/arm-none-eabi/lib/thumb/v6-m/nofp\libc.a(lib_a-lock.o)
 .data          0x20200000        0x0 C:/TI/gcc_arm_none_eabi_9_2_1/arm-none-eabi/lib/thumb/v6-m/nofp\libc.a(lib_a-memchr-stub.o)
 .data          0x20200000        0x0 C:/TI/gcc_arm_none_eabi_9_2_1/arm-none-eabi/lib/thumb/v6-m/nofp\libc.a(lib_a-memcpy-stub.o)
 .data          0x20200000        0x0 C:/TI/gcc_arm_none_eabi_9_2_1/arm-none-eabi/lib/thumb/v6-m/nofp\libc.a(lib_a-memmove.o)
 .data          0x20200000        0x0 C:/TI/gcc_arm_none_eabi_9_2_1/arm-none-eabi/lib/thumb/v6-m/nofp\libc.a(lib_a-mprec.o)
 .data          0x20200000        0x0 C:/TI/gcc_arm_none_eabi_9_2_1/arm-none-eabi/lib/thumb/v6-m/nofp\libc.a(lib_a-s_frexp.o)
 .data          0x20200000        0x0 C:/TI/gcc_arm_none_eabi_9_2_1/arm-none-eabi/lib/thumb/v6-m/nofp\libc.a(lib_a-s_nan.o)
 .data          0x20200000        0x0 C:/TI/gcc_arm_none_eabi_9_2_1/arm-none-eabi/lib/thumb/v6-m/nofp\libc.a(lib_a-strncmp.o)
 .data          0x20200000        0x0 C:/TI/gcc_arm_none_eabi_9_2_1/arm-none-eabi/lib/thumb/v6-m/nofp\libc.a(lib_a-strncpy.o)
 .data          0x20200000        0x0 C:/TI/gcc_arm_none_eabi_9_2_1/arm-none-eabi/lib/thumb/v6-m/nofp\libc.a(lib_a-svfiprintf.o)
 .data          0x20200000        0x0 C:/TI/gcc_arm_none_eabi_9_2_1/arm-none-eabi/lib/thumb/v6-m/nofp\libc.a(lib_a-callocr.o)
 .data          0x20200000        0x0 C:/TI/gcc_arm_none_eabi_9_2_1/arm-none-eabi/lib/thumb/v6-m/nofp\libc.a(lib_a-fclose.o)
 .data          0x20200000        0x0 c:/ti/gcc_arm_none_eabi_9_2_1/bin/../lib/gcc/arm-none-eabi/9.2.1/thumb/v6-m/nofp\libgcc.a(_divsi3.o)
 .data          0x20200000        0x0 c:/ti/gcc_arm_none_eabi_9_2_1/bin/../lib/gcc/arm-none-eabi/9.2.1/thumb/v6-m/nofp\libgcc.a(_aeabi_uldivmod.o)
 .data          0x20200000        0x0 c:/ti/gcc_arm_none_eabi_9_2_1/bin/../lib/gcc/arm-none-eabi/9.2.1/thumb/v6-m/nofp\libgcc.a(_muldi3.o)
 .data          0x20200000        0x0 c:/ti/gcc_arm_none_eabi_9_2_1/bin/../lib/gcc/arm-none-eabi/9.2.1/thumb/v6-m/nofp\libgcc.a(_fixdfdi.o)
 .data          0x20200000        0x0 c:/ti/gcc_arm_none_eabi_9_2_1/bin/../lib/gcc/arm-none-eabi/9.2.1/thumb/v6-m/nofp\libgcc.a(_fixunsdfdi.o)
 .data          0x20200000        0x0 c:/ti/gcc_arm_none_eabi_9_2_1/bin/../lib/gcc/arm-none-eabi/9.2.1/thumb/v6-m/nofp\libgcc.a(_floatdidf.o)
 .data          0x20200000        0x0 c:/ti/gcc_arm_none_eabi_9_2_1/bin/../lib/gcc/arm-none-eabi/9.2.1/thumb/v6-m/nofp\libgcc.a(_udivmoddi4.o)
 .data          0x20200000        0x0 c:/ti/gcc_arm_none_eabi_9_2_1/bin/../lib/gcc/arm-none-eabi/9.2.1/thumb/v6-m/nofp\libgcc.a(unordsf2.o)
 .data          0x20200000        0x0 c:/ti/gcc_arm_none_eabi_9_2_1/bin/../lib/gcc/arm-none-eabi/9.2.1/thumb/v6-m/nofp\libgcc.a(adddf3.o)
 .data          0x20200000        0x0 c:/ti/gcc_arm_none_eabi_9_2_1/bin/../lib/gcc/arm-none-eabi/9.2.1/thumb/v6-m/nofp\libgcc.a(muldf3.o)
 .data          0x20200000        0x0 c:/ti/gcc_arm_none_eabi_9_2_1/bin/../lib/gcc/arm-none-eabi/9.2.1/thumb/v6-m/nofp\libgcc.a(unorddf2.o)
 .data          0x20200000        0x0 c:/ti/gcc_arm_none_eabi_9_2_1/bin/../lib/gcc/arm-none-eabi/9.2.1/thumb/v6-m/nofp\libgcc.a(floatunsidf.o)
 .data          0x20200000        0x0 c:/ti/gcc_arm_none_eabi_9_2_1/bin/../lib/gcc/arm-none-eabi/9.2.1/thumb/v6-m/nofp\libgcc.a(truncdfsf2.o)
 .data          0x20200000        0x0 c:/ti/gcc_arm_none_eabi_9_2_1/bin/../lib/gcc/arm-none-eabi/9.2.1/thumb/v6-m/nofp\libgcc.a(_clzdi2.o)
 .data          0x20200000        0x0 C:/TI/gcc_arm_none_eabi_9_2_1/arm-none-eabi/lib/thumb/v6-m/nofp\libnosys.a(close.o)
 .data          0x20200000        0x0 C:/TI/gcc_arm_none_eabi_9_2_1/arm-none-eabi/lib/thumb/v6-m/nofp\libnosys.a(lseek.o)
 .data          0x20200000        0x0 C:/TI/gcc_arm_none_eabi_9_2_1/arm-none-eabi/lib/thumb/v6-m/nofp\libnosys.a(read.o)
 .data          0x20200000        0x0 C:/TI/gcc_arm_none_eabi_9_2_1/arm-none-eabi/lib/thumb/v6-m/nofp\libnosys.a(sbrk.o)
 .data          0x20200000        0x0 C:/TI/gcc_arm_none_eabi_9_2_1/arm-none-eabi/lib/thumb/v6-m/nofp\libnosys.a(write.o)
 *(.data*)
 .data.g_dt     0x20200000        0x4 ./gimbal_tracker.o
 .data.g_angle_x
                0x20200004        0x4 ./gimbal_tracker.o
 .data.g_angle_y
                0x20200008        0x4 ./gimbal_tracker.o
 .data.g_enabled
                0x2020000c        0x1 ./gimbal_tracker.o
 *fill*         0x2020000d        0x3 
 .data._impure_ptr
                0x20200010        0x4 C:/TI/gcc_arm_none_eabi_9_2_1/arm-none-eabi/lib/thumb/v6-m/nofp\libc.a(lib_a-impure.o)
                0x20200010                _impure_ptr
 *fill*         0x20200014        0x4 
 .data.impure_data
                0x20200018      0x428 C:/TI/gcc_arm_none_eabi_9_2_1/arm-none-eabi/lib/thumb/v6-m/nofp\libc.a(lib_a-impure.o)
 .data.__global_locale
                0x20200440      0x16c C:/TI/gcc_arm_none_eabi_9_2_1/arm-none-eabi/lib/thumb/v6-m/nofp\libc.a(lib_a-locale.o)
                0x20200440                __global_locale
 .data.__malloc_av_
                0x202005ac      0x408 C:/TI/gcc_arm_none_eabi_9_2_1/arm-none-eabi/lib/thumb/v6-m/nofp\libc.a(lib_a-mallocr.o)
                0x202005ac                __malloc_av_
 .data.__malloc_sbrk_base
                0x202009b4        0x4 C:/TI/gcc_arm_none_eabi_9_2_1/arm-none-eabi/lib/thumb/v6-m/nofp\libc.a(lib_a-mallocr.o)
                0x202009b4                __malloc_sbrk_base
 .data.__malloc_trim_threshold
                0x202009b8        0x4 C:/TI/gcc_arm_none_eabi_9_2_1/arm-none-eabi/lib/thumb/v6-m/nofp\libc.a(lib_a-mallocr.o)
                0x202009b8                __malloc_trim_threshold
 .data.numempty
                0x202009bc        0x2 C:/TI/gcc_arm_none_eabi_9_2_1/arm-none-eabi/lib/thumb/v6-m/nofp\libc.a(lib_a-lnumeric.o)
                0x202009c0                . = ALIGN (0x8)
 *fill*         0x202009be        0x2 
                0x202009c0                __data_end__ = .

.igot.plt       0x202009c0        0x0 load address 0x00005098
 .igot.plt      0x202009c0        0x0 ./empty.o

.bss            0x202009c0      0x148
                0x202009c0                __bss_start__ = .
 *(.shbss)
 *(.bss)
 .bss           0x202009c0        0x0 ./empty.o
 .bss           0x202009c0        0x0 ./ti_msp_dl_config.o
 .bss           0x202009c0        0x0 ./startup_mspm0g350x_gcc.o
 .bss           0x202009c0        0x0 ./gimbal_tracker.o
 .bss           0x202009c0        0x0 ./pid.o
 .bss           0x202009c0        0x0 ./step_motor.o
 .bss           0x202009c0        0x0 ./uart.o
 .bss           0x202009c0        0x0 C:/TI/mspm0_sdk_2_10_00_04/source\ti/driverlib/lib/gcc/m0p/mspm0g1x0x_g3x0x/driverlib.a(dl_common.o)
 .bss           0x202009c0        0x0 C:/TI/mspm0_sdk_2_10_00_04/source\ti/driverlib/lib/gcc/m0p/mspm0g1x0x_g3x0x/driverlib.a(dl_timer.o)
 .bss           0x202009c0        0x0 C:/TI/mspm0_sdk_2_10_00_04/source\ti/driverlib/lib/gcc/m0p/mspm0g1x0x_g3x0x/driverlib.a(dl_uart.o)
 .bss           0x202009c0        0x0 C:/TI/mspm0_sdk_2_10_00_04/source\ti/driverlib/lib/gcc/m0p/mspm0g1x0x_g3x0x/driverlib.a(dl_sysctl_mspm0g1x0x_g3x0x.o)
 .bss           0x202009c0        0x0 c:/ti/gcc_arm_none_eabi_9_2_1/bin/../lib/gcc/arm-none-eabi/9.2.1/thumb/v6-m/nofp\libgcc.a(_udivsi3.o)
 .bss           0x202009c0        0x0 c:/ti/gcc_arm_none_eabi_9_2_1/bin/../lib/gcc/arm-none-eabi/9.2.1/thumb/v6-m/nofp\libgcc.a(_dvmd_tls.o)
 .bss           0x202009c0        0x0 c:/ti/gcc_arm_none_eabi_9_2_1/bin/../lib/gcc/arm-none-eabi/9.2.1/thumb/v6-m/nofp\libgcc.a(_arm_cmpsf2.o)
 .bss           0x202009c0        0x0 c:/ti/gcc_arm_none_eabi_9_2_1/bin/../lib/gcc/arm-none-eabi/9.2.1/thumb/v6-m/nofp\libgcc.a(_fixunssfsi.o)
 .bss           0x202009c0        0x0 c:/ti/gcc_arm_none_eabi_9_2_1/bin/../lib/gcc/arm-none-eabi/9.2.1/thumb/v6-m/nofp\libgcc.a(_fixunsdfsi.o)
 .bss           0x202009c0        0x0 c:/ti/gcc_arm_none_eabi_9_2_1/bin/../lib/gcc/arm-none-eabi/9.2.1/thumb/v6-m/nofp\libgcc.a(addsf3.o)
 .bss           0x202009c0        0x0 c:/ti/gcc_arm_none_eabi_9_2_1/bin/../lib/gcc/arm-none-eabi/9.2.1/thumb/v6-m/nofp\libgcc.a(divsf3.o)
 .bss           0x202009c0        0x0 c:/ti/gcc_arm_none_eabi_9_2_1/bin/../lib/gcc/arm-none-eabi/9.2.1/thumb/v6-m/nofp\libgcc.a(eqsf2.o)
 .bss           0x202009c0        0x0 c:/ti/gcc_arm_none_eabi_9_2_1/bin/../lib/gcc/arm-none-eabi/9.2.1/thumb/v6-m/nofp\libgcc.a(gesf2.o)
 .bss           0x202009c0        0x0 c:/ti/gcc_arm_none_eabi_9_2_1/bin/../lib/gcc/arm-none-eabi/9.2.1/thumb/v6-m/nofp\libgcc.a(lesf2.o)
 .bss           0x202009c0        0x0 c:/ti/gcc_arm_none_eabi_9_2_1/bin/../lib/gcc/arm-none-eabi/9.2.1/thumb/v6-m/nofp\libgcc.a(mulsf3.o)
 .bss           0x202009c0        0x0 c:/ti/gcc_arm_none_eabi_9_2_1/bin/../lib/gcc/arm-none-eabi/9.2.1/thumb/v6-m/nofp\libgcc.a(subsf3.o)
 .bss           0x202009c0        0x0 c:/ti/gcc_arm_none_eabi_9_2_1/bin/../lib/gcc/arm-none-eabi/9.2.1/thumb/v6-m/nofp\libgcc.a(fixsfsi.o)
 .bss           0x202009c0        0x0 c:/ti/gcc_arm_none_eabi_9_2_1/bin/../lib/gcc/arm-none-eabi/9.2.1/thumb/v6-m/nofp\libgcc.a(divdf3.o)
 .bss           0x202009c0        0x0 c:/ti/gcc_arm_none_eabi_9_2_1/bin/../lib/gcc/arm-none-eabi/9.2.1/thumb/v6-m/nofp\libgcc.a(subdf3.o)
 .bss           0x202009c0        0x0 c:/ti/gcc_arm_none_eabi_9_2_1/bin/../lib/gcc/arm-none-eabi/9.2.1/thumb/v6-m/nofp\libgcc.a(fixdfsi.o)
 .bss           0x202009c0        0x0 c:/ti/gcc_arm_none_eabi_9_2_1/bin/../lib/gcc/arm-none-eabi/9.2.1/thumb/v6-m/nofp\libgcc.a(floatsidf.o)
 .bss           0x202009c0        0x0 c:/ti/gcc_arm_none_eabi_9_2_1/bin/../lib/gcc/arm-none-eabi/9.2.1/thumb/v6-m/nofp\libgcc.a(_arm_cmpdf2.o)
 .bss           0x202009c0        0x0 c:/ti/gcc_arm_none_eabi_9_2_1/bin/../lib/gcc/arm-none-eabi/9.2.1/thumb/v6-m/nofp\libgcc.a(_clzsi2.o)
 .bss           0x202009c0        0x0 c:/ti/gcc_arm_none_eabi_9_2_1/bin/../lib/gcc/arm-none-eabi/9.2.1/thumb/v6-m/nofp\libgcc.a(eqdf2.o)
 .bss           0x202009c0        0x0 c:/ti/gcc_arm_none_eabi_9_2_1/bin/../lib/gcc/arm-none-eabi/9.2.1/thumb/v6-m/nofp\libgcc.a(gedf2.o)
 .bss           0x202009c0        0x0 c:/ti/gcc_arm_none_eabi_9_2_1/bin/../lib/gcc/arm-none-eabi/9.2.1/thumb/v6-m/nofp\libgcc.a(ledf2.o)
 .bss           0x202009c0        0x0 C:/TI/gcc_arm_none_eabi_9_2_1/arm-none-eabi/lib/thumb/v6-m/nofp\libc.a(lib_a-init.o)
 .bss           0x202009c0        0x0 C:/TI/gcc_arm_none_eabi_9_2_1/arm-none-eabi/lib/thumb/v6-m/nofp\libc.a(lib_a-sscanf.o)
 .bss           0x202009c0        0x0 C:/TI/gcc_arm_none_eabi_9_2_1/arm-none-eabi/lib/thumb/v6-m/nofp\libc.a(lib_a-stdio.o)
 .bss           0x202009c0        0x0 C:/TI/gcc_arm_none_eabi_9_2_1/arm-none-eabi/lib/thumb/v6-m/nofp\libc.a(lib_a-strchr.o)
 .bss           0x202009c0        0x0 C:/TI/gcc_arm_none_eabi_9_2_1/arm-none-eabi/lib/thumb/v6-m/nofp\libc.a(lib_a-strlen-stub.o)
 .bss           0x202009c0        0x0 C:/TI/gcc_arm_none_eabi_9_2_1/arm-none-eabi/lib/thumb/v6-m/nofp\libc.a(lib_a-svfscanf.o)
 .bss           0x202009c0        0x0 C:/TI/gcc_arm_none_eabi_9_2_1/arm-none-eabi/lib/thumb/v6-m/nofp\libc.a(lib_a-writer.o)
 .bss           0x202009c0        0x0 C:/TI/gcc_arm_none_eabi_9_2_1/arm-none-eabi/lib/thumb/v6-m/nofp\libc.a(lib_a-closer.o)
 .bss           0x202009c0        0x0 C:/TI/gcc_arm_none_eabi_9_2_1/arm-none-eabi/lib/thumb/v6-m/nofp\libc.a(lib_a-ctype_.o)
 .bss           0x202009c0        0x0 C:/TI/gcc_arm_none_eabi_9_2_1/arm-none-eabi/lib/thumb/v6-m/nofp\libc.a(lib_a-impure.o)
 .bss           0x202009c0        0x0 C:/TI/gcc_arm_none_eabi_9_2_1/arm-none-eabi/lib/thumb/v6-m/nofp\libc.a(lib_a-iswspace.o)
 .bss           0x202009c0        0x0 C:/TI/gcc_arm_none_eabi_9_2_1/arm-none-eabi/lib/thumb/v6-m/nofp\libc.a(lib_a-iswspace_l.o)
 .bss           0x202009c0        0x0 C:/TI/gcc_arm_none_eabi_9_2_1/arm-none-eabi/lib/thumb/v6-m/nofp\libc.a(lib_a-locale.o)
 .bss           0x202009c0        0x0 C:/TI/gcc_arm_none_eabi_9_2_1/arm-none-eabi/lib/thumb/v6-m/nofp\libc.a(lib_a-localeconv.o)
 .bss           0x202009c0        0x0 C:/TI/gcc_arm_none_eabi_9_2_1/arm-none-eabi/lib/thumb/v6-m/nofp\libc.a(lib_a-lseekr.o)
 .bss           0x202009c0        0x0 C:/TI/gcc_arm_none_eabi_9_2_1/arm-none-eabi/lib/thumb/v6-m/nofp\libc.a(lib_a-malloc.o)
 .bss           0x202009c0        0x0 C:/TI/gcc_arm_none_eabi_9_2_1/arm-none-eabi/lib/thumb/v6-m/nofp\libc.a(lib_a-mallocr.o)
 .bss           0x202009c0        0x0 C:/TI/gcc_arm_none_eabi_9_2_1/arm-none-eabi/lib/thumb/v6-m/nofp\libc.a(lib_a-mbrtowc.o)
 .bss           0x202009c0        0x0 C:/TI/gcc_arm_none_eabi_9_2_1/arm-none-eabi/lib/thumb/v6-m/nofp\libc.a(lib_a-mbtowc_r.o)
 .bss           0x202009c0        0x0 C:/TI/gcc_arm_none_eabi_9_2_1/arm-none-eabi/lib/thumb/v6-m/nofp\libc.a(lib_a-memset.o)
 .bss           0x202009c0        0x0 C:/TI/gcc_arm_none_eabi_9_2_1/arm-none-eabi/lib/thumb/v6-m/nofp\libc.a(lib_a-mlock.o)
 .bss           0x202009c0        0x0 C:/TI/gcc_arm_none_eabi_9_2_1/arm-none-eabi/lib/thumb/v6-m/nofp\libc.a(lib_a-readr.o)
 .bss           0x202009c0        0x0 C:/TI/gcc_arm_none_eabi_9_2_1/arm-none-eabi/lib/thumb/v6-m/nofp\libc.a(lib_a-realloc.o)
 .bss           0x202009c0        0x0 C:/TI/gcc_arm_none_eabi_9_2_1/arm-none-eabi/lib/thumb/v6-m/nofp\libc.a(lib_a-reallocr.o)
 .bss           0x202009c0        0x0 C:/TI/gcc_arm_none_eabi_9_2_1/arm-none-eabi/lib/thumb/v6-m/nofp\libc.a(lib_a-reent.o)
 .bss           0x202009c0        0x0 C:/TI/gcc_arm_none_eabi_9_2_1/arm-none-eabi/lib/thumb/v6-m/nofp\libc.a(lib_a-sbrkr.o)
 .bss           0x202009c0        0x0 C:/TI/gcc_arm_none_eabi_9_2_1/arm-none-eabi/lib/thumb/v6-m/nofp\libc.a(lib_a-sccl.o)
 .bss           0x202009c0        0x0 C:/TI/gcc_arm_none_eabi_9_2_1/arm-none-eabi/lib/thumb/v6-m/nofp\libc.a(lib_a-sf_nan.o)
 .bss           0x202009c0        0x0 C:/TI/gcc_arm_none_eabi_9_2_1/arm-none-eabi/lib/thumb/v6-m/nofp\libc.a(lib_a-sprintf.o)
 .bss           0x202009c0        0x0 C:/TI/gcc_arm_none_eabi_9_2_1/arm-none-eabi/lib/thumb/v6-m/nofp\libc.a(lib_a-strcmp.o)
 .bss           0x202009c0        0x0 C:/TI/gcc_arm_none_eabi_9_2_1/arm-none-eabi/lib/thumb/v6-m/nofp\libc.a(lib_a-strtod.o)
 .bss           0x202009c0        0x0 C:/TI/gcc_arm_none_eabi_9_2_1/arm-none-eabi/lib/thumb/v6-m/nofp\libc.a(lib_a-strtol.o)
 .bss           0x202009c0        0x0 C:/TI/gcc_arm_none_eabi_9_2_1/arm-none-eabi/lib/thumb/v6-m/nofp\libc.a(lib_a-strtoll.o)
 .bss           0x202009c0        0x0 C:/TI/gcc_arm_none_eabi_9_2_1/arm-none-eabi/lib/thumb/v6-m/nofp\libc.a(lib_a-strtoul.o)
 .bss           0x202009c0        0x0 C:/TI/gcc_arm_none_eabi_9_2_1/arm-none-eabi/lib/thumb/v6-m/nofp\libc.a(lib_a-strtoull.o)
 .bss           0x202009c0        0x0 C:/TI/gcc_arm_none_eabi_9_2_1/arm-none-eabi/lib/thumb/v6-m/nofp\libc.a(lib_a-svfiscanf.o)
 .bss           0x202009c0        0x0 C:/TI/gcc_arm_none_eabi_9_2_1/arm-none-eabi/lib/thumb/v6-m/nofp\libc.a(lib_a-svfprintf.o)
 .bss           0x202009c0        0x0 C:/TI/gcc_arm_none_eabi_9_2_1/arm-none-eabi/lib/thumb/v6-m/nofp\libc.a(lib_a-ungetc.o)
 .bss           0x202009c0        0x0 C:/TI/gcc_arm_none_eabi_9_2_1/arm-none-eabi/lib/thumb/v6-m/nofp\libc.a(lib_a-wctomb_r.o)
 .bss           0x202009c0        0x0 C:/TI/gcc_arm_none_eabi_9_2_1/arm-none-eabi/lib/thumb/v6-m/nofp\libc.a(lib_a-dtoa.o)
 .bss           0x202009c0        0x0 C:/TI/gcc_arm_none_eabi_9_2_1/arm-none-eabi/lib/thumb/v6-m/nofp\libc.a(lib_a-fflush.o)
 .bss           0x202009c0        0x0 C:/TI/gcc_arm_none_eabi_9_2_1/arm-none-eabi/lib/thumb/v6-m/nofp\libc.a(lib_a-findfp.o)
 .bss           0x202009c0        0x0 C:/TI/gcc_arm_none_eabi_9_2_1/arm-none-eabi/lib/thumb/v6-m/nofp\libc.a(lib_a-freer.o)
 .bss           0x202009c0        0x0 C:/TI/gcc_arm_none_eabi_9_2_1/arm-none-eabi/lib/thumb/v6-m/nofp\libc.a(lib_a-fwalk.o)
 .bss           0x202009c0        0x0 C:/TI/gcc_arm_none_eabi_9_2_1/arm-none-eabi/lib/thumb/v6-m/nofp\libc.a(lib_a-gdtoa-gethex.o)
 .bss           0x202009c0        0x0 C:/TI/gcc_arm_none_eabi_9_2_1/arm-none-eabi/lib/thumb/v6-m/nofp\libc.a(lib_a-gdtoa-hexnan.o)
 .bss           0x202009c0        0x0 C:/TI/gcc_arm_none_eabi_9_2_1/arm-none-eabi/lib/thumb/v6-m/nofp\libc.a(lib_a-lnumeric.o)
 .bss           0x202009c0        0x0 C:/TI/gcc_arm_none_eabi_9_2_1/arm-none-eabi/lib/thumb/v6-m/nofp\libc.a(lib_a-lock.o)
 .bss           0x202009c0        0x0 C:/TI/gcc_arm_none_eabi_9_2_1/arm-none-eabi/lib/thumb/v6-m/nofp\libc.a(lib_a-memchr-stub.o)
 .bss           0x202009c0        0x0 C:/TI/gcc_arm_none_eabi_9_2_1/arm-none-eabi/lib/thumb/v6-m/nofp\libc.a(lib_a-memcpy-stub.o)
 .bss           0x202009c0        0x0 C:/TI/gcc_arm_none_eabi_9_2_1/arm-none-eabi/lib/thumb/v6-m/nofp\libc.a(lib_a-memmove.o)
 .bss           0x202009c0        0x0 C:/TI/gcc_arm_none_eabi_9_2_1/arm-none-eabi/lib/thumb/v6-m/nofp\libc.a(lib_a-mprec.o)
 .bss           0x202009c0        0x0 C:/TI/gcc_arm_none_eabi_9_2_1/arm-none-eabi/lib/thumb/v6-m/nofp\libc.a(lib_a-s_frexp.o)
 .bss           0x202009c0        0x0 C:/TI/gcc_arm_none_eabi_9_2_1/arm-none-eabi/lib/thumb/v6-m/nofp\libc.a(lib_a-s_nan.o)
 .bss           0x202009c0        0x0 C:/TI/gcc_arm_none_eabi_9_2_1/arm-none-eabi/lib/thumb/v6-m/nofp\libc.a(lib_a-strncmp.o)
 .bss           0x202009c0        0x0 C:/TI/gcc_arm_none_eabi_9_2_1/arm-none-eabi/lib/thumb/v6-m/nofp\libc.a(lib_a-strncpy.o)
 .bss           0x202009c0        0x0 C:/TI/gcc_arm_none_eabi_9_2_1/arm-none-eabi/lib/thumb/v6-m/nofp\libc.a(lib_a-svfiprintf.o)
 .bss           0x202009c0        0x0 C:/TI/gcc_arm_none_eabi_9_2_1/arm-none-eabi/lib/thumb/v6-m/nofp\libc.a(lib_a-callocr.o)
 .bss           0x202009c0        0x0 C:/TI/gcc_arm_none_eabi_9_2_1/arm-none-eabi/lib/thumb/v6-m/nofp\libc.a(lib_a-fclose.o)
 .bss           0x202009c0        0x0 c:/ti/gcc_arm_none_eabi_9_2_1/bin/../lib/gcc/arm-none-eabi/9.2.1/thumb/v6-m/nofp\libgcc.a(_divsi3.o)
 .bss           0x202009c0        0x0 c:/ti/gcc_arm_none_eabi_9_2_1/bin/../lib/gcc/arm-none-eabi/9.2.1/thumb/v6-m/nofp\libgcc.a(_aeabi_uldivmod.o)
 .bss           0x202009c0        0x0 c:/ti/gcc_arm_none_eabi_9_2_1/bin/../lib/gcc/arm-none-eabi/9.2.1/thumb/v6-m/nofp\libgcc.a(_muldi3.o)
 .bss           0x202009c0        0x0 c:/ti/gcc_arm_none_eabi_9_2_1/bin/../lib/gcc/arm-none-eabi/9.2.1/thumb/v6-m/nofp\libgcc.a(_fixdfdi.o)
 .bss           0x202009c0        0x0 c:/ti/gcc_arm_none_eabi_9_2_1/bin/../lib/gcc/arm-none-eabi/9.2.1/thumb/v6-m/nofp\libgcc.a(_fixunsdfdi.o)
 .bss           0x202009c0        0x0 c:/ti/gcc_arm_none_eabi_9_2_1/bin/../lib/gcc/arm-none-eabi/9.2.1/thumb/v6-m/nofp\libgcc.a(_floatdidf.o)
 .bss           0x202009c0        0x0 c:/ti/gcc_arm_none_eabi_9_2_1/bin/../lib/gcc/arm-none-eabi/9.2.1/thumb/v6-m/nofp\libgcc.a(_udivmoddi4.o)
 .bss           0x202009c0        0x0 c:/ti/gcc_arm_none_eabi_9_2_1/bin/../lib/gcc/arm-none-eabi/9.2.1/thumb/v6-m/nofp\libgcc.a(unordsf2.o)
 .bss           0x202009c0        0x0 c:/ti/gcc_arm_none_eabi_9_2_1/bin/../lib/gcc/arm-none-eabi/9.2.1/thumb/v6-m/nofp\libgcc.a(adddf3.o)
 .bss           0x202009c0        0x0 c:/ti/gcc_arm_none_eabi_9_2_1/bin/../lib/gcc/arm-none-eabi/9.2.1/thumb/v6-m/nofp\libgcc.a(muldf3.o)
 .bss           0x202009c0        0x0 c:/ti/gcc_arm_none_eabi_9_2_1/bin/../lib/gcc/arm-none-eabi/9.2.1/thumb/v6-m/nofp\libgcc.a(unorddf2.o)
 .bss           0x202009c0        0x0 c:/ti/gcc_arm_none_eabi_9_2_1/bin/../lib/gcc/arm-none-eabi/9.2.1/thumb/v6-m/nofp\libgcc.a(floatunsidf.o)
 .bss           0x202009c0        0x0 c:/ti/gcc_arm_none_eabi_9_2_1/bin/../lib/gcc/arm-none-eabi/9.2.1/thumb/v6-m/nofp\libgcc.a(truncdfsf2.o)
 .bss           0x202009c0        0x0 c:/ti/gcc_arm_none_eabi_9_2_1/bin/../lib/gcc/arm-none-eabi/9.2.1/thumb/v6-m/nofp\libgcc.a(_clzdi2.o)
 .bss           0x202009c0        0x0 C:/TI/gcc_arm_none_eabi_9_2_1/arm-none-eabi/lib/thumb/v6-m/nofp\libnosys.a(close.o)
 .bss           0x202009c0        0x0 C:/TI/gcc_arm_none_eabi_9_2_1/arm-none-eabi/lib/thumb/v6-m/nofp\libnosys.a(lseek.o)
 .bss           0x202009c0        0x0 C:/TI/gcc_arm_none_eabi_9_2_1/arm-none-eabi/lib/thumb/v6-m/nofp\libnosys.a(read.o)
 .bss           0x202009c0        0x0 C:/TI/gcc_arm_none_eabi_9_2_1/arm-none-eabi/lib/thumb/v6-m/nofp\libnosys.a(sbrk.o)
 .bss           0x202009c0        0x0 C:/TI/gcc_arm_none_eabi_9_2_1/arm-none-eabi/lib/thumb/v6-m/nofp\libnosys.a(write.o)
 *(.bss.*)
 .bss.step_remain_1
                0x202009c0        0x4 ./step_motor.o
                0x202009c0                step_remain_1
 .bss.step_remain_2
                0x202009c4        0x4 ./step_motor.o
                0x202009c4                step_remain_2
 *(COMMON)
 COMMON         0x202009c8      0x140 ./ti_msp_dl_config.o
                0x202009c8                gDCC_100_PWM1Backup
                0x20200a68                gDCC_100_PWM2Backup
                0x20200b08                . = ALIGN (0x8)
                0x20200b08                __bss_end__ = .

.noinit         0x20200b08        0x0
 *(*.noinit*)
                0x20200b08                . = ALIGN (0x8)

.heap           0x20200b08        0x0
                0x20200b08                __heap_start__ = .
                0x20200b08                end = __heap_start__
                0x20200b08                _end = end
                0x20200b08                __end = end
 *(.heap)
                0x20200b08                __heap_end__ = .
                0x20200b08                __HeapLimit = __heap_end__

.stack          0x20200b08        0x0
                0x20200b08                _stack = .
 *(.stack)

.BCRConfig
 *(.BCRConfig)

.BSLConfig
 *(.BSLConfig)
                0x20208000                __StackTop = (ORIGIN (REGION_STACK) + LENGTH (REGION_STACK))
                [!provide]                PROVIDE (__stack = __StackTop)
LOAD C:/TI/mspm0_sdk_2_10_00_04/source\ti/driverlib/lib/gcc/m0p/mspm0g1x0x_g3x0x/driverlib.a
LOAD C:/TI/mspm0_sdk_2_10_00_04/source/ti/driverlib/lib/gcc/m0p/mspm0g1x0x_g3x0x\driverlib.a
LOAD c:/ti/gcc_arm_none_eabi_9_2_1/bin/../lib/gcc/arm-none-eabi/9.2.1/thumb/v6-m/nofp\libgcc.a
LOAD C:/TI/gcc_arm_none_eabi_9_2_1/arm-none-eabi/lib/thumb/v6-m/nofp\libc.a
LOAD C:/TI/gcc_arm_none_eabi_9_2_1/arm-none-eabi/lib/thumb/v6-m/nofp\libm.a
START GROUP
LOAD c:/ti/gcc_arm_none_eabi_9_2_1/bin/../lib/gcc/arm-none-eabi/9.2.1/thumb/v6-m/nofp\libgcc.a
LOAD C:/TI/gcc_arm_none_eabi_9_2_1/arm-none-eabi/lib/thumb/v6-m/nofp\libg.a
LOAD C:/TI/gcc_arm_none_eabi_9_2_1/arm-none-eabi/lib/thumb/v6-m/nofp\libc.a
END GROUP
START GROUP
LOAD c:/ti/gcc_arm_none_eabi_9_2_1/bin/../lib/gcc/arm-none-eabi/9.2.1/thumb/v6-m/nofp\libgcc.a
LOAD C:/TI/gcc_arm_none_eabi_9_2_1/arm-none-eabi/lib/thumb/v6-m/nofp\libc.a
LOAD C:/TI/gcc_arm_none_eabi_9_2_1/arm-none-eabi/lib/thumb/v6-m/nofp\libnosys.a
END GROUP
OUTPUT(step_motor.out elf32-littlearm)

.debug_info     0x00000000    0x3b306
 .debug_info    0x00000000     0x5f2a ./empty.o
 .debug_info    0x00005f2a     0x748e ./ti_msp_dl_config.o
 .debug_info    0x0000d3b8      0x1c4 ./startup_mspm0g350x_gcc.o
 .debug_info    0x0000d57c     0x62b8 ./gimbal_tracker.o
 .debug_info    0x00013834      0x1ee ./pid.o
 .debug_info    0x00013a22     0x64f4 ./step_motor.o
 .debug_info    0x00019f16     0x6233 ./uart.o
 .debug_info    0x00020149     0x561b C:/TI/mspm0_sdk_2_10_00_04/source\ti/driverlib/lib/gcc/m0p/mspm0g1x0x_g3x0x/driverlib.a(dl_common.o)
 .debug_info    0x00025764     0x9259 C:/TI/mspm0_sdk_2_10_00_04/source\ti/driverlib/lib/gcc/m0p/mspm0g1x0x_g3x0x/driverlib.a(dl_timer.o)
 .debug_info    0x0002e9bd     0x670b C:/TI/mspm0_sdk_2_10_00_04/source\ti/driverlib/lib/gcc/m0p/mspm0g1x0x_g3x0x/driverlib.a(dl_uart.o)
 .debug_info    0x000350c8     0x623e C:/TI/mspm0_sdk_2_10_00_04/source\ti/driverlib/lib/gcc/m0p/mspm0g1x0x_g3x0x/driverlib.a(dl_sysctl_mspm0g1x0x_g3x0x.o)

.debug_abbrev   0x00000000     0x1ac9
 .debug_abbrev  0x00000000      0x1ef ./empty.o
 .debug_abbrev  0x000001ef      0x32f ./ti_msp_dl_config.o
 .debug_abbrev  0x0000051e       0xda ./startup_mspm0g350x_gcc.o
 .debug_abbrev  0x000005f8      0x252 ./gimbal_tracker.o
 .debug_abbrev  0x0000084a       0xd8 ./pid.o
 .debug_abbrev  0x00000922      0x301 ./step_motor.o
 .debug_abbrev  0x00000c23      0x28b ./uart.o
 .debug_abbrev  0x00000eae      0x166 C:/TI/mspm0_sdk_2_10_00_04/source\ti/driverlib/lib/gcc/m0p/mspm0g1x0x_g3x0x/driverlib.a(dl_common.o)
 .debug_abbrev  0x00001014      0x3dd C:/TI/mspm0_sdk_2_10_00_04/source\ti/driverlib/lib/gcc/m0p/mspm0g1x0x_g3x0x/driverlib.a(dl_timer.o)
 .debug_abbrev  0x000013f1      0x3a0 C:/TI/mspm0_sdk_2_10_00_04/source\ti/driverlib/lib/gcc/m0p/mspm0g1x0x_g3x0x/driverlib.a(dl_uart.o)
 .debug_abbrev  0x00001791      0x338 C:/TI/mspm0_sdk_2_10_00_04/source\ti/driverlib/lib/gcc/m0p/mspm0g1x0x_g3x0x/driverlib.a(dl_sysctl_mspm0g1x0x_g3x0x.o)

.debug_aranges  0x00000000      0x620
 .debug_aranges
                0x00000000       0x20 ./empty.o
 .debug_aranges
                0x00000020      0x170 ./ti_msp_dl_config.o
 .debug_aranges
                0x00000190       0x30 ./startup_mspm0g350x_gcc.o
 .debug_aranges
                0x000001c0       0xa8 ./gimbal_tracker.o
 .debug_aranges
                0x00000268       0x28 ./pid.o
 .debug_aranges
                0x00000290       0x90 ./step_motor.o
 .debug_aranges
                0x00000320       0x40 ./uart.o
 .debug_aranges
                0x00000360       0x20 C:/TI/mspm0_sdk_2_10_00_04/source\ti/driverlib/lib/gcc/m0p/mspm0g1x0x_g3x0x/driverlib.a(dl_common.o)
 .debug_aranges
                0x00000380      0x190 C:/TI/mspm0_sdk_2_10_00_04/source\ti/driverlib/lib/gcc/m0p/mspm0g1x0x_g3x0x/driverlib.a(dl_timer.o)
 .debug_aranges
                0x00000510       0x98 C:/TI/mspm0_sdk_2_10_00_04/source\ti/driverlib/lib/gcc/m0p/mspm0g1x0x_g3x0x/driverlib.a(dl_uart.o)
 .debug_aranges
                0x000005a8       0x78 C:/TI/mspm0_sdk_2_10_00_04/source\ti/driverlib/lib/gcc/m0p/mspm0g1x0x_g3x0x/driverlib.a(dl_sysctl_mspm0g1x0x_g3x0x.o)

.debug_ranges   0x00000000     0x1360
 .debug_ranges  0x00000000       0x10 ./empty.o
 .debug_ranges  0x00000010      0x160 ./ti_msp_dl_config.o
 .debug_ranges  0x00000170       0x20 ./startup_mspm0g350x_gcc.o
 .debug_ranges  0x00000190       0x98 ./gimbal_tracker.o
 .debug_ranges  0x00000228       0x18 ./pid.o
 .debug_ranges  0x00000240       0x80 ./step_motor.o
 .debug_ranges  0x000002c0       0x48 ./uart.o
 .debug_ranges  0x00000308       0x10 C:/TI/mspm0_sdk_2_10_00_04/source\ti/driverlib/lib/gcc/m0p/mspm0g1x0x_g3x0x/driverlib.a(dl_common.o)
 .debug_ranges  0x00000318      0x8b0 C:/TI/mspm0_sdk_2_10_00_04/source\ti/driverlib/lib/gcc/m0p/mspm0g1x0x_g3x0x/driverlib.a(dl_timer.o)
 .debug_ranges  0x00000bc8      0x390 C:/TI/mspm0_sdk_2_10_00_04/source\ti/driverlib/lib/gcc/m0p/mspm0g1x0x_g3x0x/driverlib.a(dl_uart.o)
 .debug_ranges  0x00000f58      0x408 C:/TI/mspm0_sdk_2_10_00_04/source\ti/driverlib/lib/gcc/m0p/mspm0g1x0x_g3x0x/driverlib.a(dl_sysctl_mspm0g1x0x_g3x0x.o)

.debug_line     0x00000000     0x68a4
 .debug_line    0x00000000      0x3bc ./empty.o
 .debug_line    0x000003bc      0xa13 ./ti_msp_dl_config.o
 .debug_line    0x00000dcf      0x1a1 ./startup_mspm0g350x_gcc.o
 .debug_line    0x00000f70      0x5f1 ./gimbal_tracker.o
 .debug_line    0x00001561      0x179 ./pid.o
 .debug_line    0x000016da      0x68e ./step_motor.o
 .debug_line    0x00001d68      0x570 ./uart.o
 .debug_line    0x000022d8      0x425 C:/TI/mspm0_sdk_2_10_00_04/source\ti/driverlib/lib/gcc/m0p/mspm0g1x0x_g3x0x/driverlib.a(dl_common.o)
 .debug_line    0x000026fd     0x24ea C:/TI/mspm0_sdk_2_10_00_04/source\ti/driverlib/lib/gcc/m0p/mspm0g1x0x_g3x0x/driverlib.a(dl_timer.o)
 .debug_line    0x00004be7      0xee0 C:/TI/mspm0_sdk_2_10_00_04/source\ti/driverlib/lib/gcc/m0p/mspm0g1x0x_g3x0x/driverlib.a(dl_uart.o)
 .debug_line    0x00005ac7      0xddd C:/TI/mspm0_sdk_2_10_00_04/source\ti/driverlib/lib/gcc/m0p/mspm0g1x0x_g3x0x/driverlib.a(dl_sysctl_mspm0g1x0x_g3x0x.o)

.debug_str      0x00000000     0x691b
 .debug_str     0x00000000     0x1d95 ./empty.o
                               0x1eba (size before relaxing)
 .debug_str     0x00001d95     0x1f71 ./ti_msp_dl_config.o
                               0x3e23 (size before relaxing)
 .debug_str     0x00003d06      0x13d ./startup_mspm0g350x_gcc.o
                                0x2d3 (size before relaxing)
 .debug_str     0x00003e43      0x294 ./gimbal_tracker.o
                               0x2157 (size before relaxing)
 .debug_str     0x000040d7       0x39 ./pid.o
                                0x21e (size before relaxing)
 .debug_str     0x00004110      0x561 ./step_motor.o
                               0x24f2 (size before relaxing)
 .debug_str     0x00004671       0xfb ./uart.o
                               0x2006 (size before relaxing)
 .debug_str     0x0000476c      0x1ad C:/TI/mspm0_sdk_2_10_00_04/source\ti/driverlib/lib/gcc/m0p/mspm0g1x0x_g3x0x/driverlib.a(dl_common.o)
                               0x1b28 (size before relaxing)
 .debug_str     0x00004919     0x146d C:/TI/mspm0_sdk_2_10_00_04/source\ti/driverlib/lib/gcc/m0p/mspm0g1x0x_g3x0x/driverlib.a(dl_timer.o)
                               0x36e0 (size before relaxing)
 .debug_str     0x00005d86      0x4b1 C:/TI/mspm0_sdk_2_10_00_04/source\ti/driverlib/lib/gcc/m0p/mspm0g1x0x_g3x0x/driverlib.a(dl_uart.o)
                               0x24ab (size before relaxing)
 .debug_str     0x00006237      0x6e4 C:/TI/mspm0_sdk_2_10_00_04/source\ti/driverlib/lib/gcc/m0p/mspm0g1x0x_g3x0x/driverlib.a(dl_sysctl_mspm0g1x0x_g3x0x.o)
                               0x26d6 (size before relaxing)

.comment        0x00000000       0x79
 .comment       0x00000000       0x79 ./empty.o
                                 0x7a (size before relaxing)
 .comment       0x00000079       0x7a ./ti_msp_dl_config.o
 .comment       0x00000079       0x7a ./startup_mspm0g350x_gcc.o
 .comment       0x00000079       0x7a ./gimbal_tracker.o
 .comment       0x00000079       0x7a ./pid.o
 .comment       0x00000079       0x7a ./step_motor.o
 .comment       0x00000079       0x7a ./uart.o
 .comment       0x00000079       0x7a C:/TI/mspm0_sdk_2_10_00_04/source\ti/driverlib/lib/gcc/m0p/mspm0g1x0x_g3x0x/driverlib.a(dl_common.o)
 .comment       0x00000079       0x7a C:/TI/mspm0_sdk_2_10_00_04/source\ti/driverlib/lib/gcc/m0p/mspm0g1x0x_g3x0x/driverlib.a(dl_timer.o)
 .comment       0x00000079       0x7a C:/TI/mspm0_sdk_2_10_00_04/source\ti/driverlib/lib/gcc/m0p/mspm0g1x0x_g3x0x/driverlib.a(dl_uart.o)
 .comment       0x00000079       0x7a C:/TI/mspm0_sdk_2_10_00_04/source\ti/driverlib/lib/gcc/m0p/mspm0g1x0x_g3x0x/driverlib.a(dl_sysctl_mspm0g1x0x_g3x0x.o)

.ARM.attributes
                0x00000000       0x2a
 .ARM.attributes
                0x00000000       0x2b ./empty.o
 .ARM.attributes
                0x0000002b       0x2b ./ti_msp_dl_config.o
 .ARM.attributes
                0x00000056       0x2b ./startup_mspm0g350x_gcc.o
 .ARM.attributes
                0x00000081       0x2b ./gimbal_tracker.o
 .ARM.attributes
                0x000000ac       0x2b ./pid.o
 .ARM.attributes
                0x000000d7       0x2b ./step_motor.o
 .ARM.attributes
                0x00000102       0x2b ./uart.o
 .ARM.attributes
                0x0000012d       0x2b C:/TI/mspm0_sdk_2_10_00_04/source\ti/driverlib/lib/gcc/m0p/mspm0g1x0x_g3x0x/driverlib.a(dl_common.o)
 .ARM.attributes
                0x00000158       0x2b C:/TI/mspm0_sdk_2_10_00_04/source\ti/driverlib/lib/gcc/m0p/mspm0g1x0x_g3x0x/driverlib.a(dl_timer.o)
 .ARM.attributes
                0x00000183       0x2b C:/TI/mspm0_sdk_2_10_00_04/source\ti/driverlib/lib/gcc/m0p/mspm0g1x0x_g3x0x/driverlib.a(dl_uart.o)
 .ARM.attributes
                0x000001ae       0x2b C:/TI/mspm0_sdk_2_10_00_04/source\ti/driverlib/lib/gcc/m0p/mspm0g1x0x_g3x0x/driverlib.a(dl_sysctl_mspm0g1x0x_g3x0x.o)
 .ARM.attributes
                0x000001d9       0x1e c:/ti/gcc_arm_none_eabi_9_2_1/bin/../lib/gcc/arm-none-eabi/9.2.1/thumb/v6-m/nofp\libgcc.a(_udivsi3.o)
 .ARM.attributes
                0x000001f7       0x1e c:/ti/gcc_arm_none_eabi_9_2_1/bin/../lib/gcc/arm-none-eabi/9.2.1/thumb/v6-m/nofp\libgcc.a(_dvmd_tls.o)
 .ARM.attributes
                0x00000215       0x1e c:/ti/gcc_arm_none_eabi_9_2_1/bin/../lib/gcc/arm-none-eabi/9.2.1/thumb/v6-m/nofp\libgcc.a(_arm_cmpsf2.o)
 .ARM.attributes
                0x00000233       0x2c c:/ti/gcc_arm_none_eabi_9_2_1/bin/../lib/gcc/arm-none-eabi/9.2.1/thumb/v6-m/nofp\libgcc.a(_fixunssfsi.o)
 .ARM.attributes
                0x0000025f       0x2c c:/ti/gcc_arm_none_eabi_9_2_1/bin/../lib/gcc/arm-none-eabi/9.2.1/thumb/v6-m/nofp\libgcc.a(_fixunsdfsi.o)
 .ARM.attributes
                0x0000028b       0x2c c:/ti/gcc_arm_none_eabi_9_2_1/bin/../lib/gcc/arm-none-eabi/9.2.1/thumb/v6-m/nofp\libgcc.a(addsf3.o)
 .ARM.attributes
                0x000002b7       0x2c c:/ti/gcc_arm_none_eabi_9_2_1/bin/../lib/gcc/arm-none-eabi/9.2.1/thumb/v6-m/nofp\libgcc.a(divsf3.o)
 .ARM.attributes
                0x000002e3       0x2c c:/ti/gcc_arm_none_eabi_9_2_1/bin/../lib/gcc/arm-none-eabi/9.2.1/thumb/v6-m/nofp\libgcc.a(eqsf2.o)
 .ARM.attributes
                0x0000030f       0x2c c:/ti/gcc_arm_none_eabi_9_2_1/bin/../lib/gcc/arm-none-eabi/9.2.1/thumb/v6-m/nofp\libgcc.a(gesf2.o)
 .ARM.attributes
                0x0000033b       0x2c c:/ti/gcc_arm_none_eabi_9_2_1/bin/../lib/gcc/arm-none-eabi/9.2.1/thumb/v6-m/nofp\libgcc.a(lesf2.o)
 .ARM.attributes
                0x00000367       0x2c c:/ti/gcc_arm_none_eabi_9_2_1/bin/../lib/gcc/arm-none-eabi/9.2.1/thumb/v6-m/nofp\libgcc.a(mulsf3.o)
 .ARM.attributes
                0x00000393       0x2c c:/ti/gcc_arm_none_eabi_9_2_1/bin/../lib/gcc/arm-none-eabi/9.2.1/thumb/v6-m/nofp\libgcc.a(subsf3.o)
 .ARM.attributes
                0x000003bf       0x2c c:/ti/gcc_arm_none_eabi_9_2_1/bin/../lib/gcc/arm-none-eabi/9.2.1/thumb/v6-m/nofp\libgcc.a(fixsfsi.o)
 .ARM.attributes
                0x000003eb       0x2c c:/ti/gcc_arm_none_eabi_9_2_1/bin/../lib/gcc/arm-none-eabi/9.2.1/thumb/v6-m/nofp\libgcc.a(divdf3.o)
 .ARM.attributes
                0x00000417       0x2c c:/ti/gcc_arm_none_eabi_9_2_1/bin/../lib/gcc/arm-none-eabi/9.2.1/thumb/v6-m/nofp\libgcc.a(subdf3.o)
 .ARM.attributes
                0x00000443       0x2c c:/ti/gcc_arm_none_eabi_9_2_1/bin/../lib/gcc/arm-none-eabi/9.2.1/thumb/v6-m/nofp\libgcc.a(fixdfsi.o)
 .ARM.attributes
                0x0000046f       0x2c c:/ti/gcc_arm_none_eabi_9_2_1/bin/../lib/gcc/arm-none-eabi/9.2.1/thumb/v6-m/nofp\libgcc.a(floatsidf.o)
 .ARM.attributes
                0x0000049b       0x1e c:/ti/gcc_arm_none_eabi_9_2_1/bin/../lib/gcc/arm-none-eabi/9.2.1/thumb/v6-m/nofp\libgcc.a(_arm_cmpdf2.o)
 .ARM.attributes
                0x000004b9       0x1e c:/ti/gcc_arm_none_eabi_9_2_1/bin/../lib/gcc/arm-none-eabi/9.2.1/thumb/v6-m/nofp\libgcc.a(_clzsi2.o)
 .ARM.attributes
                0x000004d7       0x2c c:/ti/gcc_arm_none_eabi_9_2_1/bin/../lib/gcc/arm-none-eabi/9.2.1/thumb/v6-m/nofp\libgcc.a(eqdf2.o)
 .ARM.attributes
                0x00000503       0x2c c:/ti/gcc_arm_none_eabi_9_2_1/bin/../lib/gcc/arm-none-eabi/9.2.1/thumb/v6-m/nofp\libgcc.a(gedf2.o)
 .ARM.attributes
                0x0000052f       0x2c c:/ti/gcc_arm_none_eabi_9_2_1/bin/../lib/gcc/arm-none-eabi/9.2.1/thumb/v6-m/nofp\libgcc.a(ledf2.o)
 .ARM.attributes
                0x0000055b       0x2c C:/TI/gcc_arm_none_eabi_9_2_1/arm-none-eabi/lib/thumb/v6-m/nofp\libc.a(lib_a-init.o)
 .ARM.attributes
                0x00000587       0x2c C:/TI/gcc_arm_none_eabi_9_2_1/arm-none-eabi/lib/thumb/v6-m/nofp\libc.a(lib_a-sscanf.o)
 .ARM.attributes
                0x000005b3       0x2c C:/TI/gcc_arm_none_eabi_9_2_1/arm-none-eabi/lib/thumb/v6-m/nofp\libc.a(lib_a-stdio.o)
 .ARM.attributes
                0x000005df       0x2c C:/TI/gcc_arm_none_eabi_9_2_1/arm-none-eabi/lib/thumb/v6-m/nofp\libc.a(lib_a-strchr.o)
 .ARM.attributes
                0x0000060b       0x2c C:/TI/gcc_arm_none_eabi_9_2_1/arm-none-eabi/lib/thumb/v6-m/nofp\libc.a(lib_a-strlen-stub.o)
 .ARM.attributes
                0x00000637       0x2c C:/TI/gcc_arm_none_eabi_9_2_1/arm-none-eabi/lib/thumb/v6-m/nofp\libc.a(lib_a-svfscanf.o)
 .ARM.attributes
                0x00000663       0x2c C:/TI/gcc_arm_none_eabi_9_2_1/arm-none-eabi/lib/thumb/v6-m/nofp\libc.a(lib_a-writer.o)
 .ARM.attributes
                0x0000068f       0x2c C:/TI/gcc_arm_none_eabi_9_2_1/arm-none-eabi/lib/thumb/v6-m/nofp\libc.a(lib_a-closer.o)
 .ARM.attributes
                0x000006bb       0x2c C:/TI/gcc_arm_none_eabi_9_2_1/arm-none-eabi/lib/thumb/v6-m/nofp\libc.a(lib_a-ctype_.o)
 .ARM.attributes
                0x000006e7       0x2c C:/TI/gcc_arm_none_eabi_9_2_1/arm-none-eabi/lib/thumb/v6-m/nofp\libc.a(lib_a-impure.o)
 .ARM.attributes
                0x00000713       0x2c C:/TI/gcc_arm_none_eabi_9_2_1/arm-none-eabi/lib/thumb/v6-m/nofp\libc.a(lib_a-iswspace.o)
 .ARM.attributes
                0x0000073f       0x2c C:/TI/gcc_arm_none_eabi_9_2_1/arm-none-eabi/lib/thumb/v6-m/nofp\libc.a(lib_a-iswspace_l.o)
 .ARM.attributes
                0x0000076b       0x2c C:/TI/gcc_arm_none_eabi_9_2_1/arm-none-eabi/lib/thumb/v6-m/nofp\libc.a(lib_a-locale.o)
 .ARM.attributes
                0x00000797       0x2c C:/TI/gcc_arm_none_eabi_9_2_1/arm-none-eabi/lib/thumb/v6-m/nofp\libc.a(lib_a-localeconv.o)
 .ARM.attributes
                0x000007c3       0x2c C:/TI/gcc_arm_none_eabi_9_2_1/arm-none-eabi/lib/thumb/v6-m/nofp\libc.a(lib_a-lseekr.o)
 .ARM.attributes
                0x000007ef       0x2c C:/TI/gcc_arm_none_eabi_9_2_1/arm-none-eabi/lib/thumb/v6-m/nofp\libc.a(lib_a-malloc.o)
 .ARM.attributes
                0x0000081b       0x2c C:/TI/gcc_arm_none_eabi_9_2_1/arm-none-eabi/lib/thumb/v6-m/nofp\libc.a(lib_a-mallocr.o)
 .ARM.attributes
                0x00000847       0x2c C:/TI/gcc_arm_none_eabi_9_2_1/arm-none-eabi/lib/thumb/v6-m/nofp\libc.a(lib_a-mbrtowc.o)
 .ARM.attributes
                0x00000873       0x2c C:/TI/gcc_arm_none_eabi_9_2_1/arm-none-eabi/lib/thumb/v6-m/nofp\libc.a(lib_a-mbtowc_r.o)
 .ARM.attributes
                0x0000089f       0x2c C:/TI/gcc_arm_none_eabi_9_2_1/arm-none-eabi/lib/thumb/v6-m/nofp\libc.a(lib_a-memset.o)
 .ARM.attributes
                0x000008cb       0x2c C:/TI/gcc_arm_none_eabi_9_2_1/arm-none-eabi/lib/thumb/v6-m/nofp\libc.a(lib_a-mlock.o)
 .ARM.attributes
                0x000008f7       0x2c C:/TI/gcc_arm_none_eabi_9_2_1/arm-none-eabi/lib/thumb/v6-m/nofp\libc.a(lib_a-readr.o)
 .ARM.attributes
                0x00000923       0x2c C:/TI/gcc_arm_none_eabi_9_2_1/arm-none-eabi/lib/thumb/v6-m/nofp\libc.a(lib_a-realloc.o)
 .ARM.attributes
                0x0000094f       0x2c C:/TI/gcc_arm_none_eabi_9_2_1/arm-none-eabi/lib/thumb/v6-m/nofp\libc.a(lib_a-reallocr.o)
 .ARM.attributes
                0x0000097b       0x2c C:/TI/gcc_arm_none_eabi_9_2_1/arm-none-eabi/lib/thumb/v6-m/nofp\libc.a(lib_a-reent.o)
 .ARM.attributes
                0x000009a7       0x2c C:/TI/gcc_arm_none_eabi_9_2_1/arm-none-eabi/lib/thumb/v6-m/nofp\libc.a(lib_a-sbrkr.o)
 .ARM.attributes
                0x000009d3       0x2c C:/TI/gcc_arm_none_eabi_9_2_1/arm-none-eabi/lib/thumb/v6-m/nofp\libc.a(lib_a-sccl.o)
 .ARM.attributes
                0x000009ff       0x2c C:/TI/gcc_arm_none_eabi_9_2_1/arm-none-eabi/lib/thumb/v6-m/nofp\libc.a(lib_a-sf_nan.o)
 .ARM.attributes
                0x00000a2b       0x2c C:/TI/gcc_arm_none_eabi_9_2_1/arm-none-eabi/lib/thumb/v6-m/nofp\libc.a(lib_a-sprintf.o)
 .ARM.attributes
                0x00000a57       0x1b C:/TI/gcc_arm_none_eabi_9_2_1/arm-none-eabi/lib/thumb/v6-m/nofp\libc.a(lib_a-strcmp.o)
 .ARM.attributes
                0x00000a72       0x2c C:/TI/gcc_arm_none_eabi_9_2_1/arm-none-eabi/lib/thumb/v6-m/nofp\libc.a(lib_a-strtod.o)
 .ARM.attributes
                0x00000a9e       0x2c C:/TI/gcc_arm_none_eabi_9_2_1/arm-none-eabi/lib/thumb/v6-m/nofp\libc.a(lib_a-strtol.o)
 .ARM.attributes
                0x00000aca       0x2c C:/TI/gcc_arm_none_eabi_9_2_1/arm-none-eabi/lib/thumb/v6-m/nofp\libc.a(lib_a-strtoll.o)
 .ARM.attributes
                0x00000af6       0x2c C:/TI/gcc_arm_none_eabi_9_2_1/arm-none-eabi/lib/thumb/v6-m/nofp\libc.a(lib_a-strtoul.o)
 .ARM.attributes
                0x00000b22       0x2c C:/TI/gcc_arm_none_eabi_9_2_1/arm-none-eabi/lib/thumb/v6-m/nofp\libc.a(lib_a-strtoull.o)
 .ARM.attributes
                0x00000b4e       0x2c C:/TI/gcc_arm_none_eabi_9_2_1/arm-none-eabi/lib/thumb/v6-m/nofp\libc.a(lib_a-svfiscanf.o)
 .ARM.attributes
                0x00000b7a       0x2c C:/TI/gcc_arm_none_eabi_9_2_1/arm-none-eabi/lib/thumb/v6-m/nofp\libc.a(lib_a-svfprintf.o)
 .ARM.attributes
                0x00000ba6       0x2c C:/TI/gcc_arm_none_eabi_9_2_1/arm-none-eabi/lib/thumb/v6-m/nofp\libc.a(lib_a-ungetc.o)
 .ARM.attributes
                0x00000bd2       0x2c C:/TI/gcc_arm_none_eabi_9_2_1/arm-none-eabi/lib/thumb/v6-m/nofp\libc.a(lib_a-wctomb_r.o)
 .ARM.attributes
                0x00000bfe       0x2c C:/TI/gcc_arm_none_eabi_9_2_1/arm-none-eabi/lib/thumb/v6-m/nofp\libc.a(lib_a-dtoa.o)
 .ARM.attributes
                0x00000c2a       0x2c C:/TI/gcc_arm_none_eabi_9_2_1/arm-none-eabi/lib/thumb/v6-m/nofp\libc.a(lib_a-fflush.o)
 .ARM.attributes
                0x00000c56       0x2c C:/TI/gcc_arm_none_eabi_9_2_1/arm-none-eabi/lib/thumb/v6-m/nofp\libc.a(lib_a-findfp.o)
 .ARM.attributes
                0x00000c82       0x2c C:/TI/gcc_arm_none_eabi_9_2_1/arm-none-eabi/lib/thumb/v6-m/nofp\libc.a(lib_a-freer.o)
 .ARM.attributes
                0x00000cae       0x2c C:/TI/gcc_arm_none_eabi_9_2_1/arm-none-eabi/lib/thumb/v6-m/nofp\libc.a(lib_a-fwalk.o)
 .ARM.attributes
                0x00000cda       0x2c C:/TI/gcc_arm_none_eabi_9_2_1/arm-none-eabi/lib/thumb/v6-m/nofp\libc.a(lib_a-gdtoa-gethex.o)
 .ARM.attributes
                0x00000d06       0x2c C:/TI/gcc_arm_none_eabi_9_2_1/arm-none-eabi/lib/thumb/v6-m/nofp\libc.a(lib_a-gdtoa-hexnan.o)
 .ARM.attributes
                0x00000d32       0x2c C:/TI/gcc_arm_none_eabi_9_2_1/arm-none-eabi/lib/thumb/v6-m/nofp\libc.a(lib_a-lnumeric.o)
 .ARM.attributes
                0x00000d5e       0x2c C:/TI/gcc_arm_none_eabi_9_2_1/arm-none-eabi/lib/thumb/v6-m/nofp\libc.a(lib_a-lock.o)
 .ARM.attributes
                0x00000d8a       0x2c C:/TI/gcc_arm_none_eabi_9_2_1/arm-none-eabi/lib/thumb/v6-m/nofp\libc.a(lib_a-memchr-stub.o)
 .ARM.attributes
                0x00000db6       0x2c C:/TI/gcc_arm_none_eabi_9_2_1/arm-none-eabi/lib/thumb/v6-m/nofp\libc.a(lib_a-memcpy-stub.o)
 .ARM.attributes
                0x00000de2       0x2c C:/TI/gcc_arm_none_eabi_9_2_1/arm-none-eabi/lib/thumb/v6-m/nofp\libc.a(lib_a-memmove.o)
 .ARM.attributes
                0x00000e0e       0x2c C:/TI/gcc_arm_none_eabi_9_2_1/arm-none-eabi/lib/thumb/v6-m/nofp\libc.a(lib_a-mprec.o)
 .ARM.attributes
                0x00000e3a       0x2c C:/TI/gcc_arm_none_eabi_9_2_1/arm-none-eabi/lib/thumb/v6-m/nofp\libc.a(lib_a-s_frexp.o)
 .ARM.attributes
                0x00000e66       0x2c C:/TI/gcc_arm_none_eabi_9_2_1/arm-none-eabi/lib/thumb/v6-m/nofp\libc.a(lib_a-s_nan.o)
 .ARM.attributes
                0x00000e92       0x2c C:/TI/gcc_arm_none_eabi_9_2_1/arm-none-eabi/lib/thumb/v6-m/nofp\libc.a(lib_a-strncmp.o)
 .ARM.attributes
                0x00000ebe       0x2c C:/TI/gcc_arm_none_eabi_9_2_1/arm-none-eabi/lib/thumb/v6-m/nofp\libc.a(lib_a-strncpy.o)
 .ARM.attributes
                0x00000eea       0x2c C:/TI/gcc_arm_none_eabi_9_2_1/arm-none-eabi/lib/thumb/v6-m/nofp\libc.a(lib_a-svfiprintf.o)
 .ARM.attributes
                0x00000f16       0x2c C:/TI/gcc_arm_none_eabi_9_2_1/arm-none-eabi/lib/thumb/v6-m/nofp\libc.a(lib_a-callocr.o)
 .ARM.attributes
                0x00000f42       0x2c C:/TI/gcc_arm_none_eabi_9_2_1/arm-none-eabi/lib/thumb/v6-m/nofp\libc.a(lib_a-fclose.o)
 .ARM.attributes
                0x00000f6e       0x1e c:/ti/gcc_arm_none_eabi_9_2_1/bin/../lib/gcc/arm-none-eabi/9.2.1/thumb/v6-m/nofp\libgcc.a(_divsi3.o)
 .ARM.attributes
                0x00000f8c       0x1e c:/ti/gcc_arm_none_eabi_9_2_1/bin/../lib/gcc/arm-none-eabi/9.2.1/thumb/v6-m/nofp\libgcc.a(_aeabi_uldivmod.o)
 .ARM.attributes
                0x00000faa       0x2c c:/ti/gcc_arm_none_eabi_9_2_1/bin/../lib/gcc/arm-none-eabi/9.2.1/thumb/v6-m/nofp\libgcc.a(_muldi3.o)
 .ARM.attributes
                0x00000fd6       0x2c c:/ti/gcc_arm_none_eabi_9_2_1/bin/../lib/gcc/arm-none-eabi/9.2.1/thumb/v6-m/nofp\libgcc.a(_fixdfdi.o)
 .ARM.attributes
                0x00001002       0x2c c:/ti/gcc_arm_none_eabi_9_2_1/bin/../lib/gcc/arm-none-eabi/9.2.1/thumb/v6-m/nofp\libgcc.a(_fixunsdfdi.o)
 .ARM.attributes
                0x0000102e       0x2c c:/ti/gcc_arm_none_eabi_9_2_1/bin/../lib/gcc/arm-none-eabi/9.2.1/thumb/v6-m/nofp\libgcc.a(_floatdidf.o)
 .ARM.attributes
                0x0000105a       0x2c c:/ti/gcc_arm_none_eabi_9_2_1/bin/../lib/gcc/arm-none-eabi/9.2.1/thumb/v6-m/nofp\libgcc.a(_udivmoddi4.o)
 .ARM.attributes
                0x00001086       0x2c c:/ti/gcc_arm_none_eabi_9_2_1/bin/../lib/gcc/arm-none-eabi/9.2.1/thumb/v6-m/nofp\libgcc.a(unordsf2.o)
 .ARM.attributes
                0x000010b2       0x2c c:/ti/gcc_arm_none_eabi_9_2_1/bin/../lib/gcc/arm-none-eabi/9.2.1/thumb/v6-m/nofp\libgcc.a(adddf3.o)
 .ARM.attributes
                0x000010de       0x2c c:/ti/gcc_arm_none_eabi_9_2_1/bin/../lib/gcc/arm-none-eabi/9.2.1/thumb/v6-m/nofp\libgcc.a(muldf3.o)
 .ARM.attributes
                0x0000110a       0x2c c:/ti/gcc_arm_none_eabi_9_2_1/bin/../lib/gcc/arm-none-eabi/9.2.1/thumb/v6-m/nofp\libgcc.a(unorddf2.o)
 .ARM.attributes
                0x00001136       0x2c c:/ti/gcc_arm_none_eabi_9_2_1/bin/../lib/gcc/arm-none-eabi/9.2.1/thumb/v6-m/nofp\libgcc.a(floatunsidf.o)
 .ARM.attributes
                0x00001162       0x2c c:/ti/gcc_arm_none_eabi_9_2_1/bin/../lib/gcc/arm-none-eabi/9.2.1/thumb/v6-m/nofp\libgcc.a(truncdfsf2.o)
 .ARM.attributes
                0x0000118e       0x1e c:/ti/gcc_arm_none_eabi_9_2_1/bin/../lib/gcc/arm-none-eabi/9.2.1/thumb/v6-m/nofp\libgcc.a(_clzdi2.o)
 .ARM.attributes
                0x000011ac       0x2c C:/TI/gcc_arm_none_eabi_9_2_1/arm-none-eabi/lib/thumb/v6-m/nofp\libnosys.a(close.o)
 .ARM.attributes
                0x000011d8       0x2c C:/TI/gcc_arm_none_eabi_9_2_1/arm-none-eabi/lib/thumb/v6-m/nofp\libnosys.a(lseek.o)
 .ARM.attributes
                0x00001204       0x2c C:/TI/gcc_arm_none_eabi_9_2_1/arm-none-eabi/lib/thumb/v6-m/nofp\libnosys.a(read.o)
 .ARM.attributes
                0x00001230       0x2c C:/TI/gcc_arm_none_eabi_9_2_1/arm-none-eabi/lib/thumb/v6-m/nofp\libnosys.a(sbrk.o)
 .ARM.attributes
                0x0000125c       0x2c C:/TI/gcc_arm_none_eabi_9_2_1/arm-none-eabi/lib/thumb/v6-m/nofp\libnosys.a(write.o)

.debug_frame    0x00000000     0x2b78
 .debug_frame   0x00000000       0x2c ./empty.o
 .debug_frame   0x0000002c      0x544 ./ti_msp_dl_config.o
 .debug_frame   0x00000570       0x68 ./startup_mspm0g350x_gcc.o
 .debug_frame   0x000005d8      0x21c ./gimbal_tracker.o
 .debug_frame   0x000007f4       0x50 ./pid.o
 .debug_frame   0x00000844      0x1e4 ./step_motor.o
 .debug_frame   0x00000a28       0xb0 ./uart.o
 .debug_frame   0x00000ad8       0x20 C:/TI/mspm0_sdk_2_10_00_04/source\ti/driverlib/lib/gcc/m0p/mspm0g1x0x_g3x0x/driverlib.a(dl_common.o)
 .debug_frame   0x00000af8      0x3d4 C:/TI/mspm0_sdk_2_10_00_04/source\ti/driverlib/lib/gcc/m0p/mspm0g1x0x_g3x0x/driverlib.a(dl_timer.o)
 .debug_frame   0x00000ecc      0x1a4 C:/TI/mspm0_sdk_2_10_00_04/source\ti/driverlib/lib/gcc/m0p/mspm0g1x0x_g3x0x/driverlib.a(dl_uart.o)
 .debug_frame   0x00001070      0x118 C:/TI/mspm0_sdk_2_10_00_04/source\ti/driverlib/lib/gcc/m0p/mspm0g1x0x_g3x0x/driverlib.a(dl_sysctl_mspm0g1x0x_g3x0x.o)
 .debug_frame   0x00001188       0x20 c:/ti/gcc_arm_none_eabi_9_2_1/bin/../lib/gcc/arm-none-eabi/9.2.1/thumb/v6-m/nofp\libgcc.a(_udivsi3.o)
 .debug_frame   0x000011a8       0x28 c:/ti/gcc_arm_none_eabi_9_2_1/bin/../lib/gcc/arm-none-eabi/9.2.1/thumb/v6-m/nofp\libgcc.a(_fixunssfsi.o)
 .debug_frame   0x000011d0       0x2c c:/ti/gcc_arm_none_eabi_9_2_1/bin/../lib/gcc/arm-none-eabi/9.2.1/thumb/v6-m/nofp\libgcc.a(_fixunsdfsi.o)
 .debug_frame   0x000011fc       0x38 c:/ti/gcc_arm_none_eabi_9_2_1/bin/../lib/gcc/arm-none-eabi/9.2.1/thumb/v6-m/nofp\libgcc.a(addsf3.o)
 .debug_frame   0x00001234       0x38 c:/ti/gcc_arm_none_eabi_9_2_1/bin/../lib/gcc/arm-none-eabi/9.2.1/thumb/v6-m/nofp\libgcc.a(divsf3.o)
 .debug_frame   0x0000126c       0x2c c:/ti/gcc_arm_none_eabi_9_2_1/bin/../lib/gcc/arm-none-eabi/9.2.1/thumb/v6-m/nofp\libgcc.a(eqsf2.o)
 .debug_frame   0x00001298       0x30 c:/ti/gcc_arm_none_eabi_9_2_1/bin/../lib/gcc/arm-none-eabi/9.2.1/thumb/v6-m/nofp\libgcc.a(gesf2.o)
 .debug_frame   0x000012c8       0x30 c:/ti/gcc_arm_none_eabi_9_2_1/bin/../lib/gcc/arm-none-eabi/9.2.1/thumb/v6-m/nofp\libgcc.a(lesf2.o)
 .debug_frame   0x000012f8       0x3c c:/ti/gcc_arm_none_eabi_9_2_1/bin/../lib/gcc/arm-none-eabi/9.2.1/thumb/v6-m/nofp\libgcc.a(mulsf3.o)
 .debug_frame   0x00001334       0x38 c:/ti/gcc_arm_none_eabi_9_2_1/bin/../lib/gcc/arm-none-eabi/9.2.1/thumb/v6-m/nofp\libgcc.a(subsf3.o)
 .debug_frame   0x0000136c       0x20 c:/ti/gcc_arm_none_eabi_9_2_1/bin/../lib/gcc/arm-none-eabi/9.2.1/thumb/v6-m/nofp\libgcc.a(fixsfsi.o)
 .debug_frame   0x0000138c       0x3c c:/ti/gcc_arm_none_eabi_9_2_1/bin/../lib/gcc/arm-none-eabi/9.2.1/thumb/v6-m/nofp\libgcc.a(divdf3.o)
 .debug_frame   0x000013c8       0x3c c:/ti/gcc_arm_none_eabi_9_2_1/bin/../lib/gcc/arm-none-eabi/9.2.1/thumb/v6-m/nofp\libgcc.a(subdf3.o)
 .debug_frame   0x00001404       0x2c c:/ti/gcc_arm_none_eabi_9_2_1/bin/../lib/gcc/arm-none-eabi/9.2.1/thumb/v6-m/nofp\libgcc.a(fixdfsi.o)
 .debug_frame   0x00001430       0x2c c:/ti/gcc_arm_none_eabi_9_2_1/bin/../lib/gcc/arm-none-eabi/9.2.1/thumb/v6-m/nofp\libgcc.a(floatsidf.o)
 .debug_frame   0x0000145c       0x38 c:/ti/gcc_arm_none_eabi_9_2_1/bin/../lib/gcc/arm-none-eabi/9.2.1/thumb/v6-m/nofp\libgcc.a(eqdf2.o)
 .debug_frame   0x00001494       0x38 c:/ti/gcc_arm_none_eabi_9_2_1/bin/../lib/gcc/arm-none-eabi/9.2.1/thumb/v6-m/nofp\libgcc.a(gedf2.o)