******************************************************************************
            TI ARM Clang Linker PC v4.0.4                      
******************************************************************************
>> Linked Sat Jul  4 08:52:07 2026

OUTPUT FILE NAME:   <xunji_demo.out>
ENTRY POINT SYMBOL: "_c_int00_noargs"  address: 00007789


MEMORY CONFIGURATION

         name            origin    length      used     unused   attr    fill
----------------------  --------  ---------  --------  --------  ----  --------
  FLASH                 00000000   00020000  00009ac0  00016540  R  X
  SRAM                  20200000   00008000  000005c9  00007a37  RW X
  BCR_CONFIG            41c00000   000000ff  00000000  000000ff  R   
  BSL_CONFIG            41c00100   00000080  00000000  00000080  R   


SEGMENT ALLOCATION MAP

run origin  load origin   length   init length attrs members
----------  ----------- ---------- ----------- ----- -------
00000000    00000000    00009ac0   00009ac0    r-x
  00000000    00000000    000000c0   000000c0    r-- .intvecs
  000000c0    000000c0    00008340   00008340    r-x .text
  00008400    00008400    00001650   00001650    r-- .rodata
  00009a50    00009a50    00000070   00000070    r-- .cinit
20200000    20200000    000003ce   00000000    rw-
  20200000    20200000    00000233   00000000    rw- .bss
  20200238    20200238    00000196   00000000    rw- .data
20207e00    20207e00    00000200   00000000    rw-
  20207e00    20207e00    00000200   00000000    rw- .stack


SECTION ALLOCATION MAP

 output                                  attributes/
section   page    origin      length       input sections
--------  ----  ----------  ----------   ----------------
.intvecs   0    00000000    000000c0     
                  00000000    000000c0     startup_mspm0g350x_ticlang.o (.intvecs)

.text      0    000000c0    00008340     
                  000000c0    000009d0     libc.a : _printfi.c.obj (.text:__TI_printfi)
                  00000a90    00000364            : e_asin.c.obj (.text.asin)
                  00000df4    000002f8            : s_atan.c.obj (.text.atan)
                  000010ec    00000278     inv_mpu_dmp_motion_driver.o (.text.dmp_enable_feature)
                  00001364    0000024c     ti_msp_dl_config.o (.text.SYSCFG_DL_GPIO_init)
                  000015b0    00000248     main.o (.text.main)
                  000017f8    00000238     inv_mpu_dmp_motion_driver.o (.text.dmp_set_tap_thresh)
                  00001a30    0000022c     mpu6050.o (.text.Read_Quad)
                  00001c5c    0000022c     inv_mpu.o (.text.mpu_reset_fifo)
                  00001e88    00000220     libc.a : _printfi.c.obj (.text._pconv_a)
                  000020a8    000001f4     inv_mpu_dmp_motion_driver.o (.text.dmp_read_fifo)
                  0000229c    000001ec     encoder.o (.text.Encodering)
                  00002488    000001dc     libc.a : _printfi.c.obj (.text._pconv_g)
                  00002664    000001c0     pid.o (.text.PID_Compute1)
                  00002824    000001a0     inv_mpu.o (.text.mpu_set_bypass)
                  000029c4    00000192     libclang_rt.builtins.a : adddf3.S.obj (.text.adddf3_subdf3)
                  00002b56    00000002                            : aeabi_div0.c.obj (.text.__aeabi_idiv0)
                  00002b58    00000188     libc.a : e_atan2.c.obj (.text.atan2)
                  00002ce0    00000178     inv_mpu_dmp_motion_driver.o (.text.dmp_set_orientation)
                  00002e58    00000170     libc.a : e_sqrt.c.obj (.text.sqrt)
                  00002fc8    00000144     mpu6050.o (.text.MPU6050_Init)
                  0000310c    0000013c     libc.a : _printfi.c.obj (.text.fcvt)
                  00003248    00000134     mspm0_i2c.o (.text.mspm0_i2c_read)
                  0000337c    00000130     inv_mpu.o (.text.mpu_set_sensors)
                  000034ac    00000128     inv_mpu.o (.text.mpu_init)
                  000035d4    00000124     inv_mpu.o (.text.mpu_load_firmware)
                  000036f8    00000120     libc.a : _printfi.c.obj (.text._pconv_e)
                  00003818    0000011c     encoder.o (.text.GetSpeed_L)
                  00003934    0000011c     encoder.o (.text.GetSpeed_R)
                  00003a50    00000118     oled_hardware_i2c.o (.text.OLED_ShowChar)
                  00003b68    00000110     oled_hardware_i2c.o (.text.OLED_Init)
                  00003c78    0000010c     libclang_rt.builtins.a : divdf3.S.obj (.text.__divdf3)
                  00003d84    00000108     inv_mpu.o (.text.mpu_read_fifo_stream)
                  00003e8c    00000104     driverlib.a : dl_timer.o (.text.DL_Timer_initFourCCPWMMode)
                  00003f90    00000100     inv_mpu.o (.text.mpu_lp_accel_mode)
                  00004090    000000fc     driverlib.a : dl_timer.o (.text.DL_Timer_initTimerMode)
                  0000418c    000000f4     sensor.o (.text.Get_error)
                  00004280    000000ec     ti_msp_dl_config.o (.text.SYSCFG_DL_SYSCTL_SYSPLL_init)
                  0000436c    000000ec     inv_mpu.o (.text.mpu_set_sample_rate)
                  00004458    000000e4     libclang_rt.builtins.a : muldf3.S.obj (.text.__muldf3)
                  0000453c    000000e4     inv_mpu.o (.text.mpu_set_accel_fsr)
                  00004620    000000dc     driverlib.a : dl_sysctl_mspm0g1x0x_g3x0x.o (.text.DL_SYSCTL_configSYSPLL)
                  000046fc    000000d8     libc.a : s_scalbn.c.obj (.text.scalbn)
                  000047d4    000000d8     libclang_rt.builtins.a : addsf3.S.obj (.text)
                  000048ac    000000d4     inv_mpu.o (.text.set_int_enable)
                  00004980    000000d0     gyro.o (.text.GYRO_Proc)
                  00004a50    000000d0     inv_mpu.o (.text.mpu_set_lpf)
                  00004b20    000000cc     sensor.o (.text.xunji_Proc)
                  00004bec    000000c8     sensor.o (.text.Motor_Different_Position_PID)
                  00004cb4    000000c4     inv_mpu.o (.text.mpu_set_gyro_fsr)
                  00004d78    000000c4     mspm0_i2c.o (.text.mspm0_i2c_write)
                  00004e3c    000000bc     key.o (.text.Key_GetNum)
                  00004ef8    000000bc     inv_mpu.o (.text.mpu_configure_fifo)
                  00004fb4    000000b8     motor.o (.text.App_PWM_Set_L)
                  0000506c    000000b8     inv_mpu.o (.text.mpu_set_dmp_state)
                  00005124    000000b0     motor.o (.text.App_PWM_Set_R)
                  000051d4    000000ac     inv_mpu.o (.text.mpu_read_mem)
                  00005280    000000ac     inv_mpu.o (.text.mpu_write_mem)
                  0000532c    000000a2     libclang_rt.builtins.a : udivmoddi4.S.obj (.text)
                  000053ce    00000002                            : aeabi_div0.c.obj (.text.__aeabi_ldiv0)
                  000053d0    000000a0     ti_msp_dl_config.o (.text.SYSCFG_DL_initPower)
                  00005470    0000009c     gyro.o (.text.GYRO_Control)
                  0000550c    0000009c     inv_mpu.o (.text.mpu_set_int_latched)
                  000055a8    00000098     oled_hardware_i2c.o (.text.OLED_WR_Byte)
                  00005640    00000098     inv_mpu_dmp_motion_driver.o (.text.dmp_set_fifo_rate)
                  000056d8    00000096     mpu6050.o (.text.inv_row_2_scale)
                  0000576e    00000002     libc.a : _lock.c.obj (.text._nop)
                  00005770    0000008c     motor.o (.text.App_Motor_Proc)
                  000057fc    0000008c     ti_msp_dl_config.o (.text.SYSCFG_DL_PWM_0_init)
                  00005888    0000008c     libclang_rt.builtins.a : mulsf3.S.obj (.text.__mulsf3)
                  00005914    0000008c     inv_mpu_dmp_motion_driver.o (.text.decode_gesture)
                  000059a0    00000088     lpf.o (.text.LPF_Calc)
                  00005a28    00000084     clock.o (.text.__NVIC_SetPriority)
                  00005aac    00000084     ti_msp_dl_config.o (.text.__NVIC_SetPriority)
                  00005b30    00000082     libclang_rt.builtins.a : divsf3.S.obj (.text.__divsf3)
                  00005bb2    00000002     --HOLE-- [fill = 0]
                  00005bb4    0000007c     libc.a : copy_decompress_lzss.c.obj (.text:decompress:lzss)
                  00005c30    00000078     gyro.o (.text.GYRO_Adjust)
                  00005ca8    00000078     main.o (.text.TIMG8_IRQHandler)
                  00005d20    00000074     sensor.o (.text.Position_Adjust)
                  00005d94    00000074     libclang_rt.builtins.a : comparedf2.c.obj (.text.__gedf2)
                  00005e08    00000008     libc.a : aeabi_portable.c.obj (.text.__aeabi_errno_addr)
                  00005e10    00000074     libclang_rt.builtins.a : truncdfsf2.S.obj (.text.__truncdfsf2)
                  00005e84    00000074     inv_mpu.o (.text.mpu_get_accel_fsr)
                  00005ef8    00000070     oled_hardware_i2c.o (.text.OLED_ShowString)
                  00005f68    00000070     ti_msp_dl_config.o (.text.SYSCFG_DL_SYSCTL_init)
                  00005fd8    00000070     clock.o (.text.mspm0_get_clock_us_now)
                  00006048    0000006c     key.o (.text.key_work)
                  000060b4    0000006a     oled_hardware_i2c.o (.text.OLED_Clear)
                  0000611e    00000002     --HOLE-- [fill = 0]
                  00006120    00000068     libclang_rt.builtins.a : comparedf2.c.obj (.text.__ledf2)
                  00006188    00000066     libc.a : _printfi.c.obj (.text._mcpy)
                  000061ee    00000066     inv_mpu_dmp_motion_driver.o (.text.dmp_set_tap_axes)
                  00006254    00000064     oled_hardware_i2c.o (.text.oled_i2c_sda_unlock)
                  000062b8    00000062     libclang_rt.builtins.a : aeabi_dcmp.S.obj (.text.__aeabi_dcmp)
                  0000631a    00000002     --HOLE-- [fill = 0]
                  0000631c    00000062                            : aeabi_fcmp.S.obj (.text.__aeabi_fcmp)
                  0000637e    00000002     --HOLE-- [fill = 0]
                  00006380    00000060     inv_mpu_dmp_motion_driver.o (.text.dmp_enable_gyro_cal)
                  000063e0    00000060     mspm0_i2c.o (.text.mpu6050_i2c_sda_unlock)
                  00006440    00000060     inv_mpu.o (.text.mpu_get_gyro_fsr)
                  000064a0    0000005e     driverlib.a : dl_i2c.o (.text.DL_I2C_fillControllerTXFIFO)
                  000064fe    00000002     --HOLE-- [fill = 0]
                  00006500    0000005c     libc.a : s_frexp.c.obj (.text.frexp)
                  0000655c    0000005c     mspm0_i2c.o (.text.mspm0_i2c_enable)
                  000065b8    0000005c     oled_hardware_i2c.o (.text.mspm0_i2c_enable)
                  00006614    0000005c     libc.a : printf.c.obj (.text.printf)
                  00006670    00000058     motor.o (.text.App_Motor_Init)
                  000066c8    00000058     ti_msp_dl_config.o (.text.SYSCFG_DL_I2C_MPU6050_init)
                  00006720    00000058     ti_msp_dl_config.o (.text.SYSCFG_DL_I2C_OLED_init)
                  00006778    00000058     libc.a : _ltoa.c.obj (.text.__TI_ltoa)
                  000067d0    00000058            : _printfi.c.obj (.text._pconv_f)
                  00006828    00000056     libclang_rt.builtins.a : aeabi_idivmod.S.obj (.text.__aeabi_idivmod)
                  0000687e    00000002     --HOLE-- [fill = 0]
                  00006880    00000054     pid.o (.text.PID_Init_Simple)
                  000068d4    00000052     libc.a : _printfi.c.obj (.text._ecpy)
                  00006926    00000002     --HOLE-- [fill = 0]
                  00006928    00000050     mspm0_i2c.o (.text.DL_GPIO_initPeripheralInputFunctionFeatures)
                  00006978    00000050     oled_hardware_i2c.o (.text.DL_GPIO_initPeripheralInputFunctionFeatures)
                  000069c8    00000050     ti_msp_dl_config.o (.text.DL_GPIO_initPeripheralInputFunctionFeatures)
                  00006a18    00000050     mspm0_i2c.o (.text.DL_I2C_startControllerTransfer)
                  00006a68    00000050     oled_hardware_i2c.o (.text.DL_I2C_startControllerTransfer)
                  00006ab8    00000050     clock.o (.text.SysTick_Config)
                  00006b08    00000050     main.o (.text.speed)
                  00006b58    0000004c     mspm0_i2c.o (.text.DL_GPIO_initDigitalInputFeatures)
                  00006ba4    0000004c     oled_hardware_i2c.o (.text.DL_GPIO_initDigitalInputFeatures)
                  00006bf0    0000004c     ti_msp_dl_config.o (.text.DL_GPIO_initDigitalInputFeatures)
                  00006c3c    0000004c     ti_msp_dl_config.o (.text.DL_UART_setBaudRateDivisor)
                  00006c88    0000004a     libclang_rt.builtins.a : fixdfsi.S.obj (.text.__fixdfsi)
                  00006cd2    00000002     --HOLE-- [fill = 0]
                  00006cd4    00000048     driverlib.a : dl_uart.o (.text.DL_UART_init)
                  00006d1c    00000048     inv_mpu_dmp_motion_driver.o (.text.dmp_enable_6x_lp_quat)
                  00006d64    00000048     inv_mpu_dmp_motion_driver.o (.text.dmp_enable_lp_quat)
                  00006dac    00000048     oled_hardware_i2c.o (.text.mspm0_i2c_disable)
                  00006df4    00000044     driverlib.a : dl_sysctl_mspm0g1x0x_g3x0x.o (.text.DL_SYSCTL_switchMCLKfromSYSOSCtoHSCLK)
                  00006e38    00000044     inv_mpu_dmp_motion_driver.o (.text.dmp_set_shake_reject_thresh)
                  00006e7c    00000044     inv_mpu_dmp_motion_driver.o (.text.dmp_set_tap_count)
                  00006ec0    00000044     mspm0_i2c.o (.text.mspm0_i2c_disable)
                  00006f04    00000040     ti_msp_dl_config.o (.text.SYSCFG_DL_DCC101v1_2_init)
                  00006f44    00000040     ti_msp_dl_config.o (.text.SYSCFG_DL_UART_0_init)
                  00006f84    00000040     libclang_rt.builtins.a : aeabi_uidivmod.S.obj (.text.__aeabi_uidivmod)
                  00006fc4    00000040                            : extendsfdf2.S.obj (.text.__extendsfdf2)
                  00007004    00000040     libc.a : atoi.c.obj (.text.atoi)
                  00007044    0000003e     mpu6050.o (.text.inv_orientation_matrix_to_scalar)
                  00007082    00000002     --HOLE-- [fill = 0]
                  00007084    0000003c     driverlib.a : dl_i2c.o (.text.DL_I2C_flushControllerTXFIFO)
                  000070c0    0000003c     ti_msp_dl_config.o (.text.DL_Timer_setCounterControl)
                  000070fc    0000003c     oled_hardware_i2c.o (.text.OLED_Set_Pos)
                  00007138    0000003c     libclang_rt.builtins.a : floatsisf.S.obj (.text.__floatsisf)
                  00007174    0000003c                            : comparesf2.S.obj (.text.__gtsf2)
                  000071b0    0000003c     libc.a : autoinit.c.obj (.text:__TI_auto_init_nobinit_nopinit)
                  000071ec    0000003a     libclang_rt.builtins.a : comparesf2.S.obj (.text.__eqsf2)
                  00007226    00000002     --HOLE-- [fill = 0]
                  00007228    0000003a                            : muldsi3.S.obj (.text.__muldsi3)
                  00007262    00000002     --HOLE-- [fill = 0]
                  00007264    00000038                            : fixsfsi.S.obj (.text.__fixsfsi)
                  0000729c    00000038     libc.a : sprintf.c.obj (.text.sprintf)
                  000072d4    00000036     libclang_rt.builtins.a : floatundisf.S.obj (.text.__floatundisf)
                  0000730a    00000002     --HOLE-- [fill = 0]
                  0000730c    00000034     ti_msp_dl_config.o (.text.SYSCFG_DL_TIMER_xunji_pid_init)
                  00007340    00000034     ti_msp_dl_config.o (.text.SYSCFG_DL_init)
                  00007374    00000034     inv_mpu.o (.text.mpu_get_sample_rate)
                  000073a8    00000032     inv_mpu_dmp_motion_driver.o (.text.dmp_set_shake_reject_time)
                  000073da    00000032     inv_mpu_dmp_motion_driver.o (.text.dmp_set_shake_reject_timeout)
                  0000740c    00000032     sys.o (.text.fputs)
                  0000743e    00000002     --HOLE-- [fill = 0]
                  00007440    00000030     ti_msp_dl_config.o (.text.DL_GPIO_initDigitalOutputFeatures)
                  00007470    00000030     interrupt.o (.text.GROUP1_IRQHandler)
                  000074a0    00000030     libclang_rt.builtins.a : floatundidf.S.obj (.text.__floatundidf)
                  000074d0    00000030     libc.a : _printfi.c.obj (.text._fcpy)
                  00007500    00000030     inv_mpu_dmp_motion_driver.o (.text.dmp_set_tap_time)
                  00007530    00000030     inv_mpu_dmp_motion_driver.o (.text.dmp_set_tap_time_multi)
                  00007560    00000030     clock.o (.text.mspm0_delay_ms)
                  00007590    0000002c     encoder.o (.text.__NVIC_EnableIRQ)
                  000075bc    0000002c     interrupt.o (.text.__NVIC_EnableIRQ)
                  000075e8    0000002c     main.o (.text.__NVIC_EnableIRQ)
                  00007614    0000002c     libclang_rt.builtins.a : floatsidf.S.obj (.text.__floatsidf)
                  00007640    0000002c     sys.o (.text.__io_putchar)
                  0000766c    0000002c     clock.o (.text.mspm0_get_clock_ms)
                  00007698    00000028     mspm0_i2c.o (.text.DL_Common_updateReg)
                  000076c0    00000028     oled_hardware_i2c.o (.text.DL_Common_updateReg)
                  000076e8    00000028     ti_msp_dl_config.o (.text.DL_Common_updateReg)
                  00007710    00000028     ti_msp_dl_config.o (.text.DL_I2C_setControllerRXFIFOThreshold)
                  00007738    00000028     ti_msp_dl_config.o (.text.DL_I2C_setControllerTXFIFOThreshold)
                  00007760    00000028     libclang_rt.builtins.a : floatunsisf.S.obj (.text.__floatunsisf)
                  00007788    00000028     libc.a : boot_cortex_m.c.obj (.text:_c_int00_noargs)
                  000077b0    00000026     ti_msp_dl_config.o (.text.DL_I2C_setAnalogGlitchFilterPulseWidth)
                  000077d6    00000026     driverlib.a : dl_i2c.o (.text.DL_I2C_setClockConfig)
                  000077fc    00000024     libclang_rt.builtins.a : floatunsidf.S.obj (.text.__floatunsidf)
                  00007820    00000024                            : muldi3.S.obj (.text.__muldi3)
                  00007844    00000022     libc.a : memccpy.c.obj (.text.memccpy)
                  00007866    00000002     --HOLE-- [fill = 0]
                  00007868    00000020     ti_msp_dl_config.o (.text.DL_GPIO_initPeripheralInputFunction)
                  00007888    00000020     ti_msp_dl_config.o (.text.DL_SYSCTL_setFlashWaitState)
                  000078a8    00000020     encoder.o (.text.Encoder_Init)
                  000078c8    00000020     libc.a : memcmp.c.obj (.text.memcmp)
                  000078e8    0000001e     ti_msp_dl_config.o (.text.DL_UART_setOversampling)
                  00007906    00000002     --HOLE-- [fill = 0]
                  00007908    0000001e     libclang_rt.builtins.a : ashldi3.S.obj (.text.__ashldi3)
                  00007926    00000002     --HOLE-- [fill = 0]
                  00007928    0000001c     encoder.o (.text.DL_GPIO_clearInterruptStatus)
                  00007944    0000001c     ti_msp_dl_config.o (.text.DL_GPIO_clearInterruptStatus)
                  00007960    0000001c     mspm0_i2c.o (.text.DL_GPIO_enableHiZ)
                  0000797c    0000001c     oled_hardware_i2c.o (.text.DL_GPIO_enableHiZ)
                  00007998    0000001c     ti_msp_dl_config.o (.text.DL_GPIO_enableHiZ)
                  000079b4    0000001c     ti_msp_dl_config.o (.text.DL_GPIO_enableInterrupt)
                  000079d0    0000001c     ti_msp_dl_config.o (.text.DL_GPIO_initPeripheralOutputFunction)
                  000079ec    0000001c     ti_msp_dl_config.o (.text.DL_GPIO_setLowerPinsInputFilter)
                  00007a08    0000001c     ti_msp_dl_config.o (.text.DL_GPIO_setLowerPinsPolarity)
                  00007a24    0000001c     ti_msp_dl_config.o (.text.DL_GPIO_setUpperPinsInputFilter)
                  00007a40    0000001c     mpu6050.o (.text.DL_I2C_getSDAStatus)
                  00007a5c    0000001c     oled_hardware_i2c.o (.text.DL_I2C_getSDAStatus)
                  00007a78    0000001c     mspm0_i2c.o (.text.DL_I2C_isControllerRXFIFOEmpty)
                  00007a94    0000001c     interrupt.o (.text.DL_Interrupt_getPendingGroup)
                  00007ab0    0000001c     driverlib.a : dl_sysctl_mspm0g1x0x_g3x0x.o (.text.DL_SYSCTL_configFCC)
                  00007acc    0000001c     ti_msp_dl_config.o (.text.DL_SYSCTL_setFCCPeriods)
                  00007ae8    0000001c     ti_msp_dl_config.o (.text.DL_SYSCTL_setSYSOSCFreq)
                  00007b04    0000001c     ti_msp_dl_config.o (.text.DL_SYSCTL_setULPCLKDivider)
                  00007b20    0000001c     ti_msp_dl_config.o (.text.DL_Timer_enableInterrupt)
                  00007b3c    0000001c     driverlib.a : dl_timer.o (.text.DL_Timer_setCaptCompUpdateMethod)
                  00007b58    0000001c                 : dl_timer.o (.text.DL_Timer_setClockConfig)
                  00007b74    0000001c     interrupt.o (.text.Interrupt_Init)
                  00007b90    0000001c     inv_mpu_dmp_motion_driver.o (.text.dmp_load_motion_driver_firmware)
                  00007bac    00000018     motor.o (.text.App_Motor_SetOmega_L)
                  00007bc4    00000018     motor.o (.text.App_Motor_SetOmega_R)
                  00007bdc    00000018     mspm0_i2c.o (.text.DL_GPIO_enableOutput)
                  00007bf4    00000018     oled_hardware_i2c.o (.text.DL_GPIO_enableOutput)
                  00007c0c    00000018     ti_msp_dl_config.o (.text.DL_GPIO_enableOutput)
                  00007c24    00000018     ti_msp_dl_config.o (.text.DL_GPIO_enablePower)
                  00007c3c    00000018     encoder.o (.text.DL_GPIO_getEnabledInterruptStatus)
                  00007c54    00000018     mspm0_i2c.o (.text.DL_GPIO_initDigitalOutput)
                  00007c6c    00000018     oled_hardware_i2c.o (.text.DL_GPIO_initDigitalOutput)
                  00007c84    00000018     ti_msp_dl_config.o (.text.DL_GPIO_initDigitalOutput)
                  00007c9c    00000018     ti_msp_dl_config.o (.text.DL_GPIO_reset)
                  00007cb4    00000018     main.o (.text.DL_GPIO_setPins)
                  00007ccc    00000018     motor.o (.text.DL_GPIO_setPins)
                  00007ce4    00000018     mspm0_i2c.o (.text.DL_GPIO_setPins)
                  00007cfc    00000018     oled_hardware_i2c.o (.text.DL_GPIO_setPins)
                  00007d14    00000018     ti_msp_dl_config.o (.text.DL_GPIO_setUpperPinsPolarity)
                  00007d2c    00000018     mspm0_i2c.o (.text.DL_I2C_clearInterruptStatus)
                  00007d44    00000018     oled_hardware_i2c.o (.text.DL_I2C_clearInterruptStatus)
                  00007d5c    00000018     ti_msp_dl_config.o (.text.DL_I2C_enableAnalogGlitchFilter)
                  00007d74    00000018     ti_msp_dl_config.o (.text.DL_I2C_enableController)
                  00007d8c    00000018     ti_msp_dl_config.o (.text.DL_I2C_enableControllerClockStretching)
                  00007da4    00000018     mspm0_i2c.o (.text.DL_I2C_enablePower)
                  00007dbc    00000018     oled_hardware_i2c.o (.text.DL_I2C_enablePower)
                  00007dd4    00000018     ti_msp_dl_config.o (.text.DL_I2C_enablePower)
                  00007dec    00000018     mspm0_i2c.o (.text.DL_I2C_getRawInterruptStatus)
                  00007e04    00000018     oled_hardware_i2c.o (.text.DL_I2C_getRawInterruptStatus)
                  00007e1c    00000018     mspm0_i2c.o (.text.DL_I2C_reset)
                  00007e34    00000018     oled_hardware_i2c.o (.text.DL_I2C_reset)
                  00007e4c    00000018     ti_msp_dl_config.o (.text.DL_I2C_reset)
                  00007e64    00000018     ti_msp_dl_config.o (.text.DL_I2C_setTimerPeriod)
                  00007e7c    00000018     ti_msp_dl_config.o (.text.DL_SYSCTL_setBORThreshold)
                  00007e94    00000018     ti_msp_dl_config.o (.text.DL_Timer_enablePower)
                  00007eac    00000018     ti_msp_dl_config.o (.text.DL_Timer_reset)
                  00007ec4    00000018     driverlib.a : dl_timer.o (.text.DL_Timer_setCaptureCompareOutCtl)
                  00007edc    00000018     encoder.o (.text.DL_Timer_startCounter)
                  00007ef4    00000018     ti_msp_dl_config.o (.text.DL_UART_enablePower)
                  00007f0c    00000018     sys.o (.text.DL_UART_isBusy)
                  00007f24    00000018     ti_msp_dl_config.o (.text.DL_UART_reset)
                  00007f3c    00000018     pid.o (.text.PID_LimitConfig)
                  00007f54    00000018     pid.o (.text.PID_Reset)
                  00007f6c    00000018     clock.o (.text.SysTick_Init)
                  00007f84    00000018     libc.a : sprintf.c.obj (.text._outs)
                  00007f9c    00000016     encoder.o (.text.DL_GPIO_readPins)
                  00007fb2    00000016     key.o (.text.DL_GPIO_readPins)
                  00007fc8    00000016     mspm0_i2c.o (.text.DL_GPIO_readPins)
                  00007fde    00000016     oled_hardware_i2c.o (.text.DL_GPIO_readPins)
                  00007ff4    00000016     sensor.o (.text.DL_GPIO_readPins)
                  0000800a    00000016     mspm0_i2c.o (.text.DL_I2C_transmitControllerData)
                  00008020    00000016     ti_msp_dl_config.o (.text.DL_UART_enable)
                  00008036    00000016     sys.o (.text.DL_UART_transmitData)
                  0000804c    00000016     libc.a : copy_zero_init.c.obj (.text:decompress:ZI:__TI_zero_init_nomemset)
                  00008062    00000014     motor.o (.text.DL_GPIO_clearPins)
                  00008076    00000014     mspm0_i2c.o (.text.DL_GPIO_clearPins)
                  0000808a    00000014     oled_hardware_i2c.o (.text.DL_GPIO_clearPins)
                  0000809e    00000014     ti_msp_dl_config.o (.text.DL_GPIO_clearPins)
                  000080b2    00000002     --HOLE-- [fill = 0]
                  000080b4    00000014     mspm0_i2c.o (.text.DL_I2C_getControllerStatus)
                  000080c8    00000014     oled_hardware_i2c.o (.text.DL_I2C_getControllerStatus)
                  000080dc    00000014     mspm0_i2c.o (.text.DL_I2C_receiveControllerData)
                  000080f0    00000014     ti_msp_dl_config.o (.text.DL_I2C_resetControllerTransfer)
                  00008104    00000014     ti_msp_dl_config.o (.text.DL_SYSCTL_disableSYSPLL)
                  00008118    00000014     ti_msp_dl_config.o (.text.DL_SYSCTL_enableSYSPLL)
                  0000812c    00000014     ti_msp_dl_config.o (.text.DL_Timer_enableClock)
                  00008140    00000014     ti_msp_dl_config.o (.text.DL_Timer_setCCPDirection)
                  00008154    00000014     libclang_rt.builtins.a : aeabi_uldivmod.S.obj (.text.__aeabi_uldivmod)
                  00008168    00000014     inv_mpu_dmp_motion_driver.o (.text.dmp_register_android_orient_cb)
                  0000817c    00000014     inv_mpu_dmp_motion_driver.o (.text.dmp_register_tap_cb)
                  00008190    00000014     libc.a : _printfi.c.obj (.text.strchr)
                  000081a4    00000012     interrupt.o (.text.DL_GPIO_getPendingInterrupt)
                  000081b6    00000012     main.o (.text.DL_Timer_getPendingInterrupt)
                  000081c8    00000012     driverlib.a : dl_uart.o (.text.DL_UART_setClockConfig)
                  000081da    00000012     sys.o (.text.fputc)
                  000081ec    00000012     libc.a : memcpy16.S.obj (.text:TI_memcpy_small)
                  000081fe    00000012            : copy_decompress_none.c.obj (.text:decompress:none)
                  00008210    00000010     ti_msp_dl_config.o (.text.DL_SYSCTL_disableHFXT)
                  00008220    00000010     ti_msp_dl_config.o (.text.DL_SYSCTL_isFCCDone)
                  00008230    00000010     ti_msp_dl_config.o (.text.DL_SYSCTL_startFCC)
                  00008240    00000010     driverlib.a : dl_timer.o (.text.DL_Timer_setCaptureCompareValue)
                  00008250    00000010     motor.o (.text.Motor_Reset_L)
                  00008260    00000010     motor.o (.text.Motor_Reset_R)
                  00008270    00000010     pid.o (.text.PID_ChangeSP)
                  00008280    00000010     interrupt.o (.text.SysTick_Handler)
                  00008290    00000010     oled_hardware_i2c.o (.text.delay_ms)
                  000082a0    00000010     libc.a : wcslen.c.obj (.text.wcslen)
                  000082b0    0000000e     libclang_rt.builtins.a : aeabi_memset.S.obj (.text.__aeabi_memset)
                  000082be    0000000e     libc.a : _printfi.c.obj (.text.strlen)
                  000082cc    0000000e     mpu6050.o (.text.tap_cb)
                  000082da    0000000e     libc.a : memset16.S.obj (.text:TI_memset_small)
                  000082e8    0000000c     ti_msp_dl_config.o (.text.DL_SYSCTL_getClockStatus)
                  000082f4    0000000c     ti_msp_dl_config.o (.text.DL_SYSCTL_readFCC)
                  00008300    0000000a     driverlib.a : dl_common.o (.text.DL_Common_delayCycles)
                  0000830a    0000000a     libc.a : _printfi.c.obj (.text.OUTLINED_FUNCTION_0)
                  00008314    00000010     libclang_rt.builtins.a : adddf3.S.obj (.tramp.__aeabi_dsub.1)
                  00008324    0000000a     libc.a : e_asin.c.obj (.text.OUTLINED_FUNCTION_0)
                  0000832e    00000002     --HOLE-- [fill = 0]
                  00008330    00000010     libclang_rt.builtins.a : muldf3.S.obj (.tramp.__aeabi_dmul.1)
                  00008340    0000000a     libc.a : s_atan.c.obj (.text.OUTLINED_FUNCTION_0)
                  0000834a    0000000a            : _printfi.c.obj (.text.OUTLINED_FUNCTION_1)
                  00008354    0000000a            : e_asin.c.obj (.text.OUTLINED_FUNCTION_1)
                  0000835e    0000000a            : e_asin.c.obj (.text.OUTLINED_FUNCTION_3)
                  00008368    00000010     libclang_rt.builtins.a : divdf3.S.obj (.tramp.__aeabi_ddiv.1)
                  00008378    0000000a     libc.a : sprintf.c.obj (.text._outc)
                  00008382    0000000a     mpu6050.o (.text.android_orient_cb)
                  0000838c    00000008     libc.a : s_atan.c.obj (.text.OUTLINED_FUNCTION_2)
                  00008394    00000008     libclang_rt.builtins.a : aeabi_memcpy.S.obj (.text.__aeabi_memcpy)
                  0000839c    00000008     libc.a : printf.c.obj (.text._outc)
                  000083a4    00000008            : printf.c.obj (.text._outs)
                  000083ac    00000006            : s_atan.c.obj (.text.OUTLINED_FUNCTION_1)
                  000083b2    00000002     --HOLE-- [fill = 0]
                  000083b4    00000010     libclang_rt.builtins.a : adddf3.S.obj (.tramp.__aeabi_dadd.1)
                  000083c4    00000006     libc.a : e_asin.c.obj (.text.OUTLINED_FUNCTION_2)
                  000083ca    00000006            : exit.c.obj (.text:abort)
                  000083d0    00000004     startup_mspm0g350x_ticlang.o (.text.Default_Handler)
                  000083d4    00000004     libsysbm.a : hostexit.c.obj (.text.HOSTexit)
                  000083d8    00000004     libc.a : e_asin.c.obj (.text.OUTLINED_FUNCTION_4)
                  000083dc    00000004     startup_mspm0g350x_ticlang.o (.text.Reset_Handler)
                  000083e0    00000010     libc.a : boot_cortex_m.c.obj (.tramp._c_int00_noargs.1)
                  000083f0    00000004            : pre_init.c.obj (.text._system_pre_init)
                  000083f4    0000000c     --HOLE-- [fill = 0]

.cinit     0    00009a50    00000070     
                  00009a50    00000045     (.cinit..data.load) [load image, compression = lzss]
                  00009a95    00000003     --HOLE-- [fill = 0]
                  00009a98    0000000c     (__TI_handler_table)
                  00009aa4    00000008     (.cinit..bss.load) [load image, compression = zero_init]
                  00009aac    00000010     (__TI_cinit_table)
                  00009abc    00000004     --HOLE-- [fill = 0]

.rodata    0    00008400    00001650     
                  00008400    00000bf6     inv_mpu_dmp_motion_driver.o (.rodata.dmp_memory)
                  00008ff6    000005f0     oled_hardware_i2c.o (.rodata.asc2_1608)
                  000095e6    00000228     oled_hardware_i2c.o (.rodata.asc2_0806)
                  0000980e    00000002     ti_msp_dl_config.o (.rodata.gDCC101v1_2ClockConfig)
                  00009810    00000101     libc.a : aeabi_ctype.S.obj (.rodata:__aeabi_ctype_table_)
                  00009911    00000006     main.o (.rodata.str1.18227636981041470289.1)
                  00009917    00000001     --HOLE-- [fill = 0]
                  00009918    00000040     libc.a : s_atan.c.obj (.rodata.cst32)
                  00009958    00000028     ti_msp_dl_config.o (.rodata.gSYSPLLConfig)
                  00009980    00000028     inv_mpu.o (.rodata.test)
                  000099a8    0000001e     inv_mpu.o (.rodata.reg)
                  000099c6    00000002     ti_msp_dl_config.o (.rodata.gI2C_MPU6050ClockConfig)
                  000099c8    00000014     ti_msp_dl_config.o (.rodata.gTIMER_xunji_pidTimerConfig)
                  000099dc    00000011     libc.a : _printfi.c.obj (.rodata.str1.10348868589481759720.1)
                  000099ed    00000011            : _printfi.c.obj (.rodata.str1.15363888844622738466.1)
                  000099fe    0000000c     inv_mpu.o (.rodata.hw)
                  00009a0a    0000000a     ti_msp_dl_config.o (.rodata.gDCC101v1_2Config)
                  00009a14    0000000a     ti_msp_dl_config.o (.rodata.gUART_0Config)
                  00009a1e    0000000a     main.o (.rodata.str1.288608917962107522.1)
                  00009a28    00000008     ti_msp_dl_config.o (.rodata.gPWM_0Config)
                  00009a30    00000005     main.o (.rodata.str1.17100691992556644108.1)
                  00009a35    00000005     main.o (.rodata.str1.8154729771448623357.1)
                  00009a3a    00000004     main.o (.rodata.str1.15159059442110792349.1)
                  00009a3e    00000003     ti_msp_dl_config.o (.rodata.gPWM_0ClockConfig)
                  00009a41    00000003     ti_msp_dl_config.o (.rodata.gTIMER_xunji_pidClockConfig)
                  00009a44    00000003     main.o (.rodata.str1.12180500075719773345.1)
                  00009a47    00000003     main.o (.rodata.str1.2846389346932560359.1)
                  00009a4a    00000002     ti_msp_dl_config.o (.rodata.gI2C_OLEDClockConfig)
                  00009a4c    00000002     ti_msp_dl_config.o (.rodata.gUART_0ClockConfig)
                  00009a4e    00000002     --HOLE-- [fill = 0]

.init_array 
*          0    00000000    00000000     UNINITIALIZED

.binit     0    00000000    00000000     

.bss       0    20200000    00000233     UNINITIALIZED
                  20200000    000000bc     (.common:gPWM_0Backup)
                  202000bc    00000004     encoder.o (.bss.Encoder_L_Port)
                  202000c0    00000070     (.common:pid_motor_L)
                  20200130    00000070     (.common:pid_motor_R)
                  202001a0    00000020     (.common:oled_buffer)
                  202001c0    00000010     (.common:quat)
                  202001d0    00000006     (.common:accel)
                  202001d6    00000006     (.common:gyro)
                  202001dc    00000004     encoder.o (.bss.Encoder_R_Port)
                  202001e0    00000004     gyro.o (.bss.GYRO_Control.Bias)
                  202001e4    00000004     gyro.o (.bss.GYRO_Control.Last2_bias)
                  202001e8    00000004     gyro.o (.bss.GYRO_Control.Last_bias)
                  202001ec    00000004     gyro.o (.bss.GYRO_Control.Pwm)
                  202001f0    00000004     sensor.o (.bss.Motor_Different_Position_PID.Bias)
                  202001f4    00000004     sensor.o (.bss.Motor_Different_Position_PID.Integral_bias)
                  202001f8    00000004     sensor.o (.bss.Motor_Different_Position_PID.Last_Bias)
                  202001fc    00000004     sensor.o (.bss.Motor_Different_Position_PID.Pwm)
                  20200200    00000004     sensor.o (.bss.sensor_err)
                  20200204    00000004     clock.o (.bss.start_time)
                  20200208    00000004     main.o (.bss.target_omega)
                  2020020c    00000004     (.common:key)
                  20200210    00000004     (.common:omega_flag)
                  20200214    00000004     (.common:pitch)
                  20200218    00000004     (.common:roll)
                  2020021c    00000004     (.common:sensor_timestamp)
                  20200220    00000004     (.common:tick_ms)
                  20200224    00000004     (.common:yaw)
                  20200228    00000002     (.common:base_speed)
                  2020022a    00000002     (.common:sensors)
                  2020022c    00000001     main.o (.bss.Tick_angle_pid)
                  2020022d    00000001     main.o (.bss.Tick_gyro_pid)
                  2020022e    00000001     main.o (.bss.gyro_flag)
                  2020022f    00000001     main.o (.bss.pid_calc_flag)
                  20200230    00000001     main.o (.bss.trace_flag)
                  20200231    00000001     (.common:mode)
                  20200232    00000001     (.common:more)

.data      0    20200238    00000196     UNINITIALIZED
                  20200238    000000f0     libc.a : defs.c.obj (.data._ftable)
                  20200328    0000002c     inv_mpu.o (.data.st)
                  20200354    00000010     inv_mpu_dmp_motion_driver.o (.data.dmp)
                  20200364    0000000e     mpu6050.o (.data.hal)
                  20200372    00000009     mpu6050.o (.data.gyro_orientation)
                  2020037b    00000001     encoder.o (.data.direction_L)
                  2020037c    00000004     libc.a : aeabi_portable.c.obj (.data.__aeabi_errno)
                  20200380    00000008     encoder.o (.data.encoder_L)
                  20200388    00000008     encoder.o (.data.encoder_R)
                  20200390    00000008     encoder.o (.data.t0_L)
                  20200398    00000008     encoder.o (.data.t0_R)
                  202003a0    00000008     encoder.o (.data.t1_L)
                  202003a8    00000008     encoder.o (.data.t1_R)
                  202003b0    00000004     libc.a : _lock.c.obj (.data._lock)
                  202003b4    00000004            : _lock.c.obj (.data._unlock)
                  202003b8    00000004     main.o (.data.speed_L)
                  202003bc    00000004     main.o (.data.speed_R)
                  202003c0    00000002     sensor.o (.data.encoder_left_pid)
                  202003c2    00000002     sensor.o (.data.encoder_right_pid)
                  202003c4    00000002     gyro.o (.data.gyro_left_pid)
                  202003c6    00000002     gyro.o (.data.gyro_right_pid)
                  202003c8    00000002     sensor.o (.data.motor_different_pid)
                  202003ca    00000002     gyro.o (.data.motor_gyro_different_pid)
                  202003cc    00000001     encoder.o (.data.direction_R)
                  202003cd    00000001     interrupt.o (.data.enable_group1_irq)

.stack     0    20207e00    00000200     UNINITIALIZED
                  20207e00    00000004     libc.a : boot_cortex_m.c.obj (.stack)
                  20207e04    000001fc     --HOLE--

__llvm_prf_cnts 
*          0    20200000    00000000     UNINITIALIZED

__llvm_prf_bits 
*          0    20200000    00000000     UNINITIALIZED

MODULE SUMMARY

       Module                         code    ro data   rw data
       ------                         ----    -------   -------
    .\
       ti_msp_dl_config.o             3274    102       188    
       main.o                         870     36        53     
       startup_mspm0g350x_ticlang.o   8       192       0      
    +--+------------------------------+-------+---------+---------+
       Total:                         4152    330       241    
                                                               
    .\Drivers\MPU6050\
       inv_mpu_dmp_motion_driver.o    3110    3062      16     
       inv_mpu.o                      4600    82        44     
       mspm0_i2c.o                    1364    0         0      
       mpu6050.o                      1144    0         70     
    +--+------------------------------+-------+---------+---------+
       Total:                         10218   3144      130    
                                                               
    .\Drivers\MSPM0\
       encoder.o                      1234    0         58     
       motor.o                        712     0         224    
       sensor.o                       786     0         26     
       pid.o                          596     0         0      
       gyro.o                         484     0         22     
       clock.o                        440     0         8      
       key.o                          318     0         0      
       interrupt.o                    182     0         1      
       sys.o                          158     0         7      
       lpf.o                          136     0         0      
    +--+------------------------------+-------+---------+---------+
       Total:                         5046    0         346    
                                                               
    .\Drivers\OLED_Hardware_I2C\
       oled_hardware_i2c.o            1824    2072      0      
    +--+------------------------------+-------+---------+---------+
       Total:                         1824    2072      0      
                                                               
    C:/TI/mspm0_sdk_2_10_00_04/source/ti/driverlib/lib/ticlang/m0p/mspm0g1x0x_g3x0x/driverlib.a
       dl_timer.o                     608     0         0      
       dl_sysctl_mspm0g1x0x_g3x0x.o   316     0         0      
       dl_i2c.o                       192     0         0      
       dl_uart.o                      90      0         0      
       dl_common.o                    10      0         0      
    +--+------------------------------+-------+---------+---------+
       Total:                         1216    0         0      
                                                               
    D:\TI_m0\ccs\tools\compiler\ti-cgt-armllvm_4.0.4.LTS\lib\armv6m-ti-none-eabi/c/libc.a
       _printfi.c.obj                 4510    34        0      
       e_asin.c.obj                   908     0         0      
       s_atan.c.obj                   784     64        0      
       e_atan2.c.obj                  392     0         0      
       e_sqrt.c.obj                   368     0         0      
       aeabi_ctype.S.obj              0       257       0      
       defs.c.obj                     0       0         240    
       s_scalbn.c.obj                 216     0         0      
       copy_decompress_lzss.c.obj     124     0         0      
       printf.c.obj                   108     0         0      
       s_frexp.c.obj                  92      0         0      
       sprintf.c.obj                  90      0         0      
       _ltoa.c.obj                    88      0         0      
       atoi.c.obj                     64      0         0      
       autoinit.c.obj                 60      0         0      
       boot_cortex_m.c.obj            56      0         0      
       memccpy.c.obj                  34      0         0      
       memcmp.c.obj                   32      0         0      
       copy_zero_init.c.obj           22      0         0      
       copy_decompress_none.c.obj     18      0         0      
       memcpy16.S.obj                 18      0         0      
       wcslen.c.obj                   16      0         0      
       memset16.S.obj                 14      0         0      
       aeabi_portable.c.obj           8       0         4      
       _lock.c.obj                    2       0         8      
       exit.c.obj                     6       0         0      
       pre_init.c.obj                 4       0         0      
    +--+------------------------------+-------+---------+---------+
       Total:                         8034    355       252    
                                                               
    D:\TI_m0\ccs\tools\compiler\ti-cgt-armllvm_4.0.4.LTS\lib\armv6m-ti-none-eabi/c/libsysbm.a
       hostexit.c.obj                 4       0         0      
    +--+------------------------------+-------+---------+---------+
       Total:                         4       0         0      
                                                               
    D:\TI_m0\ccs\tools\compiler\ti-cgt-armllvm_4.0.4.LTS\lib\armv6m-ti-none-eabi/libclang_rt.builtins.a
       adddf3.S.obj                   434     0         0      
       divdf3.S.obj                   284     0         0      
       muldf3.S.obj                   244     0         0      
       comparedf2.c.obj               220     0         0      
       addsf3.S.obj                   216     0         0      
       udivmoddi4.S.obj               162     0         0      
       mulsf3.S.obj                   140     0         0      
       divsf3.S.obj                   130     0         0      
       comparesf2.S.obj               118     0         0      
       truncdfsf2.S.obj               116     0         0      
       aeabi_dcmp.S.obj               98      0         0      
       aeabi_fcmp.S.obj               98      0         0      
       aeabi_idivmod.S.obj            86      0         0      
       fixdfsi.S.obj                  74      0         0      
       aeabi_uidivmod.S.obj           64      0         0      
       extendsfdf2.S.obj              64      0         0      
       floatsisf.S.obj                60      0         0      
       muldsi3.S.obj                  58      0         0      
       fixsfsi.S.obj                  56      0         0      
       floatundisf.S.obj              54      0         0      
       floatundidf.S.obj              48      0         0      
       floatsidf.S.obj                44      0         0      
       floatunsisf.S.obj              40      0         0      
       floatunsidf.S.obj              36      0         0      
       muldi3.S.obj                   36      0         0      
       ashldi3.S.obj                  30      0         0      
       aeabi_uldivmod.S.obj           20      0         0      
       aeabi_memset.S.obj             14      0         0      
       aeabi_memcpy.S.obj             8       0         0      
       aeabi_div0.c.obj               4       0         0      
    +--+------------------------------+-------+---------+---------+
       Total:                         3056    0         0      
                                                               
       Stack:                         0       0         512    
       Linker Generated:              0       105       0      
    +--+------------------------------+-------+---------+---------+
       Grand Total:                   33550   6006      1481   


LINKER GENERATED COPY TABLES

__TI_cinit_table @ 00009aac records: 2, size/record: 8, table size: 16
	.data: load addr=00009a50, load size=00000045 bytes, run addr=20200238, run size=00000196 bytes, compression=lzss
	.bss: load addr=00009aa4, load size=00000008 bytes, run addr=20200000, run size=00000233 bytes, compression=zero_init


LINKER GENERATED HANDLER TABLE

__TI_handler_table @ 00009a98 records: 3, size/record: 4, table size: 12
	index: 0, handler: __TI_decompress_lzss
	index: 1, handler: __TI_decompress_none
	index: 2, handler: __TI_zero_init


FAR CALL TRAMPOLINES

callee name               trampoline name
   callee addr  tramp addr   call addr  call info
--------------  -----------  ---------  ----------------
__aeabi_dsub              $Tramp$TT$L$PI$$__aeabi_dsub
   000029c5     00008314     00008312   libc.a : _printfi.c.obj (.text.OUTLINED_FUNCTION_0)
__aeabi_dmul              $Tramp$TT$L$PI$$__aeabi_dmul
   00004459     00008330     0000832c   libc.a : e_asin.c.obj (.text.OUTLINED_FUNCTION_0)
                             00008348          : s_atan.c.obj (.text.OUTLINED_FUNCTION_0)
                             0000835c          : e_asin.c.obj (.text.OUTLINED_FUNCTION_1)
                             00008392          : s_atan.c.obj (.text.OUTLINED_FUNCTION_2)
                             000083c8          : e_asin.c.obj (.text.OUTLINED_FUNCTION_2)
__aeabi_ddiv              $Tramp$TT$L$PI$$__aeabi_ddiv
   00003c79     00008368     00008366   libc.a : e_asin.c.obj (.text.OUTLINED_FUNCTION_3)
__aeabi_dadd              $Tramp$TT$L$PI$$__aeabi_dadd
   000029cf     000083b4     000083b0   libc.a : s_atan.c.obj (.text.OUTLINED_FUNCTION_1)
                             000083da          : e_asin.c.obj (.text.OUTLINED_FUNCTION_4)
_c_int00_noargs           $Tramp$TT$L$PI$$_c_int00_noargs
   00007789     000083e0     000083dc   startup_mspm0g350x_ticlang.o (.text.Reset_Handler)

[5 trampolines]
[10 trampoline calls]


GLOBAL SYMBOLS: SORTED ALPHABETICALLY BY Name 

address   name                                 
-------   ----                                 
000083d1  ADC0_IRQHandler                      
000083d1  ADC1_IRQHandler                      
000083d1  AES_IRQHandler                       
00006671  App_Motor_Init                       
00005771  App_Motor_Proc                       
00007bad  App_Motor_SetOmega_L                 
00007bc5  App_Motor_SetOmega_R                 
00004fb5  App_PWM_Set_L                        
00005125  App_PWM_Set_R                        
000083d4  C$$EXIT                              
000083d1  CANFD0_IRQHandler                    
000083d1  DAC0_IRQHandler                      
00008301  DL_Common_delayCycles                
000064a1  DL_I2C_fillControllerTXFIFO          
00007085  DL_I2C_flushControllerTXFIFO         
000077d7  DL_I2C_setClockConfig                
00007ab1  DL_SYSCTL_configFCC                  
00004621  DL_SYSCTL_configSYSPLL               
00006df5  DL_SYSCTL_switchMCLKfromSYSOSCtoHSCLK
00003e8d  DL_Timer_initFourCCPWMMode           
00004091  DL_Timer_initTimerMode               
00007b3d  DL_Timer_setCaptCompUpdateMethod     
00007ec5  DL_Timer_setCaptureCompareOutCtl     
00008241  DL_Timer_setCaptureCompareValue      
00007b59  DL_Timer_setClockConfig              
00006cd5  DL_UART_init                         
000081c9  DL_UART_setClockConfig               
000083d1  DMA_IRQHandler                       
000083d1  Default_Handler                      
000078a9  Encoder_Init                         
0000229d  Encodering                           
000083d1  GROUP0_IRQHandler                    
00007471  GROUP1_IRQHandler                    
00005c31  GYRO_Adjust                          
00005471  GYRO_Control                         
00004981  GYRO_Proc                            
00003819  GetSpeed_L                           
00003935  GetSpeed_R                           
0000418d  Get_error                            
000083d5  HOSTexit                             
000083d1  HardFault_Handler                    
000083d1  I2C0_IRQHandler                      
000083d1  I2C1_IRQHandler                      
00007b75  Interrupt_Init                       
00004e3d  Key_GetNum                           
000059a1  LPF_Calc                             
00002fc9  MPU6050_Init                         
00004bed  Motor_Different_Position_PID         
00008251  Motor_Reset_L                        
00008261  Motor_Reset_R                        
000083d1  NMI_Handler                          
000060b5  OLED_Clear                           
00003b69  OLED_Init                            
000070fd  OLED_Set_Pos                         
00003a51  OLED_ShowChar                        
00005ef9  OLED_ShowString                      
000055a9  OLED_WR_Byte                         
00008271  PID_ChangeSP                         
00002665  PID_Compute1                         
00006881  PID_Init_Simple                      
00007f3d  PID_LimitConfig                      
00007f55  PID_Reset                            
000083d1  PendSV_Handler                       
00005d21  Position_Adjust                      
000083d1  RTC_IRQHandler                       
00001a31  Read_Quad                            
000083dd  Reset_Handler                        
000083d1  SPI0_IRQHandler                      
000083d1  SPI1_IRQHandler                      
000083d1  SVC_Handler                          
00006f05  SYSCFG_DL_DCC101v1_2_init            
00001365  SYSCFG_DL_GPIO_init                  
000066c9  SYSCFG_DL_I2C_MPU6050_init           
00006721  SYSCFG_DL_I2C_OLED_init              
000057fd  SYSCFG_DL_PWM_0_init                 
00004281  SYSCFG_DL_SYSCTL_SYSPLL_init         
00005f69  SYSCFG_DL_SYSCTL_init                
0000730d  SYSCFG_DL_TIMER_xunji_pid_init       
00006f45  SYSCFG_DL_UART_0_init                
00007341  SYSCFG_DL_init                       
000053d1  SYSCFG_DL_initPower                  
00008281  SysTick_Handler                      
00007f6d  SysTick_Init                         
000083d1  TIMA0_IRQHandler                     
000083d1  TIMA1_IRQHandler                     
000083d1  TIMG0_IRQHandler                     
000083d1  TIMG12_IRQHandler                    
000083d1  TIMG6_IRQHandler                     
000083d1  TIMG7_IRQHandler                     
00005ca9  TIMG8_IRQHandler                     
000081ed  TI_memcpy_small                      
000082db  TI_memset_small                      
000083d1  UART0_IRQHandler                     
000083d1  UART1_IRQHandler                     
000083d1  UART2_IRQHandler                     
000083d1  UART3_IRQHandler                     
20208000  __STACK_END                          
00000200  __STACK_SIZE                         
00000000  __TI_ATRegion0_region_sz             
00000000  __TI_ATRegion0_src_addr              
00000000  __TI_ATRegion0_trg_addr              
00000000  __TI_ATRegion1_region_sz             
00000000  __TI_ATRegion1_src_addr              
00000000  __TI_ATRegion1_trg_addr              
00000000  __TI_ATRegion2_region_sz             
00000000  __TI_ATRegion2_src_addr              
00000000  __TI_ATRegion2_trg_addr              
00009aac  __TI_CINIT_Base                      
00009abc  __TI_CINIT_Limit                     
00009abc  __TI_CINIT_Warm                      
00009a98  __TI_Handler_Table_Base              
00009aa4  __TI_Handler_Table_Limit             
000071b1  __TI_auto_init_nobinit_nopinit       
00005bb5  __TI_decompress_lzss                 
000081ff  __TI_decompress_none                 
00006779  __TI_ltoa                            
ffffffff  __TI_pprof_out_hndl                  
000000c1  __TI_printfi                         
ffffffff  __TI_prof_data_size                  
ffffffff  __TI_prof_data_start                 
00000000  __TI_static_base__                   
0000804d  __TI_zero_init_nomemset              
000029cf  __adddf3                             
000047df  __addsf3                             
00009810  __aeabi_ctype_table_                 
00009810  __aeabi_ctype_table_C                
00005e11  __aeabi_d2f                          
00006c89  __aeabi_d2iz                         
000029cf  __aeabi_dadd                         
000062b9  __aeabi_dcmpeq                       
000062f5  __aeabi_dcmpge                       
00006309  __aeabi_dcmpgt                       
000062e1  __aeabi_dcmple                       
000062cd  __aeabi_dcmplt                       
00003c79  __aeabi_ddiv                         
00004459  __aeabi_dmul                         
000029c5  __aeabi_dsub                         
2020037c  __aeabi_errno                        
00005e09  __aeabi_errno_addr                   
00006fc5  __aeabi_f2d                          
00007265  __aeabi_f2iz                         
000047df  __aeabi_fadd                         
0000631d  __aeabi_fcmpeq                       
00006359  __aeabi_fcmpge                       
0000636d  __aeabi_fcmpgt                       
00006345  __aeabi_fcmple                       
00006331  __aeabi_fcmplt                       
00005b31  __aeabi_fdiv                         
00005889  __aeabi_fmul                         
000047d5  __aeabi_fsub                         
00007615  __aeabi_i2d                          
00007139  __aeabi_i2f                          
00006829  __aeabi_idiv                         
00002b57  __aeabi_idiv0                        
00006829  __aeabi_idivmod                      
000053cf  __aeabi_ldiv0                        
00007909  __aeabi_llsl                         
00007821  __aeabi_lmul                         
00008395  __aeabi_memcpy                       
00008395  __aeabi_memcpy4                      
00008395  __aeabi_memcpy8                      
000082b1  __aeabi_memset                       
000082b1  __aeabi_memset4                      
000082b1  __aeabi_memset8                      
000077fd  __aeabi_ui2d                         
00007761  __aeabi_ui2f                         
00006f85  __aeabi_uidiv                        
00006f85  __aeabi_uidivmod                     
000074a1  __aeabi_ul2d                         
000072d5  __aeabi_ul2f                         
00008155  __aeabi_uldivmod                     
00007909  __ashldi3                            
ffffffff  __binit__                            
00006121  __cmpdf2                             
000071ed  __cmpsf2                             
00003c79  __divdf3                             
00005b31  __divsf3                             
00006121  __eqdf2                              
000071ed  __eqsf2                              
00006fc5  __extendsfdf2                        
00006c89  __fixdfsi                            
00007265  __fixsfsi                            
00007615  __floatsidf                          
00007139  __floatsisf                          
000074a1  __floatundidf                        
000072d5  __floatundisf                        
000077fd  __floatunsidf                        
00007761  __floatunsisf                        
00005d95  __gedf2                              
00007175  __gesf2                              
00005d95  __gtdf2                              
00007175  __gtsf2                              
00007641  __io_putchar                         
00006121  __ledf2                              
000071ed  __lesf2                              
00006121  __ltdf2                              
000071ed  __ltsf2                              
UNDEFED   __mpu_init                           
00004459  __muldf3                             
00007821  __muldi3                             
00007229  __muldsi3                            
00005889  __mulsf3                             
00006121  __nedf2                              
000071ed  __nesf2                              
20207e00  __stack                              
20200000  __start___llvm_prf_bits              
20200000  __start___llvm_prf_cnts              
20200000  __stop___llvm_prf_bits               
20200000  __stop___llvm_prf_cnts               
000029c5  __subdf3                             
000047d5  __subsf3                             
00005e11  __truncdfsf2                         
0000532d  __udivmoddi4                         
00007789  _c_int00_noargs                      
20200238  _ftable                              
202003b0  _lock                                
0000576f  _nop                                 
UNDEFED   _system_post_cinit                   
000083f1  _system_pre_init                     
202003b4  _unlock                              
000083cb  abort                                
202001d0  accel                                
000095e6  asc2_0806                            
00008ff6  asc2_1608                            
00000a91  asin                                 
00000a91  asinl                                
00000df5  atan                                 
00002b59  atan2                                
00002b59  atan2l                               
00000df5  atanl                                
00007005  atoi                                 
20200228  base_speed                           
ffffffff  binit                                
00008291  delay_ms                             
00006d1d  dmp_enable_6x_lp_quat                
000010ed  dmp_enable_feature                   
00006381  dmp_enable_gyro_cal                  
00006d65  dmp_enable_lp_quat                   
00007b91  dmp_load_motion_driver_firmware      
000020a9  dmp_read_fifo                        
00008169  dmp_register_android_orient_cb       
0000817d  dmp_register_tap_cb                  
00005641  dmp_set_fifo_rate                    
00002ce1  dmp_set_orientation                  
00006e39  dmp_set_shake_reject_thresh          
000073a9  dmp_set_shake_reject_time            
000073db  dmp_set_shake_reject_timeout         
000061ef  dmp_set_tap_axes                     
00006e7d  dmp_set_tap_count                    
000017f9  dmp_set_tap_thresh                   
00007501  dmp_set_tap_time                     
00007531  dmp_set_tap_time_multi               
202003cd  enable_group1_irq                    
000081db  fputc                                
0000740d  fputs                                
00006501  frexp                                
00006501  frexpl                               
20200000  gPWM_0Backup                         
202001d6  gyro                                 
000099fe  hw                                   
00000000  interruptVectors                     
2020020c  key                                  
00006049  key_work                             
000046fd  ldexp                                
000046fd  ldexpl                               
000015b1  main                                 
00007845  memccpy                              
000078c9  memcmp                               
20200231  mode                                 
20200232  more                                 
000063e1  mpu6050_i2c_sda_unlock               
00004ef9  mpu_configure_fifo                   
00005e85  mpu_get_accel_fsr                    
00006441  mpu_get_gyro_fsr                     
00007375  mpu_get_sample_rate                  
000034ad  mpu_init                             
000035d5  mpu_load_firmware                    
00003f91  mpu_lp_accel_mode                    
00003d85  mpu_read_fifo_stream                 
000051d5  mpu_read_mem                         
00001c5d  mpu_reset_fifo                       
0000453d  mpu_set_accel_fsr                    
00002825  mpu_set_bypass                       
0000506d  mpu_set_dmp_state                    
00004cb5  mpu_set_gyro_fsr                     
0000550d  mpu_set_int_latched                  
00004a51  mpu_set_lpf                          
0000436d  mpu_set_sample_rate                  
0000337d  mpu_set_sensors                      
00005281  mpu_write_mem                        
00007561  mspm0_delay_ms                       
0000766d  mspm0_get_clock_ms                   
00005fd9  mspm0_get_clock_us_now               
00003249  mspm0_i2c_read                       
00004d79  mspm0_i2c_write                      
202001a0  oled_buffer                          
00006255  oled_i2c_sda_unlock                  
20200210  omega_flag                           
202000c0  pid_motor_L                          
20200130  pid_motor_R                          
20200214  pitch                                
00006615  printf                               
202001c0  quat                                 
000099a8  reg                                  
20200218  roll                                 
000046fd  scalbn                               
000046fd  scalbnl                              
2020021c  sensor_timestamp                     
2020022a  sensors                              
00006b09  speed                                
0000729d  sprintf                              
00002e59  sqrt                                 
00002e59  sqrtl                                
00009980  test                                 
20200220  tick_ms                              
000082a1  wcslen                               
00004b21  xunji_Proc                           
20200224  yaw                                  


GLOBAL SYMBOLS: SORTED BY Symbol Address 

address   name                                 
-------   ----                                 
00000000  __TI_ATRegion0_region_sz             
00000000  __TI_ATRegion0_src_addr              
00000000  __TI_ATRegion0_trg_addr              
00000000  __TI_ATRegion1_region_sz             
00000000  __TI_ATRegion1_src_addr              
00000000  __TI_ATRegion1_trg_addr              
00000000  __TI_ATRegion2_region_sz             
00000000  __TI_ATRegion2_src_addr              
00000000  __TI_ATRegion2_trg_addr              
00000000  __TI_static_base__                   
00000000  interruptVectors                     
000000c1  __TI_printfi                         
00000200  __STACK_SIZE                         
00000a91  asin                                 
00000a91  asinl                                
00000df5  atan                                 
00000df5  atanl                                
000010ed  dmp_enable_feature                   
00001365  SYSCFG_DL_GPIO_init                  
000015b1  main                                 
000017f9  dmp_set_tap_thresh                   
00001a31  Read_Quad                            
00001c5d  mpu_reset_fifo                       
000020a9  dmp_read_fifo                        
0000229d  Encodering                           
00002665  PID_Compute1                         
00002825  mpu_set_bypass                       
000029c5  __aeabi_dsub                         
000029c5  __subdf3                             
000029cf  __adddf3                             
000029cf  __aeabi_dadd                         
00002b57  __aeabi_idiv0                        
00002b59  atan2                                
00002b59  atan2l                               
00002ce1  dmp_set_orientation                  
00002e59  sqrt                                 
00002e59  sqrtl                                
00002fc9  MPU6050_Init                         
00003249  mspm0_i2c_read                       
0000337d  mpu_set_sensors                      
000034ad  mpu_init                             
000035d5  mpu_load_firmware                    
00003819  GetSpeed_L                           
00003935  GetSpeed_R                           
00003a51  OLED_ShowChar                        
00003b69  OLED_Init                            
00003c79  __aeabi_ddiv                         
00003c79  __divdf3                             
00003d85  mpu_read_fifo_stream                 
00003e8d  DL_Timer_initFourCCPWMMode           
00003f91  mpu_lp_accel_mode                    
00004091  DL_Timer_initTimerMode               
0000418d  Get_error                            
00004281  SYSCFG_DL_SYSCTL_SYSPLL_init         
0000436d  mpu_set_sample_rate                  
00004459  __aeabi_dmul                         
00004459  __muldf3                             
0000453d  mpu_set_accel_fsr                    
00004621  DL_SYSCTL_configSYSPLL               
000046fd  ldexp                                
000046fd  ldexpl                               
000046fd  scalbn                               
000046fd  scalbnl                              
000047d5  __aeabi_fsub                         
000047d5  __subsf3                             
000047df  __addsf3                             
000047df  __aeabi_fadd                         
00004981  GYRO_Proc                            
00004a51  mpu_set_lpf                          
00004b21  xunji_Proc                           
00004bed  Motor_Different_Position_PID         
00004cb5  mpu_set_gyro_fsr                     
00004d79  mspm0_i2c_write                      
00004e3d  Key_GetNum                           
00004ef9  mpu_configure_fifo                   
00004fb5  App_PWM_Set_L                        
0000506d  mpu_set_dmp_state                    
00005125  App_PWM_Set_R                        
000051d5  mpu_read_mem                         
00005281  mpu_write_mem                        
0000532d  __udivmoddi4                         
000053cf  __aeabi_ldiv0                        
000053d1  SYSCFG_DL_initPower                  
00005471  GYRO_Control                         
0000550d  mpu_set_int_latched                  
000055a9  OLED_WR_Byte                         
00005641  dmp_set_fifo_rate                    
0000576f  _nop                                 
00005771  App_Motor_Proc                       
000057fd  SYSCFG_DL_PWM_0_init                 
00005889  __aeabi_fmul                         
00005889  __mulsf3                             
000059a1  LPF_Calc                             
00005b31  __aeabi_fdiv                         
00005b31  __divsf3                             
00005bb5  __TI_decompress_lzss                 
00005c31  GYRO_Adjust                          
00005ca9  TIMG8_IRQHandler                     
00005d21  Position_Adjust                      
00005d95  __gedf2                              
00005d95  __gtdf2                              
00005e09  __aeabi_errno_addr                   
00005e11  __aeabi_d2f                          
00005e11  __truncdfsf2                         
00005e85  mpu_get_accel_fsr                    
00005ef9  OLED_ShowString                      
00005f69  SYSCFG_DL_SYSCTL_init                
00005fd9  mspm0_get_clock_us_now               
00006049  key_work                             
000060b5  OLED_Clear                           
00006121  __cmpdf2                             
00006121  __eqdf2                              
00006121  __ledf2                              
00006121  __ltdf2                              
00006121  __nedf2                              
000061ef  dmp_set_tap_axes                     
00006255  oled_i2c_sda_unlock                  
000062b9  __aeabi_dcmpeq                       
000062cd  __aeabi_dcmplt                       
000062e1  __aeabi_dcmple                       
000062f5  __aeabi_dcmpge                       
00006309  __aeabi_dcmpgt                       
0000631d  __aeabi_fcmpeq                       
00006331  __aeabi_fcmplt                       
00006345  __aeabi_fcmple                       
00006359  __aeabi_fcmpge                       
0000636d  __aeabi_fcmpgt                       
00006381  dmp_enable_gyro_cal                  
000063e1  mpu6050_i2c_sda_unlock               
00006441  mpu_get_gyro_fsr                     
000064a1  DL_I2C_fillControllerTXFIFO          
00006501  frexp                                
00006501  frexpl                               
00006615  printf                               
00006671  App_Motor_Init                       
000066c9  SYSCFG_DL_I2C_MPU6050_init           
00006721  SYSCFG_DL_I2C_OLED_init              
00006779  __TI_ltoa                            
00006829  __aeabi_idiv                         
00006829  __aeabi_idivmod                      
00006881  PID_Init_Simple                      
00006b09  speed                                
00006c89  __aeabi_d2iz                         
00006c89  __fixdfsi                            
00006cd5  DL_UART_init                         
00006d1d  dmp_enable_6x_lp_quat                
00006d65  dmp_enable_lp_quat                   
00006df5  DL_SYSCTL_switchMCLKfromSYSOSCtoHSCLK
00006e39  dmp_set_shake_reject_thresh          
00006e7d  dmp_set_tap_count                    
00006f05  SYSCFG_DL_DCC101v1_2_init            
00006f45  SYSCFG_DL_UART_0_init                
00006f85  __aeabi_uidiv                        
00006f85  __aeabi_uidivmod                     
00006fc5  __aeabi_f2d                          
00006fc5  __extendsfdf2                        
00007005  atoi                                 
00007085  DL_I2C_flushControllerTXFIFO         
000070fd  OLED_Set_Pos                         
00007139  __aeabi_i2f                          
00007139  __floatsisf                          
00007175  __gesf2                              
00007175  __gtsf2                              
000071b1  __TI_auto_init_nobinit_nopinit       
000071ed  __cmpsf2                             
000071ed  __eqsf2                              
000071ed  __lesf2                              
000071ed  __ltsf2                              
000071ed  __nesf2                              
00007229  __muldsi3                            
00007265  __aeabi_f2iz                         
00007265  __fixsfsi                            
0000729d  sprintf                              
000072d5  __aeabi_ul2f                         
000072d5  __floatundisf                        
0000730d  SYSCFG_DL_TIMER_xunji_pid_init       
00007341  SYSCFG_DL_init                       
00007375  mpu_get_sample_rate                  
000073a9  dmp_set_shake_reject_time            
000073db  dmp_set_shake_reject_timeout         
0000740d  fputs                                
00007471  GROUP1_IRQHandler                    
000074a1  __aeabi_ul2d                         
000074a1  __floatundidf                        
00007501  dmp_set_tap_time                     
00007531  dmp_set_tap_time_multi               
00007561  mspm0_delay_ms                       
00007615  __aeabi_i2d                          
00007615  __floatsidf                          
00007641  __io_putchar                         
0000766d  mspm0_get_clock_ms                   
00007761  __aeabi_ui2f                         
00007761  __floatunsisf                        
00007789  _c_int00_noargs                      
000077d7  DL_I2C_setClockConfig                
000077fd  __aeabi_ui2d                         
000077fd  __floatunsidf                        
00007821  __aeabi_lmul                         
00007821  __muldi3                             
00007845  memccpy                              
000078a9  Encoder_Init                         
000078c9  memcmp                               
00007909  __aeabi_llsl                         
00007909  __ashldi3                            
00007ab1  DL_SYSCTL_configFCC                  
00007b3d  DL_Timer_setCaptCompUpdateMethod     
00007b59  DL_Timer_setClockConfig              
00007b75  Interrupt_Init                       
00007b91  dmp_load_motion_driver_firmware      
00007bad  App_Motor_SetOmega_L                 
00007bc5  App_Motor_SetOmega_R                 
00007ec5  DL_Timer_setCaptureCompareOutCtl     
00007f3d  PID_LimitConfig                      
00007f55  PID_Reset                            
00007f6d  SysTick_Init                         
0000804d  __TI_zero_init_nomemset              
00008155  __aeabi_uldivmod                     
00008169  dmp_register_android_orient_cb       
0000817d  dmp_register_tap_cb                  
000081c9  DL_UART_setClockConfig               
000081db  fputc                                
000081ed  TI_memcpy_small                      
000081ff  __TI_decompress_none                 
00008241  DL_Timer_setCaptureCompareValue      
00008251  Motor_Reset_L                        
00008261  Motor_Reset_R                        
00008271  PID_ChangeSP                         
00008281  SysTick_Handler                      
00008291  delay_ms                             
000082a1  wcslen                               
000082b1  __aeabi_memset                       
000082b1  __aeabi_memset4                      
000082b1  __aeabi_memset8                      
000082db  TI_memset_small                      
00008301  DL_Common_delayCycles                
00008395  __aeabi_memcpy                       
00008395  __aeabi_memcpy4                      
00008395  __aeabi_memcpy8                      
000083cb  abort                                
000083d1  ADC0_IRQHandler                      
000083d1  ADC1_IRQHandler                      
000083d1  AES_IRQHandler                       
000083d1  CANFD0_IRQHandler                    
000083d1  DAC0_IRQHandler                      
000083d1  DMA_IRQHandler                       
000083d1  Default_Handler                      
000083d1  GROUP0_IRQHandler                    
000083d1  HardFault_Handler                    
000083d1  I2C0_IRQHandler                      
000083d1  I2C1_IRQHandler                      
000083d1  NMI_Handler                          
000083d1  PendSV_Handler                       
000083d1  RTC_IRQHandler                       
000083d1  SPI0_IRQHandler                      
000083d1  SPI1_IRQHandler                      
000083d1  SVC_Handler                          
000083d1  TIMA0_IRQHandler                     
000083d1  TIMA1_IRQHandler                     
000083d1  TIMG0_IRQHandler                     
000083d1  TIMG12_IRQHandler                    
000083d1  TIMG6_IRQHandler                     
000083d1  TIMG7_IRQHandler                     
000083d1  UART0_IRQHandler                     
000083d1  UART1_IRQHandler                     
000083d1  UART2_IRQHandler                     
000083d1  UART3_IRQHandler                     
000083d4  C$$EXIT                              
000083d5  HOSTexit                             
000083dd  Reset_Handler                        
000083f1  _system_pre_init                     
00008ff6  asc2_1608                            
000095e6  asc2_0806                            
00009810  __aeabi_ctype_table_                 
00009810  __aeabi_ctype_table_C                
00009980  test                                 
000099a8  reg                                  
000099fe  hw                                   
00009a98  __TI_Handler_Table_Base              
00009aa4  __TI_Handler_Table_Limit             
00009aac  __TI_CINIT_Base                      
00009abc  __TI_CINIT_Limit                     
00009abc  __TI_CINIT_Warm                      
20200000  __start___llvm_prf_bits              
20200000  __start___llvm_prf_cnts              
20200000  __stop___llvm_prf_bits               
20200000  __stop___llvm_prf_cnts               
20200000  gPWM_0Backup                         
202000c0  pid_motor_L                          
20200130  pid_motor_R                          
202001a0  oled_buffer                          
202001c0  quat                                 
202001d0  accel                                
202001d6  gyro                                 
2020020c  key                                  
20200210  omega_flag                           
20200214  pitch                                
20200218  roll                                 
2020021c  sensor_timestamp                     
20200220  tick_ms                              
20200224  yaw                                  
20200228  base_speed                           
2020022a  sensors                              
20200231  mode                                 
20200232  more                                 
20200238  _ftable                              
2020037c  __aeabi_errno                        
202003b0  _lock                                
202003b4  _unlock                              
202003cd  enable_group1_irq                    
20207e00  __stack                              
20208000  __STACK_END                          
ffffffff  __TI_pprof_out_hndl                  
ffffffff  __TI_prof_data_size                  
ffffffff  __TI_prof_data_start                 
ffffffff  __binit__                            
ffffffff  binit                                
UNDEFED   __mpu_init                           
UNDEFED   _system_post_cinit                   

[318 symbols]
