<?xml version="1.0" encoding="ISO-8859-1" ?>
<link_info>
   <banner>TI ARM Clang Linker PC v4.0.4.LTS</banner>
   <copyright>Copyright (c) 1996-2018 Texas Instruments Incorporated</copyright>
   <command_line>D:\TI_m0\ccs\tools\compiler\ti-cgt-armllvm_4.0.4.LTS\bin\tiarmlnk -ID:\TI_m0\ccs\tools\compiler\ti-cgt-armllvm_4.0.4.LTS\lib -o xunji_demo.out -mxunji_demo.map -iC:/TI/mspm0_sdk_2_10_00_04/source -iC:/Users/ywt/workspace_ccstheia/xunji_demo -iC:/Users/ywt/workspace_ccstheia/xunji_demo/Debug/syscfg -iD:/TI_m0/ccs/tools/compiler/ti-cgt-armllvm_4.0.4.LTS/lib --diag_wrap=off --display_error_number --warn_sections --xml_link_info=xunji_demo_linkInfo.xml --rom_model ./main.o ./ti_msp_dl_config.o ./startup_mspm0g350x_ticlang.o ./Drivers/MPU6050/inv_mpu.o ./Drivers/MPU6050/inv_mpu_dmp_motion_driver.o ./Drivers/MPU6050/mpu6050.o ./Drivers/MPU6050/mspm0_i2c.o ./Drivers/MSPM0/clock.o ./Drivers/MSPM0/control.o ./Drivers/MSPM0/encoder.o ./Drivers/MSPM0/gyro.o ./Drivers/MSPM0/interrupt.o ./Drivers/MSPM0/key.o ./Drivers/MSPM0/lpf.o ./Drivers/MSPM0/motor.o ./Drivers/MSPM0/pid.o ./Drivers/MSPM0/sensor.o ./Drivers/MSPM0/sys.o ./Drivers/OLED_Hardware_I2C/oled_hardware_i2c.o -l./device_linker.cmd -ldevice.cmd.genlibs -llibc.a -lC:/TI/mspm0_sdk_2_10_00_04/source/ti/driverlib/lib/ticlang/m0p/mspm0g1x0x_g3x0x/driverlib.a --start-group -llibc++.a -llibc++abi.a -llibc.a -llibsys.a -llibsysbm.a -llibclang_rt.builtins.a -llibclang_rt.profile.a --end-group</command_line>
   <link_time>0x6a46716e</link_time>
   <link_errors>0x0</link_errors>
   <output_file>C:\Users\ywt\workspace_ccstheia\xunji_demo\Debug\xunji_demo.out</output_file>
   <entry_point>
      <name>_c_int00_noargs</name>
      <address>0x5c7d</address>
   </entry_point>
   <input_file_list>
      <input_file id="fl-1">
         <path>C:\Users\ywt\workspace_ccstheia\xunji_demo\Debug\.\</path>
         <kind>object</kind>
         <file>main.o</file>
         <name>main.o</name>
      </input_file>
      <input_file id="fl-2">
         <path>C:\Users\ywt\workspace_ccstheia\xunji_demo\Debug\.\</path>
         <kind>object</kind>
         <file>ti_msp_dl_config.o</file>
         <name>ti_msp_dl_config.o</name>
      </input_file>
      <input_file id="fl-3">
         <path>C:\Users\ywt\workspace_ccstheia\xunji_demo\Debug\.\</path>
         <kind>object</kind>
         <file>startup_mspm0g350x_ticlang.o</file>
         <name>startup_mspm0g350x_ticlang.o</name>
      </input_file>
      <input_file id="fl-4">
         <path>C:\Users\ywt\workspace_ccstheia\xunji_demo\Debug\.\Drivers\MPU6050\</path>
         <kind>object</kind>
         <file>inv_mpu.o</file>
         <name>inv_mpu.o</name>
      </input_file>
      <input_file id="fl-5">
         <path>C:\Users\ywt\workspace_ccstheia\xunji_demo\Debug\.\Drivers\MPU6050\</path>
         <kind>object</kind>
         <file>inv_mpu_dmp_motion_driver.o</file>
         <name>inv_mpu_dmp_motion_driver.o</name>
      </input_file>
      <input_file id="fl-6">
         <path>C:\Users\ywt\workspace_ccstheia\xunji_demo\Debug\.\Drivers\MPU6050\</path>
         <kind>object</kind>
         <file>mpu6050.o</file>
         <name>mpu6050.o</name>
      </input_file>
      <input_file id="fl-7">
         <path>C:\Users\ywt\workspace_ccstheia\xunji_demo\Debug\.\Drivers\MPU6050\</path>
         <kind>object</kind>
         <file>mspm0_i2c.o</file>
         <name>mspm0_i2c.o</name>
      </input_file>
      <input_file id="fl-8">
         <path>C:\Users\ywt\workspace_ccstheia\xunji_demo\Debug\.\Drivers\MSPM0\</path>
         <kind>object</kind>
         <file>clock.o</file>
         <name>clock.o</name>
      </input_file>
      <input_file id="fl-9">
         <path>C:\Users\ywt\workspace_ccstheia\xunji_demo\Debug\.\Drivers\MSPM0\</path>
         <kind>object</kind>
         <file>control.o</file>
         <name>control.o</name>
      </input_file>
      <input_file id="fl-a">
         <path>C:\Users\ywt\workspace_ccstheia\xunji_demo\Debug\.\Drivers\MSPM0\</path>
         <kind>object</kind>
         <file>encoder.o</file>
         <name>encoder.o</name>
      </input_file>
      <input_file id="fl-b">
         <path>C:\Users\ywt\workspace_ccstheia\xunji_demo\Debug\.\Drivers\MSPM0\</path>
         <kind>object</kind>
         <file>gyro.o</file>
         <name>gyro.o</name>
      </input_file>
      <input_file id="fl-c">
         <path>C:\Users\ywt\workspace_ccstheia\xunji_demo\Debug\.\Drivers\MSPM0\</path>
         <kind>object</kind>
         <file>interrupt.o</file>
         <name>interrupt.o</name>
      </input_file>
      <input_file id="fl-d">
         <path>C:\Users\ywt\workspace_ccstheia\xunji_demo\Debug\.\Drivers\MSPM0\</path>
         <kind>object</kind>
         <file>key.o</file>
         <name>key.o</name>
      </input_file>
      <input_file id="fl-e">
         <path>C:\Users\ywt\workspace_ccstheia\xunji_demo\Debug\.\Drivers\MSPM0\</path>
         <kind>object</kind>
         <file>lpf.o</file>
         <name>lpf.o</name>
      </input_file>
      <input_file id="fl-f">
         <path>C:\Users\ywt\workspace_ccstheia\xunji_demo\Debug\.\Drivers\MSPM0\</path>
         <kind>object</kind>
         <file>motor.o</file>
         <name>motor.o</name>
      </input_file>
      <input_file id="fl-10">
         <path>C:\Users\ywt\workspace_ccstheia\xunji_demo\Debug\.\Drivers\MSPM0\</path>
         <kind>object</kind>
         <file>pid.o</file>
         <name>pid.o</name>
      </input_file>
      <input_file id="fl-11">
         <path>C:\Users\ywt\workspace_ccstheia\xunji_demo\Debug\.\Drivers\MSPM0\</path>
         <kind>object</kind>
         <file>sensor.o</file>
         <name>sensor.o</name>
      </input_file>
      <input_file id="fl-12">
         <path>C:\Users\ywt\workspace_ccstheia\xunji_demo\Debug\.\Drivers\MSPM0\</path>
         <kind>object</kind>
         <file>sys.o</file>
         <name>sys.o</name>
      </input_file>
      <input_file id="fl-13">
         <path>C:\Users\ywt\workspace_ccstheia\xunji_demo\Debug\.\Drivers\OLED_Hardware_I2C\</path>
         <kind>object</kind>
         <file>oled_hardware_i2c.o</file>
         <name>oled_hardware_i2c.o</name>
      </input_file>
      <input_file id="fl-21">
         <path>C:\Users\ywt\workspace_ccstheia\xunji_demo\Debug\</path>
         <kind>object</kind>
         <file>&lt;internal&gt;</file>
         <name>&lt;internal&gt;</name>
      </input_file>
      <input_file id="fl-22">
         <path>C:\TI\mspm0_sdk_2_10_00_04\source\ti\driverlib\lib\ticlang\m0p\mspm0g1x0x_g3x0x\</path>
         <kind>archive</kind>
         <file>driverlib.a</file>
         <name>dl_common.o</name>
      </input_file>
      <input_file id="fl-23">
         <path>C:\TI\mspm0_sdk_2_10_00_04\source\ti\driverlib\lib\ticlang\m0p\mspm0g1x0x_g3x0x\</path>
         <kind>archive</kind>
         <file>driverlib.a</file>
         <name>dl_i2c.o</name>
      </input_file>
      <input_file id="fl-24">
         <path>C:\TI\mspm0_sdk_2_10_00_04\source\ti\driverlib\lib\ticlang\m0p\mspm0g1x0x_g3x0x\</path>
         <kind>archive</kind>
         <file>driverlib.a</file>
         <name>dl_timer.o</name>
      </input_file>
      <input_file id="fl-25">
         <path>C:\TI\mspm0_sdk_2_10_00_04\source\ti\driverlib\lib\ticlang\m0p\mspm0g1x0x_g3x0x\</path>
         <kind>archive</kind>
         <file>driverlib.a</file>
         <name>dl_uart.o</name>
      </input_file>
      <input_file id="fl-26">
         <path>C:\TI\mspm0_sdk_2_10_00_04\source\ti\driverlib\lib\ticlang\m0p\mspm0g1x0x_g3x0x\</path>
         <kind>archive</kind>
         <file>driverlib.a</file>
         <name>dl_sysctl_mspm0g1x0x_g3x0x.o</name>
      </input_file>
      <input_file id="fl-3d">
         <path>D:\TI_m0\ccs\tools\compiler\ti-cgt-armllvm_4.0.4.LTS\lib\armv6m-ti-none-eabi\c\</path>
         <kind>archive</kind>
         <file>libc.a</file>
         <name>e_asin.c.obj</name>
      </input_file>
      <input_file id="fl-3e">
         <path>D:\TI_m0\ccs\tools\compiler\ti-cgt-armllvm_4.0.4.LTS\lib\armv6m-ti-none-eabi\c\</path>
         <kind>archive</kind>
         <file>libc.a</file>
         <name>e_atan2.c.obj</name>
      </input_file>
      <input_file id="fl-3f">
         <path>D:\TI_m0\ccs\tools\compiler\ti-cgt-armllvm_4.0.4.LTS\lib\armv6m-ti-none-eabi\c\</path>
         <kind>archive</kind>
         <file>libc.a</file>
         <name>e_sqrt.c.obj</name>
      </input_file>
      <input_file id="fl-40">
         <path>D:\TI_m0\ccs\tools\compiler\ti-cgt-armllvm_4.0.4.LTS\lib\armv6m-ti-none-eabi\c\</path>
         <kind>archive</kind>
         <file>libc.a</file>
         <name>s_atan.c.obj</name>
      </input_file>
      <input_file id="fl-41">
         <path>D:\TI_m0\ccs\tools\compiler\ti-cgt-armllvm_4.0.4.LTS\lib\armv6m-ti-none-eabi\c\</path>
         <kind>archive</kind>
         <file>libc.a</file>
         <name>printf.c.obj</name>
      </input_file>
      <input_file id="fl-42">
         <path>D:\TI_m0\ccs\tools\compiler\ti-cgt-armllvm_4.0.4.LTS\lib\armv6m-ti-none-eabi\c\</path>
         <kind>archive</kind>
         <file>libc.a</file>
         <name>_printfi.c.obj</name>
      </input_file>
      <input_file id="fl-43">
         <path>D:\TI_m0\ccs\tools\compiler\ti-cgt-armllvm_4.0.4.LTS\lib\armv6m-ti-none-eabi\c\</path>
         <kind>archive</kind>
         <file>libc.a</file>
         <name>sprintf.c.obj</name>
      </input_file>
      <input_file id="fl-44">
         <path>D:\TI_m0\ccs\tools\compiler\ti-cgt-armllvm_4.0.4.LTS\lib\armv6m-ti-none-eabi\c\</path>
         <kind>archive</kind>
         <file>libc.a</file>
         <name>aeabi_portable.c.obj</name>
      </input_file>
      <input_file id="fl-45">
         <path>D:\TI_m0\ccs\tools\compiler\ti-cgt-armllvm_4.0.4.LTS\lib\armv6m-ti-none-eabi\c\</path>
         <kind>archive</kind>
         <file>libc.a</file>
         <name>_lock.c.obj</name>
      </input_file>
      <input_file id="fl-46">
         <path>D:\TI_m0\ccs\tools\compiler\ti-cgt-armllvm_4.0.4.LTS\lib\armv6m-ti-none-eabi\c\</path>
         <kind>archive</kind>
         <file>libc.a</file>
         <name>_ltoa.c.obj</name>
      </input_file>
      <input_file id="fl-47">
         <path>D:\TI_m0\ccs\tools\compiler\ti-cgt-armllvm_4.0.4.LTS\lib\armv6m-ti-none-eabi\c\</path>
         <kind>archive</kind>
         <file>libc.a</file>
         <name>assert.c.obj</name>
      </input_file>
      <input_file id="fl-48">
         <path>D:\TI_m0\ccs\tools\compiler\ti-cgt-armllvm_4.0.4.LTS\lib\armv6m-ti-none-eabi\c\</path>
         <kind>archive</kind>
         <file>libc.a</file>
         <name>atoi.c.obj</name>
      </input_file>
      <input_file id="fl-49">
         <path>D:\TI_m0\ccs\tools\compiler\ti-cgt-armllvm_4.0.4.LTS\lib\armv6m-ti-none-eabi\c\</path>
         <kind>archive</kind>
         <file>libc.a</file>
         <name>defs.c.obj</name>
      </input_file>
      <input_file id="fl-4a">
         <path>D:\TI_m0\ccs\tools\compiler\ti-cgt-armllvm_4.0.4.LTS\lib\armv6m-ti-none-eabi\c\</path>
         <kind>archive</kind>
         <file>libc.a</file>
         <name>memccpy.c.obj</name>
      </input_file>
      <input_file id="fl-4b">
         <path>D:\TI_m0\ccs\tools\compiler\ti-cgt-armllvm_4.0.4.LTS\lib\armv6m-ti-none-eabi\c\</path>
         <kind>archive</kind>
         <file>libc.a</file>
         <name>memcmp.c.obj</name>
      </input_file>
      <input_file id="fl-4c">
         <path>D:\TI_m0\ccs\tools\compiler\ti-cgt-armllvm_4.0.4.LTS\lib\armv6m-ti-none-eabi\c\</path>
         <kind>archive</kind>
         <file>libc.a</file>
         <name>memory.c.obj</name>
      </input_file>
      <input_file id="fl-4d">
         <path>D:\TI_m0\ccs\tools\compiler\ti-cgt-armllvm_4.0.4.LTS\lib\armv6m-ti-none-eabi\c\</path>
         <kind>archive</kind>
         <file>libc.a</file>
         <name>boot_cortex_m.c.obj</name>
      </input_file>
      <input_file id="fl-4e">
         <path>D:\TI_m0\ccs\tools\compiler\ti-cgt-armllvm_4.0.4.LTS\lib\armv6m-ti-none-eabi\c\</path>
         <kind>archive</kind>
         <file>libc.a</file>
         <name>mathacl_init.c.obj</name>
      </input_file>
      <input_file id="fl-4f">
         <path>D:\TI_m0\ccs\tools\compiler\ti-cgt-armllvm_4.0.4.LTS\lib\armv6m-ti-none-eabi\c\</path>
         <kind>archive</kind>
         <file>libc.a</file>
         <name>autoinit.c.obj</name>
      </input_file>
      <input_file id="fl-50">
         <path>D:\TI_m0\ccs\tools\compiler\ti-cgt-armllvm_4.0.4.LTS\lib\armv6m-ti-none-eabi\c\</path>
         <kind>archive</kind>
         <file>libc.a</file>
         <name>pre_init.c.obj</name>
      </input_file>
      <input_file id="fl-51">
         <path>D:\TI_m0\ccs\tools\compiler\ti-cgt-armllvm_4.0.4.LTS\lib\armv6m-ti-none-eabi\c\</path>
         <kind>archive</kind>
         <file>libc.a</file>
         <name>cpy_tbl.c.obj</name>
      </input_file>
      <input_file id="fl-52">
         <path>D:\TI_m0\ccs\tools\compiler\ti-cgt-armllvm_4.0.4.LTS\lib\armv6m-ti-none-eabi\c\</path>
         <kind>archive</kind>
         <file>libc.a</file>
         <name>copy_zero_init.c.obj</name>
      </input_file>
      <input_file id="fl-53">
         <path>D:\TI_m0\ccs\tools\compiler\ti-cgt-armllvm_4.0.4.LTS\lib\armv6m-ti-none-eabi\c\</path>
         <kind>archive</kind>
         <file>libc.a</file>
         <name>copy_decompress_none.c.obj</name>
      </input_file>
      <input_file id="fl-54">
         <path>D:\TI_m0\ccs\tools\compiler\ti-cgt-armllvm_4.0.4.LTS\lib\armv6m-ti-none-eabi\c\</path>
         <kind>archive</kind>
         <file>libc.a</file>
         <name>copy_decompress_lzss.c.obj</name>
      </input_file>
      <input_file id="fl-55">
         <path>D:\TI_m0\ccs\tools\compiler\ti-cgt-armllvm_4.0.4.LTS\lib\armv6m-ti-none-eabi\c\</path>
         <kind>archive</kind>
         <file>libc.a</file>
         <name>s_frexp.c.obj</name>
      </input_file>
      <input_file id="fl-56">
         <path>D:\TI_m0\ccs\tools\compiler\ti-cgt-armllvm_4.0.4.LTS\lib\armv6m-ti-none-eabi\c\</path>
         <kind>archive</kind>
         <file>libc.a</file>
         <name>s_scalbn.c.obj</name>
      </input_file>
      <input_file id="fl-57">
         <path>D:\TI_m0\ccs\tools\compiler\ti-cgt-armllvm_4.0.4.LTS\lib\armv6m-ti-none-eabi\c\</path>
         <kind>archive</kind>
         <file>libc.a</file>
         <name>wcslen.c.obj</name>
      </input_file>
      <input_file id="fl-58">
         <path>D:\TI_m0\ccs\tools\compiler\ti-cgt-armllvm_4.0.4.LTS\lib\armv6m-ti-none-eabi\c\</path>
         <kind>archive</kind>
         <file>libc.a</file>
         <name>fflush.c.obj</name>
      </input_file>
      <input_file id="fl-59">
         <path>D:\TI_m0\ccs\tools\compiler\ti-cgt-armllvm_4.0.4.LTS\lib\armv6m-ti-none-eabi\c\</path>
         <kind>archive</kind>
         <file>libc.a</file>
         <name>aeabi_ctype.S.obj</name>
      </input_file>
      <input_file id="fl-5a">
         <path>D:\TI_m0\ccs\tools\compiler\ti-cgt-armllvm_4.0.4.LTS\lib\armv6m-ti-none-eabi\c\</path>
         <kind>archive</kind>
         <file>libc.a</file>
         <name>exit.c.obj</name>
      </input_file>
      <input_file id="fl-5b">
         <path>D:\TI_m0\ccs\tools\compiler\ti-cgt-armllvm_4.0.4.LTS\lib\armv6m-ti-none-eabi\c\</path>
         <kind>archive</kind>
         <file>libc.a</file>
         <name>args_main.c.obj</name>
      </input_file>
      <input_file id="fl-fb">
         <path>D:\TI_m0\ccs\tools\compiler\ti-cgt-armllvm_4.0.4.LTS\lib\armv6m-ti-none-eabi\c\</path>
         <kind>archive</kind>
         <file>libsysbm.a</file>
         <name>hostexit.c.obj</name>
      </input_file>
      <input_file id="fl-fc">
         <path>D:\TI_m0\ccs\tools\compiler\ti-cgt-armllvm_4.0.4.LTS\lib\armv6m-ti-none-eabi\c\</path>
         <kind>archive</kind>
         <file>libsysbm.a</file>
         <name>write.c.obj</name>
      </input_file>
      <input_file id="fl-fd">
         <path>D:\TI_m0\ccs\tools\compiler\ti-cgt-armllvm_4.0.4.LTS\lib\armv6m-ti-none-eabi\c\</path>
         <kind>archive</kind>
         <file>libsysbm.a</file>
         <name>host_device.c.obj</name>
      </input_file>
      <input_file id="fl-fe">
         <path>D:\TI_m0\ccs\tools\compiler\ti-cgt-armllvm_4.0.4.LTS\lib\armv6m-ti-none-eabi\c\</path>
         <kind>archive</kind>
         <file>libsysbm.a</file>
         <name>hostclose.c.obj</name>
      </input_file>
      <input_file id="fl-ff">
         <path>D:\TI_m0\ccs\tools\compiler\ti-cgt-armllvm_4.0.4.LTS\lib\armv6m-ti-none-eabi\c\</path>
         <kind>archive</kind>
         <file>libsysbm.a</file>
         <name>hostlseek.c.obj</name>
      </input_file>
      <input_file id="fl-100">
         <path>D:\TI_m0\ccs\tools\compiler\ti-cgt-armllvm_4.0.4.LTS\lib\armv6m-ti-none-eabi\c\</path>
         <kind>archive</kind>
         <file>libsysbm.a</file>
         <name>hostopen.c.obj</name>
      </input_file>
      <input_file id="fl-101">
         <path>D:\TI_m0\ccs\tools\compiler\ti-cgt-armllvm_4.0.4.LTS\lib\armv6m-ti-none-eabi\c\</path>
         <kind>archive</kind>
         <file>libsysbm.a</file>
         <name>hostread.c.obj</name>
      </input_file>
      <input_file id="fl-102">
         <path>D:\TI_m0\ccs\tools\compiler\ti-cgt-armllvm_4.0.4.LTS\lib\armv6m-ti-none-eabi\c\</path>
         <kind>archive</kind>
         <file>libsysbm.a</file>
         <name>hostrename.c.obj</name>
      </input_file>
      <input_file id="fl-103">
         <path>D:\TI_m0\ccs\tools\compiler\ti-cgt-armllvm_4.0.4.LTS\lib\armv6m-ti-none-eabi\c\</path>
         <kind>archive</kind>
         <file>libsysbm.a</file>
         <name>hostunlink.c.obj</name>
      </input_file>
      <input_file id="fl-104">
         <path>D:\TI_m0\ccs\tools\compiler\ti-cgt-armllvm_4.0.4.LTS\lib\armv6m-ti-none-eabi\c\</path>
         <kind>archive</kind>
         <file>libsysbm.a</file>
         <name>hostwrite.c.obj</name>
      </input_file>
      <input_file id="fl-105">
         <path>D:\TI_m0\ccs\tools\compiler\ti-cgt-armllvm_4.0.4.LTS\lib\armv6m-ti-none-eabi\c\</path>
         <kind>archive</kind>
         <file>libsysbm.a</file>
         <name>trgmsg.c.obj</name>
      </input_file>
      <input_file id="fl-106">
         <path>D:\TI_m0\ccs\tools\compiler\ti-cgt-armllvm_4.0.4.LTS\lib\armv6m-ti-none-eabi\</path>
         <kind>archive</kind>
         <file>libclang_rt.builtins.a</file>
         <name>addsf3.S.obj</name>
      </input_file>
      <input_file id="fl-107">
         <path>D:\TI_m0\ccs\tools\compiler\ti-cgt-armllvm_4.0.4.LTS\lib\armv6m-ti-none-eabi\</path>
         <kind>archive</kind>
         <file>libclang_rt.builtins.a</file>
         <name>adddf3.S.obj</name>
      </input_file>
      <input_file id="fl-108">
         <path>D:\TI_m0\ccs\tools\compiler\ti-cgt-armllvm_4.0.4.LTS\lib\armv6m-ti-none-eabi\</path>
         <kind>archive</kind>
         <file>libclang_rt.builtins.a</file>
         <name>muldf3.S.obj</name>
      </input_file>
      <input_file id="fl-109">
         <path>D:\TI_m0\ccs\tools\compiler\ti-cgt-armllvm_4.0.4.LTS\lib\armv6m-ti-none-eabi\</path>
         <kind>archive</kind>
         <file>libclang_rt.builtins.a</file>
         <name>muldsi3.S.obj</name>
      </input_file>
      <input_file id="fl-10a">
         <path>D:\TI_m0\ccs\tools\compiler\ti-cgt-armllvm_4.0.4.LTS\lib\armv6m-ti-none-eabi\</path>
         <kind>archive</kind>
         <file>libclang_rt.builtins.a</file>
         <name>mulsf3.S.obj</name>
      </input_file>
      <input_file id="fl-10b">
         <path>D:\TI_m0\ccs\tools\compiler\ti-cgt-armllvm_4.0.4.LTS\lib\armv6m-ti-none-eabi\</path>
         <kind>archive</kind>
         <file>libclang_rt.builtins.a</file>
         <name>divsf3.S.obj</name>
      </input_file>
      <input_file id="fl-10c">
         <path>D:\TI_m0\ccs\tools\compiler\ti-cgt-armllvm_4.0.4.LTS\lib\armv6m-ti-none-eabi\</path>
         <kind>archive</kind>
         <file>libclang_rt.builtins.a</file>
         <name>divdf3.S.obj</name>
      </input_file>
      <input_file id="fl-10d">
         <path>D:\TI_m0\ccs\tools\compiler\ti-cgt-armllvm_4.0.4.LTS\lib\armv6m-ti-none-eabi\</path>
         <kind>archive</kind>
         <file>libclang_rt.builtins.a</file>
         <name>extendsfdf2.S.obj</name>
      </input_file>
      <input_file id="fl-10e">
         <path>D:\TI_m0\ccs\tools\compiler\ti-cgt-armllvm_4.0.4.LTS\lib\armv6m-ti-none-eabi\</path>
         <kind>archive</kind>
         <file>libclang_rt.builtins.a</file>
         <name>fixdfsi.S.obj</name>
      </input_file>
      <input_file id="fl-10f">
         <path>D:\TI_m0\ccs\tools\compiler\ti-cgt-armllvm_4.0.4.LTS\lib\armv6m-ti-none-eabi\</path>
         <kind>archive</kind>
         <file>libclang_rt.builtins.a</file>
         <name>fixsfsi.S.obj</name>
      </input_file>
      <input_file id="fl-110">
         <path>D:\TI_m0\ccs\tools\compiler\ti-cgt-armllvm_4.0.4.LTS\lib\armv6m-ti-none-eabi\</path>
         <kind>archive</kind>
         <file>libclang_rt.builtins.a</file>
         <name>floatsidf.S.obj</name>
      </input_file>
      <input_file id="fl-111">
         <path>D:\TI_m0\ccs\tools\compiler\ti-cgt-armllvm_4.0.4.LTS\lib\armv6m-ti-none-eabi\</path>
         <kind>archive</kind>
         <file>libclang_rt.builtins.a</file>
         <name>floatsisf.S.obj</name>
      </input_file>
      <input_file id="fl-112">
         <path>D:\TI_m0\ccs\tools\compiler\ti-cgt-armllvm_4.0.4.LTS\lib\armv6m-ti-none-eabi\</path>
         <kind>archive</kind>
         <file>libclang_rt.builtins.a</file>
         <name>floatundidf.S.obj</name>
      </input_file>
      <input_file id="fl-113">
         <path>D:\TI_m0\ccs\tools\compiler\ti-cgt-armllvm_4.0.4.LTS\lib\armv6m-ti-none-eabi\</path>
         <kind>archive</kind>
         <file>libclang_rt.builtins.a</file>
         <name>floatundisf.S.obj</name>
      </input_file>
      <input_file id="fl-114">
         <path>D:\TI_m0\ccs\tools\compiler\ti-cgt-armllvm_4.0.4.LTS\lib\armv6m-ti-none-eabi\</path>
         <kind>archive</kind>
         <file>libclang_rt.builtins.a</file>
         <name>floatunsidf.S.obj</name>
      </input_file>
      <input_file id="fl-115">
         <path>D:\TI_m0\ccs\tools\compiler\ti-cgt-armllvm_4.0.4.LTS\lib\armv6m-ti-none-eabi\</path>
         <kind>archive</kind>
         <file>libclang_rt.builtins.a</file>
         <name>floatunsisf.S.obj</name>
      </input_file>
      <input_file id="fl-116">
         <path>D:\TI_m0\ccs\tools\compiler\ti-cgt-armllvm_4.0.4.LTS\lib\armv6m-ti-none-eabi\</path>
         <kind>archive</kind>
         <file>libclang_rt.builtins.a</file>
         <name>muldi3.S.obj</name>
      </input_file>
      <input_file id="fl-117">
         <path>D:\TI_m0\ccs\tools\compiler\ti-cgt-armllvm_4.0.4.LTS\lib\armv6m-ti-none-eabi\</path>
         <kind>archive</kind>
         <file>libclang_rt.builtins.a</file>
         <name>truncdfsf2.S.obj</name>
      </input_file>
      <input_file id="fl-118">
         <path>D:\TI_m0\ccs\tools\compiler\ti-cgt-armllvm_4.0.4.LTS\lib\armv6m-ti-none-eabi\</path>
         <kind>archive</kind>
         <file>libclang_rt.builtins.a</file>
         <name>aeabi_dcmp.S.obj</name>
      </input_file>
      <input_file id="fl-119">
         <path>D:\TI_m0\ccs\tools\compiler\ti-cgt-armllvm_4.0.4.LTS\lib\armv6m-ti-none-eabi\</path>
         <kind>archive</kind>
         <file>libclang_rt.builtins.a</file>
         <name>aeabi_fcmp.S.obj</name>
      </input_file>
      <input_file id="fl-11a">
         <path>D:\TI_m0\ccs\tools\compiler\ti-cgt-armllvm_4.0.4.LTS\lib\armv6m-ti-none-eabi\</path>
         <kind>archive</kind>
         <file>libclang_rt.builtins.a</file>
         <name>aeabi_idivmod.S.obj</name>
      </input_file>
      <input_file id="fl-11b">
         <path>D:\TI_m0\ccs\tools\compiler\ti-cgt-armllvm_4.0.4.LTS\lib\armv6m-ti-none-eabi\</path>
         <kind>archive</kind>
         <file>libclang_rt.builtins.a</file>
         <name>aeabi_ldivmod.S.obj</name>
      </input_file>
      <input_file id="fl-11c">
         <path>D:\TI_m0\ccs\tools\compiler\ti-cgt-armllvm_4.0.4.LTS\lib\armv6m-ti-none-eabi\</path>
         <kind>archive</kind>
         <file>libclang_rt.builtins.a</file>
         <name>aeabi_memcpy.S.obj</name>
      </input_file>
      <input_file id="fl-11d">
         <path>D:\TI_m0\ccs\tools\compiler\ti-cgt-armllvm_4.0.4.LTS\lib\armv6m-ti-none-eabi\</path>
         <kind>archive</kind>
         <file>libclang_rt.builtins.a</file>
         <name>aeabi_memset.S.obj</name>
      </input_file>
      <input_file id="fl-11e">
         <path>D:\TI_m0\ccs\tools\compiler\ti-cgt-armllvm_4.0.4.LTS\lib\armv6m-ti-none-eabi\</path>
         <kind>archive</kind>
         <file>libclang_rt.builtins.a</file>
         <name>aeabi_uidivmod.S.obj</name>
      </input_file>
      <input_file id="fl-11f">
         <path>D:\TI_m0\ccs\tools\compiler\ti-cgt-armllvm_4.0.4.LTS\lib\armv6m-ti-none-eabi\</path>
         <kind>archive</kind>
         <file>libclang_rt.builtins.a</file>
         <name>aeabi_uldivmod.S.obj</name>
      </input_file>
      <input_file id="fl-120">
         <path>D:\TI_m0\ccs\tools\compiler\ti-cgt-armllvm_4.0.4.LTS\lib\armv6m-ti-none-eabi\</path>
         <kind>archive</kind>
         <file>libclang_rt.builtins.a</file>
         <name>comparesf2.S.obj</name>
      </input_file>
      <input_file id="fl-121">
         <path>D:\TI_m0\ccs\tools\compiler\ti-cgt-armllvm_4.0.4.LTS\lib\armv6m-ti-none-eabi\</path>
         <kind>archive</kind>
         <file>libclang_rt.builtins.a</file>
         <name>udivmoddi4.S.obj</name>
      </input_file>
      <input_file id="fl-122">
         <path>D:\TI_m0\ccs\tools\compiler\ti-cgt-armllvm_4.0.4.LTS\lib\armv6m-ti-none-eabi\</path>
         <kind>archive</kind>
         <file>libclang_rt.builtins.a</file>
         <name>ashldi3.S.obj</name>
      </input_file>
      <input_file id="fl-123">
         <path>D:\TI_m0\ccs\tools\compiler\ti-cgt-armllvm_4.0.4.LTS\lib\armv6m-ti-none-eabi\</path>
         <kind>archive</kind>
         <file>libclang_rt.builtins.a</file>
         <name>comparedf2.c.obj</name>
      </input_file>
      <input_file id="fl-124">
         <path>D:\TI_m0\ccs\tools\compiler\ti-cgt-armllvm_4.0.4.LTS\lib\armv6m-ti-none-eabi\</path>
         <kind>archive</kind>
         <file>libclang_rt.builtins.a</file>
         <name>divmoddi4.c.obj</name>
      </input_file>
      <input_file id="fl-125">
         <path>D:\TI_m0\ccs\tools\compiler\ti-cgt-armllvm_4.0.4.LTS\lib\armv6m-ti-none-eabi\</path>
         <kind>archive</kind>
         <file>libclang_rt.builtins.a</file>
         <name>aeabi_div0.c.obj</name>
      </input_file>
      <input_file id="fl-126">
         <path>D:\TI_m0\ccs\tools\compiler\ti-cgt-armllvm_4.0.4.LTS\lib\armv6m-ti-none-eabi\c\</path>
         <kind>archive</kind>
         <file>libc.a</file>
         <name>memcpy16.S.obj</name>
      </input_file>
      <input_file id="fl-127">
         <path>D:\TI_m0\ccs\tools\compiler\ti-cgt-armllvm_4.0.4.LTS\lib\armv6m-ti-none-eabi\c\</path>
         <kind>archive</kind>
         <file>libc.a</file>
         <name>memset16.S.obj</name>
      </input_file>
   </input_file_list>
   <object_component_list>
      <object_component id="oc-18">
         <name>.intvecs</name>
         <load_address>0x0</load_address>
         <readonly>true</readonly>
         <run_address>0x0</run_address>
         <size>0xc0</size>
         <alignment>0x4</alignment>
         <input_file_ref idref="fl-3"/>
      </object_component>
      <object_component id="oc-2a7">
         <name>.text:__TI_printfi</name>
         <load_address>0xc0</load_address>
         <readonly>true</readonly>
         <executable>true</executable>
         <run_address>0xc0</run_address>
         <size>0x9d0</size>
         <alignment>0x4</alignment>
         <input_file_ref idref="fl-42"/>
      </object_component>
      <object_component id="oc-c7">
         <name>.text.asin</name>
         <load_address>0xa90</load_address>
         <readonly>true</readonly>
         <executable>true</executable>
         <run_address>0xa90</run_address>
         <size>0x364</size>
         <alignment>0x4</alignment>
         <input_file_ref idref="fl-3d"/>
      </object_component>
      <object_component id="oc-190">
         <name>.text.atan</name>
         <load_address>0xdf4</load_address>
         <readonly>true</readonly>
         <executable>true</executable>
         <run_address>0xdf4</run_address>
         <size>0x2f8</size>
         <alignment>0x4</alignment>
         <input_file_ref idref="fl-40"/>
      </object_component>
      <object_component id="oc-8e">
         <name>.text.main</name>
         <load_address>0x10ec</load_address>
         <readonly>true</readonly>
         <executable>true</executable>
         <run_address>0x10ec</run_address>
         <size>0x2c4</size>
         <alignment>0x4</alignment>
         <input_file_ref idref="fl-1"/>
      </object_component>
      <object_component id="oc-1b0">
         <name>.text.SYSCFG_DL_GPIO_init</name>
         <load_address>0x13b0</load_address>
         <readonly>true</readonly>
         <executable>true</executable>
         <run_address>0x13b0</run_address>
         <size>0x24c</size>
         <alignment>0x4</alignment>
         <input_file_ref idref="fl-2"/>
      </object_component>
      <object_component id="oc-6c">
         <name>.text.Read_Quad</name>
         <load_address>0x15fc</load_address>
         <readonly>true</readonly>
         <executable>true</executable>
         <run_address>0x15fc</run_address>
         <size>0x22c</size>
         <alignment>0x4</alignment>
         <input_file_ref idref="fl-6"/>
      </object_component>
      <object_component id="oc-163">
         <name>.text.mpu_reset_fifo</name>
         <load_address>0x1828</load_address>
         <readonly>true</readonly>
         <executable>true</executable>
         <run_address>0x1828</run_address>
         <size>0x22c</size>
         <alignment>0x4</alignment>
         <input_file_ref idref="fl-4"/>
      </object_component>
      <object_component id="oc-313">
         <name>.text._pconv_a</name>
         <load_address>0x1a54</load_address>
         <readonly>true</readonly>
         <executable>true</executable>
         <run_address>0x1a54</run_address>
         <size>0x220</size>
         <alignment>0x4</alignment>
         <input_file_ref idref="fl-42"/>
      </object_component>
      <object_component id="oc-ae">
         <name>.text.dmp_read_fifo</name>
         <load_address>0x1c74</load_address>
         <readonly>true</readonly>
         <executable>true</executable>
         <run_address>0x1c74</run_address>
         <size>0x1f4</size>
         <alignment>0x4</alignment>
         <input_file_ref idref="fl-5"/>
      </object_component>
      <object_component id="oc-65">
         <name>.text.Encodering</name>
         <load_address>0x1e68</load_address>
         <readonly>true</readonly>
         <executable>true</executable>
         <run_address>0x1e68</run_address>
         <size>0x1ec</size>
         <alignment>0x4</alignment>
         <input_file_ref idref="fl-a"/>
      </object_component>
      <object_component id="oc-314">
         <name>.text._pconv_g</name>
         <load_address>0x2054</load_address>
         <readonly>true</readonly>
         <executable>true</executable>
         <run_address>0x2054</run_address>
         <size>0x1dc</size>
         <alignment>0x4</alignment>
         <input_file_ref idref="fl-42"/>
      </object_component>
      <object_component id="oc-1eb">
         <name>.text.PID_Compute1</name>
         <load_address>0x2230</load_address>
         <readonly>true</readonly>
         <executable>true</executable>
         <run_address>0x2230</run_address>
         <size>0x1c0</size>
         <alignment>0x4</alignment>
         <input_file_ref idref="fl-10"/>
      </object_component>
      <object_component id="oc-177">
         <name>.text.adddf3_subdf3</name>
         <load_address>0x23f0</load_address>
         <readonly>true</readonly>
         <executable>true</executable>
         <run_address>0x23f0</run_address>
         <size>0x192</size>
         <alignment>0x4</alignment>
         <input_file_ref idref="fl-107"/>
      </object_component>
      <object_component id="oc-2db">
         <name>.text.__aeabi_idiv0</name>
         <load_address>0x2582</load_address>
         <readonly>true</readonly>
         <executable>true</executable>
         <run_address>0x2582</run_address>
         <size>0x2</size>
         <alignment>0x2</alignment>
         <input_file_ref idref="fl-125"/>
      </object_component>
      <object_component id="oc-d5">
         <name>.text.atan2</name>
         <load_address>0x2584</load_address>
         <readonly>true</readonly>
         <executable>true</executable>
         <run_address>0x2584</run_address>
         <size>0x188</size>
         <alignment>0x4</alignment>
         <input_file_ref idref="fl-3e"/>
      </object_component>
      <object_component id="oc-181">
         <name>.text.sqrt</name>
         <load_address>0x270c</load_address>
         <readonly>true</readonly>
         <executable>true</executable>
         <run_address>0x270c</run_address>
         <size>0x170</size>
         <alignment>0x4</alignment>
         <input_file_ref idref="fl-3f"/>
      </object_component>
      <object_component id="oc-348">
         <name>.text.fcvt</name>
         <load_address>0x287c</load_address>
         <readonly>true</readonly>
         <executable>true</executable>
         <run_address>0x287c</run_address>
         <size>0x13c</size>
         <alignment>0x4</alignment>
         <input_file_ref idref="fl-42"/>
      </object_component>
      <object_component id="oc-203">
         <name>.text.mspm0_i2c_read</name>
         <load_address>0x29b8</load_address>
         <readonly>true</readonly>
         <executable>true</executable>
         <run_address>0x29b8</run_address>
         <size>0x134</size>
         <alignment>0x4</alignment>
         <input_file_ref idref="fl-7"/>
      </object_component>
      <object_component id="oc-316">
         <name>.text._pconv_e</name>
         <load_address>0x2aec</load_address>
         <readonly>true</readonly>
         <executable>true</executable>
         <run_address>0x2aec</run_address>
         <size>0x120</size>
         <alignment>0x4</alignment>
         <input_file_ref idref="fl-42"/>
      </object_component>
      <object_component id="oc-120">
         <name>.text.GetSpeed_L</name>
         <load_address>0x2c0c</load_address>
         <readonly>true</readonly>
         <executable>true</executable>
         <run_address>0x2c0c</run_address>
         <size>0x11c</size>
         <alignment>0x4</alignment>
         <input_file_ref idref="fl-a"/>
      </object_component>
      <object_component id="oc-121">
         <name>.text.GetSpeed_R</name>
         <load_address>0x2d28</load_address>
         <readonly>true</readonly>
         <executable>true</executable>
         <run_address>0x2d28</run_address>
         <size>0x11c</size>
         <alignment>0x4</alignment>
         <input_file_ref idref="fl-a"/>
      </object_component>
      <object_component id="oc-1d2">
         <name>.text.OLED_ShowChar</name>
         <load_address>0x2e44</load_address>
         <readonly>true</readonly>
         <executable>true</executable>
         <run_address>0x2e44</run_address>
         <size>0x118</size>
         <alignment>0x4</alignment>
         <input_file_ref idref="fl-13"/>
      </object_component>
      <object_component id="oc-106">
         <name>.text.OLED_Init</name>
         <load_address>0x2f5c</load_address>
         <readonly>true</readonly>
         <executable>true</executable>
         <run_address>0x2f5c</run_address>
         <size>0x110</size>
         <alignment>0x4</alignment>
         <input_file_ref idref="fl-13"/>
      </object_component>
      <object_component id="oc-188">
         <name>.text.__divdf3</name>
         <load_address>0x306c</load_address>
         <readonly>true</readonly>
         <executable>true</executable>
         <run_address>0x306c</run_address>
         <size>0x10c</size>
         <alignment>0x4</alignment>
         <input_file_ref idref="fl-10c"/>
      </object_component>
      <object_component id="oc-15e">
         <name>.text.mpu_read_fifo_stream</name>
         <load_address>0x3178</load_address>
         <readonly>true</readonly>
         <executable>true</executable>
         <run_address>0x3178</run_address>
         <size>0x108</size>
         <alignment>0x4</alignment>
         <input_file_ref idref="fl-4"/>
      </object_component>
      <object_component id="oc-265">
         <name>.text.DL_Timer_initFourCCPWMMode</name>
         <load_address>0x3280</load_address>
         <readonly>true</readonly>
         <executable>true</executable>
         <run_address>0x3280</run_address>
         <size>0x104</size>
         <alignment>0x4</alignment>
         <input_file_ref idref="fl-24"/>
      </object_component>
      <object_component id="oc-26e">
         <name>.text.DL_Timer_initTimerMode</name>
         <load_address>0x3384</load_address>
         <readonly>true</readonly>
         <executable>true</executable>
         <run_address>0x3384</run_address>
         <size>0xfc</size>
         <alignment>0x4</alignment>
         <input_file_ref idref="fl-24"/>
      </object_component>
      <object_component id="oc-e4">
         <name>.text.Get_error</name>
         <load_address>0x3480</load_address>
         <readonly>true</readonly>
         <executable>true</executable>
         <run_address>0x3480</run_address>
         <size>0xf4</size>
         <alignment>0x4</alignment>
         <input_file_ref idref="fl-11"/>
      </object_component>
      <object_component id="oc-258">
         <name>.text.SYSCFG_DL_SYSCTL_SYSPLL_init</name>
         <load_address>0x3574</load_address>
         <readonly>true</readonly>
         <executable>true</executable>
         <run_address>0x3574</run_address>
         <size>0xec</size>
         <alignment>0x4</alignment>
         <input_file_ref idref="fl-2"/>
      </object_component>
      <object_component id="oc-cd">
         <name>.text.__muldf3</name>
         <load_address>0x3660</load_address>
         <readonly>true</readonly>
         <executable>true</executable>
         <run_address>0x3660</run_address>
         <size>0xe4</size>
         <alignment>0x4</alignment>
         <input_file_ref idref="fl-108"/>
      </object_component>
      <object_component id="oc-129">
         <name>.text.renwu</name>
         <load_address>0x3744</load_address>
         <readonly>true</readonly>
         <executable>true</executable>
         <run_address>0x3744</run_address>
         <size>0xe0</size>
         <alignment>0x4</alignment>
         <input_file_ref idref="fl-1"/>
      </object_component>
      <object_component id="oc-252">
         <name>.text.DL_SYSCTL_configSYSPLL</name>
         <load_address>0x3824</load_address>
         <readonly>true</readonly>
         <executable>true</executable>
         <run_address>0x3824</run_address>
         <size>0xdc</size>
         <alignment>0x4</alignment>
         <input_file_ref idref="fl-26"/>
      </object_component>
      <object_component id="oc-337">
         <name>.text.scalbn</name>
         <load_address>0x3900</load_address>
         <readonly>true</readonly>
         <executable>true</executable>
         <run_address>0x3900</run_address>
         <size>0xd8</size>
         <alignment>0x4</alignment>
         <input_file_ref idref="fl-56"/>
      </object_component>
      <object_component id="oc-72">
         <name>.text.xunji_Proc</name>
         <load_address>0x39d8</load_address>
         <readonly>true</readonly>
         <executable>true</executable>
         <run_address>0x39d8</run_address>
         <size>0xd8</size>
         <alignment>0x4</alignment>
         <input_file_ref idref="fl-9"/>
      </object_component>
      <object_component id="oc-bf">
         <name>.text</name>
         <load_address>0x3ab0</load_address>
         <readonly>true</readonly>
         <executable>true</executable>
         <run_address>0x3ab0</run_address>
         <size>0xd8</size>
         <alignment>0x4</alignment>
         <input_file_ref idref="fl-106"/>
      </object_component>
      <object_component id="oc-ea">
         <name>.text.Motor_Different_Position_PID</name>
         <load_address>0x3b88</load_address>
         <readonly>true</readonly>
         <executable>true</executable>
         <run_address>0x3b88</run_address>
         <size>0xc8</size>
         <alignment>0x4</alignment>
         <input_file_ref idref="fl-9"/>
      </object_component>
      <object_component id="oc-20f">
         <name>.text.mspm0_i2c_write</name>
         <load_address>0x3c50</load_address>
         <readonly>true</readonly>
         <executable>true</executable>
         <run_address>0x3c50</run_address>
         <size>0xc4</size>
         <alignment>0x4</alignment>
         <input_file_ref idref="fl-7"/>
      </object_component>
      <object_component id="oc-1d3">
         <name>.text.Key_GetNum</name>
         <load_address>0x3d14</load_address>
         <readonly>true</readonly>
         <executable>true</executable>
         <run_address>0x3d14</run_address>
         <size>0xbc</size>
         <alignment>0x4</alignment>
         <input_file_ref idref="fl-d"/>
      </object_component>
      <object_component id="oc-1e9">
         <name>.text.App_PWM_Set_L</name>
         <load_address>0x3dd0</load_address>
         <readonly>true</readonly>
         <executable>true</executable>
         <run_address>0x3dd0</run_address>
         <size>0xb8</size>
         <alignment>0x4</alignment>
         <input_file_ref idref="fl-f"/>
      </object_component>
      <object_component id="oc-1ea">
         <name>.text.App_PWM_Set_R</name>
         <load_address>0x3e88</load_address>
         <readonly>true</readonly>
         <executable>true</executable>
         <run_address>0x3e88</run_address>
         <size>0xb0</size>
         <alignment>0x4</alignment>
         <input_file_ref idref="fl-f"/>
      </object_component>
      <object_component id="oc-1fe">
         <name>.text</name>
         <load_address>0x3f38</load_address>
         <readonly>true</readonly>
         <executable>true</executable>
         <run_address>0x3f38</run_address>
         <size>0xa2</size>
         <alignment>0x4</alignment>
         <input_file_ref idref="fl-121"/>
      </object_component>
      <object_component id="oc-2c5">
         <name>.text.__aeabi_ldiv0</name>
         <load_address>0x3fda</load_address>
         <readonly>true</readonly>
         <executable>true</executable>
         <run_address>0x3fda</run_address>
         <size>0x2</size>
         <alignment>0x2</alignment>
         <input_file_ref idref="fl-125"/>
      </object_component>
      <object_component id="oc-1af">
         <name>.text.SYSCFG_DL_initPower</name>
         <load_address>0x3fdc</load_address>
         <readonly>true</readonly>
         <executable>true</executable>
         <run_address>0x3fdc</run_address>
         <size>0xa0</size>
         <alignment>0x4</alignment>
         <input_file_ref idref="fl-2"/>
      </object_component>
      <object_component id="oc-3a">
         <name>.text.TIMG8_IRQHandler</name>
         <load_address>0x407c</load_address>
         <readonly>true</readonly>
         <executable>true</executable>
         <run_address>0x407c</run_address>
         <size>0x9c</size>
         <alignment>0x4</alignment>
         <input_file_ref idref="fl-1"/>
      </object_component>
      <object_component id="oc-1c0">
         <name>.text.OLED_WR_Byte</name>
         <load_address>0x4118</load_address>
         <readonly>true</readonly>
         <executable>true</executable>
         <run_address>0x4118</run_address>
         <size>0x98</size>
         <alignment>0x4</alignment>
         <input_file_ref idref="fl-13"/>
      </object_component>
      <object_component id="oc-12a">
         <name>.text.App_Motor_Proc</name>
         <load_address>0x41b0</load_address>
         <readonly>true</readonly>
         <executable>true</executable>
         <run_address>0x41b0</run_address>
         <size>0x8c</size>
         <alignment>0x4</alignment>
         <input_file_ref idref="fl-f"/>
      </object_component>
      <object_component id="oc-1b2">
         <name>.text.SYSCFG_DL_PWM_0_init</name>
         <load_address>0x423c</load_address>
         <readonly>true</readonly>
         <executable>true</executable>
         <run_address>0x423c</run_address>
         <size>0x8c</size>
         <alignment>0x4</alignment>
         <input_file_ref idref="fl-2"/>
      </object_component>
      <object_component id="oc-bb">
         <name>.text.__mulsf3</name>
         <load_address>0x42c8</load_address>
         <readonly>true</readonly>
         <executable>true</executable>
         <run_address>0x42c8</run_address>
         <size>0x8c</size>
         <alignment>0x4</alignment>
         <input_file_ref idref="fl-10a"/>
      </object_component>
      <object_component id="oc-164">
         <name>.text.decode_gesture</name>
         <load_address>0x4354</load_address>
         <readonly>true</readonly>
         <executable>true</executable>
         <run_address>0x4354</run_address>
         <size>0x8c</size>
         <alignment>0x4</alignment>
         <input_file_ref idref="fl-5"/>
      </object_component>
      <object_component id="oc-2bb">
         <name>.text.LPF_Calc</name>
         <load_address>0x43e0</load_address>
         <readonly>true</readonly>
         <executable>true</executable>
         <run_address>0x43e0</run_address>
         <size>0x88</size>
         <alignment>0x4</alignment>
         <input_file_ref idref="fl-e"/>
      </object_component>
      <object_component id="oc-1bc">
         <name>.text.__NVIC_SetPriority</name>
         <load_address>0x4468</load_address>
         <readonly>true</readonly>
         <executable>true</executable>
         <run_address>0x4468</run_address>
         <size>0x84</size>
         <alignment>0x4</alignment>
         <input_file_ref idref="fl-8"/>
      </object_component>
      <object_component id="oc-25d">
         <name>.text.__NVIC_SetPriority</name>
         <load_address>0x44ec</load_address>
         <readonly>true</readonly>
         <executable>true</executable>
         <run_address>0x44ec</run_address>
         <size>0x84</size>
         <alignment>0x4</alignment>
         <input_file_ref idref="fl-2"/>
      </object_component>
      <object_component id="oc-b7">
         <name>.text.__divsf3</name>
         <load_address>0x4570</load_address>
         <readonly>true</readonly>
         <executable>true</executable>
         <run_address>0x4570</run_address>
         <size>0x82</size>
         <alignment>0x4</alignment>
         <input_file_ref idref="fl-10b"/>
      </object_component>
      <object_component id="oc-2a9">
         <name>.text._nop</name>
         <load_address>0x45f2</load_address>
         <readonly>true</readonly>
         <executable>true</executable>
         <run_address>0x45f2</run_address>
         <size>0x2</size>
         <alignment>0x2</alignment>
         <input_file_ref idref="fl-45"/>
      </object_component>
      <object_component id="oc-1c">
         <name>.text:decompress:lzss</name>
         <load_address>0x45f4</load_address>
         <readonly>true</readonly>
         <executable>true</executable>
         <run_address>0x45f4</run_address>
         <size>0x7c</size>
         <alignment>0x4</alignment>
         <input_file_ref idref="fl-54"/>
      </object_component>
      <object_component id="oc-115">
         <name>.text.key_work</name>
         <load_address>0x4670</load_address>
         <readonly>true</readonly>
         <executable>true</executable>
         <run_address>0x4670</run_address>
         <size>0x78</size>
         <alignment>0x4</alignment>
         <input_file_ref idref="fl-d"/>
      </object_component>
      <object_component id="oc-ef">
         <name>.text.Position_Adjust</name>
         <load_address>0x46e8</load_address>
         <readonly>true</readonly>
         <executable>true</executable>
         <run_address>0x46e8</run_address>
         <size>0x74</size>
         <alignment>0x4</alignment>
         <input_file_ref idref="fl-9"/>
      </object_component>
      <object_component id="oc-21d">
         <name>.text.__gedf2</name>
         <load_address>0x475c</load_address>
         <readonly>true</readonly>
         <executable>true</executable>
         <run_address>0x475c</run_address>
         <size>0x74</size>
         <alignment>0x4</alignment>
         <input_file_ref idref="fl-123"/>
      </object_component>
      <object_component id="oc-d1">
         <name>.text.__truncdfsf2</name>
         <load_address>0x47d0</load_address>
         <readonly>true</readonly>
         <executable>true</executable>
         <run_address>0x47d0</run_address>
         <size>0x74</size>
         <alignment>0x10</alignment>
         <input_file_ref idref="fl-117"/>
      </object_component>
      <object_component id="oc-114">
         <name>.text.OLED_ShowString</name>
         <load_address>0x4844</load_address>
         <readonly>true</readonly>
         <executable>true</executable>
         <run_address>0x4844</run_address>
         <size>0x70</size>
         <alignment>0x2</alignment>
         <input_file_ref idref="fl-13"/>
      </object_component>
      <object_component id="oc-1b1">
         <name>.text.SYSCFG_DL_SYSCTL_init</name>
         <load_address>0x48b4</load_address>
         <readonly>true</readonly>
         <executable>true</executable>
         <run_address>0x48b4</run_address>
         <size>0x70</size>
         <alignment>0x4</alignment>
         <input_file_ref idref="fl-2"/>
      </object_component>
      <object_component id="oc-9e">
         <name>.text.mspm0_get_clock_us_now</name>
         <load_address>0x4924</load_address>
         <readonly>true</readonly>
         <executable>true</executable>
         <run_address>0x4924</run_address>
         <size>0x70</size>
         <alignment>0x4</alignment>
         <input_file_ref idref="fl-8"/>
      </object_component>
      <object_component id="oc-1c1">
         <name>.text.OLED_Clear</name>
         <load_address>0x4994</load_address>
         <readonly>true</readonly>
         <executable>true</executable>
         <run_address>0x4994</run_address>
         <size>0x6a</size>
         <alignment>0x2</alignment>
         <input_file_ref idref="fl-13"/>
      </object_component>
      <object_component id="oc-217">
         <name>.text.__ledf2</name>
         <load_address>0x4a00</load_address>
         <readonly>true</readonly>
         <executable>true</executable>
         <run_address>0x4a00</run_address>
         <size>0x68</size>
         <alignment>0x4</alignment>
         <input_file_ref idref="fl-123"/>
      </object_component>
      <object_component id="oc-347">
         <name>.text._mcpy</name>
         <load_address>0x4a68</load_address>
         <readonly>true</readonly>
         <executable>true</executable>
         <run_address>0x4a68</run_address>
         <size>0x66</size>
         <alignment>0x2</alignment>
         <input_file_ref idref="fl-42"/>
      </object_component>
      <object_component id="oc-1be">
         <name>.text.oled_i2c_sda_unlock</name>
         <load_address>0x4ad0</load_address>
         <readonly>true</readonly>
         <executable>true</executable>
         <run_address>0x4ad0</run_address>
         <size>0x64</size>
         <alignment>0x4</alignment>
         <input_file_ref idref="fl-13"/>
      </object_component>
      <object_component id="oc-17b">
         <name>.text.__aeabi_dcmp</name>
         <load_address>0x4b34</load_address>
         <readonly>true</readonly>
         <executable>true</executable>
         <run_address>0x4b34</run_address>
         <size>0x62</size>
         <alignment>0x4</alignment>
         <input_file_ref idref="fl-118"/>
      </object_component>
      <object_component id="oc-19d">
         <name>.text.__aeabi_fcmp</name>
         <load_address>0x4b98</load_address>
         <readonly>true</readonly>
         <executable>true</executable>
         <run_address>0x4b98</run_address>
         <size>0x62</size>
         <alignment>0x4</alignment>
         <input_file_ref idref="fl-119"/>
      </object_component>
      <object_component id="oc-2d6">
         <name>.text.mpu6050_i2c_sda_unlock</name>
         <load_address>0x4bfc</load_address>
         <readonly>true</readonly>
         <executable>true</executable>
         <run_address>0x4bfc</run_address>
         <size>0x60</size>
         <alignment>0x4</alignment>
         <input_file_ref idref="fl-7"/>
      </object_component>
      <object_component id="oc-295">
         <name>.text.DL_I2C_fillControllerTXFIFO</name>
         <load_address>0x4c5c</load_address>
         <readonly>true</readonly>
         <executable>true</executable>
         <run_address>0x4c5c</run_address>
         <size>0x5e</size>
         <alignment>0x2</alignment>
         <input_file_ref idref="fl-23"/>
      </object_component>
      <object_component id="oc-333">
         <name>.text.frexp</name>
         <load_address>0x4cbc</load_address>
         <readonly>true</readonly>
         <executable>true</executable>
         <run_address>0x4cbc</run_address>
         <size>0x5c</size>
         <alignment>0x4</alignment>
         <input_file_ref idref="fl-55"/>
      </object_component>
      <object_component id="oc-327">
         <name>.text.mspm0_i2c_enable</name>
         <load_address>0x4d18</load_address>
         <readonly>true</readonly>
         <executable>true</executable>
         <run_address>0x4d18</run_address>
         <size>0x5c</size>
         <alignment>0x4</alignment>
         <input_file_ref idref="fl-7"/>
      </object_component>
      <object_component id="oc-294">
         <name>.text.mspm0_i2c_enable</name>
         <load_address>0x4d74</load_address>
         <readonly>true</readonly>
         <executable>true</executable>
         <run_address>0x4d74</run_address>
         <size>0x5c</size>
         <alignment>0x4</alignment>
         <input_file_ref idref="fl-13"/>
      </object_component>
      <object_component id="oc-122">
         <name>.text.printf</name>
         <load_address>0x4dd0</load_address>
         <readonly>true</readonly>
         <executable>true</executable>
         <run_address>0x4dd0</run_address>
         <size>0x5c</size>
         <alignment>0x4</alignment>
         <input_file_ref idref="fl-41"/>
      </object_component>
      <object_component id="oc-10c">
         <name>.text.App_Motor_Init</name>
         <load_address>0x4e2c</load_address>
         <readonly>true</readonly>
         <executable>true</executable>
         <run_address>0x4e2c</run_address>
         <size>0x58</size>
         <alignment>0x4</alignment>
         <input_file_ref idref="fl-f"/>
      </object_component>
      <object_component id="oc-1b5">
         <name>.text.SYSCFG_DL_I2C_MPU6050_init</name>
         <load_address>0x4e84</load_address>
         <readonly>true</readonly>
         <executable>true</executable>
         <run_address>0x4e84</run_address>
         <size>0x58</size>
         <alignment>0x4</alignment>
         <input_file_ref idref="fl-2"/>
      </object_component>
      <object_component id="oc-1b4">
         <name>.text.SYSCFG_DL_I2C_OLED_init</name>
         <load_address>0x4edc</load_address>
         <readonly>true</readonly>
         <executable>true</executable>
         <run_address>0x4edc</run_address>
         <size>0x58</size>
         <alignment>0x4</alignment>
         <input_file_ref idref="fl-2"/>
      </object_component>
      <object_component id="oc-33b">
         <name>.text.__TI_ltoa</name>
         <load_address>0x4f34</load_address>
         <readonly>true</readonly>
         <executable>true</executable>
         <run_address>0x4f34</run_address>
         <size>0x58</size>
         <alignment>0x2</alignment>
         <input_file_ref idref="fl-46"/>
      </object_component>
      <object_component id="oc-315">
         <name>.text._pconv_f</name>
         <load_address>0x4f8c</load_address>
         <readonly>true</readonly>
         <executable>true</executable>
         <run_address>0x4f8c</run_address>
         <size>0x58</size>
         <alignment>0x2</alignment>
         <input_file_ref idref="fl-42"/>
      </object_component>
      <object_component id="oc-35a">
         <name>.text.__aeabi_idivmod</name>
         <load_address>0x4fe4</load_address>
         <readonly>true</readonly>
         <executable>true</executable>
         <run_address>0x4fe4</run_address>
         <size>0x56</size>
         <alignment>0x4</alignment>
         <input_file_ref idref="fl-11a"/>
      </object_component>
      <object_component id="oc-1c6">
         <name>.text.PID_Init_Simple</name>
         <load_address>0x503c</load_address>
         <readonly>true</readonly>
         <executable>true</executable>
         <run_address>0x503c</run_address>
         <size>0x54</size>
         <alignment>0x4</alignment>
         <input_file_ref idref="fl-10"/>
      </object_component>
      <object_component id="oc-345">
         <name>.text._ecpy</name>
         <load_address>0x5090</load_address>
         <readonly>true</readonly>
         <executable>true</executable>
         <run_address>0x5090</run_address>
         <size>0x52</size>
         <alignment>0x2</alignment>
         <input_file_ref idref="fl-42"/>
      </object_component>
      <object_component id="oc-351">
         <name>.text.DL_GPIO_initPeripheralInputFunctionFeatures</name>
         <load_address>0x50e4</load_address>
         <readonly>true</readonly>
         <executable>true</executable>
         <run_address>0x50e4</run_address>
         <size>0x50</size>
         <alignment>0x4</alignment>
         <input_file_ref idref="fl-7"/>
      </object_component>
      <object_component id="oc-2fd">
         <name>.text.DL_GPIO_initPeripheralInputFunctionFeatures</name>
         <load_address>0x5134</load_address>
         <readonly>true</readonly>
         <executable>true</executable>
         <run_address>0x5134</run_address>
         <size>0x50</size>
         <alignment>0x4</alignment>
         <input_file_ref idref="fl-13"/>
      </object_component>
      <object_component id="oc-240">
         <name>.text.DL_GPIO_initPeripheralInputFunctionFeatures</name>
         <load_address>0x5184</load_address>
         <readonly>true</readonly>
         <executable>true</executable>
         <run_address>0x5184</run_address>
         <size>0x50</size>
         <alignment>0x4</alignment>
         <input_file_ref idref="fl-2"/>
      </object_component>
      <object_component id="oc-2d3">
         <name>.text.DL_I2C_startControllerTransfer</name>
         <load_address>0x51d4</load_address>
         <readonly>true</readonly>
         <executable>true</executable>
         <run_address>0x51d4</run_address>
         <size>0x50</size>
         <alignment>0x4</alignment>
         <input_file_ref idref="fl-7"/>
      </object_component>
      <object_component id="oc-298">
         <name>.text.DL_I2C_startControllerTransfer</name>
         <load_address>0x5224</load_address>
         <readonly>true</readonly>
         <executable>true</executable>
         <run_address>0x5224</run_address>
         <size>0x50</size>
         <alignment>0x4</alignment>
         <input_file_ref idref="fl-13"/>
      </object_component>
      <object_component id="oc-1bb">
         <name>.text.SysTick_Config</name>
         <load_address>0x5274</load_address>
         <readonly>true</readonly>
         <executable>true</executable>
         <run_address>0x5274</run_address>
         <size>0x50</size>
         <alignment>0x4</alignment>
         <input_file_ref idref="fl-8"/>
      </object_component>
      <object_component id="oc-34f">
         <name>.text.DL_GPIO_initDigitalInputFeatures</name>
         <load_address>0x52c4</load_address>
         <readonly>true</readonly>
         <executable>true</executable>
         <run_address>0x52c4</run_address>
         <size>0x4c</size>
         <alignment>0x4</alignment>
         <input_file_ref idref="fl-7"/>
      </object_component>
      <object_component id="oc-2fb">
         <name>.text.DL_GPIO_initDigitalInputFeatures</name>
         <load_address>0x5310</load_address>
         <readonly>true</readonly>
         <executable>true</executable>
         <run_address>0x5310</run_address>
         <size>0x4c</size>
         <alignment>0x4</alignment>
         <input_file_ref idref="fl-13"/>
      </object_component>
      <object_component id="oc-243">
         <name>.text.DL_GPIO_initDigitalInputFeatures</name>
         <load_address>0x535c</load_address>
         <readonly>true</readonly>
         <executable>true</executable>
         <run_address>0x535c</run_address>
         <size>0x4c</size>
         <alignment>0x4</alignment>
         <input_file_ref idref="fl-2"/>
      </object_component>
      <object_component id="oc-28a">
         <name>.text.DL_UART_setBaudRateDivisor</name>
         <load_address>0x53a8</load_address>
         <readonly>true</readonly>
         <executable>true</executable>
         <run_address>0x53a8</run_address>
         <size>0x4c</size>
         <alignment>0x4</alignment>
         <input_file_ref idref="fl-2"/>
      </object_component>
      <object_component id="oc-2b7">
         <name>.text.__fixdfsi</name>
         <load_address>0x53f4</load_address>
         <readonly>true</readonly>
         <executable>true</executable>
         <run_address>0x53f4</run_address>
         <size>0x4a</size>
         <alignment>0x4</alignment>
         <input_file_ref idref="fl-10e"/>
      </object_component>
      <object_component id="oc-288">
         <name>.text.DL_UART_init</name>
         <load_address>0x5440</load_address>
         <readonly>true</readonly>
         <executable>true</executable>
         <run_address>0x5440</run_address>
         <size>0x48</size>
         <alignment>0x4</alignment>
         <input_file_ref idref="fl-25"/>
      </object_component>
      <object_component id="oc-290">
         <name>.text.mspm0_i2c_disable</name>
         <load_address>0x5488</load_address>
         <readonly>true</readonly>
         <executable>true</executable>
         <run_address>0x5488</run_address>
         <size>0x48</size>
         <alignment>0x4</alignment>
         <input_file_ref idref="fl-13"/>
      </object_component>
      <object_component id="oc-25c">
         <name>.text.DL_SYSCTL_switchMCLKfromSYSOSCtoHSCLK</name>
         <load_address>0x54d0</load_address>
         <readonly>true</readonly>
         <executable>true</executable>
         <run_address>0x54d0</run_address>
         <size>0x44</size>
         <alignment>0x4</alignment>
         <input_file_ref idref="fl-26"/>
      </object_component>
      <object_component id="oc-323">
         <name>.text.mspm0_i2c_disable</name>
         <load_address>0x5514</load_address>
         <readonly>true</readonly>
         <executable>true</executable>
         <run_address>0x5514</run_address>
         <size>0x44</size>
         <alignment>0x4</alignment>
         <input_file_ref idref="fl-7"/>
      </object_component>
      <object_component id="oc-1b7">
         <name>.text.SYSCFG_DL_DCC101v1_2_init</name>
         <load_address>0x5558</load_address>
         <readonly>true</readonly>
         <executable>true</executable>
         <run_address>0x5558</run_address>
         <size>0x40</size>
         <alignment>0x4</alignment>
         <input_file_ref idref="fl-2"/>
      </object_component>
      <object_component id="oc-1b6">
         <name>.text.SYSCFG_DL_UART_0_init</name>
         <load_address>0x5598</load_address>
         <readonly>true</readonly>
         <executable>true</executable>
         <run_address>0x5598</run_address>
         <size>0x40</size>
         <alignment>0x4</alignment>
         <input_file_ref idref="fl-2"/>
      </object_component>
      <object_component id="oc-208">
         <name>.text.__aeabi_uidivmod</name>
         <load_address>0x55d8</load_address>
         <readonly>true</readonly>
         <executable>true</executable>
         <run_address>0x55d8</run_address>
         <size>0x40</size>
         <alignment>0x4</alignment>
         <input_file_ref idref="fl-11e"/>
      </object_component>
      <object_component id="oc-c3">
         <name>.text.__extendsfdf2</name>
         <load_address>0x5618</load_address>
         <readonly>true</readonly>
         <executable>true</executable>
         <run_address>0x5618</run_address>
         <size>0x40</size>
         <alignment>0x4</alignment>
         <input_file_ref idref="fl-10d"/>
      </object_component>
      <object_component id="oc-30a">
         <name>.text.atoi</name>
         <load_address>0x5658</load_address>
         <readonly>true</readonly>
         <executable>true</executable>
         <run_address>0x5658</run_address>
         <size>0x40</size>
         <alignment>0x4</alignment>
         <input_file_ref idref="fl-48"/>
      </object_component>
      <object_component id="oc-2d8">
         <name>.text.DL_I2C_flushControllerTXFIFO</name>
         <load_address>0x5698</load_address>
         <readonly>true</readonly>
         <executable>true</executable>
         <run_address>0x5698</run_address>
         <size>0x3c</size>
         <alignment>0x4</alignment>
         <input_file_ref idref="fl-23"/>
      </object_component>
      <object_component id="oc-266">
         <name>.text.DL_Timer_setCounterControl</name>
         <load_address>0x56d4</load_address>
         <readonly>true</readonly>
         <executable>true</executable>
         <run_address>0x56d4</run_address>
         <size>0x3c</size>
         <alignment>0x4</alignment>
         <input_file_ref idref="fl-2"/>
      </object_component>
      <object_component id="oc-29c">
         <name>.text.OLED_Set_Pos</name>
         <load_address>0x5710</load_address>
         <readonly>true</readonly>
         <executable>true</executable>
         <run_address>0x5710</run_address>
         <size>0x3c</size>
         <alignment>0x2</alignment>
         <input_file_ref idref="fl-13"/>
      </object_component>
      <object_component id="oc-b3">
         <name>.text.__floatsisf</name>
         <load_address>0x574c</load_address>
         <readonly>true</readonly>
         <executable>true</executable>
         <run_address>0x574c</run_address>
         <size>0x3c</size>
         <alignment>0x4</alignment>
         <input_file_ref idref="fl-111"/>
      </object_component>
      <object_component id="oc-22e">
         <name>.text.__gtsf2</name>
         <load_address>0x5788</load_address>
         <readonly>true</readonly>
         <executable>true</executable>
         <run_address>0x5788</run_address>
         <size>0x3c</size>
         <alignment>0x4</alignment>
         <input_file_ref idref="fl-120"/>
      </object_component>
      <object_component id="oc-144">
         <name>.text:__TI_auto_init_nobinit_nopinit</name>
         <load_address>0x57c4</load_address>
         <readonly>true</readonly>
         <executable>true</executable>
         <run_address>0x57c4</run_address>
         <size>0x3c</size>
         <alignment>0x4</alignment>
         <input_file_ref idref="fl-4f"/>
      </object_component>
      <object_component id="oc-229">
         <name>.text.__eqsf2</name>
         <load_address>0x5800</load_address>
         <readonly>true</readonly>
         <executable>true</executable>
         <run_address>0x5800</run_address>
         <size>0x3a</size>
         <alignment>0x4</alignment>
         <input_file_ref idref="fl-120"/>
      </object_component>
      <object_component id="oc-16b">
         <name>.text.__muldsi3</name>
         <load_address>0x583c</load_address>
         <readonly>true</readonly>
         <executable>true</executable>
         <run_address>0x583c</run_address>
         <size>0x3a</size>
         <alignment>0x4</alignment>
         <input_file_ref idref="fl-109"/>
      </object_component>
      <object_component id="oc-eb">
         <name>.text.__fixsfsi</name>
         <load_address>0x5878</load_address>
         <readonly>true</readonly>
         <executable>true</executable>
         <run_address>0x5878</run_address>
         <size>0x38</size>
         <alignment>0x4</alignment>
         <input_file_ref idref="fl-10f"/>
      </object_component>
      <object_component id="oc-11a">
         <name>.text.sprintf</name>
         <load_address>0x58b0</load_address>
         <readonly>true</readonly>
         <executable>true</executable>
         <run_address>0x58b0</run_address>
         <size>0x38</size>
         <alignment>0x4</alignment>
         <input_file_ref idref="fl-43"/>
      </object_component>
      <object_component id="oc-1dc">
         <name>.text.__floatundisf</name>
         <load_address>0x58e8</load_address>
         <readonly>true</readonly>
         <executable>true</executable>
         <run_address>0x58e8</run_address>
         <size>0x36</size>
         <alignment>0x4</alignment>
         <input_file_ref idref="fl-113"/>
      </object_component>
      <object_component id="oc-1b3">
         <name>.text.SYSCFG_DL_TIMER_xunji_pid_init</name>
         <load_address>0x5920</load_address>
         <readonly>true</readonly>
         <executable>true</executable>
         <run_address>0x5920</run_address>
         <size>0x34</size>
         <alignment>0x4</alignment>
         <input_file_ref idref="fl-2"/>
      </object_component>
      <object_component id="oc-100">
         <name>.text.SYSCFG_DL_init</name>
         <load_address>0x5954</load_address>
         <readonly>true</readonly>
         <executable>true</executable>
         <run_address>0x5954</run_address>
         <size>0x34</size>
         <alignment>0x4</alignment>
         <input_file_ref idref="fl-2"/>
      </object_component>
      <object_component id="oc-2b2">
         <name>.text.fputs</name>
         <load_address>0x5988</load_address>
         <readonly>true</readonly>
         <executable>true</executable>
         <run_address>0x5988</run_address>
         <size>0x32</size>
         <alignment>0x2</alignment>
         <input_file_ref idref="fl-12"/>
      </object_component>
      <object_component id="oc-244">
         <name>.text.DL_GPIO_initDigitalOutputFeatures</name>
         <load_address>0x59bc</load_address>
         <readonly>true</readonly>
         <executable>true</executable>
         <run_address>0x59bc</run_address>
         <size>0x30</size>
         <alignment>0x4</alignment>
         <input_file_ref idref="fl-2"/>
      </object_component>
      <object_component id="oc-39">
         <name>.text.GROUP1_IRQHandler</name>
         <load_address>0x59ec</load_address>
         <readonly>true</readonly>
         <executable>true</executable>
         <run_address>0x59ec</run_address>
         <size>0x30</size>
         <alignment>0x4</alignment>
         <input_file_ref idref="fl-c"/>
      </object_component>
      <object_component id="oc-319">
         <name>.text.__floatundidf</name>
         <load_address>0x5a1c</load_address>
         <readonly>true</readonly>
         <executable>true</executable>
         <run_address>0x5a1c</run_address>
         <size>0x30</size>
         <alignment>0x4</alignment>
         <input_file_ref idref="fl-112"/>
      </object_component>
      <object_component id="oc-346">
         <name>.text._fcpy</name>
         <load_address>0x5a4c</load_address>
         <readonly>true</readonly>
         <executable>true</executable>
         <run_address>0x5a4c</run_address>
         <size>0x30</size>
         <alignment>0x2</alignment>
         <input_file_ref idref="fl-42"/>
      </object_component>
      <object_component id="oc-210">
         <name>.text.mspm0_delay_ms</name>
         <load_address>0x5a7c</load_address>
         <readonly>true</readonly>
         <executable>true</executable>
         <run_address>0x5a7c</run_address>
         <size>0x30</size>
         <alignment>0x4</alignment>
         <input_file_ref idref="fl-8"/>
      </object_component>
      <object_component id="oc-1c4">
         <name>.text.__NVIC_EnableIRQ</name>
         <load_address>0x5aac</load_address>
         <readonly>true</readonly>
         <executable>true</executable>
         <run_address>0x5aac</run_address>
         <size>0x2c</size>
         <alignment>0x4</alignment>
         <input_file_ref idref="fl-a"/>
      </object_component>
      <object_component id="oc-1d0">
         <name>.text.__NVIC_EnableIRQ</name>
         <load_address>0x5ad8</load_address>
         <readonly>true</readonly>
         <executable>true</executable>
         <run_address>0x5ad8</run_address>
         <size>0x2c</size>
         <alignment>0x4</alignment>
         <input_file_ref idref="fl-c"/>
      </object_component>
      <object_component id="oc-113">
         <name>.text.__NVIC_EnableIRQ</name>
         <load_address>0x5b04</load_address>
         <readonly>true</readonly>
         <executable>true</executable>
         <run_address>0x5b04</run_address>
         <size>0x2c</size>
         <alignment>0x4</alignment>
         <input_file_ref idref="fl-1"/>
      </object_component>
      <object_component id="oc-33f">
         <name>.text.__floatsidf</name>
         <load_address>0x5b30</load_address>
         <readonly>true</readonly>
         <executable>true</executable>
         <run_address>0x5b30</run_address>
         <size>0x2c</size>
         <alignment>0x4</alignment>
         <input_file_ref idref="fl-110"/>
      </object_component>
      <object_component id="oc-317">
         <name>.text.__io_putchar</name>
         <load_address>0x5b5c</load_address>
         <readonly>true</readonly>
         <executable>true</executable>
         <run_address>0x5b5c</run_address>
         <size>0x2c</size>
         <alignment>0x4</alignment>
         <input_file_ref idref="fl-12"/>
      </object_component>
      <object_component id="oc-165">
         <name>.text.mspm0_get_clock_ms</name>
         <load_address>0x5b88</load_address>
         <readonly>true</readonly>
         <executable>true</executable>
         <run_address>0x5b88</run_address>
         <size>0x2c</size>
         <alignment>0x4</alignment>
         <input_file_ref idref="fl-8"/>
      </object_component>
      <object_component id="oc-322">
         <name>.text.DL_Common_updateReg</name>
         <load_address>0x5bb4</load_address>
         <readonly>true</readonly>
         <executable>true</executable>
         <run_address>0x5bb4</run_address>
         <size>0x28</size>
         <alignment>0x2</alignment>
         <input_file_ref idref="fl-7"/>
      </object_component>
      <object_component id="oc-300">
         <name>.text.DL_Common_updateReg</name>
         <load_address>0x5bdc</load_address>
         <readonly>true</readonly>
         <executable>true</executable>
         <run_address>0x5bdc</run_address>
         <size>0x28</size>
         <alignment>0x2</alignment>
         <input_file_ref idref="fl-13"/>
      </object_component>
      <object_component id="oc-2e7">
         <name>.text.DL_Common_updateReg</name>
         <load_address>0x5c04</load_address>
         <readonly>true</readonly>
         <executable>true</executable>
         <run_address>0x5c04</run_address>
         <size>0x28</size>
         <alignment>0x2</alignment>
         <input_file_ref idref="fl-2"/>
      </object_component>
      <object_component id="oc-27d">
         <name>.text.DL_I2C_setControllerRXFIFOThreshold</name>
         <load_address>0x5c2c</load_address>
         <readonly>true</readonly>
         <executable>true</executable>
         <run_address>0x5c2c</run_address>
         <size>0x28</size>
         <alignment>0x4</alignment>
         <input_file_ref idref="fl-2"/>
      </object_component>
      <object_component id="oc-27c">
         <name>.text.DL_I2C_setControllerTXFIFOThreshold</name>
         <load_address>0x5c54</load_address>
         <readonly>true</readonly>
         <executable>true</executable>
         <run_address>0x5c54</run_address>
         <size>0x28</size>
         <alignment>0x4</alignment>
         <input_file_ref idref="fl-2"/>
      </object_component>
      <object_component id="oc-5a">
         <name>.text:_c_int00_noargs</name>
         <load_address>0x5c7c</load_address>
         <readonly>true</readonly>
         <executable>true</executable>
         <run_address>0x5c7c</run_address>
         <size>0x28</size>
         <alignment>0x4</alignment>
         <input_file_ref idref="fl-4d"/>
      </object_component>
      <object_component id="oc-278">
         <name>.text.DL_I2C_setAnalogGlitchFilterPulseWidth</name>
         <load_address>0x5ca4</load_address>
         <readonly>true</readonly>
         <executable>true</executable>
         <run_address>0x5ca4</run_address>
         <size>0x26</size>
         <alignment>0x2</alignment>
         <input_file_ref idref="fl-2"/>
      </object_component>
      <object_component id="oc-272">
         <name>.text.DL_I2C_setClockConfig</name>
         <load_address>0x5cca</load_address>
         <readonly>true</readonly>
         <executable>true</executable>
         <run_address>0x5cca</run_address>
         <size>0x26</size>
         <alignment>0x2</alignment>
         <input_file_ref idref="fl-23"/>
      </object_component>
      <object_component id="oc-2ef">
         <name>.text.__floatunsidf</name>
         <load_address>0x5cf0</load_address>
         <readonly>true</readonly>
         <executable>true</executable>
         <run_address>0x5cf0</run_address>
         <size>0x24</size>
         <alignment>0x4</alignment>
         <input_file_ref idref="fl-114"/>
      </object_component>
      <object_component id="oc-156">
         <name>.text.__muldi3</name>
         <load_address>0x5d14</load_address>
         <readonly>true</readonly>
         <executable>true</executable>
         <run_address>0x5d14</run_address>
         <size>0x24</size>
         <alignment>0x4</alignment>
         <input_file_ref idref="fl-116"/>
      </object_component>
      <object_component id="oc-303">
         <name>.text.memccpy</name>
         <load_address>0x5d38</load_address>
         <readonly>true</readonly>
         <executable>true</executable>
         <run_address>0x5d38</run_address>
         <size>0x22</size>
         <alignment>0x2</alignment>
         <input_file_ref idref="fl-4a"/>
      </object_component>
      <object_component id="oc-242">
         <name>.text.DL_GPIO_initPeripheralInputFunction</name>
         <load_address>0x5d5c</load_address>
         <readonly>true</readonly>
         <executable>true</executable>
         <run_address>0x5d5c</run_address>
         <size>0x20</size>
         <alignment>0x4</alignment>
         <input_file_ref idref="fl-2"/>
      </object_component>
      <object_component id="oc-24e">
         <name>.text.DL_SYSCTL_setFlashWaitState</name>
         <load_address>0x5d7c</load_address>
         <readonly>true</readonly>
         <executable>true</executable>
         <run_address>0x5d7c</run_address>
         <size>0x20</size>
         <alignment>0x4</alignment>
         <input_file_ref idref="fl-2"/>
      </object_component>
      <object_component id="oc-10b">
         <name>.text.Encoder_Init</name>
         <load_address>0x5d9c</load_address>
         <readonly>true</readonly>
         <executable>true</executable>
         <run_address>0x5d9c</run_address>
[...]
         <object_component_ref idref="oc-268"/>
      </symbol>
      <symbol id="sm-410">
         <name>DL_Timer_setCaptureCompareOutCtl</name>
         <value>0x6361</value>
         <object_component_ref idref="oc-267"/>
      </symbol>
      <symbol id="sm-411">
         <name>DL_Timer_initFourCCPWMMode</name>
         <value>0x3281</value>
         <object_component_ref idref="oc-265"/>
      </symbol>
      <symbol id="sm-41e">
         <name>DL_UART_init</name>
         <value>0x5441</value>
         <object_component_ref idref="oc-288"/>
      </symbol>
      <symbol id="sm-41f">
         <name>DL_UART_setClockConfig</name>
         <value>0x6639</value>
         <object_component_ref idref="oc-282"/>
      </symbol>
      <symbol id="sm-430">
         <name>DL_SYSCTL_configSYSPLL</name>
         <value>0x3825</value>
         <object_component_ref idref="oc-252"/>
      </symbol>
      <symbol id="sm-431">
         <name>DL_SYSCTL_switchMCLKfromSYSOSCtoHSCLK</name>
         <value>0x54d1</value>
         <object_component_ref idref="oc-25c"/>
      </symbol>
      <symbol id="sm-432">
         <name>DL_SYSCTL_configFCC</name>
         <value>0x5f69</value>
         <object_component_ref idref="oc-2eb"/>
      </symbol>
      <symbol id="sm-44c">
         <name>asin</name>
         <value>0xa91</value>
         <object_component_ref idref="oc-c7"/>
      </symbol>
      <symbol id="sm-44d">
         <name>asinl</name>
         <value>0xa91</value>
         <object_component_ref idref="oc-c7"/>
      </symbol>
      <symbol id="sm-45b">
         <name>atan2</name>
         <value>0x2585</value>
         <object_component_ref idref="oc-d5"/>
      </symbol>
      <symbol id="sm-45c">
         <name>atan2l</name>
         <value>0x2585</value>
         <object_component_ref idref="oc-d5"/>
      </symbol>
      <symbol id="sm-466">
         <name>sqrt</name>
         <value>0x270d</value>
         <object_component_ref idref="oc-181"/>
      </symbol>
      <symbol id="sm-467">
         <name>sqrtl</name>
         <value>0x270d</value>
         <object_component_ref idref="oc-181"/>
      </symbol>
      <symbol id="sm-47e">
         <name>atan</name>
         <value>0xdf5</value>
         <object_component_ref idref="oc-190"/>
      </symbol>
      <symbol id="sm-47f">
         <name>atanl</name>
         <value>0xdf5</value>
         <object_component_ref idref="oc-190"/>
      </symbol>
      <symbol id="sm-490">
         <name>printf</name>
         <value>0x4dd1</value>
         <object_component_ref idref="oc-122"/>
      </symbol>
      <symbol id="sm-4d9">
         <name>__TI_printfi</name>
         <value>0xc1</value>
         <object_component_ref idref="oc-2a7"/>
      </symbol>
      <symbol id="sm-4ea">
         <name>sprintf</name>
         <value>0x58b1</value>
         <object_component_ref idref="oc-11a"/>
      </symbol>
      <symbol id="sm-4f5">
         <name>__aeabi_errno_addr</name>
         <value>0x67dd</value>
         <object_component_ref idref="oc-172"/>
      </symbol>
      <symbol id="sm-4f6">
         <name>__aeabi_errno</name>
         <value>0x20200390</value>
         <object_component_ref idref="oc-212"/>
      </symbol>
      <symbol id="sm-4ff">
         <name>_nop</name>
         <value>0x45f3</value>
         <object_component_ref idref="oc-2a9"/>
      </symbol>
      <symbol id="sm-500">
         <name>_lock</name>
         <value>0x20200394</value>
         <object_component_ref idref="oc-1e0"/>
      </symbol>
      <symbol id="sm-501">
         <name>_unlock</name>
         <value>0x20200398</value>
         <object_component_ref idref="oc-1e6"/>
      </symbol>
      <symbol id="sm-50a">
         <name>__TI_ltoa</name>
         <value>0x4f35</value>
         <object_component_ref idref="oc-33b"/>
      </symbol>
      <symbol id="sm-515">
         <name>atoi</name>
         <value>0x5659</value>
         <object_component_ref idref="oc-30a"/>
      </symbol>
      <symbol id="sm-51a">
         <name>_ftable</name>
         <value>0x20200230</value>
         <object_component_ref idref="oc-1e2"/>
      </symbol>
      <symbol id="sm-523">
         <name>memccpy</name>
         <value>0x5d39</value>
         <object_component_ref idref="oc-303"/>
      </symbol>
      <symbol id="sm-530">
         <name>_c_int00_noargs</name>
         <value>0x5c7d</value>
         <object_component_ref idref="oc-5a"/>
      </symbol>
      <symbol id="sm-531">
         <name>__stack</name>
         <value>0x20207e00</value>
         <object_component_ref idref="oc-1a"/>
      </symbol>
      <symbol id="sm-540">
         <name>__TI_auto_init_nobinit_nopinit</name>
         <value>0x57c5</value>
         <object_component_ref idref="oc-144"/>
      </symbol>
      <symbol id="sm-548">
         <name>_system_pre_init</name>
         <value>0x6841</value>
         <object_component_ref idref="oc-8a"/>
      </symbol>
      <symbol id="sm-553">
         <name>__TI_zero_init_nomemset</name>
         <value>0x64e7</value>
         <object_component_ref idref="oc-51"/>
      </symbol>
      <symbol id="sm-55c">
         <name>__TI_decompress_none</name>
         <value>0x666f</value>
         <object_component_ref idref="oc-20"/>
      </symbol>
      <symbol id="sm-567">
         <name>__TI_decompress_lzss</name>
         <value>0x45f5</value>
         <object_component_ref idref="oc-1c"/>
      </symbol>
      <symbol id="sm-571">
         <name>frexp</name>
         <value>0x4cbd</value>
         <object_component_ref idref="oc-333"/>
      </symbol>
      <symbol id="sm-572">
         <name>frexpl</name>
         <value>0x4cbd</value>
         <object_component_ref idref="oc-333"/>
      </symbol>
      <symbol id="sm-57c">
         <name>scalbn</name>
         <value>0x3901</value>
         <object_component_ref idref="oc-337"/>
      </symbol>
      <symbol id="sm-57d">
         <name>ldexp</name>
         <value>0x3901</value>
         <object_component_ref idref="oc-337"/>
      </symbol>
      <symbol id="sm-57e">
         <name>scalbnl</name>
         <value>0x3901</value>
         <object_component_ref idref="oc-337"/>
      </symbol>
      <symbol id="sm-57f">
         <name>ldexpl</name>
         <value>0x3901</value>
         <object_component_ref idref="oc-337"/>
      </symbol>
      <symbol id="sm-588">
         <name>wcslen</name>
         <value>0x66f1</value>
         <object_component_ref idref="oc-30e"/>
      </symbol>
      <symbol id="sm-58a">
         <name>__aeabi_ctype_table_</name>
         <value>0x7070</value>
         <object_component_ref idref="oc-32c"/>
      </symbol>
      <symbol id="sm-58b">
         <name>__aeabi_ctype_table_C</name>
         <value>0x7070</value>
         <object_component_ref idref="oc-32c"/>
      </symbol>
      <symbol id="sm-595">
         <name>abort</name>
         <value>0x681b</value>
         <object_component_ref idref="oc-13d"/>
      </symbol>
      <symbol id="sm-59e">
         <name>HOSTexit</name>
         <value>0x6825</value>
         <object_component_ref idref="oc-1f0"/>
      </symbol>
      <symbol id="sm-59f">
         <name>C$$EXIT</name>
         <value>0x6824</value>
         <object_component_ref idref="oc-1f0"/>
      </symbol>
      <symbol id="sm-5af">
         <name>__aeabi_fadd</name>
         <value>0x3abb</value>
         <object_component_ref idref="oc-bf"/>
      </symbol>
      <symbol id="sm-5b0">
         <name>__addsf3</name>
         <value>0x3abb</value>
         <object_component_ref idref="oc-bf"/>
      </symbol>
      <symbol id="sm-5b1">
         <name>__aeabi_fsub</name>
         <value>0x3ab1</value>
         <object_component_ref idref="oc-bf"/>
      </symbol>
      <symbol id="sm-5b2">
         <name>__subsf3</name>
         <value>0x3ab1</value>
         <object_component_ref idref="oc-bf"/>
      </symbol>
      <symbol id="sm-5b8">
         <name>__aeabi_dadd</name>
         <value>0x23fb</value>
         <object_component_ref idref="oc-177"/>
      </symbol>
      <symbol id="sm-5b9">
         <name>__adddf3</name>
         <value>0x23fb</value>
         <object_component_ref idref="oc-177"/>
      </symbol>
      <symbol id="sm-5ba">
         <name>__aeabi_dsub</name>
         <value>0x23f1</value>
         <object_component_ref idref="oc-177"/>
      </symbol>
      <symbol id="sm-5bb">
         <name>__subdf3</name>
         <value>0x23f1</value>
         <object_component_ref idref="oc-177"/>
      </symbol>
      <symbol id="sm-5c7">
         <name>__aeabi_dmul</name>
         <value>0x3661</value>
         <object_component_ref idref="oc-cd"/>
      </symbol>
      <symbol id="sm-5c8">
         <name>__muldf3</name>
         <value>0x3661</value>
         <object_component_ref idref="oc-cd"/>
      </symbol>
      <symbol id="sm-5d1">
         <name>__muldsi3</name>
         <value>0x583d</value>
         <object_component_ref idref="oc-16b"/>
      </symbol>
      <symbol id="sm-5d7">
         <name>__aeabi_fmul</name>
         <value>0x42c9</value>
         <object_component_ref idref="oc-bb"/>
      </symbol>
      <symbol id="sm-5d8">
         <name>__mulsf3</name>
         <value>0x42c9</value>
         <object_component_ref idref="oc-bb"/>
      </symbol>
      <symbol id="sm-5de">
         <name>__aeabi_fdiv</name>
         <value>0x4571</value>
         <object_component_ref idref="oc-b7"/>
      </symbol>
      <symbol id="sm-5df">
         <name>__divsf3</name>
         <value>0x4571</value>
         <object_component_ref idref="oc-b7"/>
      </symbol>
      <symbol id="sm-5e5">
         <name>__aeabi_ddiv</name>
         <value>0x306d</value>
         <object_component_ref idref="oc-188"/>
      </symbol>
      <symbol id="sm-5e6">
         <name>__divdf3</name>
         <value>0x306d</value>
         <object_component_ref idref="oc-188"/>
      </symbol>
      <symbol id="sm-5ef">
         <name>__aeabi_f2d</name>
         <value>0x5619</value>
         <object_component_ref idref="oc-c3"/>
      </symbol>
      <symbol id="sm-5f0">
         <name>__extendsfdf2</name>
         <value>0x5619</value>
         <object_component_ref idref="oc-c3"/>
      </symbol>
      <symbol id="sm-5f6">
         <name>__aeabi_d2iz</name>
         <value>0x53f5</value>
         <object_component_ref idref="oc-2b7"/>
      </symbol>
      <symbol id="sm-5f7">
         <name>__fixdfsi</name>
         <value>0x53f5</value>
         <object_component_ref idref="oc-2b7"/>
      </symbol>
      <symbol id="sm-5fd">
         <name>__aeabi_f2iz</name>
         <value>0x5879</value>
         <object_component_ref idref="oc-eb"/>
      </symbol>
      <symbol id="sm-5fe">
         <name>__fixsfsi</name>
         <value>0x5879</value>
         <object_component_ref idref="oc-eb"/>
      </symbol>
      <symbol id="sm-604">
         <name>__aeabi_i2d</name>
         <value>0x5b31</value>
         <object_component_ref idref="oc-33f"/>
      </symbol>
      <symbol id="sm-605">
         <name>__floatsidf</name>
         <value>0x5b31</value>
         <object_component_ref idref="oc-33f"/>
      </symbol>
      <symbol id="sm-60b">
         <name>__aeabi_i2f</name>
         <value>0x574d</value>
         <object_component_ref idref="oc-b3"/>
      </symbol>
      <symbol id="sm-60c">
         <name>__floatsisf</name>
         <value>0x574d</value>
         <object_component_ref idref="oc-b3"/>
      </symbol>
      <symbol id="sm-612">
         <name>__aeabi_ul2d</name>
         <value>0x5a1d</value>
         <object_component_ref idref="oc-319"/>
      </symbol>
      <symbol id="sm-613">
         <name>__floatundidf</name>
         <value>0x5a1d</value>
         <object_component_ref idref="oc-319"/>
      </symbol>
      <symbol id="sm-619">
         <name>__aeabi_ul2f</name>
         <value>0x58e9</value>
         <object_component_ref idref="oc-1dc"/>
      </symbol>
      <symbol id="sm-61a">
         <name>__floatundisf</name>
         <value>0x58e9</value>
         <object_component_ref idref="oc-1dc"/>
      </symbol>
      <symbol id="sm-620">
         <name>__aeabi_ui2d</name>
         <value>0x5cf1</value>
         <object_component_ref idref="oc-2ef"/>
      </symbol>
      <symbol id="sm-621">
         <name>__floatunsidf</name>
         <value>0x5cf1</value>
         <object_component_ref idref="oc-2ef"/>
      </symbol>
      <symbol id="sm-627">
         <name>__aeabi_lmul</name>
         <value>0x5d15</value>
         <object_component_ref idref="oc-156"/>
      </symbol>
      <symbol id="sm-628">
         <name>__muldi3</name>
         <value>0x5d15</value>
         <object_component_ref idref="oc-156"/>
      </symbol>
      <symbol id="sm-62f">
         <name>__aeabi_d2f</name>
         <value>0x47d1</value>
         <object_component_ref idref="oc-d1"/>
      </symbol>
      <symbol id="sm-630">
         <name>__truncdfsf2</name>
         <value>0x47d1</value>
         <object_component_ref idref="oc-d1"/>
      </symbol>
      <symbol id="sm-636">
         <name>__aeabi_dcmpeq</name>
         <value>0x4b35</value>
         <object_component_ref idref="oc-17b"/>
      </symbol>
      <symbol id="sm-637">
         <name>__aeabi_dcmplt</name>
         <value>0x4b49</value>
         <object_component_ref idref="oc-17b"/>
      </symbol>
      <symbol id="sm-638">
         <name>__aeabi_dcmple</name>
         <value>0x4b5d</value>
         <object_component_ref idref="oc-17b"/>
      </symbol>
      <symbol id="sm-639">
         <name>__aeabi_dcmpge</name>
         <value>0x4b71</value>
         <object_component_ref idref="oc-17b"/>
      </symbol>
      <symbol id="sm-63a">
         <name>__aeabi_dcmpgt</name>
         <value>0x4b85</value>
         <object_component_ref idref="oc-17b"/>
      </symbol>
      <symbol id="sm-640">
         <name>__aeabi_fcmpeq</name>
         <value>0x4b99</value>
         <object_component_ref idref="oc-19d"/>
      </symbol>
      <symbol id="sm-641">
         <name>__aeabi_fcmplt</name>
         <value>0x4bad</value>
         <object_component_ref idref="oc-19d"/>
      </symbol>
      <symbol id="sm-642">
         <name>__aeabi_fcmple</name>
         <value>0x4bc1</value>
         <object_component_ref idref="oc-19d"/>
      </symbol>
      <symbol id="sm-643">
         <name>__aeabi_fcmpge</name>
         <value>0x4bd5</value>
         <object_component_ref idref="oc-19d"/>
      </symbol>
      <symbol id="sm-644">
         <name>__aeabi_fcmpgt</name>
         <value>0x4be9</value>
         <object_component_ref idref="oc-19d"/>
      </symbol>
      <symbol id="sm-64a">
         <name>__aeabi_idiv</name>
         <value>0x4fe5</value>
         <object_component_ref idref="oc-35a"/>
      </symbol>
      <symbol id="sm-64b">
         <name>__aeabi_idivmod</name>
         <value>0x4fe5</value>
         <object_component_ref idref="oc-35a"/>
      </symbol>
      <symbol id="sm-651">
         <name>__aeabi_memcpy</name>
         <value>0x67e5</value>
         <object_component_ref idref="oc-4a"/>
      </symbol>
      <symbol id="sm-652">
         <name>__aeabi_memcpy4</name>
         <value>0x67e5</value>
         <object_component_ref idref="oc-4a"/>
      </symbol>
      <symbol id="sm-653">
         <name>__aeabi_memcpy8</name>
         <value>0x67e5</value>
         <object_component_ref idref="oc-4a"/>
      </symbol>
      <symbol id="sm-65a">
         <name>__aeabi_memset</name>
         <value>0x6701</value>
         <object_component_ref idref="oc-302"/>
      </symbol>
      <symbol id="sm-65b">
         <name>__aeabi_memset4</name>
         <value>0x6701</value>
         <object_component_ref idref="oc-302"/>
      </symbol>
      <symbol id="sm-65c">
         <name>__aeabi_memset8</name>
         <value>0x6701</value>
         <object_component_ref idref="oc-302"/>
      </symbol>
      <symbol id="sm-662">
         <name>__aeabi_uidiv</name>
         <value>0x55d9</value>
         <object_component_ref idref="oc-208"/>
      </symbol>
      <symbol id="sm-663">
         <name>__aeabi_uidivmod</name>
         <value>0x55d9</value>
         <object_component_ref idref="oc-208"/>
      </symbol>
      <symbol id="sm-669">
         <name>__aeabi_uldivmod</name>
         <value>0x65ed</value>
         <object_component_ref idref="oc-15a"/>
      </symbol>
      <symbol id="sm-672">
         <name>__eqsf2</name>
         <value>0x5801</value>
         <object_component_ref idref="oc-229"/>
      </symbol>
      <symbol id="sm-673">
         <name>__lesf2</name>
         <value>0x5801</value>
         <object_component_ref idref="oc-229"/>
      </symbol>
      <symbol id="sm-674">
         <name>__ltsf2</name>
         <value>0x5801</value>
         <object_component_ref idref="oc-229"/>
      </symbol>
      <symbol id="sm-675">
         <name>__nesf2</name>
         <value>0x5801</value>
         <object_component_ref idref="oc-229"/>
      </symbol>
      <symbol id="sm-676">
         <name>__cmpsf2</name>
         <value>0x5801</value>
         <object_component_ref idref="oc-229"/>
      </symbol>
      <symbol id="sm-677">
         <name>__gtsf2</name>
         <value>0x5789</value>
         <object_component_ref idref="oc-22e"/>
      </symbol>
      <symbol id="sm-678">
         <name>__gesf2</name>
         <value>0x5789</value>
         <object_component_ref idref="oc-22e"/>
      </symbol>
      <symbol id="sm-67e">
         <name>__udivmoddi4</name>
         <value>0x3f39</value>
         <object_component_ref idref="oc-1fe"/>
      </symbol>
      <symbol id="sm-684">
         <name>__aeabi_llsl</name>
         <value>0x5ddd</value>
         <object_component_ref idref="oc-2cb"/>
      </symbol>
      <symbol id="sm-685">
         <name>__ashldi3</name>
         <value>0x5ddd</value>
         <object_component_ref idref="oc-2cb"/>
      </symbol>
      <symbol id="sm-693">
         <name>__ledf2</name>
         <value>0x4a01</value>
         <object_component_ref idref="oc-217"/>
      </symbol>
      <symbol id="sm-694">
         <name>__gedf2</name>
         <value>0x475d</value>
         <object_component_ref idref="oc-21d"/>
      </symbol>
      <symbol id="sm-695">
         <name>__cmpdf2</name>
         <value>0x4a01</value>
         <object_component_ref idref="oc-217"/>
      </symbol>
      <symbol id="sm-696">
         <name>__eqdf2</name>
         <value>0x4a01</value>
         <object_component_ref idref="oc-217"/>
      </symbol>
      <symbol id="sm-697">
         <name>__ltdf2</name>
         <value>0x4a01</value>
         <object_component_ref idref="oc-217"/>
      </symbol>
      <symbol id="sm-698">
         <name>__nedf2</name>
         <value>0x4a01</value>
         <object_component_ref idref="oc-217"/>
      </symbol>
      <symbol id="sm-699">
         <name>__gtdf2</name>
         <value>0x475d</value>
         <object_component_ref idref="oc-21d"/>
      </symbol>
      <symbol id="sm-6a6">
         <name>__aeabi_idiv0</name>
         <value>0x2583</value>
         <object_component_ref idref="oc-2db"/>
      </symbol>
      <symbol id="sm-6a7">
         <name>__aeabi_ldiv0</name>
         <value>0x3fdb</value>
         <object_component_ref idref="oc-2c5"/>
      </symbol>
      <symbol id="sm-6b0">
         <name>TI_memcpy_small</name>
         <value>0x665d</value>
         <object_component_ref idref="oc-f6"/>
      </symbol>
      <symbol id="sm-6b9">
         <name>TI_memset_small</name>
         <value>0x671d</value>
         <object_component_ref idref="oc-1a9"/>
      </symbol>
      <symbol id="sm-6ba">
         <name>__TI_static_base__</name>
         <value>0x0</value>
      </symbol>
      <symbol id="sm-6be">
         <name>__mpu_init</name>
         <value>0x0</value>
      </symbol>
      <symbol id="sm-6bf">
         <name>_system_post_cinit</name>
         <value>0x0</value>
      </symbol>
   </symbol_table>
   <title>Link successful</title>
</link_info>
