******************************************************************************
            TI ARM Clang Linker PC v4.0.4                      
******************************************************************************
>> Linked Thu Jul  2 22:10:54 2026

OUTPUT FILE NAME:   <xunji_demo.out>
ENTRY POINT SYMBOL: "_c_int00_noargs"  address: 00005c7d


MEMORY CONFIGURATION

         name            origin    length      used     unused   attr    fill
----------------------  --------  ---------  --------  --------  ----  --------
  FLASH                 00000000   00020000  00007318  00018ce8  R  X
  SRAM                  20200000   00008000  000005a7  00007a59  RW X
  BCR_CONFIG            41c00000   000000ff  00000000  000000ff  R   
  BSL_CONFIG            41c00100   00000080  00000000  00000080  R   


SEGMENT ALLOCATION MAP

run origin  load origin   length   init length attrs members
----------  ----------- ---------- ----------- ----- -------
00000000    00000000    00007318   00007318    r-x
  00000000    00000000    000000c0   000000c0    r-- .intvecs
  000000c0    000000c0    00006790   00006790    r-x .text
  00006850    00006850    00000a60   00000a60    r-- .rodata
  000072b0    000072b0    00000068   00000068    r-- .cinit
20200000    20200000    000003ad   00000000    rw-
  20200000    20200000    0000022a   00000000    rw- .bss
  20200230    20200230    0000017d   00000000    rw- .data
20207e00    20207e00    00000200   00000000    rw-
  20207e00    20207e00    00000200   00000000    rw- .stack


SECTION ALLOCATION MAP

 output                                  attributes/
section   page    origin      length       input sections
--------  ----  ----------  ----------   ----------------
.intvecs   0    00000000    000000c0     
                  00000000    000000c0     startup_mspm0g350x_ticlang.o (.intvecs)

.text      0    000000c0    00006790     
                  000000c0    000009d0     libc.a : _printfi.c.obj (.text:__TI_printfi)
                  00000a90    00000364            : e_asin.c.obj (.text.asin)
                  00000df4    000002f8            : s_atan.c.obj (.text.atan)
                  000010ec    000002c4     main.o (.text.main)
                  000013b0    0000024c     ti_msp_dl_config.o (.text.SYSCFG_DL_GPIO_init)
                  000015fc    0000022c     mpu6050.o (.text.Read_Quad)
                  00001828    0000022c     inv_mpu.o (.text.mpu_reset_fifo)
                  00001a54    00000220     libc.a : _printfi.c.obj (.text._pconv_a)
                  00001c74    000001f4     inv_mpu_dmp_motion_driver.o (.text.dmp_read_fifo)
                  00001e68    000001ec     encoder.o (.text.Encodering)
                  00002054    000001dc     libc.a : _printfi.c.obj (.text._pconv_g)
                  00002230    000001c0     pid.o (.text.PID_Compute1)
                  000023f0    00000192     libclang_rt.builtins.a : adddf3.S.obj (.text.adddf3_subdf3)
                  00002582    00000002                            : aeabi_div0.c.obj (.text.__aeabi_idiv0)
                  00002584    00000188     libc.a : e_atan2.c.obj (.text.atan2)
                  0000270c    00000170            : e_sqrt.c.obj (.text.sqrt)
                  0000287c    0000013c            : _printfi.c.obj (.text.fcvt)
                  000029b8    00000134     mspm0_i2c.o (.text.mspm0_i2c_read)
                  00002aec    00000120     libc.a : _printfi.c.obj (.text._pconv_e)
                  00002c0c    0000011c     encoder.o (.text.GetSpeed_L)
                  00002d28    0000011c     encoder.o (.text.GetSpeed_R)
                  00002e44    00000118     oled_hardware_i2c.o (.text.OLED_ShowChar)
                  00002f5c    00000110     oled_hardware_i2c.o (.text.OLED_Init)
                  0000306c    0000010c     libclang_rt.builtins.a : divdf3.S.obj (.text.__divdf3)
                  00003178    00000108     inv_mpu.o (.text.mpu_read_fifo_stream)
                  00003280    00000104     driverlib.a : dl_timer.o (.text.DL_Timer_initFourCCPWMMode)
                  00003384    000000fc                 : dl_timer.o (.text.DL_Timer_initTimerMode)
                  00003480    000000f4     sensor.o (.text.Get_error)
                  00003574    000000ec     ti_msp_dl_config.o (.text.SYSCFG_DL_SYSCTL_SYSPLL_init)
                  00003660    000000e4     libclang_rt.builtins.a : muldf3.S.obj (.text.__muldf3)
                  00003744    000000e0     main.o (.text.renwu)
                  00003824    000000dc     driverlib.a : dl_sysctl_mspm0g1x0x_g3x0x.o (.text.DL_SYSCTL_configSYSPLL)
                  00003900    000000d8     libc.a : s_scalbn.c.obj (.text.scalbn)
                  000039d8    000000d8     control.o (.text.xunji_Proc)
                  00003ab0    000000d8     libclang_rt.builtins.a : addsf3.S.obj (.text)
                  00003b88    000000c8     control.o (.text.Motor_Different_Position_PID)
                  00003c50    000000c4     mspm0_i2c.o (.text.mspm0_i2c_write)
                  00003d14    000000bc     key.o (.text.Key_GetNum)
                  00003dd0    000000b8     motor.o (.text.App_PWM_Set_L)
                  00003e88    000000b0     motor.o (.text.App_PWM_Set_R)
                  00003f38    000000a2     libclang_rt.builtins.a : udivmoddi4.S.obj (.text)
                  00003fda    00000002                            : aeabi_div0.c.obj (.text.__aeabi_ldiv0)
                  00003fdc    000000a0     ti_msp_dl_config.o (.text.SYSCFG_DL_initPower)
                  0000407c    0000009c     main.o (.text.TIMG8_IRQHandler)
                  00004118    00000098     oled_hardware_i2c.o (.text.OLED_WR_Byte)
                  000041b0    0000008c     motor.o (.text.App_Motor_Proc)
                  0000423c    0000008c     ti_msp_dl_config.o (.text.SYSCFG_DL_PWM_0_init)
                  000042c8    0000008c     libclang_rt.builtins.a : mulsf3.S.obj (.text.__mulsf3)
                  00004354    0000008c     inv_mpu_dmp_motion_driver.o (.text.decode_gesture)
                  000043e0    00000088     lpf.o (.text.LPF_Calc)
                  00004468    00000084     clock.o (.text.__NVIC_SetPriority)
                  000044ec    00000084     ti_msp_dl_config.o (.text.__NVIC_SetPriority)
                  00004570    00000082     libclang_rt.builtins.a : divsf3.S.obj (.text.__divsf3)
                  000045f2    00000002     libc.a : _lock.c.obj (.text._nop)
                  000045f4    0000007c            : copy_decompress_lzss.c.obj (.text:decompress:lzss)
                  00004670    00000078     key.o (.text.key_work)
                  000046e8    00000074     control.o (.text.Position_Adjust)
                  0000475c    00000074     libclang_rt.builtins.a : comparedf2.c.obj (.text.__gedf2)
                  000047d0    00000074                            : truncdfsf2.S.obj (.text.__truncdfsf2)
                  00004844    00000070     oled_hardware_i2c.o (.text.OLED_ShowString)
                  000048b4    00000070     ti_msp_dl_config.o (.text.SYSCFG_DL_SYSCTL_init)
                  00004924    00000070     clock.o (.text.mspm0_get_clock_us_now)
                  00004994    0000006a     oled_hardware_i2c.o (.text.OLED_Clear)
                  000049fe    00000002     --HOLE-- [fill = 0]
                  00004a00    00000068     libclang_rt.builtins.a : comparedf2.c.obj (.text.__ledf2)
                  00004a68    00000066     libc.a : _printfi.c.obj (.text._mcpy)
                  00004ace    00000002     --HOLE-- [fill = 0]
                  00004ad0    00000064     oled_hardware_i2c.o (.text.oled_i2c_sda_unlock)
                  00004b34    00000062     libclang_rt.builtins.a : aeabi_dcmp.S.obj (.text.__aeabi_dcmp)
                  00004b96    00000002     --HOLE-- [fill = 0]
                  00004b98    00000062                            : aeabi_fcmp.S.obj (.text.__aeabi_fcmp)
                  00004bfa    00000002     --HOLE-- [fill = 0]
                  00004bfc    00000060     mspm0_i2c.o (.text.mpu6050_i2c_sda_unlock)
                  00004c5c    0000005e     driverlib.a : dl_i2c.o (.text.DL_I2C_fillControllerTXFIFO)
                  00004cba    00000002     --HOLE-- [fill = 0]
                  00004cbc    0000005c     libc.a : s_frexp.c.obj (.text.frexp)
                  00004d18    0000005c     mspm0_i2c.o (.text.mspm0_i2c_enable)
                  00004d74    0000005c     oled_hardware_i2c.o (.text.mspm0_i2c_enable)
                  00004dd0    0000005c     libc.a : printf.c.obj (.text.printf)
                  00004e2c    00000058     motor.o (.text.App_Motor_Init)
                  00004e84    00000058     ti_msp_dl_config.o (.text.SYSCFG_DL_I2C_MPU6050_init)
                  00004edc    00000058     ti_msp_dl_config.o (.text.SYSCFG_DL_I2C_OLED_init)
                  00004f34    00000058     libc.a : _ltoa.c.obj (.text.__TI_ltoa)
                  00004f8c    00000058            : _printfi.c.obj (.text._pconv_f)
                  00004fe4    00000056     libclang_rt.builtins.a : aeabi_idivmod.S.obj (.text.__aeabi_idivmod)
                  0000503a    00000002     --HOLE-- [fill = 0]
                  0000503c    00000054     pid.o (.text.PID_Init_Simple)
                  00005090    00000052     libc.a : _printfi.c.obj (.text._ecpy)
                  000050e2    00000002     --HOLE-- [fill = 0]
                  000050e4    00000050     mspm0_i2c.o (.text.DL_GPIO_initPeripheralInputFunctionFeatures)
                  00005134    00000050     oled_hardware_i2c.o (.text.DL_GPIO_initPeripheralInputFunctionFeatures)
                  00005184    00000050     ti_msp_dl_config.o (.text.DL_GPIO_initPeripheralInputFunctionFeatures)
                  000051d4    00000050     mspm0_i2c.o (.text.DL_I2C_startControllerTransfer)
                  00005224    00000050     oled_hardware_i2c.o (.text.DL_I2C_startControllerTransfer)
                  00005274    00000050     clock.o (.text.SysTick_Config)
                  000052c4    0000004c     mspm0_i2c.o (.text.DL_GPIO_initDigitalInputFeatures)
                  00005310    0000004c     oled_hardware_i2c.o (.text.DL_GPIO_initDigitalInputFeatures)
                  0000535c    0000004c     ti_msp_dl_config.o (.text.DL_GPIO_initDigitalInputFeatures)
                  000053a8    0000004c     ti_msp_dl_config.o (.text.DL_UART_setBaudRateDivisor)
                  000053f4    0000004a     libclang_rt.builtins.a : fixdfsi.S.obj (.text.__fixdfsi)
                  0000543e    00000002     --HOLE-- [fill = 0]
                  00005440    00000048     driverlib.a : dl_uart.o (.text.DL_UART_init)
                  00005488    00000048     oled_hardware_i2c.o (.text.mspm0_i2c_disable)
                  000054d0    00000044     driverlib.a : dl_sysctl_mspm0g1x0x_g3x0x.o (.text.DL_SYSCTL_switchMCLKfromSYSOSCtoHSCLK)
                  00005514    00000044     mspm0_i2c.o (.text.mspm0_i2c_disable)
                  00005558    00000040     ti_msp_dl_config.o (.text.SYSCFG_DL_DCC101v1_2_init)
                  00005598    00000040     ti_msp_dl_config.o (.text.SYSCFG_DL_UART_0_init)
                  000055d8    00000040     libclang_rt.builtins.a : aeabi_uidivmod.S.obj (.text.__aeabi_uidivmod)
                  00005618    00000040                            : extendsfdf2.S.obj (.text.__extendsfdf2)
                  00005658    00000040     libc.a : atoi.c.obj (.text.atoi)
                  00005698    0000003c     driverlib.a : dl_i2c.o (.text.DL_I2C_flushControllerTXFIFO)
                  000056d4    0000003c     ti_msp_dl_config.o (.text.DL_Timer_setCounterControl)
                  00005710    0000003c     oled_hardware_i2c.o (.text.OLED_Set_Pos)
                  0000574c    0000003c     libclang_rt.builtins.a : floatsisf.S.obj (.text.__floatsisf)
                  00005788    0000003c                            : comparesf2.S.obj (.text.__gtsf2)
                  000057c4    0000003c     libc.a : autoinit.c.obj (.text:__TI_auto_init_nobinit_nopinit)
                  00005800    0000003a     libclang_rt.builtins.a : comparesf2.S.obj (.text.__eqsf2)
                  0000583a    00000002     --HOLE-- [fill = 0]
                  0000583c    0000003a                            : muldsi3.S.obj (.text.__muldsi3)
                  00005876    00000002     --HOLE-- [fill = 0]
                  00005878    00000038                            : fixsfsi.S.obj (.text.__fixsfsi)
                  000058b0    00000038     libc.a : sprintf.c.obj (.text.sprintf)
                  000058e8    00000036     libclang_rt.builtins.a : floatundisf.S.obj (.text.__floatundisf)
                  0000591e    00000002     --HOLE-- [fill = 0]
                  00005920    00000034     ti_msp_dl_config.o (.text.SYSCFG_DL_TIMER_xunji_pid_init)
                  00005954    00000034     ti_msp_dl_config.o (.text.SYSCFG_DL_init)
                  00005988    00000032     sys.o (.text.fputs)
                  000059ba    00000002     --HOLE-- [fill = 0]
                  000059bc    00000030     ti_msp_dl_config.o (.text.DL_GPIO_initDigitalOutputFeatures)
                  000059ec    00000030     interrupt.o (.text.GROUP1_IRQHandler)
                  00005a1c    00000030     libclang_rt.builtins.a : floatundidf.S.obj (.text.__floatundidf)
                  00005a4c    00000030     libc.a : _printfi.c.obj (.text._fcpy)
                  00005a7c    00000030     clock.o (.text.mspm0_delay_ms)
                  00005aac    0000002c     encoder.o (.text.__NVIC_EnableIRQ)
                  00005ad8    0000002c     interrupt.o (.text.__NVIC_EnableIRQ)
                  00005b04    0000002c     main.o (.text.__NVIC_EnableIRQ)
                  00005b30    0000002c     libclang_rt.builtins.a : floatsidf.S.obj (.text.__floatsidf)
                  00005b5c    0000002c     sys.o (.text.__io_putchar)
                  00005b88    0000002c     clock.o (.text.mspm0_get_clock_ms)
                  00005bb4    00000028     mspm0_i2c.o (.text.DL_Common_updateReg)
                  00005bdc    00000028     oled_hardware_i2c.o (.text.DL_Common_updateReg)
                  00005c04    00000028     ti_msp_dl_config.o (.text.DL_Common_updateReg)
                  00005c2c    00000028     ti_msp_dl_config.o (.text.DL_I2C_setControllerRXFIFOThreshold)
                  00005c54    00000028     ti_msp_dl_config.o (.text.DL_I2C_setControllerTXFIFOThreshold)
                  00005c7c    00000028     libc.a : boot_cortex_m.c.obj (.text:_c_int00_noargs)
                  00005ca4    00000026     ti_msp_dl_config.o (.text.DL_I2C_setAnalogGlitchFilterPulseWidth)
                  00005cca    00000026     driverlib.a : dl_i2c.o (.text.DL_I2C_setClockConfig)
                  00005cf0    00000024     libclang_rt.builtins.a : floatunsidf.S.obj (.text.__floatunsidf)
                  00005d14    00000024                            : muldi3.S.obj (.text.__muldi3)
                  00005d38    00000022     libc.a : memccpy.c.obj (.text.memccpy)
                  00005d5a    00000002     --HOLE-- [fill = 0]
                  00005d5c    00000020     ti_msp_dl_config.o (.text.DL_GPIO_initPeripheralInputFunction)
                  00005d7c    00000020     ti_msp_dl_config.o (.text.DL_SYSCTL_setFlashWaitState)
                  00005d9c    00000020     encoder.o (.text.Encoder_Init)
                  00005dbc    0000001e     ti_msp_dl_config.o (.text.DL_UART_setOversampling)
                  00005dda    00000002     --HOLE-- [fill = 0]
                  00005ddc    0000001e     libclang_rt.builtins.a : ashldi3.S.obj (.text.__ashldi3)
                  00005dfa    00000002     --HOLE-- [fill = 0]
                  00005dfc    0000001c     encoder.o (.text.DL_GPIO_clearInterruptStatus)
                  00005e18    0000001c     ti_msp_dl_config.o (.text.DL_GPIO_clearInterruptStatus)
                  00005e34    0000001c     mspm0_i2c.o (.text.DL_GPIO_enableHiZ)
                  00005e50    0000001c     oled_hardware_i2c.o (.text.DL_GPIO_enableHiZ)
                  00005e6c    0000001c     ti_msp_dl_config.o (.text.DL_GPIO_enableHiZ)
                  00005e88    0000001c     ti_msp_dl_config.o (.text.DL_GPIO_enableInterrupt)
                  00005ea4    0000001c     ti_msp_dl_config.o (.text.DL_GPIO_initPeripheralOutputFunction)
                  00005ec0    0000001c     ti_msp_dl_config.o (.text.DL_GPIO_setLowerPinsInputFilter)
                  00005edc    0000001c     ti_msp_dl_config.o (.text.DL_GPIO_setLowerPinsPolarity)
                  00005ef8    0000001c     ti_msp_dl_config.o (.text.DL_GPIO_setUpperPinsInputFilter)
                  00005f14    0000001c     oled_hardware_i2c.o (.text.DL_I2C_getSDAStatus)
                  00005f30    0000001c     mspm0_i2c.o (.text.DL_I2C_isControllerRXFIFOEmpty)
                  00005f4c    0000001c     interrupt.o (.text.DL_Interrupt_getPendingGroup)
                  00005f68    0000001c     driverlib.a : dl_sysctl_mspm0g1x0x_g3x0x.o (.text.DL_SYSCTL_configFCC)
                  00005f84    0000001c     ti_msp_dl_config.o (.text.DL_SYSCTL_setFCCPeriods)
                  00005fa0    0000001c     ti_msp_dl_config.o (.text.DL_SYSCTL_setSYSOSCFreq)
                  00005fbc    0000001c     ti_msp_dl_config.o (.text.DL_SYSCTL_setULPCLKDivider)
                  00005fd8    0000001c     ti_msp_dl_config.o (.text.DL_Timer_enableInterrupt)
                  00005ff4    0000001c     driverlib.a : dl_timer.o (.text.DL_Timer_setCaptCompUpdateMethod)
                  00006010    0000001c                 : dl_timer.o (.text.DL_Timer_setClockConfig)
                  0000602c    0000001c     interrupt.o (.text.Interrupt_Init)
                  00006048    00000018     motor.o (.text.App_Motor_SetOmega_L)
                  00006060    00000018     motor.o (.text.App_Motor_SetOmega_R)
                  00006078    00000018     mspm0_i2c.o (.text.DL_GPIO_enableOutput)
                  00006090    00000018     oled_hardware_i2c.o (.text.DL_GPIO_enableOutput)
                  000060a8    00000018     ti_msp_dl_config.o (.text.DL_GPIO_enableOutput)
                  000060c0    00000018     ti_msp_dl_config.o (.text.DL_GPIO_enablePower)
                  000060d8    00000018     encoder.o (.text.DL_GPIO_getEnabledInterruptStatus)
                  000060f0    00000018     mspm0_i2c.o (.text.DL_GPIO_initDigitalOutput)
                  00006108    00000018     oled_hardware_i2c.o (.text.DL_GPIO_initDigitalOutput)
                  00006120    00000018     ti_msp_dl_config.o (.text.DL_GPIO_initDigitalOutput)
                  00006138    00000018     ti_msp_dl_config.o (.text.DL_GPIO_reset)
                  00006150    00000018     main.o (.text.DL_GPIO_setPins)
                  00006168    00000018     motor.o (.text.DL_GPIO_setPins)
                  00006180    00000018     mspm0_i2c.o (.text.DL_GPIO_setPins)
                  00006198    00000018     oled_hardware_i2c.o (.text.DL_GPIO_setPins)
                  000061b0    00000018     ti_msp_dl_config.o (.text.DL_GPIO_setUpperPinsPolarity)
                  000061c8    00000018     mspm0_i2c.o (.text.DL_I2C_clearInterruptStatus)
                  000061e0    00000018     oled_hardware_i2c.o (.text.DL_I2C_clearInterruptStatus)
                  000061f8    00000018     ti_msp_dl_config.o (.text.DL_I2C_enableAnalogGlitchFilter)
                  00006210    00000018     ti_msp_dl_config.o (.text.DL_I2C_enableController)
                  00006228    00000018     ti_msp_dl_config.o (.text.DL_I2C_enableControllerClockStretching)
                  00006240    00000018     mspm0_i2c.o (.text.DL_I2C_enablePower)
                  00006258    00000018     oled_hardware_i2c.o (.text.DL_I2C_enablePower)
                  00006270    00000018     ti_msp_dl_config.o (.text.DL_I2C_enablePower)
                  00006288    00000018     mspm0_i2c.o (.text.DL_I2C_getRawInterruptStatus)
                  000062a0    00000018     oled_hardware_i2c.o (.text.DL_I2C_getRawInterruptStatus)
                  000062b8    00000018     mspm0_i2c.o (.text.DL_I2C_reset)
                  000062d0    00000018     oled_hardware_i2c.o (.text.DL_I2C_reset)
                  000062e8    00000018     ti_msp_dl_config.o (.text.DL_I2C_reset)
                  00006300    00000018     ti_msp_dl_config.o (.text.DL_I2C_setTimerPeriod)
                  00006318    00000018     ti_msp_dl_config.o (.text.DL_SYSCTL_setBORThreshold)
                  00006330    00000018     ti_msp_dl_config.o (.text.DL_Timer_enablePower)
                  00006348    00000018     ti_msp_dl_config.o (.text.DL_Timer_reset)
                  00006360    00000018     driverlib.a : dl_timer.o (.text.DL_Timer_setCaptureCompareOutCtl)
                  00006378    00000018     encoder.o (.text.DL_Timer_startCounter)
                  00006390    00000018     ti_msp_dl_config.o (.text.DL_UART_enablePower)
                  000063a8    00000018     sys.o (.text.DL_UART_isBusy)
                  000063c0    00000018     ti_msp_dl_config.o (.text.DL_UART_reset)
                  000063d8    00000018     pid.o (.text.PID_LimitConfig)
                  000063f0    00000018     clock.o (.text.SysTick_Init)
                  00006408    00000018     libc.a : sprintf.c.obj (.text._outs)
                  00006420    00000016     encoder.o (.text.DL_GPIO_readPins)
                  00006436    00000016     key.o (.text.DL_GPIO_readPins)
                  0000644c    00000016     main.o (.text.DL_GPIO_readPins)
                  00006462    00000016     mspm0_i2c.o (.text.DL_GPIO_readPins)
                  00006478    00000016     oled_hardware_i2c.o (.text.DL_GPIO_readPins)
                  0000648e    00000016     sensor.o (.text.DL_GPIO_readPins)
                  000064a4    00000016     mspm0_i2c.o (.text.DL_I2C_transmitControllerData)
                  000064ba    00000016     ti_msp_dl_config.o (.text.DL_UART_enable)
                  000064d0    00000016     sys.o (.text.DL_UART_transmitData)
                  000064e6    00000016     libc.a : copy_zero_init.c.obj (.text:decompress:ZI:__TI_zero_init_nomemset)
                  000064fc    00000014     motor.o (.text.DL_GPIO_clearPins)
                  00006510    00000014     mspm0_i2c.o (.text.DL_GPIO_clearPins)
                  00006524    00000014     oled_hardware_i2c.o (.text.DL_GPIO_clearPins)
                  00006538    00000014     ti_msp_dl_config.o (.text.DL_GPIO_clearPins)
                  0000654c    00000014     mspm0_i2c.o (.text.DL_I2C_getControllerStatus)
                  00006560    00000014     oled_hardware_i2c.o (.text.DL_I2C_getControllerStatus)
                  00006574    00000014     mspm0_i2c.o (.text.DL_I2C_receiveControllerData)
                  00006588    00000014     ti_msp_dl_config.o (.text.DL_I2C_resetControllerTransfer)
                  0000659c    00000014     ti_msp_dl_config.o (.text.DL_SYSCTL_disableSYSPLL)
                  000065b0    00000014     ti_msp_dl_config.o (.text.DL_SYSCTL_enableSYSPLL)
                  000065c4    00000014     ti_msp_dl_config.o (.text.DL_Timer_enableClock)
                  000065d8    00000014     ti_msp_dl_config.o (.text.DL_Timer_setCCPDirection)
                  000065ec    00000014     libclang_rt.builtins.a : aeabi_uldivmod.S.obj (.text.__aeabi_uldivmod)
                  00006600    00000014     libc.a : _printfi.c.obj (.text.strchr)
                  00006614    00000012     interrupt.o (.text.DL_GPIO_getPendingInterrupt)
                  00006626    00000012     main.o (.text.DL_Timer_getPendingInterrupt)
                  00006638    00000012     driverlib.a : dl_uart.o (.text.DL_UART_setClockConfig)
                  0000664a    00000012     sys.o (.text.fputc)
                  0000665c    00000012     libc.a : memcpy16.S.obj (.text:TI_memcpy_small)
                  0000666e    00000012            : copy_decompress_none.c.obj (.text:decompress:none)
                  00006680    00000010     ti_msp_dl_config.o (.text.DL_SYSCTL_disableHFXT)
                  00006690    00000010     ti_msp_dl_config.o (.text.DL_SYSCTL_isFCCDone)
                  000066a0    00000010     ti_msp_dl_config.o (.text.DL_SYSCTL_startFCC)
                  000066b0    00000010     driverlib.a : dl_timer.o (.text.DL_Timer_setCaptureCompareValue)
                  000066c0    00000010     pid.o (.text.PID_ChangeSP)
                  000066d0    00000010     interrupt.o (.text.SysTick_Handler)
                  000066e0    00000010     oled_hardware_i2c.o (.text.delay_ms)
                  000066f0    00000010     libc.a : wcslen.c.obj (.text.wcslen)
                  00006700    0000000e     libclang_rt.builtins.a : aeabi_memset.S.obj (.text.__aeabi_memset)
                  0000670e    0000000e     libc.a : _printfi.c.obj (.text.strlen)
                  0000671c    0000000e            : memset16.S.obj (.text:TI_memset_small)
                  0000672a    00000002     --HOLE-- [fill = 0]
                  0000672c    0000000c     ti_msp_dl_config.o (.text.DL_SYSCTL_getClockStatus)
                  00006738    0000000c     ti_msp_dl_config.o (.text.DL_SYSCTL_readFCC)
                  00006744    0000000c     sensor.o (.text.Error)
                  00006750    0000000a     driverlib.a : dl_common.o (.text.DL_Common_delayCycles)
                  0000675a    0000000a     libc.a : _printfi.c.obj (.text.OUTLINED_FUNCTION_0)
                  00006764    00000010     libclang_rt.builtins.a : adddf3.S.obj (.tramp.__aeabi_dsub.1)
                  00006774    0000000a     libc.a : e_asin.c.obj (.text.OUTLINED_FUNCTION_0)
                  0000677e    00000002     --HOLE-- [fill = 0]
                  00006780    00000010     libclang_rt.builtins.a : muldf3.S.obj (.tramp.__aeabi_dmul.1)
                  00006790    0000000a     libc.a : s_atan.c.obj (.text.OUTLINED_FUNCTION_0)
                  0000679a    0000000a            : _printfi.c.obj (.text.OUTLINED_FUNCTION_1)
                  000067a4    0000000a            : e_asin.c.obj (.text.OUTLINED_FUNCTION_1)
                  000067ae    0000000a            : e_asin.c.obj (.text.OUTLINED_FUNCTION_3)
                  000067b8    00000010     libclang_rt.builtins.a : divdf3.S.obj (.tramp.__aeabi_ddiv.1)
                  000067c8    0000000a     libc.a : sprintf.c.obj (.text._outc)
                  000067d2    00000008            : s_atan.c.obj (.text.OUTLINED_FUNCTION_2)
                  000067da    00000002     --HOLE-- [fill = 0]
                  000067dc    00000008            : aeabi_portable.c.obj (.text.__aeabi_errno_addr)
                  000067e4    00000008     libclang_rt.builtins.a : aeabi_memcpy.S.obj (.text.__aeabi_memcpy)
                  000067ec    00000008     libc.a : printf.c.obj (.text._outc)
                  000067f4    00000008            : printf.c.obj (.text._outs)
                  000067fc    00000006            : s_atan.c.obj (.text.OUTLINED_FUNCTION_1)
                  00006802    00000002     --HOLE-- [fill = 0]
                  00006804    00000010     libclang_rt.builtins.a : adddf3.S.obj (.tramp.__aeabi_dadd.1)
                  00006814    00000006     libc.a : e_asin.c.obj (.text.OUTLINED_FUNCTION_2)
                  0000681a    00000006            : exit.c.obj (.text:abort)
                  00006820    00000004     startup_mspm0g350x_ticlang.o (.text.Default_Handler)
                  00006824    00000004     libsysbm.a : hostexit.c.obj (.text.HOSTexit)
                  00006828    00000004     libc.a : e_asin.c.obj (.text.OUTLINED_FUNCTION_4)
                  0000682c    00000004     startup_mspm0g350x_ticlang.o (.text.Reset_Handler)
                  00006830    00000010     libc.a : boot_cortex_m.c.obj (.tramp._c_int00_noargs.1)
                  00006840    00000004            : pre_init.c.obj (.text._system_pre_init)
                  00006844    0000000c     --HOLE-- [fill = 0]

.cinit     0    000072b0    00000068     
                  000072b0    0000003d     (.cinit..data.load) [load image, compression = lzss]
                  000072ed    00000003     --HOLE-- [fill = 0]
                  000072f0    0000000c     (__TI_handler_table)
                  000072fc    00000008     (.cinit..bss.load) [load image, compression = zero_init]
                  00007304    00000010     (__TI_cinit_table)
                  00007314    00000004     --HOLE-- [fill = 0]

.rodata    0    00006850    00000a60     
                  00006850    000005f0     oled_hardware_i2c.o (.rodata.asc2_1608)
                  00006e40    00000228     oled_hardware_i2c.o (.rodata.asc2_0806)
                  00007068    00000008     ti_msp_dl_config.o (.rodata.gPWM_0Config)
                  00007070    00000101     libc.a : aeabi_ctype.S.obj (.rodata:__aeabi_ctype_table_)
                  00007171    00000006     main.o (.rodata.str1.18227636981041470289.1)
                  00007177    00000001     --HOLE-- [fill = 0]
                  00007178    00000040     libc.a : s_atan.c.obj (.rodata.cst32)
                  000071b8    00000028     ti_msp_dl_config.o (.rodata.gSYSPLLConfig)
                  000071e0    00000028     inv_mpu.o (.rodata.test)
                  00007208    0000001e     inv_mpu.o (.rodata.reg)
                  00007226    00000002     ti_msp_dl_config.o (.rodata.gDCC101v1_2ClockConfig)
                  00007228    00000014     ti_msp_dl_config.o (.rodata.gTIMER_xunji_pidTimerConfig)
                  0000723c    00000011     libc.a : _printfi.c.obj (.rodata.str1.10348868589481759720.1)
                  0000724d    00000011            : _printfi.c.obj (.rodata.str1.15363888844622738466.1)
                  0000725e    0000000c     inv_mpu.o (.rodata.hw)
                  0000726a    0000000a     ti_msp_dl_config.o (.rodata.gDCC101v1_2Config)
                  00007274    0000000a     ti_msp_dl_config.o (.rodata.gUART_0Config)
                  0000727e    0000000a     main.o (.rodata.str1.12180500075719773345.1)
                  00007288    00000005     main.o (.rodata.str1.17100691992556644108.1)
                  0000728d    00000005     main.o (.rodata.str1.8154729771448623357.1)
                  00007292    00000003     ti_msp_dl_config.o (.rodata.gPWM_0ClockConfig)
                  00007295    00000003     ti_msp_dl_config.o (.rodata.gTIMER_xunji_pidClockConfig)
                  00007298    00000003     main.o (.rodata.str1.15159059442110792349.1)
                  0000729b    00000003     main.o (.rodata.str1.2846389346932560359.1)
                  0000729e    00000002     ti_msp_dl_config.o (.rodata.gI2C_MPU6050ClockConfig)
                  000072a0    00000002     ti_msp_dl_config.o (.rodata.gI2C_OLEDClockConfig)
                  000072a2    00000002     ti_msp_dl_config.o (.rodata.gUART_0ClockConfig)
                  000072a4    0000000c     --HOLE-- [fill = 0]

.init_array 
*          0    00000000    00000000     UNINITIALIZED

.binit     0    00000000    00000000     

.bss       0    20200000    0000022a     UNINITIALIZED
                  20200000    000000bc     (.common:gPWM_0Backup)
                  202000bc    00000004     encoder.o (.bss.Encoder_L_Port)
                  202000c0    00000070     (.common:pid_motor_L)
                  20200130    00000070     (.common:pid_motor_R)
                  202001a0    00000020     (.common:oled_buffer)
                  202001c0    00000010     (.common:quat)
                  202001d0    00000006     (.common:accel)
                  202001d6    00000006     (.common:gyro)
                  202001dc    00000004     encoder.o (.bss.Encoder_R_Port)
                  202001e0    00000004     control.o (.bss.Motor_Different_Position_PID.Bias)
                  202001e4    00000004     control.o (.bss.Motor_Different_Position_PID.Integral_bias)
                  202001e8    00000004     control.o (.bss.Motor_Different_Position_PID.Last_Bias)
                  202001ec    00000004     control.o (.bss.Motor_Different_Position_PID.Pwm)
                  202001f0    00000004     main.o (.bss.baohu_time)
                  202001f4    00000004     main.o (.bss.biansu_time)
                  202001f8    00000004     sensor.o (.bss.sensor_err)
                  202001fc    00000004     clock.o (.bss.start_time)
                  20200200    00000004     main.o (.bss.yunsu_time)
                  20200204    00000004     (.common:pitch)
                  20200208    00000004     (.common:roll)
                  2020020c    00000004     (.common:sensor_timestamp)
                  20200210    00000004     (.common:tick_ms)
                  20200214    00000004     (.common:yaw)
                  20200218    00000002     (.common:base_speed)
                  2020021a    00000002     (.common:sensors)
                  2020021c    00000001     main.o (.bss.Tick_angle_pid)
                  2020021d    00000001     main.o (.bss.baohu_flag)
                  2020021e    00000001     main.o (.bss.biansu_flag)
                  2020021f    00000001     main.o (.bss.m0)
                  20200220    00000001     main.o (.bss.pid_calc_flag)
                  20200221    00000001     main.o (.bss.quanshu)
                  20200222    00000001     main.o (.bss.trace_flag)
                  20200223    00000001     main.o (.bss.xia_flag)
                  20200224    00000001     main.o (.bss.yunsu_flag)
                  20200225    00000001     (.common:keynum)
                  20200226    00000001     (.common:keyquan)
                  20200227    00000001     (.common:keyspeed)
                  20200228    00000001     (.common:more)
                  20200229    00000001     (.common:start_flag)

.data      0    20200230    0000017d     UNINITIALIZED
                  20200230    000000f0     libc.a : defs.c.obj (.data._ftable)
                  20200320    0000002c     inv_mpu.o (.data.st)
                  2020034c    00000010     inv_mpu_dmp_motion_driver.o (.data.dmp)
                  2020035c    00000004     control.o (.data.Position_err)
                  20200360    00000008     encoder.o (.data.encoder_L)
                  20200368    00000008     encoder.o (.data.encoder_R)
                  20200370    00000008     encoder.o (.data.t0_L)
                  20200378    00000008     encoder.o (.data.t0_R)
                  20200380    00000008     encoder.o (.data.t1_L)
                  20200388    00000008     encoder.o (.data.t1_R)
                  20200390    00000004     libc.a : aeabi_portable.c.obj (.data.__aeabi_errno)
                  20200394    00000004            : _lock.c.obj (.data._lock)
                  20200398    00000004            : _lock.c.obj (.data._unlock)
                  2020039c    00000004     main.o (.data.speed_L)
                  202003a0    00000004     main.o (.data.speed_R)
                  202003a4    00000002     control.o (.data.encoder_left_pid)
                  202003a6    00000002     control.o (.data.encoder_right_pid)
                  202003a8    00000002     control.o (.data.motor_different_pid)
                  202003aa    00000001     encoder.o (.data.direction_L)
                  202003ab    00000001     encoder.o (.data.direction_R)
                  202003ac    00000001     interrupt.o (.data.enable_group1_irq)

.stack     0    20207e00    00000200     UNINITIALIZED
                  20207e00    00000004     libc.a : boot_cortex_m.c.obj (.stack)
                  20207e04    000001fc     --HOLE--

__llvm_prf_cnts 
*          0    20200000    00000000     UNINITIALIZED

__llvm_prf_bits 
*          0    20200000    00000000     UNINITIALIZED

MODULE SUMMARY

       Module                         code    ro data   rw data
       ------                         ----    -------   -------
    .\
       ti_msp_dl_config.o             3274    102       188    
       main.o                         1196    32        61     
       startup_mspm0g350x_ticlang.o   8       192       0      
    +--+------------------------------+-------+---------+---------+
       Total:                         4478    326       249    
                                                               
    .\Drivers\MPU6050\
       mspm0_i2c.o                    1364    0         0      
       inv_mpu.o                      820     82        44     
       inv_mpu_dmp_motion_driver.o    640     0         16     
       mpu6050.o                      556     0         47     
    +--+------------------------------+-------+---------+---------+
       Total:                         3380    82        107    
                                                               
    .\Drivers\MSPM0\
       encoder.o                      1234    0         58     
       motor.o                        680     0         224    
       pid.o                          572     0         0      
       control.o                      532     0         26     
       clock.o                        440     0         8      
       key.o                          330     0         0      
       sensor.o                       278     0         4      
       interrupt.o                    182     0         1      
       sys.o                          158     0         6      
       lpf.o                          136     0         0      
    +--+------------------------------+-------+---------+---------+
       Total:                         4542    0         327    
                                                               
    .\Drivers\OLED_Hardware_I2C\
       oled_hardware_i2c.o            1824    2072      0      
    +--+------------------------------+-------+---------+---------+
       Total:                         1824    2072      0      
                                                               
    C:/TI/mspm0_sdk_2_10_00_04/source/ti/driverlib/lib/ticlang/m0p/mspm0g1x0x_g3x0x/driverlib.a
       dl_timer.o                     608     0         0      
       dl_sysctl_mspm0g1x0x_g3x0x.o   316     0         0      
       dl_i2c.o                       192     0         0      
       dl_uart.o                      90      0         0      
       dl_common.o                    10      0         0      
    +--+------------------------------+-------+---------+---------+
       Total:                         1216    0         0      
                                                               
    D:\TI_m0\ccs\tools\compiler\ti-cgt-armllvm_4.0.4.LTS\lib\armv6m-ti-none-eabi/c/libc.a
       _printfi.c.obj                 4510    34        0      
       e_asin.c.obj                   908     0         0      
       s_atan.c.obj                   784     64        0      
       e_atan2.c.obj                  392     0         0      
       e_sqrt.c.obj                   368     0         0      
       aeabi_ctype.S.obj              0       257       0      
       defs.c.obj                     0       0         240    
       s_scalbn.c.obj                 216     0         0      
       copy_decompress_lzss.c.obj     124     0         0      
       printf.c.obj                   108     0         0      
       s_frexp.c.obj                  92      0         0      
       sprintf.c.obj                  90      0         0      
       _ltoa.c.obj                    88      0         0      
       atoi.c.obj                     64      0         0      
       autoinit.c.obj                 60      0         0      
       boot_cortex_m.c.obj            56      0         0      
       memccpy.c.obj                  34      0         0      
       copy_zero_init.c.obj           22      0         0      
       copy_decompress_none.c.obj     18      0         0      
       memcpy16.S.obj                 18      0         0      
       wcslen.c.obj                   16      0         0      
       memset16.S.obj                 14      0         0      
       aeabi_portable.c.obj           8       0         4      
       _lock.c.obj                    2       0         8      
       exit.c.obj                     6       0         0      
       pre_init.c.obj                 4       0         0      
    +--+------------------------------+-------+---------+---------+
       Total:                         8002    355       252    
                                                               
    D:\TI_m0\ccs\tools\compiler\ti-cgt-armllvm_4.0.4.LTS\lib\armv6m-ti-none-eabi/c/libsysbm.a
       hostexit.c.obj                 4       0         0      
    +--+------------------------------+-------+---------+---------+
       Total:                         4       0         0      
                                                               
    D:\TI_m0\ccs\tools\compiler\ti-cgt-armllvm_4.0.4.LTS\lib\armv6m-ti-none-eabi/libclang_rt.builtins.a
       adddf3.S.obj                   434     0         0      
       divdf3.S.obj                   284     0         0      
       muldf3.S.obj                   244     0         0      
       comparedf2.c.obj               220     0         0      
       addsf3.S.obj                   216     0         0      
       udivmoddi4.S.obj               162     0         0      
       mulsf3.S.obj                   140     0         0      
       divsf3.S.obj                   130     0         0      
       comparesf2.S.obj               118     0         0      
       truncdfsf2.S.obj               116     0         0      
       aeabi_dcmp.S.obj               98      0         0      
       aeabi_fcmp.S.obj               98      0         0      
       aeabi_idivmod.S.obj            86      0         0      
       fixdfsi.S.obj                  74      0         0      
       aeabi_uidivmod.S.obj           64      0         0      
       extendsfdf2.S.obj              64      0         0      
       floatsisf.S.obj                60      0         0      
       muldsi3.S.obj                  58      0         0      
       fixsfsi.S.obj                  56      0         0      
       floatundisf.S.obj              54      0         0      
       floatundidf.S.obj              48      0         0      
       floatsidf.S.obj                44      0         0      
       floatunsidf.S.obj              36      0         0      
       muldi3.S.obj                   36      0         0      
       ashldi3.S.obj                  30      0         0      
       aeabi_uldivmod.S.obj           20      0         0      
       aeabi_memset.S.obj             14      0         0      
       aeabi_memcpy.S.obj             8       0         0      
       aeabi_div0.c.obj               4       0         0      
    +--+------------------------------+-------+---------+---------+
       Total:                         3016    0         0      
                                                               
       Stack:                         0       0         512    
       Linker Generated:              0       97        0      
    +--+------------------------------+-------+---------+---------+
       Grand Total:                   26462   2932      1447   


LINKER GENERATED COPY TABLES

__TI_cinit_table @ 00007304 records: 2, size/record: 8, table size: 16
	.data: load addr=000072b0, load size=0000003d bytes, run addr=20200230, run size=0000017d bytes, compression=lzss
	.bss: load addr=000072fc, load size=00000008 bytes, run addr=20200000, run size=0000022a bytes, compression=zero_init


LINKER GENERATED HANDLER TABLE

__TI_handler_table @ 000072f0 records: 3, size/record: 4, table size: 12
	index: 0, handler: __TI_decompress_lzss
	index: 1, handler: __TI_decompress_none
	index: 2, handler: __TI_zero_init


FAR CALL TRAMPOLINES

callee name               trampoline name
   callee addr  tramp addr   call addr  call info
--------------  -----------  ---------  ----------------
__aeabi_dsub              $Tramp$TT$L$PI$$__aeabi_dsub
   000023f1     00006764     00006762   libc.a : _printfi.c.obj (.text.OUTLINED_FUNCTION_0)
__aeabi_dmul              $Tramp$TT$L$PI$$__aeabi_dmul
   00003661     00006780     0000677c   libc.a : e_asin.c.obj (.text.OUTLINED_FUNCTION_0)
                             00006798          : s_atan.c.obj (.text.OUTLINED_FUNCTION_0)
                             000067ac          : e_asin.c.obj (.text.OUTLINED_FUNCTION_1)
                             000067d8          : s_atan.c.obj (.text.OUTLINED_FUNCTION_2)
                             00006818          : e_asin.c.obj (.text.OUTLINED_FUNCTION_2)
__aeabi_ddiv              $Tramp$TT$L$PI$$__aeabi_ddiv
   0000306d     000067b8     000067b6   libc.a : e_asin.c.obj (.text.OUTLINED_FUNCTION_3)
__aeabi_dadd              $Tramp$TT$L$PI$$__aeabi_dadd
   000023fb     00006804     00006800   libc.a : s_atan.c.obj (.text.OUTLINED_FUNCTION_1)
                             0000682a          : e_asin.c.obj (.text.OUTLINED_FUNCTION_4)
_c_int00_noargs           $Tramp$TT$L$PI$$_c_int00_noargs
   00005c7d     00006830     0000682c   startup_mspm0g350x_ticlang.o (.text.Reset_Handler)

[5 trampolines]
[10 trampoline calls]


GLOBAL SYMBOLS: SORTED ALPHABETICALLY BY Name 

address   name                                 
-------   ----                                 
00006821  ADC0_IRQHandler                      
00006821  ADC1_IRQHandler                      
00006821  AES_IRQHandler                       
00004e2d  App_Motor_Init                       
000041b1  App_Motor_Proc                       
00006049  App_Motor_SetOmega_L                 
00006061  App_Motor_SetOmega_R                 
00003dd1  App_PWM_Set_L                        
00003e89  App_PWM_Set_R                        
00006824  C$$EXIT                              
00006821  CANFD0_IRQHandler                    
00006821  DAC0_IRQHandler                      
00006751  DL_Common_delayCycles                
00004c5d  DL_I2C_fillControllerTXFIFO          
00005699  DL_I2C_flushControllerTXFIFO         
00005ccb  DL_I2C_setClockConfig                
00005f69  DL_SYSCTL_configFCC                  
00003825  DL_SYSCTL_configSYSPLL               
000054d1  DL_SYSCTL_switchMCLKfromSYSOSCtoHSCLK
00003281  DL_Timer_initFourCCPWMMode           
00003385  DL_Timer_initTimerMode               
00005ff5  DL_Timer_setCaptCompUpdateMethod     
00006361  DL_Timer_setCaptureCompareOutCtl     
000066b1  DL_Timer_setCaptureCompareValue      
00006011  DL_Timer_setClockConfig              
00005441  DL_UART_init                         
00006639  DL_UART_setClockConfig               
00006821  DMA_IRQHandler                       
00006821  Default_Handler                      
00005d9d  Encoder_Init                         
00001e69  Encodering                           
00006745  Error                                
00006821  GROUP0_IRQHandler                    
000059ed  GROUP1_IRQHandler                    
00002c0d  GetSpeed_L                           
00002d29  GetSpeed_R                           
00003481  Get_error                            
00006825  HOSTexit                             
00006821  HardFault_Handler                    
00006821  I2C0_IRQHandler                      
00006821  I2C1_IRQHandler                      
0000602d  Interrupt_Init                       
00003d15  Key_GetNum                           
000043e1  LPF_Calc                             
00003b89  Motor_Different_Position_PID         
00006821  NMI_Handler                          
00004995  OLED_Clear                           
00002f5d  OLED_Init                            
00005711  OLED_Set_Pos                         
00002e45  OLED_ShowChar                        
00004845  OLED_ShowString                      
00004119  OLED_WR_Byte                         
000066c1  PID_ChangeSP                         
00002231  PID_Compute1                         
0000503d  PID_Init_Simple                      
000063d9  PID_LimitConfig                      
00006821  PendSV_Handler                       
000046e9  Position_Adjust                      
00006821  RTC_IRQHandler                       
000015fd  Read_Quad                            
0000682d  Reset_Handler                        
00006821  SPI0_IRQHandler                      
00006821  SPI1_IRQHandler                      
00006821  SVC_Handler                          
00005559  SYSCFG_DL_DCC101v1_2_init            
000013b1  SYSCFG_DL_GPIO_init                  
00004e85  SYSCFG_DL_I2C_MPU6050_init           
00004edd  SYSCFG_DL_I2C_OLED_init              
0000423d  SYSCFG_DL_PWM_0_init                 
00003575  SYSCFG_DL_SYSCTL_SYSPLL_init         
000048b5  SYSCFG_DL_SYSCTL_init                
00005921  SYSCFG_DL_TIMER_xunji_pid_init       
00005599  SYSCFG_DL_UART_0_init                
00005955  SYSCFG_DL_init                       
00003fdd  SYSCFG_DL_initPower                  
000066d1  SysTick_Handler                      
000063f1  SysTick_Init                         
00006821  TIMA0_IRQHandler                     
00006821  TIMA1_IRQHandler                     
00006821  TIMG0_IRQHandler                     
00006821  TIMG12_IRQHandler                    
00006821  TIMG6_IRQHandler                     
00006821  TIMG7_IRQHandler                     
0000407d  TIMG8_IRQHandler                     
0000665d  TI_memcpy_small                      
0000671d  TI_memset_small                      
00006821  UART0_IRQHandler                     
00006821  UART1_IRQHandler                     
00006821  UART2_IRQHandler                     
00006821  UART3_IRQHandler                     
20208000  __STACK_END                          
00000200  __STACK_SIZE                         
00000000  __TI_ATRegion0_region_sz             
00000000  __TI_ATRegion0_src_addr              
00000000  __TI_ATRegion0_trg_addr              
00000000  __TI_ATRegion1_region_sz             
00000000  __TI_ATRegion1_src_addr              
00000000  __TI_ATRegion1_trg_addr              
00000000  __TI_ATRegion2_region_sz             
00000000  __TI_ATRegion2_src_addr              
00000000  __TI_ATRegion2_trg_addr              
00007304  __TI_CINIT_Base                      
00007314  __TI_CINIT_Limit                     
00007314  __TI_CINIT_Warm                      
000072f0  __TI_Handler_Table_Base              
000072fc  __TI_Handler_Table_Limit             
000057c5  __TI_auto_init_nobinit_nopinit       
000045f5  __TI_decompress_lzss                 
0000666f  __TI_decompress_none                 
00004f35  __TI_ltoa                            
ffffffff  __TI_pprof_out_hndl                  
000000c1  __TI_printfi                         
ffffffff  __TI_prof_data_size                  
ffffffff  __TI_prof_data_start                 
00000000  __TI_static_base__                   
000064e7  __TI_zero_init_nomemset              
000023fb  __adddf3                             
00003abb  __addsf3                             
00007070  __aeabi_ctype_table_                 
00007070  __aeabi_ctype_table_C                
000047d1  __aeabi_d2f                          
000053f5  __aeabi_d2iz                         
000023fb  __aeabi_dadd                         
00004b35  __aeabi_dcmpeq                       
00004b71  __aeabi_dcmpge                       
00004b85  __aeabi_dcmpgt                       
00004b5d  __aeabi_dcmple                       
00004b49  __aeabi_dcmplt                       
0000306d  __aeabi_ddiv                         
00003661  __aeabi_dmul                         
000023f1  __aeabi_dsub                         
20200390  __aeabi_errno                        
000067dd  __aeabi_errno_addr                   
00005619  __aeabi_f2d                          
00005879  __aeabi_f2iz                         
00003abb  __aeabi_fadd                         
00004b99  __aeabi_fcmpeq                       
00004bd5  __aeabi_fcmpge                       
00004be9  __aeabi_fcmpgt                       
00004bc1  __aeabi_fcmple                       
00004bad  __aeabi_fcmplt                       
00004571  __aeabi_fdiv                         
000042c9  __aeabi_fmul                         
00003ab1  __aeabi_fsub                         
00005b31  __aeabi_i2d                          
0000574d  __aeabi_i2f                          
00004fe5  __aeabi_idiv                         
00002583  __aeabi_idiv0                        
00004fe5  __aeabi_idivmod                      
00003fdb  __aeabi_ldiv0                        
00005ddd  __aeabi_llsl                         
00005d15  __aeabi_lmul                         
000067e5  __aeabi_memcpy                       
000067e5  __aeabi_memcpy4                      
000067e5  __aeabi_memcpy8                      
00006701  __aeabi_memset                       
00006701  __aeabi_memset4                      
00006701  __aeabi_memset8                      
00005cf1  __aeabi_ui2d                         
000055d9  __aeabi_uidiv                        
000055d9  __aeabi_uidivmod                     
00005a1d  __aeabi_ul2d                         
000058e9  __aeabi_ul2f                         
000065ed  __aeabi_uldivmod                     
00005ddd  __ashldi3                            
ffffffff  __binit__                            
00004a01  __cmpdf2                             
00005801  __cmpsf2                             
0000306d  __divdf3                             
00004571  __divsf3                             
00004a01  __eqdf2                              
00005801  __eqsf2                              
00005619  __extendsfdf2                        
000053f5  __fixdfsi                            
00005879  __fixsfsi                            
00005b31  __floatsidf                          
0000574d  __floatsisf                          
00005a1d  __floatundidf                        
000058e9  __floatundisf                        
00005cf1  __floatunsidf                        
0000475d  __gedf2                              
00005789  __gesf2                              
0000475d  __gtdf2                              
00005789  __gtsf2                              
00005b5d  __io_putchar                         
00004a01  __ledf2                              
00005801  __lesf2                              
00004a01  __ltdf2                              
00005801  __ltsf2                              
UNDEFED   __mpu_init                           
00003661  __muldf3                             
00005d15  __muldi3                             
0000583d  __muldsi3                            
000042c9  __mulsf3                             
00004a01  __nedf2                              
00005801  __nesf2                              
20207e00  __stack                              
20200000  __start___llvm_prf_bits              
20200000  __start___llvm_prf_cnts              
20200000  __stop___llvm_prf_bits               
20200000  __stop___llvm_prf_cnts               
000023f1  __subdf3                             
00003ab1  __subsf3                             
000047d1  __truncdfsf2                         
00003f39  __udivmoddi4                         
00005c7d  _c_int00_noargs                      
20200230  _ftable                              
20200394  _lock                                
000045f3  _nop                                 
UNDEFED   _system_post_cinit                   
00006841  _system_pre_init                     
20200398  _unlock                              
0000681b  abort                                
202001d0  accel                                
00006e40  asc2_0806                            
00006850  asc2_1608                            
00000a91  asin                                 
00000a91  asinl                                
00000df5  atan                                 
00002585  atan2                                
00002585  atan2l                               
00000df5  atanl                                
00005659  atoi                                 
20200218  base_speed                           
ffffffff  binit                                
000066e1  delay_ms                             
00001c75  dmp_read_fifo                        
202003ac  enable_group1_irq                    
0000664b  fputc                                
00005989  fputs                                
00004cbd  frexp                                
00004cbd  frexpl                               
20200000  gPWM_0Backup                         
202001d6  gyro                                 
0000725e  hw                                   
00000000  interruptVectors                     
00004671  key_work                             
20200225  keynum                               
20200226  keyquan                              
20200227  keyspeed                             
00003901  ldexp                                
00003901  ldexpl                               
000010ed  main                                 
00005d39  memccpy                              
20200228  more                                 
00004bfd  mpu6050_i2c_sda_unlock               
00003179  mpu_read_fifo_stream                 
00001829  mpu_reset_fifo                       
00005a7d  mspm0_delay_ms                       
00005b89  mspm0_get_clock_ms                   
00004925  mspm0_get_clock_us_now               
000029b9  mspm0_i2c_read                       
00003c51  mspm0_i2c_write                      
202001a0  oled_buffer                          
00004ad1  oled_i2c_sda_unlock                  
202000c0  pid_motor_L                          
20200130  pid_motor_R                          
20200204  pitch                                
00004dd1  printf                               
202001c0  quat                                 
00007208  reg                                  
00003745  renwu                                
20200208  roll                                 
00003901  scalbn                               
00003901  scalbnl                              
2020020c  sensor_timestamp                     
2020021a  sensors                              
000058b1  sprintf                              
0000270d  sqrt                                 
0000270d  sqrtl                                
20200229  start_flag                           
000071e0  test                                 
20200210  tick_ms                              
000066f1  wcslen                               
000039d9  xunji_Proc                           
20200214  yaw                                  


GLOBAL SYMBOLS: SORTED BY Symbol Address 

address   name                                 
-------   ----                                 
00000000  __TI_ATRegion0_region_sz             
00000000  __TI_ATRegion0_src_addr              
00000000  __TI_ATRegion0_trg_addr              
00000000  __TI_ATRegion1_region_sz             
00000000  __TI_ATRegion1_src_addr              
00000000  __TI_ATRegion1_trg_addr              
00000000  __TI_ATRegion2_region_sz             
00000000  __TI_ATRegion2_src_addr              
00000000  __TI_ATRegion2_trg_addr              
00000000  __TI_static_base__                   
00000000  interruptVectors                     
000000c1  __TI_printfi                         
00000200  __STACK_SIZE                         
00000a91  asin                                 
00000a91  asinl                                
00000df5  atan                                 
00000df5  atanl                                
000010ed  main                                 
000013b1  SYSCFG_DL_GPIO_init                  
000015fd  Read_Quad                            
00001829  mpu_reset_fifo                       
00001c75  dmp_read_fifo                        
00001e69  Encodering                           
00002231  PID_Compute1                         
000023f1  __aeabi_dsub                         
000023f1  __subdf3                             
000023fb  __adddf3                             
000023fb  __aeabi_dadd                         
00002583  __aeabi_idiv0                        
00002585  atan2                                
00002585  atan2l                               
0000270d  sqrt                                 
0000270d  sqrtl                                
000029b9  mspm0_i2c_read                       
00002c0d  GetSpeed_L                           
00002d29  GetSpeed_R                           
00002e45  OLED_ShowChar                        
00002f5d  OLED_Init                            
0000306d  __aeabi_ddiv                         
0000306d  __divdf3                             
00003179  mpu_read_fifo_stream                 
00003281  DL_Timer_initFourCCPWMMode           
00003385  DL_Timer_initTimerMode               
00003481  Get_error                            
00003575  SYSCFG_DL_SYSCTL_SYSPLL_init         
00003661  __aeabi_dmul                         
00003661  __muldf3                             
00003745  renwu                                
00003825  DL_SYSCTL_configSYSPLL               
00003901  ldexp                                
00003901  ldexpl                               
00003901  scalbn                               
00003901  scalbnl                              
000039d9  xunji_Proc                           
00003ab1  __aeabi_fsub                         
00003ab1  __subsf3                             
00003abb  __addsf3                             
00003abb  __aeabi_fadd                         
00003b89  Motor_Different_Position_PID         
00003c51  mspm0_i2c_write                      
00003d15  Key_GetNum                           
00003dd1  App_PWM_Set_L                        
00003e89  App_PWM_Set_R                        
00003f39  __udivmoddi4                         
00003fdb  __aeabi_ldiv0                        
00003fdd  SYSCFG_DL_initPower                  
0000407d  TIMG8_IRQHandler                     
00004119  OLED_WR_Byte                         
000041b1  App_Motor_Proc                       
0000423d  SYSCFG_DL_PWM_0_init                 
000042c9  __aeabi_fmul                         
000042c9  __mulsf3                             
000043e1  LPF_Calc                             
00004571  __aeabi_fdiv                         
00004571  __divsf3                             
000045f3  _nop                                 
000045f5  __TI_decompress_lzss                 
00004671  key_work                             
000046e9  Position_Adjust                      
0000475d  __gedf2                              
0000475d  __gtdf2                              
000047d1  __aeabi_d2f                          
000047d1  __truncdfsf2                         
00004845  OLED_ShowString                      
000048b5  SYSCFG_DL_SYSCTL_init                
00004925  mspm0_get_clock_us_now               
00004995  OLED_Clear                           
00004a01  __cmpdf2                             
00004a01  __eqdf2                              
00004a01  __ledf2                              
00004a01  __ltdf2                              
00004a01  __nedf2                              
00004ad1  oled_i2c_sda_unlock                  
00004b35  __aeabi_dcmpeq                       
00004b49  __aeabi_dcmplt                       
00004b5d  __aeabi_dcmple                       
00004b71  __aeabi_dcmpge                       
00004b85  __aeabi_dcmpgt                       
00004b99  __aeabi_fcmpeq                       
00004bad  __aeabi_fcmplt                       
00004bc1  __aeabi_fcmple                       
00004bd5  __aeabi_fcmpge                       
00004be9  __aeabi_fcmpgt                       
00004bfd  mpu6050_i2c_sda_unlock               
00004c5d  DL_I2C_fillControllerTXFIFO          
00004cbd  frexp                                
00004cbd  frexpl                               
00004dd1  printf                               
00004e2d  App_Motor_Init                       
00004e85  SYSCFG_DL_I2C_MPU6050_init           
00004edd  SYSCFG_DL_I2C_OLED_init              
00004f35  __TI_ltoa                            
00004fe5  __aeabi_idiv                         
00004fe5  __aeabi_idivmod                      
0000503d  PID_Init_Simple                      
000053f5  __aeabi_d2iz                         
000053f5  __fixdfsi                            
00005441  DL_UART_init                         
000054d1  DL_SYSCTL_switchMCLKfromSYSOSCtoHSCLK
00005559  SYSCFG_DL_DCC101v1_2_init            
00005599  SYSCFG_DL_UART_0_init                
000055d9  __aeabi_uidiv                        
000055d9  __aeabi_uidivmod                     
00005619  __aeabi_f2d                          
00005619  __extendsfdf2                        
00005659  atoi                                 
00005699  DL_I2C_flushControllerTXFIFO         
00005711  OLED_Set_Pos                         
0000574d  __aeabi_i2f                          
0000574d  __floatsisf                          
00005789  __gesf2                              
00005789  __gtsf2                              
000057c5  __TI_auto_init_nobinit_nopinit       
00005801  __cmpsf2                             
00005801  __eqsf2                              
00005801  __lesf2                              
00005801  __ltsf2                              
00005801  __nesf2                              
0000583d  __muldsi3                            
00005879  __aeabi_f2iz                         
00005879  __fixsfsi                            
000058b1  sprintf                              
000058e9  __aeabi_ul2f                         
000058e9  __floatundisf                        
00005921  SYSCFG_DL_TIMER_xunji_pid_init       
00005955  SYSCFG_DL_init                       
00005989  fputs                                
000059ed  GROUP1_IRQHandler                    
00005a1d  __aeabi_ul2d                         
00005a1d  __floatundidf                        
00005a7d  mspm0_delay_ms                       
00005b31  __aeabi_i2d                          
00005b31  __floatsidf                          
00005b5d  __io_putchar                         
00005b89  mspm0_get_clock_ms                   
00005c7d  _c_int00_noargs                      
00005ccb  DL_I2C_setClockConfig                
00005cf1  __aeabi_ui2d                         
00005cf1  __floatunsidf                        
00005d15  __aeabi_lmul                         
00005d15  __muldi3                             
00005d39  memccpy                              
00005d9d  Encoder_Init                         
00005ddd  __aeabi_llsl                         
00005ddd  __ashldi3                            
00005f69  DL_SYSCTL_configFCC                  
00005ff5  DL_Timer_setCaptCompUpdateMethod     
00006011  DL_Timer_setClockConfig              
0000602d  Interrupt_Init                       
00006049  App_Motor_SetOmega_L                 
00006061  App_Motor_SetOmega_R                 
00006361  DL_Timer_setCaptureCompareOutCtl     
000063d9  PID_LimitConfig                      
000063f1  SysTick_Init                         
000064e7  __TI_zero_init_nomemset              
000065ed  __aeabi_uldivmod                     
00006639  DL_UART_setClockConfig               
0000664b  fputc                                
0000665d  TI_memcpy_small                      
0000666f  __TI_decompress_none                 
000066b1  DL_Timer_setCaptureCompareValue      
000066c1  PID_ChangeSP                         
000066d1  SysTick_Handler                      
000066e1  delay_ms                             
000066f1  wcslen                               
00006701  __aeabi_memset                       
00006701  __aeabi_memset4                      
00006701  __aeabi_memset8                      
0000671d  TI_memset_small                      
00006745  Error                                
00006751  DL_Common_delayCycles                
000067dd  __aeabi_errno_addr                   
000067e5  __aeabi_memcpy                       
000067e5  __aeabi_memcpy4                      
000067e5  __aeabi_memcpy8                      
0000681b  abort                                
00006821  ADC0_IRQHandler                      
00006821  ADC1_IRQHandler                      
00006821  AES_IRQHandler                       
00006821  CANFD0_IRQHandler                    
00006821  DAC0_IRQHandler                      
00006821  DMA_IRQHandler                       
00006821  Default_Handler                      
00006821  GROUP0_IRQHandler                    
00006821  HardFault_Handler                    
00006821  I2C0_IRQHandler                      
00006821  I2C1_IRQHandler                      
00006821  NMI_Handler                          
00006821  PendSV_Handler                       
00006821  RTC_IRQHandler                       
00006821  SPI0_IRQHandler                      
00006821  SPI1_IRQHandler                      
00006821  SVC_Handler                          
00006821  TIMA0_IRQHandler                     
00006821  TIMA1_IRQHandler                     
00006821  TIMG0_IRQHandler                     
00006821  TIMG12_IRQHandler                    
00006821  TIMG6_IRQHandler                     
00006821  TIMG7_IRQHandler                     
00006821  UART0_IRQHandler                     
00006821  UART1_IRQHandler                     
00006821  UART2_IRQHandler                     
00006821  UART3_IRQHandler                     
00006824  C$$EXIT                              
00006825  HOSTexit                             
0000682d  Reset_Handler                        
00006841  _system_pre_init                     
00006850  asc2_1608                            
00006e40  asc2_0806                            
00007070  __aeabi_ctype_table_                 
00007070  __aeabi_ctype_table_C                
000071e0  test                                 
00007208  reg                                  
0000725e  hw                                   
000072f0  __TI_Handler_Table_Base              
000072fc  __TI_Handler_Table_Limit             
00007304  __TI_CINIT_Base                      
00007314  __TI_CINIT_Limit                     
00007314  __TI_CINIT_Warm                      
20200000  __start___llvm_prf_bits              
20200000  __start___llvm_prf_cnts              
20200000  __stop___llvm_prf_bits               
20200000  __stop___llvm_prf_cnts               
20200000  gPWM_0Backup                         
202000c0  pid_motor_L                          
20200130  pid_motor_R                          
202001a0  oled_buffer                          
202001c0  quat                                 
202001d0  accel                                
202001d6  gyro                                 
20200204  pitch                                
20200208  roll                                 
2020020c  sensor_timestamp                     
20200210  tick_ms                              
20200214  yaw                                  
20200218  base_speed                           
2020021a  sensors                              
20200225  keynum                               
20200226  keyquan                              
20200227  keyspeed                             
20200228  more                                 
20200229  start_flag                           
20200230  _ftable                              
20200390  __aeabi_errno                        
20200394  _lock                                
20200398  _unlock                              
202003ac  enable_group1_irq                    
20207e00  __stack                              
20208000  __STACK_END                          
ffffffff  __TI_pprof_out_hndl                  
ffffffff  __TI_prof_data_size                  
ffffffff  __TI_prof_data_start                 
ffffffff  __binit__                            
ffffffff  binit                                
UNDEFED   __mpu_init                           
UNDEFED   _system_post_cinit                   

[276 symbols]
